[2026-10-03 10:08:46] OTC-X Trade Downloader started
[2026-10-03 10:08:46] Loaded 239 rows from /home/runner/work/OTC-X/OTC-X/backend/data/securities.csv
[2026-10-03 10:08:46] Processing: CH1559311092 (acrevis Bank N)
[2026-10-03 10:08:46] ✓ CH1559311092: 178 trades downloaded
[2026-10-03 10:08:47] Processing: CH0006668930 (ADEV Solarstrom AG, Liestal)
[2026-10-03 10:08:48] ✓ CH0006668930: 494 trades downloaded
[2026-10-03 10:08:49] Processing: CH0006524265 (ADEV Wasserkraftwerk AG, Liestal)
[2026-10-03 10:08:49] ✓ CH0006524265: 218 trades downloaded
[2026-10-03 10:08:50] Processing: CH0010497532 (ADEV Windkraft AG, Liestal)
[2026-10-03 10:08:50] ✓ CH0010497532: 156 trades downloaded
[2026-10-03 10:08:51] Processing: CH0034900248 (AG für Erstellung billiger Wohnhäuser in Winterthu)
[2026-10-03 10:08:51] ✓ CH0034900248: 119 trades downloaded
[2026-10-03 10:08:52] Processing: CH0001402418 (Agruna AG)
[2026-10-03 10:08:52] ✓ CH0001402418: 332 trades downloaded
[2026-10-03 10:08:53] Processing: CH0002599352 (Aletsch Bahnen N)
[2026-10-03 10:08:53] ✓ CH0002599352: 418 trades downloaded
[2026-10-03 10:08:54] Processing: CH0011322200 (Alpha Rheintal Bank, Heerbrugg)
[2026-10-03 10:08:55] ✓ CH0011322200: 1221 trades downloaded
[2026-10-03 10:08:56] Processing: CH0001418216 (Aluminium-Laufen AG Liesberg)
[2026-10-03 10:08:56] ✓ CH0001418216: 221 trades downloaded
[2026-10-03 10:08:57] Processing: CH0185254742 (Andermatt-Sedrun Sport AG)
[2026-10-03 10:08:57] ✓ CH0185254742: 452 trades downloaded
[2026-10-03 10:08:58] Processing: CH0026212446 (Appenzeller Bahnen)
[2026-10-03 10:08:58] ✓ CH0026212446: 250 trades downloaded
[2026-10-03 10:08:59] Processing: CH0001430930 (Arosa Bergbahnen AG, Arosa)
[2026-10-03 10:08:59] ✓ CH0001430930: 850 trades downloaded
[2026-10-03 10:09:00] Processing: CH0001457826 (Auto AG Schwyz, Schwyz)
[2026-10-03 10:09:00] ✓ CH0001457826: 96 trades downloaded
[2026-10-03 10:09:01] Processing: CH0029706766 (Auto AG Uri)
[2026-10-03 10:09:01] ✓ CH0029706766: 23 trades downloaded
[2026-10-03 10:09:02] Processing: CH0032018688 (Auto Hldg N)
[2026-10-03 10:09:02] ✓ CH0032018688: 1649 trades downloaded
[2026-10-03 10:09:03] Processing: CH0023777235 (aventron N)
[2026-10-03 10:09:04] ✓ CH0023777235: 652 trades downloaded
[2026-10-03 10:09:05] Processing: CH0003857031 (Bad Schinznach AG, Schinznach)
[2026-10-03 10:09:05] ✓ CH0003857031: 1063 trades downloaded
[2026-10-03 10:09:06] Processing: CH0001314852 (Bank in Zuzwil)
[2026-10-03 10:09:06] ✓ CH0001314852: 47 trades downloaded
[2026-10-03 10:09:07] Processing: CH0039074692 (Bank Leerau)
[2026-10-03 10:09:07] ✓ CH0039074692: 150 trades downloaded
[2026-10-03 10:09:08] Processing: CH0013792848 (Bank Oberaargau N)
[2026-10-03 10:09:08] ✓ CH0013792848: 543 trades downloaded
[2026-10-03 10:09:09] Processing: CH0001351862 (Bank SLM N)
[2026-10-03 10:09:09] ✓ CH0001351862: 484 trades downloaded
[2026-10-03 10:09:10] Processing: CH0049588129 (Bank von Roll AG)
[2026-10-03 10:09:10] ✓ CH0049588129: 252 trades downloaded
[2026-10-03 10:09:11] Processing: CH0303601253 (BB Adelboden N)
[2026-10-03 10:09:11] ✓ CH0303601253: 346 trades downloaded
[2026-10-03 10:09:12] Processing: CH0574732894 (BB Lauterbrunnen-Muerren N)
[2026-10-03 10:09:12] ✓ CH0574732894: 16 trades downloaded
[2026-10-03 10:09:13] Processing: CH0010756531 (BBO Bank Brienz-Oberhasli)
[2026-10-03 10:09:14] ✓ CH0010756531: 407 trades downloaded
[2026-10-03 10:09:15] Processing: CH0001507406 (BB Piz Mundaun AG)
[2026-10-03 10:09:15] ✓ CH0001507406: 107 trades downloaded
[2026-10-03 10:09:16] Processing: CH0002353867 (BB Soerenberg AG)
[2026-10-03 10:09:16] ✓ CH0002353867: 242 trades downloaded
[2026-10-03 10:09:17] Processing: CH0010726963 (Beau-Rivage Palace SA, Lausanne-Ouchy)
[2026-10-03 10:09:17] ✓ CH0010726963: 813 trades downloaded
[2026-10-03 10:09:18] Processing: CH0024700483 (Belalp-Bahnen, Naters)
[2026-10-03 10:09:18] ✓ CH0024700483: 29 trades downloaded
[2026-10-03 10:09:19] Processing: CH0187392300 (Bellwald Sportbahnen N)
[2026-10-03 10:09:19] ✓ CH0187392300: 10 trades downloaded
[2026-10-03 10:09:20] Processing: CH0002332093 (Bergbahnen Brigels N)
[2026-10-03 10:09:20] ✓ CH0002332093: 148 trades downloaded
[2026-10-03 10:09:21] Processing: CH0018384120 (Bergbahnen Destination Gstaad N)
[2026-10-03 10:09:21] ✓ CH0018384120: 435 trades downloaded
[2026-10-03 10:09:22] Processing: CH0292081723 (Bergbahnen Disentis N)
[2026-10-03 10:09:23] ✓ CH0292081723: 96 trades downloaded
[2026-10-03 10:09:24] Processing: CH0580517032 (Bergbahnen Hohsaas N)
[2026-10-03 10:09:24] ✓ CH0580517032: 0 trades downloaded
[2026-10-03 10:09:25] Processing: CH0036505888 (Bergbahnen Meiringen-Hasliberg N)
[2026-10-03 10:09:25] ✓ CH0036505888: 465 trades downloaded
[2026-10-03 10:09:26] Processing: CH0342666572 (Bergbahnen Scuol N)
[2026-10-03 10:09:26] ✓ CH0342666572: 254 trades downloaded
[2026-10-03 10:09:27] Processing: CH0016568880 (Bergbahnen Splügen-Tambo N)
[2026-10-03 10:09:27] ✓ CH0016568880: 47 trades downloaded
[2026-10-03 10:09:28] Processing: CH0045885032 (Bergbahnen Wildhaus AG)
[2026-10-03 10:09:28] ✓ CH0045885032: 91 trades downloaded
[2026-10-03 10:09:29] Processing: CH0014874918 (Bernerland Bank, Sumiswald)
[2026-10-03 10:09:29] ✓ CH0014874918: 910 trades downloaded
[2026-10-03 10:09:30] Processing: CH0322776573 (Berner Oberland-Bahnen N)
[2026-10-03 10:09:30] ✓ CH0322776573: 253 trades downloaded
[2026-10-03 10:09:31] Processing: CH0011100341 (BERNEXPO N)
[2026-10-03 10:09:32] ✓ CH0011100341: 2272 trades downloaded
[2026-10-03 10:09:33] Processing: CH0018043619 (Biene-Bank im Rheintal)
[2026-10-03 10:09:33] ✓ CH0018043619: 380 trades downloaded
[2026-10-03 10:09:34] Processing: CH0025889160 (BLS N)
[2026-10-03 10:09:34] ✓ CH0025889160: 1466 trades downloaded
[2026-10-03 10:09:35] Processing: CH0012684657 (Bobst Group N)
[2026-10-03 10:09:35] ✓ CH0012684657: 3457 trades downloaded
[2026-10-03 10:09:36] Processing: CH0545753953 (Bondpartners N)
[2026-10-03 10:09:36] ✓ CH0545753953: 169 trades downloaded
[2026-10-03 10:09:37] Processing: CH0001542635 (Brauerei Schützengarten AG N)
[2026-10-03 10:09:37] ✓ CH0001542635: 165 trades downloaded
[2026-10-03 10:09:38] Processing: CH0001542643 (Brauerei Schützengarten AG PS)
[2026-10-03 10:09:38] ✓ CH0001542643: 648 trades downloaded
[2026-10-03 10:09:39] Processing: CH0002052501 (Brunni-Bahnen N)
[2026-10-03 10:09:39] ✓ CH0002052501: 595 trades downloaded
[2026-10-03 10:09:40] Processing: CH0009438109 (BS Bank, Schaffhausen)
[2026-10-03 10:09:41] ✓ CH0009438109: 515 trades downloaded
[2026-10-03 10:09:42] Processing: CH0002657978 (Bystronic -B- N)
[2026-10-03 10:09:42] ✓ CH0002657978: 441 trades downloaded
[2026-10-03 10:09:43] Processing: CH0001570057 (Caran d`Ache, Genève, Serie B)
[2026-10-03 10:09:43] ✓ CH0001570057: 91 trades downloaded
[2026-10-03 10:09:44] Processing: CH0102022560 (CasaInvest N)
[2026-10-03 10:09:44] ✓ CH0102022560: 892 trades downloaded
[2026-10-03 10:09:45] Processing: CH1127803547 (Casale Holding Rg)
[2026-10-03 10:09:45] ✓ CH1127803547: 14 trades downloaded
[2026-10-03 10:09:46] Processing: CH0004959505 (Casino de Montreux SA Nom 100)
[2026-10-03 10:09:46] ✓ CH0004959505: 452 trades downloaded
[2026-10-03 10:09:47] Processing: CH0004959471 (Casino de Montreux SA Nom 50)
[2026-10-03 10:09:47] ✓ CH0004959471: 34 trades downloaded
[2026-10-03 10:09:48] Processing: CH0324791133 (Chemholding N)
[2026-10-03 10:09:48] ✓ CH0324791133: 4 trades downloaded
[2026-10-03 10:09:49] Processing: CH0020603475 (CKW N)
[2026-10-03 10:09:50] ✓ CH0020603475: 1558 trades downloaded
[2026-10-03 10:09:51] Processing: CH0010583448 (Clientis Bank Aareland N)
[2026-10-03 10:09:51] ✓ CH0010583448: 274 trades downloaded
[2026-10-03 10:09:52] Processing: CH0001336319 (Clientis Bank Oberuzwil AG)
[2026-10-03 10:09:52] ✓ CH0001336319: 78 trades downloaded
[2026-10-03 10:09:53] Processing: CH0010621925 (Clientis Bank Toggenburg)
[2026-10-03 10:09:53] ✓ CH0010621925: 215 trades downloaded
[2026-10-03 10:09:54] Processing: CH0001357000 (Clientis Sparkasse Oftringen)
[2026-10-03 10:09:54] ✓ CH0001357000: 192 trades downloaded
[2026-10-03 10:09:55] Processing: CH0001579363 (CMSA Holding N)
[2026-10-03 10:09:55] ✓ CH0001579363: 1400 trades downloaded
[2026-10-03 10:09:56] Processing: CH0032462910 (Corvatsch AG Nom 3, Silvaplana)
[2026-10-03 10:09:56] ✓ CH0032462910: 540 trades downloaded
[2026-10-03 10:09:57] Processing: CH1100211528 (Crédit Mutuel de la Vallée N)
[2026-10-03 10:09:57] ✓ CH1100211528: 35 trades downloaded
[2026-10-03 10:09:58] Processing: CH0019556908 (Cresta Palace Celerina N)
[2026-10-03 10:09:59] ✓ CH0019556908: 233 trades downloaded
[2026-10-03 10:10:00] Processing: CH0433137400 (Davos Klosters Bergbahnen N)
[2026-10-03 10:10:00] ✓ CH0433137400: 579 trades downloaded
[2026-10-03 10:10:01] Processing: CH0109916244 (Diavolezza Lagalb N)
[2026-10-03 10:10:01] ✓ CH0109916244: 57 trades downloaded
[2026-10-03 10:10:02] Processing: CH0001665147 (Dolder Hotel AG, Zürich)
[2026-10-03 10:10:02] ✓ CH0001665147: 591 trades downloaded
[2026-10-03 10:10:03] Processing: CH0578688241 (Drahtseilbahn Marzili N)
[2026-10-03 10:10:03] ✓ CH0578688241: 10 trades downloaded
[2026-10-03 10:10:04] Processing: CH0001669255 (Drahtseilbahn Marzili-Stadt Bern N)
[2026-10-03 10:10:04] ✓ CH0001669255: 39 trades downloaded
[2026-10-03 10:10:05] Processing: CH0001777876 (ebs Erdgas + Biogas)
[2026-10-03 10:10:05] ✓ CH0001777876: 48 trades downloaded
[2026-10-03 10:10:06] Processing: CH1159308571 (EcoRenova N)
[2026-10-03 10:10:06] ✓ CH1159308571: 5 trades downloaded
[2026-10-03 10:10:07] Processing: CH0102699540 (Energ Elec du Simplon E.E.S.)
[2026-10-03 10:10:08] ✓ CH0102699540: 97 trades downloaded
[2026-10-03 10:10:09] Processing: CH0014386996 (Energie Zürichsee Linth N)
[2026-10-03 10:10:09] ✓ CH0014386996: 893 trades downloaded
[2026-10-03 10:10:10] Processing: CH0031926105 (Engadin Mountains AG)
[2026-10-03 10:10:10] ✓ CH0031926105: 701 trades downloaded
[2026-10-03 10:10:11] Processing: CH0129442221 (Eniwa Holding AG)
[2026-10-03 10:10:11] ✓ CH0129442221: 878 trades downloaded
[2026-10-03 10:10:12] Processing: CH0001337200 (Ersparniskasse Affoltern)
[2026-10-03 10:10:12] ✓ CH0001337200: 234 trades downloaded
[2026-10-03 10:10:13] Processing: CH0001704680 (Eskimo Textil AG, Turbenthal)
[2026-10-03 10:10:13] ✓ CH0001704680: 35 trades downloaded
[2026-10-03 10:10:14] Processing: CH0002557400 (Espace Real Estate Hldg N)
[2026-10-03 10:10:14] ✓ CH0002557400: 3349 trades downloaded
[2026-10-03 10:10:15] Processing: CH0001239398 (EW Brig-Naters EWBN)
[2026-10-03 10:10:15] ✓ CH0001239398: 158 trades downloaded
[2026-10-03 10:10:16] Processing: CH0001690533 (EW Jona-Rapperswil, Jona)
[2026-10-03 10:10:17] ✓ CH0001690533: 1594 trades downloaded
[2026-10-03 10:10:18] Processing: CH0001691614 (EW Uznach AG)
[2026-10-03 10:10:18] ✓ CH0001691614: 235 trades downloaded
[2026-10-03 10:10:19] Processing: CH0001413704 (Flughafen Bern AG N)
[2026-10-03 10:10:19] ✓ CH0001413704: 550 trades downloaded
[2026-10-03 10:10:20] Processing: CH1106247997 (Funi Locarno-Madonna N)
[2026-10-03 10:10:20] ✓ CH1106247997: 14 trades downloaded
[2026-10-03 10:10:21] Processing: CH1104949586 (Funi Lugano-Paradiso N)
[2026-10-03 10:10:21] ✓ CH1104949586: 20 trades downloaded
[2026-10-03 10:10:22] Processing: CH0001602009 (Generale Beaulieu Holding SA)
[2026-10-03 10:10:22] ✓ CH0001602009: 221 trades downloaded
[2026-10-03 10:10:23] Processing: CH1405847034 (Geoterra Holding Rg)
[2026-10-03 10:10:23] ✓ CH1405847034: 501 trades downloaded
[2026-10-03 10:10:24] Processing: CH0006980079 (Gondelbahn Grindelwald N)
[2026-10-03 10:10:24] ✓ CH0006980079: 573 trades downloaded
[2026-10-03 10:10:25] Processing: CH0375446173 (Gondrand Hldg Vz N)
[2026-10-03 10:10:26] ✓ CH0375446173: 84 trades downloaded
[2026-10-03 10:10:27] Processing: CH0002221338 (Gotthard Raststätte A2 Uri AG)
[2026-10-03 10:10:27] ✓ CH0002221338: 1101 trades downloaded
[2026-10-03 10:10:28] Processing: CH0002541586 (Grand Resort Bad Ragaz, Bad Ragaz)
[2026-10-03 10:10:28] ✓ CH0002541586: 1223 trades downloaded
[2026-10-03 10:10:29] Processing: CH0006532565 (Griesser Holding AG, Aadorf)
[2026-10-03 10:10:29] ✓ CH0006532565: 1375 trades downloaded
[2026-10-03 10:10:30] Processing: CH0016523125 (Griston Holding AG)
[2026-10-03 10:10:30] ✓ CH0016523125: 480 trades downloaded
[2026-10-03 10:10:31] Processing: CH0005051021 (Gurtenbahn AG N)
[2026-10-03 10:10:31] ✓ CH0005051021: 121 trades downloaded
[2026-10-03 10:10:32] Processing: CH0023124214 (HBB Holding AG)
[2026-10-03 10:10:32] ✓ CH0023124214: 445 trades downloaded
[2026-10-03 10:10:33] Processing: CH0001865523 (Heim im Bergli AG, Luzern)
[2026-10-03 10:10:33] ✓ CH0001865523: 60 trades downloaded
[2026-10-03 10:10:34] Processing: CH0304280636 (Helvetic Star Holding)
[2026-10-03 10:10:35] ✓ CH0304280636: 70 trades downloaded
[2026-10-03 10:10:36] Processing: CH0000648680 (Hochalpines Institut Ftan AG)
[2026-10-03 10:10:36] ✓ CH0000648680: 143 trades downloaded
[2026-10-03 10:10:37] Processing: CH0016016849 (Hoch-Ybrig N)
[2026-10-03 10:10:37] ✓ CH0016016849: 710 trades downloaded
[2026-10-03 10:10:38] Processing: CH0001992681 (Hof Weissbad AG)
[2026-10-03 10:10:38] ✓ CH0001992681: 1493 trades downloaded
[2026-10-03 10:10:39] Processing: CH0010923875 (Hoher Kasten Drehrestaurant und Seilbahn AG)
[2026-10-03 10:10:40] ✓ CH0010923875: 685 trades downloaded
[2026-10-03 10:10:41] Processing: CH0020502743 (Holdinova N)
[2026-10-03 10:10:41] ✓ CH0020502743: 5238 trades downloaded
[2026-10-03 10:10:42] Processing: CH0001906848 (Imbrex Hldg N)
[2026-10-03 10:10:43] ✓ CH0001906848: 344 trades downloaded
[2026-10-03 10:10:44] Processing: CH0001910089 (Immges Viamala, Thusis)
[2026-10-03 10:10:44] ✓ CH0001910089: 87 trades downloaded
[2026-10-03 10:10:45] Processing: CH0324793667 (Immobiliare Pharmapark N)
[2026-10-03 10:10:45] ✓ CH0324793667: 63 trades downloaded
[2026-10-03 10:10:46] Processing: CH0001344685 (KB Nidwalden PS)
[2026-10-03 10:10:46] ✓ CH0001344685: 124 trades downloaded
[2026-10-03 10:10:47] Processing: CH0263939958 (Klosters-Madrisa N)
[2026-10-03 10:10:47] ✓ CH0263939958: 177 trades downloaded
[2026-10-03 10:10:48] Processing: CH0001514501 (Kongresshaus Zürich AG, Zürich)
[2026-10-03 10:10:48] ✓ CH0001514501: 836 trades downloaded
[2026-10-03 10:10:49] Processing: CH0115029545 (Konkordia AG N)
[2026-10-03 10:10:49] ✓ CH0115029545: 246 trades downloaded
[2026-10-03 10:10:50] Processing: CH0002052915 (Kronberg N)
[2026-10-03 10:10:50] ✓ CH0002052915: 236 trades downloaded
[2026-10-03 10:10:51] Processing: CH0001574604 (Kursaal-Casino AG, Luzern GS)
[2026-10-03 10:10:51] ✓ CH0001574604: 219 trades downloaded
[2026-10-03 10:10:52] Processing: CH0001574596 (Kursaal-Casino AG, Luzern N)
[2026-10-03 10:10:53] ✓ CH0001574596: 1825 trades downloaded
[2026-10-03 10:10:54] Processing: CH0001989513 (Kursaal Interlaken N)
[2026-10-03 10:10:54] ✓ CH0001989513: 685 trades downloaded
[2026-10-03 10:10:55] Processing: CH0304449611 (Lagerhäuser der Centralschweiz N)
[2026-10-03 10:10:55] ✓ CH0304449611: 234 trades downloaded
[2026-10-03 10:10:56] Processing: CH0002400585 (Landwirtschaft ZRA, Aarberg)
[2026-10-03 10:10:56] ✓ CH0002400585: 238 trades downloaded
[2026-10-03 10:10:57] Processing: CH0001343885 (Leihkasse Stammheim)
[2026-10-03 10:10:57] ✓ CH0001343885: 121 trades downloaded
[2026-10-03 10:10:58] Processing: CH0001788345 (Lenk Bergbahnen, Lenk)
[2026-10-03 10:10:58] ✓ CH0001788345: 203 trades downloaded
[2026-10-03 10:10:59] Processing: CH0023497271 (Lenzerheide Bergbahnen)
[2026-10-03 10:10:59] ✓ CH0023497271: 1246 trades downloaded
[2026-10-03 10:11:00] Processing: CH0001318374 (Lienhardt & Partner Privatbank Zürich AG, Zürich)
[2026-10-03 10:11:01] ✓ CH0001318374: 496 trades downloaded
[2026-10-03 10:11:02] Processing: CH0002045471 (Loeb Holding N -B-)
[2026-10-03 10:11:02] ✓ CH0002045471: 253 trades downloaded
[2026-10-03 10:11:03] Processing: CH0002045497 (Loeb Holding PS)
[2026-10-03 10:11:03] ✓ CH0002045497: 2697 trades downloaded
[2026-10-03 10:11:04] Processing: CH0105175175 (Lorze AG)
[2026-10-03 10:11:04] ✓ CH0105175175: 292 trades downloaded
[2026-10-03 10:11:05] Processing: CH0001542601 (Löwengarten AG)
[2026-10-03 10:11:05] ✓ CH0001542601: 22 trades downloaded
[2026-10-03 10:11:06] Processing: CH0563381901 (LSB Dallenwil-Wirzweli N)
[2026-10-03 10:11:06] ✓ CH0563381901: 6 trades downloaded
[2026-10-03 10:11:07] Processing: CH0002052782 (LSB Grindelwald-Pfingstegg AG)
[2026-10-03 10:11:07] ✓ CH0002052782: 164 trades downloaded
[2026-10-03 10:11:08] Processing: CH0002055819 (LSB Wasserauen-Ebenalp AG)
[2026-10-03 10:11:08] ✓ CH0002055819: 87 trades downloaded
[2026-10-03 10:11:09] Processing: CH0002056031 (LSB Wengen-Männlichen AG)
[2026-10-03 10:11:10] ✓ CH0002056031: 358 trades downloaded
[2026-10-03 10:11:11] Processing: CH0002056957 (Lurag AG, Neuenkirch)
[2026-10-03 10:11:11] ✓ CH0002056957: 797 trades downloaded
[2026-10-03 10:11:12] Processing: CH0002057070 (Lyceum Alpinum Zuoz AG)
[2026-10-03 10:11:12] ✓ CH0002057070: 146 trades downloaded
[2026-10-03 10:11:13] Processing: CH0198963503 (Magazzini Generali N)
[2026-10-03 10:11:13] ✓ CH0198963503: 22 trades downloaded
[2026-10-03 10:11:14] Processing: CH0016376714 (Matterhorn Gotthard Verkehr AG)
[2026-10-03 10:11:14] ✓ CH0016376714: 110 trades downloaded
[2026-10-03 10:11:15] Processing: CH0014069212 (Menzi Muck Gruppe N)
[2026-10-03 10:11:15] ✓ CH0014069212: 1347 trades downloaded
[2026-10-03 10:11:16] Processing: CH0002092622 (Metall Zug AG Serie A)
[2026-10-03 10:11:16] ✓ CH0002092622: 586 trades downloaded
[2026-10-03 10:11:17] Processing: CH0107020692 (Montana Tech N)
[2026-10-03 10:11:17] ✓ CH0107020692: 1697 trades downloaded
[2026-10-03 10:11:18] Processing: CH0003798599 (Montreux-Berner Oberland Bahn)
[2026-10-03 10:11:19] ✓ CH0003798599: 474 trades downloaded
[2026-10-03 10:11:20] Processing: CH0126517975 (Neue Zürcher Zeitung, Zürich)
[2026-10-03 10:11:20] ✓ CH0126517975: 3973 trades downloaded
[2026-10-03 10:11:21] Processing: CH0187475709 (Nexus Gr Hold N)
[2026-10-03 10:11:21] ✓ CH0187475709: 167 trades downloaded
[2026-10-03 10:11:22] Processing: CH0572824867 (Niederhornbahn N)
[2026-10-03 10:11:22] ✓ CH0572824867: 69 trades downloaded
[2026-10-03 10:11:23] Processing: CH1104984104 (Niesenbahn N)
[2026-10-03 10:11:23] ✓ CH1104984104: 171 trades downloaded
[2026-10-03 10:11:24] Processing: CH0013592248 (NORINVEST HLDG N)
[2026-10-03 10:11:24] ✓ CH0013592248: 163 trades downloaded
[2026-10-03 10:11:25] Processing: CH0002160460 (Opernhaus Zürich N 300)
[2026-10-03 10:11:25] ✓ CH0002160460: 29 trades downloaded
[2026-10-03 10:11:26] Processing: CH0002160478 (Opernhaus Zürich N 900)
[2026-10-03 10:11:26] ✓ CH0002160478: 372 trades downloaded
[2026-10-03 10:11:27] Processing: CH0017915742 (OTC-X All Share)
[2026-10-03 10:11:28] ✓ CH0017915742: 0 trades downloaded
[2026-10-03 10:11:29] Processing: CH0017915718 (OTC-X Banken)
[2026-10-03 10:11:29] ✓ CH0017915718: 0 trades downloaded
[2026-10-03 10:11:30] Processing: CH0039576753 (OTC-X Bergbahnen)
[2026-10-03 10:11:30] ✓ CH0039576753: 0 trades downloaded
[2026-10-03 10:11:31] Processing: CH0039576787 (OTC-X Beteiligungsgesellschaften)
[2026-10-03 10:11:31] ✓ CH0039576787: 0 trades downloaded
[2026-10-03 10:11:32] Processing: CH0017915692 (OTC-X Energie)
[2026-10-03 10:11:32] ✓ CH0017915692: 0 trades downloaded
[2026-10-03 10:11:33] Processing: CH0039576837 (OTC-X Immobilien)
[2026-10-03 10:11:33] ✓ CH0039576837: 0 trades downloaded
[2026-10-03 10:11:34] Processing: CH0017915684 (OTC-X Industrie)
[2026-10-03 10:11:34] ✓ CH0017915684: 0 trades downloaded
[2026-10-03 10:11:35] Processing: CH0039576860 (OTC-X Liquidity)
[2026-10-03 10:11:35] ✓ CH0039576860: 0 trades downloaded
[2026-10-03 10:11:36] Processing: CH0017915668 (OTC-X Medien)
[2026-10-03 10:11:37] ✓ CH0017915668: 0 trades downloaded
[2026-10-03 10:11:38] Processing: CH0039576852 (OTC-X Nahrung und Getraenke)
[2026-10-03 10:11:38] ✓ CH0039576852: 0 trades downloaded
[2026-10-03 10:11:39] Processing: CH0213109793 (OTC-X Premium)
[2026-10-03 10:11:39] ✓ CH0213109793: 0 trades downloaded
[2026-10-03 10:11:40] Processing: CH0017915726 (OTC-X TOP50)
[2026-10-03 10:11:40] ✓ CH0017915726: 0 trades downloaded
[2026-10-03 10:11:41] Processing: CH0017915643 (OTC-X Tourismus/Freizeit/Sonstiges)
[2026-10-03 10:11:41] ✓ CH0017915643: 0 trades downloaded
[2026-10-03 10:11:42] Processing: CH0017915635 (OTC-X Transport/Verkehr/Logistik)
[2026-10-03 10:11:42] ✓ CH0017915635: 0 trades downloaded
[2026-10-03 10:11:43] Processing: CH1582436247 (Outdoor Switzerland N)
[2026-10-03 10:11:43] ✓ CH1582436247: 21 trades downloaded
[2026-10-03 10:11:44] Processing: CH0002174743 (Parking des Alpes N)
[2026-10-03 10:11:44] ✓ CH0002174743: 9 trades downloaded
[2026-10-03 10:11:45] Processing: CH0016049881 (Patiswiss AG)
[2026-10-03 10:11:46] ✓ CH0016049881: 1031 trades downloaded
[2026-10-03 10:11:47] Processing: CH1350861261 (Perlen Industrieholding N)
[2026-10-03 10:11:47] ✓ CH1350861261: 1636 trades downloaded
[2026-10-03 10:11:48] Processing: CH0009005973 (Pilatus-Bahnen AG, Kriens)
[2026-10-03 10:11:48] ✓ CH0009005973: 1881 trades downloaded
[2026-10-03 10:11:49] Processing: CH0012457633 (Plaston Holding AG)
[2026-10-03 10:11:49] ✓ CH0012457633: 1428 trades downloaded
[2026-10-03 10:11:50] Processing: CH0284143929 (PLAZZA-B-N)
[2026-10-03 10:11:50] ✓ CH0284143929: 113 trades downloaded
[2026-10-03 10:11:51] Processing: CH0286266488 (Ports Francs et Entrepôts de Genève)
[2026-10-03 10:11:51] ✓ CH0286266488: 0 trades downloaded
[2026-10-03 10:11:52] Processing: CH0122303669 (Prayon Switzerland N)
[2026-10-03 10:11:52] ✓ CH0122303669: 22 trades downloaded
[2026-10-03 10:11:53] Processing: CH0013283368 (Precious Woods Hldg N)
[2026-10-03 10:11:53] ✓ CH0013283368: 588 trades downloaded
[2026-10-03 10:11:54] Processing: CH0002218664 (Railtour Suisse SA Nom 100)
[2026-10-03 10:11:54] ✓ CH0002218664: 0 trades downloaded
[2026-10-03 10:11:56] Processing: CH0002218698 (Railtour Suisse SA Nom 500)
[2026-10-03 10:11:56] ✓ CH0002218698: 0 trades downloaded
[2026-10-03 10:11:57] Processing: CH0030333360 (Rapid Holding N)
[2026-10-03 10:11:57] ✓ CH0030333360: 1513 trades downloaded
[2026-10-03 10:11:58] Processing: CH0027315818 (Raststätte Rheintal AG, Sevelen)
[2026-10-03 10:11:58] ✓ CH0027315818: 219 trades downloaded
[2026-10-03 10:11:59] Processing: CH0002221304 (Raststätte Thurau, St. Gallen)
[2026-10-03 10:11:59] ✓ CH0002221304: 196 trades downloaded
[2026-10-03 10:12:00] Processing: CH0018525532 (Raststätte Walensee AG)
[2026-10-03 10:12:00] ✓ CH0018525532: 99 trades downloaded
[2026-10-03 10:12:01] Processing: CH1387788180 (Raurica Wald N-B)
[2026-10-03 10:12:01] ✓ CH1387788180: 19 trades downloaded
[2026-10-03 10:12:02] Processing: CH1112956201 (Regiobank Solothurn N)
[2026-10-03 10:12:02] ✓ CH1112956201: 3389 trades downloaded
[2026-10-03 10:12:03] Processing: CH0002227095 (Reishauer N)
[2026-10-03 10:12:04] ✓ CH0002227095: 1180 trades downloaded
[2026-10-03 10:12:05] Processing: CH0199383602 (Remontées Mécaniques de Grimentz)
[2026-10-03 10:12:05] ✓ CH0199383602: 11 trades downloaded
[2026-10-03 10:12:06] Processing: CH0320096990 (Repower N)
[2026-10-03 10:12:06] ✓ CH0320096990: 5172 trades downloaded
[2026-10-03 10:12:07] Processing: CH0002234398 (Rhätische Bahn RhB / Prior)
[2026-10-03 10:12:07] ✓ CH0002234398: 266 trades downloaded
[2026-10-03 10:12:08] Processing: CH0002234372 (Rhätische Bahn RhB / Stamm)
[2026-10-03 10:12:08] ✓ CH0002234372: 223 trades downloaded
[2026-10-03 10:12:09] Processing: CH0001378626 (Rhiienergie AG, Tamins)
[2026-10-03 10:12:09] ✓ CH0001378626: 136 trades downloaded
[2026-10-03 10:12:10] Processing: CH0016290014 (Rigi Bahnen AG, Goldau)
[2026-10-03 10:12:10] ✓ CH0016290014: 2870 trades downloaded
[2026-10-03 10:12:11] Processing: CH0114457390 (Rottal Auto AG, Ruswil)
[2026-10-03 10:12:11] ✓ CH0114457390: 49 trades downloaded
[2026-10-03 10:12:12] Processing: CH0000975372 (Säntis-Schwebebahn AG, Schwägalp)
[2026-10-03 10:12:13] ✓ CH0000975372: 3254 trades downloaded
[2026-10-03 10:12:14] Processing: CH0002353487 (SB Elm AG N)
[2026-10-03 10:12:14] ✓ CH0002353487: 108 trades downloaded
[2026-10-03 10:12:15] Processing: CH0001394607 (SB im Mythengebiet, Schwyz)
[2026-10-03 10:12:15] ✓ CH0001394607: 55 trades downloaded
[2026-10-03 10:12:16] Processing: CH0002353693 (SB Pischa, Davos)
[2026-10-03 10:12:16] ✓ CH0002353693: 135 trades downloaded
[2026-10-03 10:12:17] Processing: CH0001352928 (SB Saanen Bank)
[2026-10-03 10:12:17] ✓ CH0001352928: 1412 trades downloaded
[2026-10-03 10:12:18] Processing: CH0341320114 (Schifffahrtsges. Hallwilersee)
[2026-10-03 10:12:18] ✓ CH0341320114: 128 trades downloaded
[2026-10-03 10:12:19] Processing: CH0002276266 (Schilthornbahn AG Mürren)
[2026-10-03 10:12:19] ✓ CH0002276266: 2980 trades downloaded
[2026-10-03 10:12:20] Processing: CH0002283601 (Schützen Rheinfelden Immobilien N)
[2026-10-03 10:12:20] ✓ CH0002283601: 292 trades downloaded
[2026-10-03 10:12:21] Processing: CH0006234014 (Schweizer Zucker AG)
[2026-10-03 10:12:22] ✓ CH0006234014: 2360 trades downloaded
[2026-10-03 10:12:23] Processing: CH0002291802 (Schweiz. Schifffahrtsges. Untersee und Rhein N)
[2026-10-03 10:12:23] ✓ CH0002291802: 137 trades downloaded
[2026-10-03 10:12:24] Processing: CH0031151084 (SeeBeteiligungs AG)
[2026-10-03 10:12:24] ✓ CH0031151084: 1046 trades downloaded
[2026-10-03 10:12:25] Processing: CH0030693185 (Seilbahn Weissenstein AG)
[2026-10-03 10:12:25] ✓ CH0030693185: 1136 trades downloaded
[2026-10-03 10:12:26] Processing: CH0421720779 (SGV Holding N)
[2026-10-03 10:12:26] ✓ CH0421720779: 2655 trades downloaded
[2026-10-03 10:12:27] Processing: CH0547027570 (SIA-Haus Vz N)
[2026-10-03 10:12:27] ✓ CH0547027570: 165 trades downloaded
[2026-10-03 10:12:28] Processing: CH0009219186 (sitEX Properties Hldg N)
[2026-10-03 10:12:28] ✓ CH0009219186: 348 trades downloaded
[2026-10-03 10:12:29] Processing: CH0305002096 (Skilifte Brunni-Haggenegg N)
[2026-10-03 10:12:29] ✓ CH0305002096: 46 trades downloaded
[2026-10-03 10:12:30] Processing: CH0001350328 (Spar + Leihkasse Gürbetal N)
[2026-10-03 10:12:31] ✓ CH0001350328: 292 trades downloaded
[2026-10-03 10:12:32] Processing: CH0001352720 (Spar+Leihkasse Riggisberg)
[2026-10-03 10:12:32] ✓ CH0001352720: 506 trades downloaded
[2026-10-03 10:12:33] Processing: CH0318681860 (Spar- und Leihkasse Bucheggberg N)
[2026-10-03 10:12:34] ✓ CH0318681860: 933 trades downloaded
[2026-10-03 10:12:35] Processing: CH0001350112 (Spar- und Leihkasse Frutigen)
[2026-10-03 10:12:35] ✓ CH0001350112: 367 trades downloaded
[2026-10-03 10:12:36] Processing: CH0001354296 (Spar- und Leihkasse Wynigen)
[2026-10-03 10:12:36] ✓ CH0001354296: 108 trades downloaded
[2026-10-03 10:12:37] Processing: CH0320093559 (Sportbahnen Atzmaennig N)
[2026-10-03 10:12:37] ✓ CH0320093559: 77 trades downloaded
[2026-10-03 10:12:38] Processing: CH0002513312 (SSE Holding N)
[2026-10-03 10:12:39] ✓ CH0002513312: 3452 trades downloaded
[2026-10-03 10:12:40] Processing: CH0009319721 (Stadtcasino Baden AG, Baden)
[2026-10-03 10:12:40] ✓ CH0009319721: 2226 trades downloaded
[2026-10-03 10:12:41] Processing: CH0586685981 (Stanserhorn-Bahn N -10-)
[2026-10-03 10:12:41] ✓ CH0586685981: 25 trades downloaded
[2026-10-03 10:12:42] Processing: CH0586455245 (Stanserhorn-Bahn N -250-)
[2026-10-03 10:12:42] ✓ CH0586455245: 260 trades downloaded
[2026-10-03 10:12:43] Processing: CH0487871656 (STI Hldg N)
[2026-10-03 10:12:43] ✓ CH0487871656: 11 trades downloaded
[2026-10-03 10:12:44] Processing: CH0197490847 (Sunstar-Holding N -A-)
[2026-10-03 10:12:44] ✓ CH0197490847: 892 trades downloaded
[2026-10-03 10:12:45] Processing: CH0341319801 (Sursee-Triengen Bahn N)
[2026-10-03 10:12:45] ✓ CH0341319801: 19 trades downloaded
[2026-10-03 10:12:46] Processing: CH0001395539 (Suvretta-Haus, St. Moritz)
[2026-10-03 10:12:47] ✓ CH0001395539: 227 trades downloaded
[2026-10-03 10:12:48] Processing: CH0002512801 (Swisstulle AG)
[2026-10-03 10:12:48] ✓ CH0002512801: 154 trades downloaded
[2026-10-03 10:12:49] Processing: CH0121640970 (SWS Medien N)
[2026-10-03 10:12:49] ✓ CH0121640970: 136 trades downloaded
[2026-10-03 10:12:50] Processing: CH0002538012 (Tersa AG)
[2026-10-03 10:12:50] ✓ CH0002538012: 131 trades downloaded
[2026-10-03 10:12:51] Processing: CH0596918380 (Thermalbad Zurzach N)
[2026-10-03 10:12:51] ✓ CH0596918380: 669 trades downloaded
[2026-10-03 10:12:52] Processing: CH0223260743 (Toggenburg Bergbahnen N)
[2026-10-03 10:12:52] ✓ CH0223260743: 486 trades downloaded
[2026-10-03 10:12:53] Processing: CH0001725255 (Tonwerk Lausen N)
[2026-10-03 10:12:53] ✓ CH0001725255: 57 trades downloaded
[2026-10-03 10:12:54] Processing: CH0002557616 (Treib-Seelisberg-Bahn AG)
[2026-10-03 10:12:54] ✓ CH0002557616: 86 trades downloaded
[2026-10-03 10:12:55] Processing: CH0002569694 (Tuwag Immobilien AG, Wädenswil)
[2026-10-03 10:12:56] ✓ CH0002569694: 54 trades downloaded
[2026-10-03 10:12:57] Processing: CH0326691679 (Unione Farmaceutica Distr N)
[2026-10-03 10:12:57] ✓ CH0326691679: 24 trades downloaded
[2026-10-03 10:12:58] Processing: CH0326380885 (Unipharma N)
[2026-10-03 10:12:58] ✓ CH0326380885: 9 trades downloaded
[2026-10-03 10:12:59] Processing: CH0306293272 (Usines Metallurgiques de Vallorbe N)
[2026-10-03 10:12:59] ✓ CH0306293272: 65 trades downloaded
[2026-10-03 10:13:00] Processing: CH0033136596 (Viamala Raststätte Thusis AG)
[2026-10-03 10:13:00] ✓ CH0033136596: 2 trades downloaded
[2026-10-03 10:13:01] Processing: CH0029910939 (VOe holding N)
[2026-10-03 10:13:01] ✓ CH0029910939: 379 trades downloaded
[2026-10-03 10:13:02] Processing: CH0212936964 (Weiss+Appetito N)
[2026-10-03 10:13:02] ✓ CH0212936964: 1290 trades downloaded
[2026-10-03 10:13:03] Processing: CH0000041795 (Weisse Arena AG, Laax)
[2026-10-03 10:13:03] ✓ CH0000041795: 1476 trades downloaded
[2026-10-03 10:13:04] Processing: CH0004960180 (Weleda N-PS)
[2026-10-03 10:13:05] ✓ CH0004960180: 2693 trades downloaded
[2026-10-03 10:13:06] Processing: CH0010173182 (Welinvest AG in Liquidation)
[2026-10-03 10:13:06] ✓ CH0010173182: 2009 trades downloaded
[2026-10-03 10:13:07] Processing: CH1204218437 (WIR Bank BS N)
[2026-10-03 10:13:07] ✓ CH1204218437: 378 trades downloaded
[2026-10-03 10:13:08] Processing: CH1102090151 (WWZ N)
[2026-10-03 10:13:08] ✓ CH1102090151: 5644 trades downloaded
[2026-10-03 10:13:09] Processing: CH0002056114 (Zermatt Bergbahnen N)
[2026-10-03 10:13:09] ✓ CH0002056114: 609 trades downloaded
[2026-10-03 10:13:10] Processing: CH0002370903 (ZLB Zürcher Landbank)
[2026-10-03 10:13:10] ✓ CH0002370903: 259 trades downloaded
[2026-10-03 10:13:11] Processing: CH0002655501 (Zoologischer Garten, Basel)
[2026-10-03 10:13:12] ✓ CH0002655501: 91 trades downloaded
[2026-10-03 10:13:13] Processing: CH0002654934 (ZT Medien N)
[2026-10-03 10:13:13] ✓ CH0002654934: 198 trades downloaded
[2026-10-03 10:13:14] Processing: CH0148052118 (Zug Estates N Serie A)
[2026-10-03 10:13:14] ✓ CH0148052118: 233 trades downloaded
[2026-10-03 10:13:15] Processing: CH0001671707 (Zürcher Oberland Medien AG, Wetzikon)
[2026-10-03 10:13:15] ✓ CH0001671707: 540 trades downloaded
[2026-10-03 10:13:16] Processing: CH0002658448 (Zürichsee-Fähre Horgen-Meilen AG)
[2026-10-03 10:13:16] ✓ CH0002658448: 1142 trades downloaded
[2026-10-03 10:13:17] Processing: CH0553343069 (Zürichsee-Schifffahrtsgesellschaft)
[2026-10-03 10:13:17] ✓ CH0553343069: 493 trades downloaded
[2026-10-03 10:13:18] ========== SUMMARY ==========
[2026-10-03 10:13:18] Total ISINs processed: 239
[2026-10-03 10:13:18] Successful downloads: 239
[2026-10-03 10:13:18] Failed/Not Found: 0
[2026-10-03 10:13:18] CSV files created: 239
[2026-10-03 10:13:18] Time elapsed: 4m 32s
[2026-10-03 10:13:18] Log saved: /home/runner/work/OTC-X/OTC-X/backend/logs/downloader_2026-10-03_100842.log
[2026-10-03 10:13:18] ======================================================================
[2026-10-03 10:13:18] OTC-X Liquidity Metrics Engine - Starting
[2026-10-03 10:13:18] Timestamp: 2026-10-03 10:13:18
[2026-10-03 10:13:18] ======================================================================
[2026-10-03 10:13:18] [1/4] Loading input data...
[2026-10-03 10:13:18]       Trades: /home/runner/work/OTC-X/OTC-X/backend/data/master_trades.parquet
[2026-10-03 10:13:18]       -> 146,146 trades loaded (227 ISINs)
[2026-10-03 10:13:18]       Securities: /home/runner/work/OTC-X/OTC-X/backend/data/securities.csv
[2026-10-03 10:13:18]       -> 239 securities loaded (11 sectors)
[2026-10-03 10:13:18] [2/4] Computing liquidity metrics...
[2026-10-03 10:13:18]     Step 1/4: Daily aggregation...
[2026-10-03 10:13:19]              79,272 daily observations
[2026-10-03 10:13:19]     Step 2/4: Liquidity metrics...
[2026-10-03 10:13:19]     Step 3/4: Rolling baselines (30 trading days)...
[2026-10-03 10:13:19]     Step 4/4: Anomaly detection...
[2026-10-03 10:13:19] [3/4] Enriching with security metadata...
[2026-10-03 10:13:19]       [!] 6 ISINs have no metadata (Name/Sektor will be null)
[2026-10-03 10:13:19]       -> Final shape: (79272, 26)
[2026-10-03 10:13:19] [4/4] Saving output...
[2026-10-03 10:13:19]       -> Written to: /home/runner/work/OTC-X/OTC-X/backend/data/daily_metrics.parquet
[2026-10-03 10:13:19]       -> Size: 2.59 MB
[2026-10-03 10:13:19] ======================================================================
[2026-10-03 10:13:19] SUCCESS! Pipeline completed.
[2026-10-03 10:13:19] ======================================================================
[2026-10-03 10:13:19] Total rows:       79,272
[2026-10-03 10:13:19] Unique ISINs:     227
[2026-10-03 10:13:19] Unique Sectors:   11
[2026-10-03 10:13:19] Date range:       2004-02-16 to 2026-10-02
[2026-10-03 10:13:19] Elapsed time:     0.2 seconds
[2026-10-03 10:13:19] Output Schema:
[2026-10-03 10:13:19]   Isin                      String
[2026-10-03 10:13:19]   Name                      String
[2026-10-03 10:13:19]   Sektor                    String
[2026-10-03 10:13:19]   Datum                     Date
[2026-10-03 10:13:19]   trades_today              UInt32
[2026-10-03 10:13:19]   volume_today_units        Float64
[2026-10-03 10:13:19]   volume_today_chf          Float64
[2026-10-03 10:13:19]   price_min                 Float64
[2026-10-03 10:13:19]   price_max                 Float64
[2026-10-03 10:13:19]   price_first               Float64
[2026-10-03 10:13:19]   price_last                Float64
[2026-10-03 10:13:19]   price_change_pct          Float64
[2026-10-03 10:13:19]   log_returns               Float64
[2026-10-03 10:13:19]   volatility_daily          Float64
[2026-10-03 10:13:19]   amihud_daily              Float64
[2026-10-03 10:13:19]   spread_log_hl             Float64
[2026-10-03 10:13:19]   trade_duration_min        Float64
[2026-10-03 10:13:19]   off_book_pct              Float64
[2026-10-03 10:13:19]   trades_30d_median         Float64
[2026-10-03 10:13:19]   volume_30d_median         Float64
[2026-10-03 10:13:19]   volatility_30d_median     Float64
[2026-10-03 10:13:19]   amihud_30d_median         Float64
[2026-10-03 10:13:19]   volume_spike              Boolean
[2026-10-03 10:13:19]   activity_spike            Boolean
[2026-10-03 10:13:19]   price_gap                 Boolean
[2026-10-03 10:13:19]   anomaly_score             UInt8
[2026-10-03 10:13:19] High-anomaly observations (score >= 5): 15,060 total
[2026-10-03 10:13:19]   2026-10-02 | CH0001239398 | Score: 5 | Price Change: 0.33%
[2026-10-03 10:13:19]   2026-10-02 | CH0006532565 | Score: 5 | Price Change: 0.00%
[2026-10-03 10:13:19]   2026-10-02 | CH0016290014 | Score: 5 | Price Change: -0.67%
[2026-10-03 10:13:19]   2026-10-02 | CH0018043619 | Score: 5 | Price Change: -3.35%
[2026-10-03 10:13:19]   2026-10-02 | CH0185254742 | Score: 7 | Price Change: 30.19%
