[2026-06-04 06:32:25] OTC-X Trade Downloader started
[2026-06-04 06:32:25] Loaded 242 rows from /home/runner/work/OTC-X/OTC-X/backend/data/securities.csv
[2026-06-04 06:32:25] Processing: CH0136182570 (acrevis Bank N)
[2026-06-04 06:32:26] ✓ CH0136182570: 3586 trades downloaded
[2026-06-04 06:32:27] Processing: CH0006668930 (ADEV Solarstrom AG, Liestal)
[2026-06-04 06:32:27] ✓ CH0006668930: 475 trades downloaded
[2026-06-04 06:32:28] Processing: CH0006524265 (ADEV Wasserkraftwerk AG, Liestal)
[2026-06-04 06:32:29] ✓ CH0006524265: 213 trades downloaded
[2026-06-04 06:32:30] Processing: CH0010497532 (ADEV Windkraft AG, Liestal)
[2026-06-04 06:32:30] ✓ CH0010497532: 148 trades downloaded
[2026-06-04 06:32:31] Processing: CH0034900248 (AG für Erstellung billiger Wohnhäuser in Winterthu)
[2026-06-04 06:32:31] ✓ CH0034900248: 119 trades downloaded
[2026-06-04 06:32:32] Processing: CH0001402418 (Agruna AG)
[2026-06-04 06:32:32] ✓ CH0001402418: 330 trades downloaded
[2026-06-04 06:32:33] Processing: CH0002599352 (Aletsch Bahnen N)
[2026-06-04 06:32:33] ✓ CH0002599352: 402 trades downloaded
[2026-06-04 06:32:34] Processing: CH0011322200 (Alpha Rheintal Bank, Heerbrugg)
[2026-06-04 06:32:35] ✓ CH0011322200: 1194 trades downloaded
[2026-06-04 06:32:36] Processing: CH0001418216 (Aluminium-Laufen AG Liesberg)
[2026-06-04 06:32:36] ✓ CH0001418216: 215 trades downloaded
[2026-06-04 06:32:37] Processing: CH0185254742 (Andermatt-Sedrun Sport AG)
[2026-06-04 06:32:37] ✓ CH0185254742: 437 trades downloaded
[2026-06-04 06:32:38] Processing: CH0026212446 (Appenzeller Bahnen)
[2026-06-04 06:32:38] ✓ CH0026212446: 239 trades downloaded
[2026-06-04 06:32:39] Processing: CH0001430930 (Arosa Bergbahnen AG, Arosa)
[2026-06-04 06:32:39] ✓ CH0001430930: 792 trades downloaded
[2026-06-04 06:32:40] Processing: CH0001457826 (Auto AG Schwyz, Schwyz)
[2026-06-04 06:32:40] ✓ CH0001457826: 96 trades downloaded
[2026-06-04 06:32:41] Processing: CH0029706766 (Auto AG Uri)
[2026-06-04 06:32:42] ✓ CH0029706766: 23 trades downloaded
[2026-06-04 06:32:43] Processing: CH0032018688 (Auto Hldg N)
[2026-06-04 06:32:43] ✓ CH0032018688: 1576 trades downloaded
[2026-06-04 06:32:44] Processing: CH0023777235 (aventron N)
[2026-06-04 06:32:44] ✓ CH0023777235: 619 trades downloaded
[2026-06-04 06:32:45] Processing: CH0003857031 (Bad Schinznach AG, Schinznach)
[2026-06-04 06:32:45] ✓ CH0003857031: 1044 trades downloaded
[2026-06-04 06:32:46] Processing: CH0001314852 (Bank in Zuzwil)
[2026-06-04 06:32:46] ✓ CH0001314852: 47 trades downloaded
[2026-06-04 06:32:47] Processing: CH0039074692 (Bank Leerau)
[2026-06-04 06:32:48] ✓ CH0039074692: 149 trades downloaded
[2026-06-04 06:32:49] Processing: CH0013792848 (Bank Oberaargau N)
[2026-06-04 06:32:49] ✓ CH0013792848: 541 trades downloaded
[2026-06-04 06:32:50] Processing: CH0001351862 (Bank SLM N)
[2026-06-04 06:32:50] ✓ CH0001351862: 477 trades downloaded
[2026-06-04 06:32:51] Processing: CH0049588129 (Bank von Roll AG)
[2026-06-04 06:32:51] ✓ CH0049588129: 252 trades downloaded
[2026-06-04 06:32:52] Processing: CH0303601253 (BB Adelboden N)
[2026-06-04 06:32:52] ✓ CH0303601253: 346 trades downloaded
[2026-06-04 06:32:53] Processing: CH0574732894 (BB Lauterbrunnen-Muerren N)
[2026-06-04 06:32:54] ✓ CH0574732894: 16 trades downloaded
[2026-06-04 06:32:55] Processing: CH0010756531 (BBO Bank Brienz-Oberhasli)
[2026-06-04 06:32:55] ✓ CH0010756531: 403 trades downloaded
[2026-06-04 06:32:56] Processing: CH0001507406 (BB Piz Mundaun AG)
[2026-06-04 06:32:56] ✓ CH0001507406: 103 trades downloaded
[2026-06-04 06:32:57] Processing: CH0002353867 (BB Soerenberg AG)
[2026-06-04 06:32:57] ✓ CH0002353867: 231 trades downloaded
[2026-06-04 06:32:58] Processing: CH0010726963 (Beau-Rivage Palace SA, Lausanne-Ouchy)
[2026-06-04 06:32:58] ✓ CH0010726963: 795 trades downloaded
[2026-06-04 06:32:59] Processing: CH0024700483 (Belalp-Bahnen, Naters)
[2026-06-04 06:33:00] ✓ CH0024700483: 29 trades downloaded
[2026-06-04 06:33:01] Processing: CH0187392300 (Bellwald Sportbahnen N)
[2026-06-04 06:33:01] ✓ CH0187392300: 10 trades downloaded
[2026-06-04 06:33:02] Processing: CH0002332093 (Bergbahnen Brigels N)
[2026-06-04 06:33:02] ✓ CH0002332093: 148 trades downloaded
[2026-06-04 06:33:03] Processing: CH0018384120 (Bergbahnen Destination Gstaad N)
[2026-06-04 06:33:03] ✓ CH0018384120: 433 trades downloaded
[2026-06-04 06:33:04] Processing: CH0292081723 (Bergbahnen Disentis N)
[2026-06-04 06:33:04] ✓ CH0292081723: 93 trades downloaded
[2026-06-04 06:33:05] Processing: CH0580517032 (Bergbahnen Hohsaas N)
[2026-06-04 06:33:05] ✓ CH0580517032: 0 trades downloaded
[2026-06-04 06:33:06] Processing: CH0036505888 (Bergbahnen Meiringen-Hasliberg N)
[2026-06-04 06:33:07] ✓ CH0036505888: 455 trades downloaded
[2026-06-04 06:33:08] Processing: CH0342666572 (Bergbahnen Scuol N)
[2026-06-04 06:33:08] ✓ CH0342666572: 245 trades downloaded
[2026-06-04 06:33:09] Processing: CH0016568880 (Bergbahnen Splügen-Tambo N)
[2026-06-04 06:33:09] ✓ CH0016568880: 46 trades downloaded
[2026-06-04 06:33:10] Processing: CH0045885032 (Bergbahnen Wildhaus AG)
[2026-06-04 06:33:10] ✓ CH0045885032: 91 trades downloaded
[2026-06-04 06:33:11] Processing: CH0014874918 (Bernerland Bank, Sumiswald)
[2026-06-04 06:33:11] ✓ CH0014874918: 903 trades downloaded
[2026-06-04 06:33:12] Processing: CH0322776573 (Berner Oberland-Bahnen N)
[2026-06-04 06:33:13] ✓ CH0322776573: 238 trades downloaded
[2026-06-04 06:33:14] Processing: CH0011100341 (BERNEXPO N)
[2026-06-04 06:33:14] ✓ CH0011100341: 2190 trades downloaded
[2026-06-04 06:33:15] Processing: CH0018043619 (Biene-Bank im Rheintal)
[2026-06-04 06:33:15] ✓ CH0018043619: 375 trades downloaded
[2026-06-04 06:33:16] Processing: CH0025889160 (BLS N)
[2026-06-04 06:33:16] ✓ CH0025889160: 1433 trades downloaded
[2026-06-04 06:33:17] Processing: CH0012684657 (Bobst Group N)
[2026-06-04 06:33:17] ✓ CH0012684657: 3232 trades downloaded
[2026-06-04 06:33:18] Processing: CH0545753953 (Bondpartners N)
[2026-06-04 06:33:19] ✓ CH0545753953: 156 trades downloaded
[2026-06-04 06:33:20] Processing: CH0001542635 (Brauerei Schützengarten AG N)
[2026-06-04 06:33:20] ✓ CH0001542635: 163 trades downloaded
[2026-06-04 06:33:21] Processing: CH0001542643 (Brauerei Schützengarten AG PS)
[2026-06-04 06:33:21] ✓ CH0001542643: 642 trades downloaded
[2026-06-04 06:33:22] Processing: CH0002052501 (Brunni-Bahnen N)
[2026-06-04 06:33:22] ✓ CH0002052501: 571 trades downloaded
[2026-06-04 06:33:23] Processing: CH0009438109 (BS Bank, Schaffhausen)
[2026-06-04 06:33:23] ✓ CH0009438109: 507 trades downloaded
[2026-06-04 06:33:24] Processing: CH0002657978 (Bystronic -B- N)
[2026-06-04 06:33:25] ✓ CH0002657978: 426 trades downloaded
[2026-06-04 06:33:26] Processing: CH0001570057 (Caran d`Ache, Genève, Serie B)
[2026-06-04 06:33:26] ✓ CH0001570057: 89 trades downloaded
[2026-06-04 06:33:27] Processing: CH0102022560 (CasaInvest N)
[2026-06-04 06:33:27] ✓ CH0102022560: 870 trades downloaded
[2026-06-04 06:33:28] Processing: CH1127803547 (Casale Holding Rg)
[2026-06-04 06:33:28] ✓ CH1127803547: 14 trades downloaded
[2026-06-04 06:33:29] Processing: CH0004959505 (Casino de Montreux SA Nom 100)
[2026-06-04 06:33:29] ✓ CH0004959505: 449 trades downloaded
[2026-06-04 06:33:30] Processing: CH0004959471 (Casino de Montreux SA Nom 50)
[2026-06-04 06:33:30] ✓ CH0004959471: 34 trades downloaded
[2026-06-04 06:33:31] Processing: CH0324791133 (Chemholding N)
[2026-06-04 06:33:32] ✓ CH0324791133: 4 trades downloaded
[2026-06-04 06:33:33] Processing: CH0020603475 (CKW N)
[2026-06-04 06:33:33] ✓ CH0020603475: 1495 trades downloaded
[2026-06-04 06:33:34] Processing: CH0010583448 (Clientis Bank Aareland N)
[2026-06-04 06:33:34] ✓ CH0010583448: 261 trades downloaded
[2026-06-04 06:33:35] Processing: CH0001336319 (Clientis Bank Oberuzwil AG)
[2026-06-04 06:33:35] ✓ CH0001336319: 70 trades downloaded
[2026-06-04 06:33:36] Processing: CH0010621925 (Clientis Bank Toggenburg)
[2026-06-04 06:33:36] ✓ CH0010621925: 211 trades downloaded
[2026-06-04 06:33:37] Processing: CH0001357000 (Clientis Sparkasse Oftringen)
[2026-06-04 06:33:38] ✓ CH0001357000: 191 trades downloaded
[2026-06-04 06:33:39] Processing: CH0001579363 (CMSA Holding N)
[2026-06-04 06:33:39] ✓ CH0001579363: 1309 trades downloaded
[2026-06-04 06:33:40] Processing: CH0032462910 (Corvatsch AG Nom 3, Silvaplana)
[2026-06-04 06:33:40] ✓ CH0032462910: 534 trades downloaded
[2026-06-04 06:33:41] Processing: CH1100211528 (Crédit Mutuel de la Vallée N)
[2026-06-04 06:33:41] ✓ CH1100211528: 34 trades downloaded
[2026-06-04 06:33:42] Processing: CH0019556908 (Cresta Palace Celerina N)
[2026-06-04 06:33:42] ✓ CH0019556908: 230 trades downloaded
[2026-06-04 06:33:43] Processing: CH0433137400 (Davos Klosters Bergbahnen N)
[2026-06-04 06:33:44] ✓ CH0433137400: 541 trades downloaded
[2026-06-04 06:33:45] Processing: CH0109916244 (Diavolezza Lagalb N)
[2026-06-04 06:33:45] ✓ CH0109916244: 57 trades downloaded
[2026-06-04 06:33:46] Processing: CH0001665147 (Dolder Hotel AG, Zürich)
[2026-06-04 06:33:46] ✓ CH0001665147: 563 trades downloaded
[2026-06-04 06:33:47] Processing: CH0578688241 (Drahtseilbahn Marzili N)
[2026-06-04 06:33:47] ✓ CH0578688241: 9 trades downloaded
[2026-06-04 06:33:48] Processing: CH0001669255 (Drahtseilbahn Marzili-Stadt Bern N)
[2026-06-04 06:33:48] ✓ CH0001669255: 38 trades downloaded
[2026-06-04 06:33:49] Processing: CH0001777876 (ebs Erdgas + Biogas)
[2026-06-04 06:33:49] ✓ CH0001777876: 48 trades downloaded
[2026-06-04 06:33:50] Processing: CH1159308571 (EcoRenova N)
[2026-06-04 06:33:51] ✓ CH1159308571: 4 trades downloaded
[2026-06-04 06:33:52] Processing: CH0102699540 (Energ Elec du Simplon E.E.S.)
[2026-06-04 06:33:52] ✓ CH0102699540: 94 trades downloaded
[2026-06-04 06:33:53] Processing: CH0014386996 (Energie Zürichsee Linth N)
[2026-06-04 06:33:53] ✓ CH0014386996: 836 trades downloaded
[2026-06-04 06:33:54] Processing: CH0031926105 (Engadin Mountains AG)
[2026-06-04 06:33:54] ✓ CH0031926105: 685 trades downloaded
[2026-06-04 06:33:55] Processing: CH0129442221 (Eniwa Holding AG)
[2026-06-04 06:33:55] ✓ CH0129442221: 831 trades downloaded
[2026-06-04 06:33:56] Processing: CH0001337200 (Ersparniskasse Affoltern)
[2026-06-04 06:33:57] ✓ CH0001337200: 234 trades downloaded
[2026-06-04 06:33:58] Processing: CH0001704680 (Eskimo Textil AG, Turbenthal)
[2026-06-04 06:33:58] ✓ CH0001704680: 35 trades downloaded
[2026-06-04 06:33:59] Processing: CH0002557400 (Espace Real Estate Hldg N)
[2026-06-04 06:33:59] ✓ CH0002557400: 3286 trades downloaded
[2026-06-04 06:34:00] Processing: CH0001239398 (EW Brig-Naters EWBN)
[2026-06-04 06:34:00] ✓ CH0001239398: 148 trades downloaded
[2026-06-04 06:34:01] Processing: CH0001690533 (EW Jona-Rapperswil, Jona)
[2026-06-04 06:34:01] ✓ CH0001690533: 1535 trades downloaded
[2026-06-04 06:34:02] Processing: CH0001691614 (EW Uznach AG)
[2026-06-04 06:34:03] ✓ CH0001691614: 230 trades downloaded
[2026-06-04 06:34:04] Processing: CH0001413704 (Flughafen Bern AG N)
[2026-06-04 06:34:04] ✓ CH0001413704: 517 trades downloaded
[2026-06-04 06:34:05] Processing: CH1106247997 (Funi Locarno-Madonna N)
[2026-06-04 06:34:05] ✓ CH1106247997: 13 trades downloaded
[2026-06-04 06:34:06] Processing: CH1104949586 (Funi Lugano-Paradiso N)
[2026-06-04 06:34:06] ✓ CH1104949586: 20 trades downloaded
[2026-06-04 06:34:07] Processing: CH0001602009 (Generale Beaulieu Holding SA)
[2026-06-04 06:34:07] ✓ CH0001602009: 221 trades downloaded
[2026-06-04 06:34:08] Processing: CH1405847034 (Geoterra Holding Rg)
[2026-06-04 06:34:08] ✓ CH1405847034: 424 trades downloaded
[2026-06-04 06:34:09] Processing: CH0006980079 (Gondelbahn Grindelwald N)
[2026-06-04 06:34:10] ✓ CH0006980079: 553 trades downloaded
[2026-06-04 06:34:11] Processing: CH0375446173 (Gondrand Hldg Vz N)
[2026-06-04 06:34:11] ✓ CH0375446173: 84 trades downloaded
[2026-06-04 06:34:12] Processing: CH0002221338 (Gotthard Raststätte A2 Uri AG)
[2026-06-04 06:34:12] ✓ CH0002221338: 1068 trades downloaded
[2026-06-04 06:34:13] Processing: CH0002541586 (Grand Resort Bad Ragaz, Bad Ragaz)
[2026-06-04 06:34:13] ✓ CH0002541586: 1194 trades downloaded
[2026-06-04 06:34:14] Processing: CH0006532565 (Griesser Holding AG, Aadorf)
[2026-06-04 06:34:14] ✓ CH0006532565: 1303 trades downloaded
[2026-06-04 06:34:15] Processing: CH0016523125 (Griston Holding AG)
[2026-06-04 06:34:16] ✓ CH0016523125: 462 trades downloaded
[2026-06-04 06:34:17] Processing: CH0005051021 (Gurtenbahn AG N)
[2026-06-04 06:34:17] ✓ CH0005051021: 117 trades downloaded
[2026-06-04 06:34:18] Processing: CH0023124214 (HBB Holding AG)
[2026-06-04 06:34:18] ✓ CH0023124214: 442 trades downloaded
[2026-06-04 06:34:19] Processing: CH0001865523 (Heim im Bergli AG, Luzern)
[2026-06-04 06:34:19] ✓ CH0001865523: 60 trades downloaded
[2026-06-04 06:34:20] Processing: CH0304280636 (Helvetic Star Holding)
[2026-06-04 06:34:20] ✓ CH0304280636: 70 trades downloaded
[2026-06-04 06:34:21] Processing: CH0000648680 (Hochalpines Institut Ftan AG)
[2026-06-04 06:34:22] ✓ CH0000648680: 139 trades downloaded
[2026-06-04 06:34:23] Processing: CH0016016849 (Hoch-Ybrig N)
[2026-06-04 06:34:23] ✓ CH0016016849: 694 trades downloaded
[2026-06-04 06:34:24] Processing: CH0001992681 (Hof Weissbad AG)
[2026-06-04 06:34:24] ✓ CH0001992681: 1440 trades downloaded
[2026-06-04 06:34:25] Processing: CH0010923875 (Hoher Kasten Drehrestaurant und Seilbahn AG)
[2026-06-04 06:34:26] ✓ CH0010923875: 669 trades downloaded
[2026-06-04 06:34:27] Processing: CH0020502743 (Holdinova N)
[2026-06-04 06:34:28] ✓ CH0020502743: 5091 trades downloaded
[2026-06-04 06:34:29] Processing: CH0001906848 (Imbrex Hldg N)
[2026-06-04 06:34:29] ✓ CH0001906848: 335 trades downloaded
[2026-06-04 06:34:30] Processing: CH0001910089 (Immges Viamala, Thusis)
[2026-06-04 06:34:30] ✓ CH0001910089: 87 trades downloaded
[2026-06-04 06:34:31] Processing: CH0324793667 (Immobiliare Pharmapark N)
[2026-06-04 06:34:31] ✓ CH0324793667: 63 trades downloaded
[2026-06-04 06:34:32] Processing: CH0001344685 (KB Nidwalden PS)
[2026-06-04 06:34:32] ✓ CH0001344685: 109 trades downloaded
[2026-06-04 06:34:33] Processing: CH0263939958 (Klosters-Madrisa N)
[2026-06-04 06:34:33] ✓ CH0263939958: 171 trades downloaded
[2026-06-04 06:34:34] Processing: CH0001514501 (Kongresshaus Zürich AG, Zürich)
[2026-06-04 06:34:35] ✓ CH0001514501: 817 trades downloaded
[2026-06-04 06:34:36] Processing: CH0115029545 (Konkordia AG N)
[2026-06-04 06:34:36] ✓ CH0115029545: 235 trades downloaded
[2026-06-04 06:34:37] Processing: CH0002052915 (Kronberg N)
[2026-06-04 06:34:37] ✓ CH0002052915: 231 trades downloaded
[2026-06-04 06:34:38] Processing: CH0001574604 (Kursaal-Casino AG, Luzern GS)
[2026-06-04 06:34:38] ✓ CH0001574604: 216 trades downloaded
[2026-06-04 06:34:39] Processing: CH0001574596 (Kursaal-Casino AG, Luzern N)
[2026-06-04 06:34:39] ✓ CH0001574596: 1789 trades downloaded
[2026-06-04 06:34:40] Processing: CH0001989513 (Kursaal Interlaken N)
[2026-06-04 06:34:41] ✓ CH0001989513: 657 trades downloaded
[2026-06-04 06:34:42] Processing: CH0304449611 (Lagerhäuser der Centralschweiz N)
[2026-06-04 06:34:42] ✓ CH0304449611: 229 trades downloaded
[2026-06-04 06:34:43] Processing: CH0002400585 (Landwirtschaft ZRA, Aarberg)
[2026-06-04 06:34:43] ✓ CH0002400585: 229 trades downloaded
[2026-06-04 06:34:44] Processing: CH0001343885 (Leihkasse Stammheim)
[2026-06-04 06:34:44] ✓ CH0001343885: 121 trades downloaded
[2026-06-04 06:34:45] Processing: CH0001788345 (Lenk Bergbahnen, Lenk)
[2026-06-04 06:34:45] ✓ CH0001788345: 201 trades downloaded
[2026-06-04 06:34:46] Processing: CH0023497271 (Lenzerheide Bergbahnen)
[2026-06-04 06:34:46] ✓ CH0023497271: 1198 trades downloaded
[2026-06-04 06:34:47] Processing: CH0001318374 (Lienhardt & Partner Privatbank Zürich AG, Zürich)
[2026-06-04 06:34:48] ✓ CH0001318374: 489 trades downloaded
[2026-06-04 06:34:49] Processing: CH0002045471 (Loeb Holding N -B-)
[2026-06-04 06:34:49] ✓ CH0002045471: 240 trades downloaded
[2026-06-04 06:34:50] Processing: CH0002045497 (Loeb Holding PS)
[2026-06-04 06:34:50] ✓ CH0002045497: 2671 trades downloaded
[2026-06-04 06:34:51] Processing: CH0105175175 (Lorze AG)
[2026-06-04 06:34:51] ✓ CH0105175175: 292 trades downloaded
[2026-06-04 06:34:52] Processing: CH0001542601 (Löwengarten AG)
[2026-06-04 06:34:52] ✓ CH0001542601: 22 trades downloaded
[2026-06-04 06:34:53] Processing: CH0563381901 (LSB Dallenwil-Wirzweli N)
[2026-06-04 06:34:53] ✓ CH0563381901: 6 trades downloaded
[2026-06-04 06:34:54] Processing: CH0002052782 (LSB Grindelwald-Pfingstegg AG)
[2026-06-04 06:34:55] ✓ CH0002052782: 160 trades downloaded
[2026-06-04 06:34:56] Processing: CH0342342653 (LSB Unterterzen-Flumserberg)
[2026-06-04 06:34:56] ✓ CH0342342653: 100 trades downloaded
[2026-06-04 06:34:57] Processing: CH0002055819 (LSB Wasserauen-Ebenalp AG)
[2026-06-04 06:34:57] ✓ CH0002055819: 87 trades downloaded
[2026-06-04 06:34:58] Processing: CH0002056031 (LSB Wengen-Männlichen AG)
[2026-06-04 06:34:58] ✓ CH0002056031: 351 trades downloaded
[2026-06-04 06:34:59] Processing: CH0002056957 (Lurag AG, Neuenkirch)
[2026-06-04 06:34:59] ✓ CH0002056957: 779 trades downloaded
[2026-06-04 06:35:00] Processing: CH0002057070 (Lyceum Alpinum Zuoz AG)
[2026-06-04 06:35:01] ✓ CH0002057070: 135 trades downloaded
[2026-06-04 06:35:02] Processing: CH0198963503 (Magazzini Generali N)
[2026-06-04 06:35:02] ✓ CH0198963503: 21 trades downloaded
[2026-06-04 06:35:03] Processing: CH0016376714 (Matterhorn Gotthard Verkehr AG)
[2026-06-04 06:35:03] ✓ CH0016376714: 101 trades downloaded
[2026-06-04 06:35:04] Processing: CH0014069212 (Menzi Muck Gruppe N)
[2026-06-04 06:35:04] ✓ CH0014069212: 1341 trades downloaded
[2026-06-04 06:35:05] Processing: CH0002092622 (Metall Zug AG Serie A)
[2026-06-04 06:35:05] ✓ CH0002092622: 563 trades downloaded
[2026-06-04 06:35:06] Processing: CH0107020692 (Montana Tech N)
[2026-06-04 06:35:06] ✓ CH0107020692: 1684 trades downloaded
[2026-06-04 06:35:07] Processing: CH0003798599 (Montreux-Berner Oberland Bahn)
[2026-06-04 06:35:08] ✓ CH0003798599: 460 trades downloaded
[2026-06-04 06:35:09] Processing: CH0126517975 (Neue Zürcher Zeitung, Zürich)
[2026-06-04 06:35:09] ✓ CH0126517975: 3718 trades downloaded
[2026-06-04 06:35:10] Processing: CH0187475709 (Nexus Gr Hold N)
[2026-06-04 06:35:10] ✓ CH0187475709: 166 trades downloaded
[2026-06-04 06:35:11] Processing: CH0572824867 (Niederhornbahn N)
[2026-06-04 06:35:11] ✓ CH0572824867: 67 trades downloaded
[2026-06-04 06:35:12] Processing: CH1104984104 (Niesenbahn N)
[2026-06-04 06:35:12] ✓ CH1104984104: 150 trades downloaded
[2026-06-04 06:35:13] Processing: CH0013592248 (NORINVEST HLDG N)
[2026-06-04 06:35:14] ✓ CH0013592248: 158 trades downloaded
[2026-06-04 06:35:15] Processing: CH0002160460 (Opernhaus Zürich N 300)
[2026-06-04 06:35:15] ✓ CH0002160460: 29 trades downloaded
[2026-06-04 06:35:16] Processing: CH0002160478 (Opernhaus Zürich N 900)
[2026-06-04 06:35:16] ✓ CH0002160478: 363 trades downloaded
[2026-06-04 06:35:17] Processing: CH0017915742 (OTC-X All Share)
[2026-06-04 06:35:17] ✓ CH0017915742: 0 trades downloaded
[2026-06-04 06:35:18] Processing: CH0017915718 (OTC-X Banken)
[2026-06-04 06:35:18] ✓ CH0017915718: 0 trades downloaded
[2026-06-04 06:35:19] Processing: CH0039576753 (OTC-X Bergbahnen)
[2026-06-04 06:35:19] ✓ CH0039576753: 0 trades downloaded
[2026-06-04 06:35:20] Processing: CH0039576787 (OTC-X Beteiligungsgesellschaften)
[2026-06-04 06:35:21] ✓ CH0039576787: 0 trades downloaded
[2026-06-04 06:35:22] Processing: CH0017915692 (OTC-X Energie)
[2026-06-04 06:35:22] ✓ CH0017915692: 0 trades downloaded
[2026-06-04 06:35:23] Processing: CH0039576837 (OTC-X Immobilien)
[2026-06-04 06:35:23] ✓ CH0039576837: 0 trades downloaded
[2026-06-04 06:35:24] Processing: CH0017915684 (OTC-X Industrie)
[2026-06-04 06:35:24] ✓ CH0017915684: 0 trades downloaded
[2026-06-04 06:35:25] Processing: CH0039576860 (OTC-X Liquidity)
[2026-06-04 06:35:25] ✓ CH0039576860: 0 trades downloaded
[2026-06-04 06:35:26] Processing: CH0017915668 (OTC-X Medien)
[2026-06-04 06:35:26] ✓ CH0017915668: 0 trades downloaded
[2026-06-04 06:35:27] Processing: CH0039576852 (OTC-X Nahrung und Getraenke)
[2026-06-04 06:35:28] ✓ CH0039576852: 0 trades downloaded
[2026-06-04 06:35:29] Processing: CH0213109793 (OTC-X Premium)
[2026-06-04 06:35:29] ✓ CH0213109793: 0 trades downloaded
[2026-06-04 06:35:30] Processing: CH0017915726 (OTC-X TOP50)
[2026-06-04 06:35:30] ✓ CH0017915726: 0 trades downloaded
[2026-06-04 06:35:31] Processing: CH0017915643 (OTC-X Tourismus/Freizeit/Sonstiges)
[2026-06-04 06:35:31] ✓ CH0017915643: 0 trades downloaded
[2026-06-04 06:35:32] Processing: CH0017915635 (OTC-X Transport/Verkehr/Logistik)
[2026-06-04 06:35:32] ✓ CH0017915635: 0 trades downloaded
[2026-06-04 06:35:33] Processing: CH0467707490 (Outdoor Switzerland N)
[2026-06-04 06:35:33] ✓ CH0467707490: 77 trades downloaded
[2026-06-04 06:35:34] Processing: CH0002174743 (Parking des Alpes N)
[2026-06-04 06:35:35] ✓ CH0002174743: 9 trades downloaded
[2026-06-04 06:35:36] Processing: CH0016049881 (Patiswiss AG)
[2026-06-04 06:35:36] ✓ CH0016049881: 922 trades downloaded
[2026-06-04 06:35:37] Processing: CH1350861261 (Perlen Industrieholding N)
[2026-06-04 06:35:37] ✓ CH1350861261: 1526 trades downloaded
[2026-06-04 06:35:38] Processing: CH0009005973 (Pilatus-Bahnen AG, Kriens)
[2026-06-04 06:35:38] ✓ CH0009005973: 1819 trades downloaded
[2026-06-04 06:35:39] Processing: CH0012457633 (Plaston Holding AG)
[2026-06-04 06:35:39] ✓ CH0012457633: 1400 trades downloaded
[2026-06-04 06:35:40] Processing: CH0284143929 (PLAZZA-B-N)
[2026-06-04 06:35:41] ✓ CH0284143929: 112 trades downloaded
[2026-06-04 06:35:42] Processing: CH0286266488 (Ports Francs et Entrepôts de Genève)
[2026-06-04 06:35:42] ✓ CH0286266488: 0 trades downloaded
[2026-06-04 06:35:43] Processing: CH0122303669 (Prayon Switzerland N)
[2026-06-04 06:35:43] ✓ CH0122303669: 22 trades downloaded
[2026-06-04 06:35:44] Processing: CH0013283368 (Precious Woods Hldg N)
[2026-06-04 06:35:44] ✓ CH0013283368: 561 trades downloaded
[2026-06-04 06:35:45] Processing: CH0002218664 (Railtour Suisse SA Nom 100)
[2026-06-04 06:35:45] ✓ CH0002218664: 0 trades downloaded
[2026-06-04 06:35:46] Processing: CH0002218698 (Railtour Suisse SA Nom 500)
[2026-06-04 06:35:46] ✓ CH0002218698: 0 trades downloaded
[2026-06-04 06:35:47] Processing: CH0030333360 (Rapid Holding N)
[2026-06-04 06:35:48] ✓ CH0030333360: 1475 trades downloaded
[2026-06-04 06:35:49] Processing: CH0027315818 (Raststätte Rheintal AG, Sevelen)
[2026-06-04 06:35:49] ✓ CH0027315818: 209 trades downloaded
[2026-06-04 06:35:50] Processing: CH0002221304 (Raststätte Thurau, St. Gallen)
[2026-06-04 06:35:50] ✓ CH0002221304: 193 trades downloaded
[2026-06-04 06:35:51] Processing: CH0018525532 (Raststätte Walensee AG)
[2026-06-04 06:35:51] ✓ CH0018525532: 95 trades downloaded
[2026-06-04 06:35:52] Processing: CH1387788180 (Raurica Wald N-B)
[2026-06-04 06:35:52] ✓ CH1387788180: 19 trades downloaded
[2026-06-04 06:35:53] Processing: CH0001340196 (Regiobank Männedorf)
[2026-06-04 06:35:54] ✓ CH0001340196: 231 trades downloaded
[2026-06-04 06:35:55] Processing: CH1112956201 (Regiobank Solothurn N)
[2026-06-04 06:35:55] ✓ CH1112956201: 3158 trades downloaded
[2026-06-04 06:35:56] Processing: CH0002227095 (Reishauer N)
[2026-06-04 06:35:56] ✓ CH0002227095: 1106 trades downloaded
[2026-06-04 06:35:57] Processing: CH0199383602 (Remontées Mécaniques de Grimentz)
[2026-06-04 06:35:57] ✓ CH0199383602: 11 trades downloaded
[2026-06-04 06:35:58] Processing: CH0320096990 (Repower N)
[2026-06-04 06:35:58] ✓ CH0320096990: 4941 trades downloaded
[2026-06-04 06:35:59] Processing: CH0002234398 (Rhätische Bahn RhB / Prior)
[2026-06-04 06:35:59] ✓ CH0002234398: 256 trades downloaded
[2026-06-04 06:36:00] Processing: CH0002234372 (Rhätische Bahn RhB / Stamm)
[2026-06-04 06:36:01] ✓ CH0002234372: 212 trades downloaded
[2026-06-04 06:36:02] Processing: CH0001378626 (Rhiienergie AG, Tamins)
[2026-06-04 06:36:02] ✓ CH0001378626: 131 trades downloaded
[2026-06-04 06:36:03] Processing: CH0016290014 (Rigi Bahnen AG, Goldau)
[2026-06-04 06:36:03] ✓ CH0016290014: 2714 trades downloaded
[2026-06-04 06:36:04] Processing: CH0114457390 (Rottal Auto AG, Ruswil)
[2026-06-04 06:36:04] ✓ CH0114457390: 49 trades downloaded
[2026-06-04 06:36:05] Processing: CH0000975372 (Säntis-Schwebebahn AG, Schwägalp)
[2026-06-04 06:36:05] ✓ CH0000975372: 3155 trades downloaded
[2026-06-04 06:36:06] Processing: CH0002353487 (SB Elm AG N)
[2026-06-04 06:36:07] ✓ CH0002353487: 105 trades downloaded
[2026-06-04 06:36:08] Processing: CH0001394607 (SB im Mythengebiet, Schwyz)
[2026-06-04 06:36:08] ✓ CH0001394607: 51 trades downloaded
[2026-06-04 06:36:09] Processing: CH0002353693 (SB Pischa, Davos)
[2026-06-04 06:36:09] ✓ CH0002353693: 132 trades downloaded
[2026-06-04 06:36:10] Processing: CH0001352928 (SB Saanen Bank)
[2026-06-04 06:36:10] ✓ CH0001352928: 1359 trades downloaded
[2026-06-04 06:36:11] Processing: CH0341320114 (Schifffahrtsges. Hallwilersee)
[2026-06-04 06:36:11] ✓ CH0341320114: 125 trades downloaded
[2026-06-04 06:36:12] Processing: CH0002276266 (Schilthornbahn AG Mürren)
[2026-06-04 06:36:12] ✓ CH0002276266: 2840 trades downloaded
[2026-06-04 06:36:13] Processing: CH0002283601 (Schützen Rheinfelden Immobilien N)
[2026-06-04 06:36:14] ✓ CH0002283601: 273 trades downloaded
[2026-06-04 06:36:15] Processing: CH0006234014 (Schweizer Zucker AG)
[2026-06-04 06:36:15] ✓ CH0006234014: 2298 trades downloaded
[2026-06-04 06:36:16] Processing: CH0002291802 (Schweiz. Schifffahrtsges. Untersee und Rhein N)
[2026-06-04 06:36:16] ✓ CH0002291802: 136 trades downloaded
[2026-06-04 06:36:17] Processing: CH0031151084 (SeeBeteiligungs AG)
[2026-06-04 06:36:17] ✓ CH0031151084: 903 trades downloaded
[2026-06-04 06:36:18] Processing: CH0030693185 (Seilbahn Weissenstein AG)
[2026-06-04 06:36:18] ✓ CH0030693185: 1111 trades downloaded
[2026-06-04 06:36:19] Processing: CH0421720779 (SGV Holding N)
[2026-06-04 06:36:20] ✓ CH0421720779: 2485 trades downloaded
[2026-06-04 06:36:21] Processing: CH0547027570 (SIA-Haus Vz N)
[2026-06-04 06:36:21] ✓ CH0547027570: 160 trades downloaded
[2026-06-04 06:36:22] Processing: CH0009219186 (sitEX Properties Hldg N)
[2026-06-04 06:36:22] ✓ CH0009219186: 348 trades downloaded
[2026-06-04 06:36:23] Processing: CH0305002096 (Skilifte Brunni-Haggenegg N)
[2026-06-04 06:36:23] ✓ CH0305002096: 42 trades downloaded
[2026-06-04 06:36:24] Processing: CH0001350328 (Spar + Leihkasse Gürbetal N)
[2026-06-04 06:36:25] ✓ CH0001350328: 285 trades downloaded
[2026-06-04 06:36:26] Processing: CH0001352720 (Spar+Leihkasse Riggisberg)
[2026-06-04 06:36:26] ✓ CH0001352720: 501 trades downloaded
[2026-06-04 06:36:27] Processing: CH0318681860 (Spar- und Leihkasse Bucheggberg N)
[2026-06-04 06:36:27] ✓ CH0318681860: 914 trades downloaded
[2026-06-04 06:36:28] Processing: CH0001350112 (Spar- und Leihkasse Frutigen)
[2026-06-04 06:36:29] ✓ CH0001350112: 362 trades downloaded
[2026-06-04 06:36:30] Processing: CH0001354296 (Spar- und Leihkasse Wynigen)
[2026-06-04 06:36:30] ✓ CH0001354296: 106 trades downloaded
[2026-06-04 06:36:31] Processing: CH0320093559 (Sportbahnen Atzmaennig N)
[2026-06-04 06:36:31] ✓ CH0320093559: 72 trades downloaded
[2026-06-04 06:36:32] Processing: CH0002513312 (SSE Holding N)
[2026-06-04 06:36:32] ✓ CH0002513312: 3361 trades downloaded
[2026-06-04 06:36:33] Processing: CH0009319721 (Stadtcasino Baden AG, Baden)
[2026-06-04 06:36:33] ✓ CH0009319721: 2155 trades downloaded
[2026-06-04 06:36:34] Processing: CH0586685981 (Stanserhorn-Bahn N -10-)
[2026-06-04 06:36:35] ✓ CH0586685981: 24 trades downloaded
[2026-06-04 06:36:36] Processing: CH0586455245 (Stanserhorn-Bahn N -250-)
[2026-06-04 06:36:36] ✓ CH0586455245: 242 trades downloaded
[2026-06-04 06:36:37] Processing: CH0487871656 (STI Hldg N)
[2026-06-04 06:36:37] ✓ CH0487871656: 11 trades downloaded
[2026-06-04 06:36:38] Processing: CH0005701708 (Stoosbahnen N)
[2026-06-04 06:36:38] ✓ CH0005701708: 398 trades downloaded
[2026-06-04 06:36:39] Processing: CH0197490847 (Sunstar-Holding N -A-)
[2026-06-04 06:36:39] ✓ CH0197490847: 848 trades downloaded
[2026-06-04 06:36:40] Processing: CH0341319801 (Sursee-Triengen Bahn N)
[2026-06-04 06:36:40] ✓ CH0341319801: 18 trades downloaded
[2026-06-04 06:36:41] Processing: CH0001395539 (Suvretta-Haus, St. Moritz)
[2026-06-04 06:36:42] ✓ CH0001395539: 224 trades downloaded
[2026-06-04 06:36:43] Processing: CH0002512801 (Swisstulle AG)
[2026-06-04 06:36:43] ✓ CH0002512801: 154 trades downloaded
[2026-06-04 06:36:44] Processing: CH0121640970 (SWS Medien N)
[2026-06-04 06:36:44] ✓ CH0121640970: 133 trades downloaded
[2026-06-04 06:36:45] Processing: CH0002538012 (Tersa AG)
[2026-06-04 06:36:45] ✓ CH0002538012: 124 trades downloaded
[2026-06-04 06:36:46] Processing: CH0596918380 (Thermalbad Zurzach N)
[2026-06-04 06:36:46] ✓ CH0596918380: 639 trades downloaded
[2026-06-04 06:36:47] Processing: CH0223260743 (Toggenburg Bergbahnen N)
[2026-06-04 06:36:48] ✓ CH0223260743: 460 trades downloaded
[2026-06-04 06:36:49] Processing: CH0001725255 (Tonwerk Lausen N)
[2026-06-04 06:36:49] ✓ CH0001725255: 57 trades downloaded
[2026-06-04 06:36:50] Processing: CH0002557616 (Treib-Seelisberg-Bahn AG)
[2026-06-04 06:36:50] ✓ CH0002557616: 81 trades downloaded
[2026-06-04 06:36:51] Processing: CH0002569694 (Tuwag Immobilien AG, Wädenswil)
[2026-06-04 06:36:51] ✓ CH0002569694: 53 trades downloaded
[2026-06-04 06:36:52] Processing: CH0326691679 (Unione Farmaceutica Distr N)
[2026-06-04 06:36:52] ✓ CH0326691679: 24 trades downloaded
[2026-06-04 06:36:53] Processing: CH0326380885 (Unipharma N)
[2026-06-04 06:36:53] ✓ CH0326380885: 9 trades downloaded
[2026-06-04 06:36:54] Processing: CH0306293272 (Usines Metallurgiques de Vallorbe N)
[2026-06-04 06:36:55] ✓ CH0306293272: 65 trades downloaded
[2026-06-04 06:36:56] Processing: CH0033136596 (Viamala Raststätte Thusis AG)
[2026-06-04 06:36:56] ✓ CH0033136596: 2 trades downloaded
[2026-06-04 06:36:57] Processing: CH0029910939 (VOe holding N)
[2026-06-04 06:36:57] ✓ CH0029910939: 362 trades downloaded
[2026-06-04 06:36:58] Processing: CH0212936964 (Weiss+Appetito N)
[2026-06-04 06:36:58] ✓ CH0212936964: 1273 trades downloaded
[2026-06-04 06:36:59] Processing: CH0000041795 (Weisse Arena AG, Laax)
[2026-06-04 06:36:59] ✓ CH0000041795: 1418 trades downloaded
[2026-06-04 06:37:00] Processing: CH0004960180 (Weleda N-PS)
[2026-06-04 06:37:00] ✓ CH0004960180: 2650 trades downloaded
[2026-06-04 06:37:01] Processing: CH0010173182 (Welinvest AG in Liquidation)
[2026-06-04 06:37:02] ✓ CH0010173182: 1969 trades downloaded
[2026-06-04 06:37:03] Processing: CH1204218437 (WIR Bank BS N)
[2026-06-04 06:37:03] ✓ CH1204218437: 364 trades downloaded
[2026-06-04 06:37:04] Processing: CH1102090151 (WWZ N)
[2026-06-04 06:37:04] ✓ CH1102090151: 5215 trades downloaded
[2026-06-04 06:37:05] Processing: CH0002056114 (Zermatt Bergbahnen N)
[2026-06-04 06:37:05] ✓ CH0002056114: 582 trades downloaded
[2026-06-04 06:37:06] Processing: CH0002370903 (ZLB Zürcher Landbank)
[2026-06-04 06:37:07] ✓ CH0002370903: 253 trades downloaded
[2026-06-04 06:37:08] Processing: CH0002655501 (Zoologischer Garten, Basel)
[2026-06-04 06:37:08] ✓ CH0002655501: 88 trades downloaded
[2026-06-04 06:37:09] Processing: CH0002654934 (ZT Medien N)
[2026-06-04 06:37:09] ✓ CH0002654934: 191 trades downloaded
[2026-06-04 06:37:10] Processing: CH0148052118 (Zug Estates N Serie A)
[2026-06-04 06:37:10] ✓ CH0148052118: 230 trades downloaded
[2026-06-04 06:37:11] Processing: CH0001671707 (Zürcher Oberland Medien AG, Wetzikon)
[2026-06-04 06:37:11] ✓ CH0001671707: 515 trades downloaded
[2026-06-04 06:37:12] Processing: CH0002658448 (Zürichsee-Fähre Horgen-Meilen AG)
[2026-06-04 06:37:12] ✓ CH0002658448: 1030 trades downloaded
[2026-06-04 06:37:13] Processing: CH0553343069 (Zürichsee-Schifffahrtsgesellschaft)
[2026-06-04 06:37:14] ✓ CH0553343069: 436 trades downloaded
[2026-06-04 06:37:15] ========== SUMMARY ==========
[2026-06-04 06:37:15] Total ISINs processed: 242
[2026-06-04 06:37:15] Successful downloads: 242
[2026-06-04 06:37:15] Failed/Not Found: 0
[2026-06-04 06:37:15] CSV files created: 242
[2026-06-04 06:37:15] Time elapsed: 4m 49s
[2026-06-04 06:37:15] Log saved: /home/runner/work/OTC-X/OTC-X/backend/logs/downloader_2026-06-04_063220.log
[2026-06-04 06:37:15] ======================================================================
[2026-06-04 06:37:15] OTC-X Liquidity Metrics Engine - Starting
[2026-06-04 06:37:15] Timestamp: 2026-06-04 06:37:15
[2026-06-04 06:37:15] ======================================================================
[2026-06-04 06:37:15] [1/4] Loading input data...
[2026-06-04 06:37:15]       Trades: /home/runner/work/OTC-X/OTC-X/backend/data/master_trades.parquet
[2026-06-04 06:37:15]       -> 140,430 trades loaded (225 ISINs)
[2026-06-04 06:37:15]       Securities: /home/runner/work/OTC-X/OTC-X/backend/data/securities.csv
[2026-06-04 06:37:15]       -> 242 securities loaded (11 sectors)
[2026-06-04 06:37:15] [2/4] Computing liquidity metrics...
[2026-06-04 06:37:15]     Step 1/4: Daily aggregation...
[2026-06-04 06:37:15]              76,779 daily observations
[2026-06-04 06:37:15]     Step 2/4: Liquidity metrics...
[2026-06-04 06:37:15]     Step 3/4: Rolling baselines (30 trading days)...
[2026-06-04 06:37:15]     Step 4/4: Anomaly detection...
[2026-06-04 06:37:15] [3/4] Enriching with security metadata...
[2026-06-04 06:37:15]       [!] 1 ISINs have no metadata (Name/Sektor will be null)
[2026-06-04 06:37:15]       -> Final shape: (76779, 26)
[2026-06-04 06:37:15] [4/4] Saving output...
[2026-06-04 06:37:15]       -> Written to: /home/runner/work/OTC-X/OTC-X/backend/data/daily_metrics.parquet
[2026-06-04 06:37:15]       -> Size: 2.49 MB
[2026-06-04 06:37:15] ======================================================================
[2026-06-04 06:37:15] SUCCESS! Pipeline completed.
[2026-06-04 06:37:15] ======================================================================
[2026-06-04 06:37:15] Total rows:       76,779
[2026-06-04 06:37:15] Unique ISINs:     225
[2026-06-04 06:37:15] Unique Sectors:   11
[2026-06-04 06:37:15] Date range:       2004-02-16 to 2026-06-04
[2026-06-04 06:37:15] Elapsed time:     0.2 seconds
[2026-06-04 06:37:15] Output Schema:
[2026-06-04 06:37:15]   Isin                      String
[2026-06-04 06:37:15]   Name                      String
[2026-06-04 06:37:15]   Sektor                    String
[2026-06-04 06:37:15]   Datum                     Date
[2026-06-04 06:37:15]   trades_today              UInt32
[2026-06-04 06:37:15]   volume_today_units        Float64
[2026-06-04 06:37:15]   volume_today_chf          Float64
[2026-06-04 06:37:15]   price_min                 Float64
[2026-06-04 06:37:15]   price_max                 Float64
[2026-06-04 06:37:15]   price_first               Float64
[2026-06-04 06:37:15]   price_last                Float64
[2026-06-04 06:37:15]   price_change_pct          Float64
[2026-06-04 06:37:15]   log_returns               Float64
[2026-06-04 06:37:15]   volatility_daily          Float64
[2026-06-04 06:37:15]   amihud_daily              Float64
[2026-06-04 06:37:15]   spread_log_hl             Float64
[2026-06-04 06:37:15]   trade_duration_min        Float64
[2026-06-04 06:37:15]   off_book_pct              Float64
[2026-06-04 06:37:15]   trades_30d_median         Float64
[2026-06-04 06:37:15]   volume_30d_median         Float64
[2026-06-04 06:37:15]   volatility_30d_median     Float64
[2026-06-04 06:37:15]   amihud_30d_median         Float64
[2026-06-04 06:37:15]   volume_spike              Boolean
[2026-06-04 06:37:15]   activity_spike            Boolean
[2026-06-04 06:37:15]   price_gap                 Boolean
[2026-06-04 06:37:15]   anomaly_score             UInt8
[2026-06-04 06:37:15] High-anomaly observations (score >= 5): 14,528 total
[2026-06-04 06:37:15]   2026-06-04 | CH0002658448 | Score: 5 | Price Change: 0.13%
[2026-06-04 06:37:15]   2026-06-03 | CH0001430930 | Score: 5 | Price Change: 0.00%
[2026-06-04 06:37:15]   2026-06-03 | CH0001665147 | Score: 5 | Price Change: -1.84%
[2026-06-04 06:37:15]   2026-06-03 | CH0001992681 | Score: 5 | Price Change: -1.22%
[2026-06-04 06:37:15]   2026-06-03 | CH0002276266 | Score: 5 | Price Change: -4.76%
