[2026-09-21 10:19:01] OTC-X Trade Downloader started
[2026-09-21 10:19:01] Loaded 239 rows from /home/runner/work/OTC-X/OTC-X/backend/data/securities.csv
[2026-09-21 10:19:01] Processing: CH1559311092 (acrevis Bank N)
[2026-09-21 10:19:02] ✓ CH1559311092: 159 trades downloaded
[2026-09-21 10:19:03] Processing: CH0006668930 (ADEV Solarstrom AG, Liestal)
[2026-09-21 10:19:03] ✓ CH0006668930: 489 trades downloaded
[2026-09-21 10:19:04] Processing: CH0006524265 (ADEV Wasserkraftwerk AG, Liestal)
[2026-09-21 10:19:04] ✓ CH0006524265: 218 trades downloaded
[2026-09-21 10:19:05] Processing: CH0010497532 (ADEV Windkraft AG, Liestal)
[2026-09-21 10:19:05] ✓ CH0010497532: 156 trades downloaded
[2026-09-21 10:19:06] Processing: CH0034900248 (AG für Erstellung billiger Wohnhäuser in Winterthu)
[2026-09-21 10:19:06] ✓ CH0034900248: 119 trades downloaded
[2026-09-21 10:19:07] Processing: CH0001402418 (Agruna AG)
[2026-09-21 10:19:08] ✓ CH0001402418: 332 trades downloaded
[2026-09-21 10:19:09] Processing: CH0002599352 (Aletsch Bahnen N)
[2026-09-21 10:19:09] ✓ CH0002599352: 417 trades downloaded
[2026-09-21 10:19:10] Processing: CH0011322200 (Alpha Rheintal Bank, Heerbrugg)
[2026-09-21 10:19:10] ✓ CH0011322200: 1221 trades downloaded
[2026-09-21 10:19:11] Processing: CH0001418216 (Aluminium-Laufen AG Liesberg)
[2026-09-21 10:19:11] ✓ CH0001418216: 221 trades downloaded
[2026-09-21 10:19:12] Processing: CH0185254742 (Andermatt-Sedrun Sport AG)
[2026-09-21 10:19:12] ✓ CH0185254742: 450 trades downloaded
[2026-09-21 10:19:13] Processing: CH0026212446 (Appenzeller Bahnen)
[2026-09-21 10:19:13] ✓ CH0026212446: 250 trades downloaded
[2026-09-21 10:19:14] Processing: CH0001430930 (Arosa Bergbahnen AG, Arosa)
[2026-09-21 10:19:15] ✓ CH0001430930: 838 trades downloaded
[2026-09-21 10:19:16] Processing: CH0001457826 (Auto AG Schwyz, Schwyz)
[2026-09-21 10:19:16] ✓ CH0001457826: 96 trades downloaded
[2026-09-21 10:19:17] Processing: CH0029706766 (Auto AG Uri)
[2026-09-21 10:19:17] ✓ CH0029706766: 23 trades downloaded
[2026-09-21 10:19:18] Processing: CH0032018688 (Auto Hldg N)
[2026-09-21 10:19:18] ✓ CH0032018688: 1642 trades downloaded
[2026-09-21 10:19:19] Processing: CH0023777235 (aventron N)
[2026-09-21 10:19:19] ✓ CH0023777235: 652 trades downloaded
[2026-09-21 10:19:20] Processing: CH0003857031 (Bad Schinznach AG, Schinznach)
[2026-09-21 10:19:20] ✓ CH0003857031: 1063 trades downloaded
[2026-09-21 10:19:21] Processing: CH0001314852 (Bank in Zuzwil)
[2026-09-21 10:19:21] ✓ CH0001314852: 47 trades downloaded
[2026-09-21 10:19:22] Processing: CH0039074692 (Bank Leerau)
[2026-09-21 10:19:23] ✓ CH0039074692: 150 trades downloaded
[2026-09-21 10:19:24] Processing: CH0013792848 (Bank Oberaargau N)
[2026-09-21 10:19:24] ✓ CH0013792848: 543 trades downloaded
[2026-09-21 10:19:25] Processing: CH0001351862 (Bank SLM N)
[2026-09-21 10:19:25] ✓ CH0001351862: 484 trades downloaded
[2026-09-21 10:19:26] Processing: CH0049588129 (Bank von Roll AG)
[2026-09-21 10:19:26] ✓ CH0049588129: 252 trades downloaded
[2026-09-21 10:19:27] Processing: CH0303601253 (BB Adelboden N)
[2026-09-21 10:19:27] ✓ CH0303601253: 346 trades downloaded
[2026-09-21 10:19:28] Processing: CH0574732894 (BB Lauterbrunnen-Muerren N)
[2026-09-21 10:19:28] ✓ CH0574732894: 16 trades downloaded
[2026-09-21 10:19:29] Processing: CH0010756531 (BBO Bank Brienz-Oberhasli)
[2026-09-21 10:19:30] ✓ CH0010756531: 407 trades downloaded
[2026-09-21 10:19:31] Processing: CH0001507406 (BB Piz Mundaun AG)
[2026-09-21 10:19:31] ✓ CH0001507406: 107 trades downloaded
[2026-09-21 10:19:32] Processing: CH0002353867 (BB Soerenberg AG)
[2026-09-21 10:19:32] ✓ CH0002353867: 240 trades downloaded
[2026-09-21 10:19:33] Processing: CH0010726963 (Beau-Rivage Palace SA, Lausanne-Ouchy)
[2026-09-21 10:19:33] ✓ CH0010726963: 812 trades downloaded
[2026-09-21 10:19:34] Processing: CH0024700483 (Belalp-Bahnen, Naters)
[2026-09-21 10:19:34] ✓ CH0024700483: 29 trades downloaded
[2026-09-21 10:19:35] Processing: CH0187392300 (Bellwald Sportbahnen N)
[2026-09-21 10:19:35] ✓ CH0187392300: 10 trades downloaded
[2026-09-21 10:19:36] Processing: CH0002332093 (Bergbahnen Brigels N)
[2026-09-21 10:19:36] ✓ CH0002332093: 148 trades downloaded
[2026-09-21 10:19:37] Processing: CH0018384120 (Bergbahnen Destination Gstaad N)
[2026-09-21 10:19:38] ✓ CH0018384120: 435 trades downloaded
[2026-09-21 10:19:39] Processing: CH0292081723 (Bergbahnen Disentis N)
[2026-09-21 10:19:39] ✓ CH0292081723: 96 trades downloaded
[2026-09-21 10:19:40] Processing: CH0580517032 (Bergbahnen Hohsaas N)
[2026-09-21 10:19:40] ✓ CH0580517032: 0 trades downloaded
[2026-09-21 10:19:41] Processing: CH0036505888 (Bergbahnen Meiringen-Hasliberg N)
[2026-09-21 10:19:41] ✓ CH0036505888: 465 trades downloaded
[2026-09-21 10:19:42] Processing: CH0342666572 (Bergbahnen Scuol N)
[2026-09-21 10:19:42] ✓ CH0342666572: 250 trades downloaded
[2026-09-21 10:19:43] Processing: CH0016568880 (Bergbahnen Splügen-Tambo N)
[2026-09-21 10:19:43] ✓ CH0016568880: 47 trades downloaded
[2026-09-21 10:19:44] Processing: CH0045885032 (Bergbahnen Wildhaus AG)
[2026-09-21 10:19:44] ✓ CH0045885032: 91 trades downloaded
[2026-09-21 10:19:45] Processing: CH0014874918 (Bernerland Bank, Sumiswald)
[2026-09-21 10:19:45] ✓ CH0014874918: 910 trades downloaded
[2026-09-21 10:19:46] Processing: CH0322776573 (Berner Oberland-Bahnen N)
[2026-09-21 10:19:47] ✓ CH0322776573: 253 trades downloaded
[2026-09-21 10:19:48] Processing: CH0011100341 (BERNEXPO N)
[2026-09-21 10:19:48] ✓ CH0011100341: 2265 trades downloaded
[2026-09-21 10:19:49] Processing: CH0018043619 (Biene-Bank im Rheintal)
[2026-09-21 10:19:49] ✓ CH0018043619: 378 trades downloaded
[2026-09-21 10:19:50] Processing: CH0025889160 (BLS N)
[2026-09-21 10:19:50] ✓ CH0025889160: 1463 trades downloaded
[2026-09-21 10:19:51] Processing: CH0012684657 (Bobst Group N)
[2026-09-21 10:19:51] ✓ CH0012684657: 3417 trades downloaded
[2026-09-21 10:19:52] Processing: CH0545753953 (Bondpartners N)
[2026-09-21 10:19:52] ✓ CH0545753953: 169 trades downloaded
[2026-09-21 10:19:53] Processing: CH0001542635 (Brauerei Schützengarten AG N)
[2026-09-21 10:19:53] ✓ CH0001542635: 165 trades downloaded
[2026-09-21 10:19:54] Processing: CH0001542643 (Brauerei Schützengarten AG PS)
[2026-09-21 10:19:54] ✓ CH0001542643: 645 trades downloaded
[2026-09-21 10:19:55] Processing: CH0002052501 (Brunni-Bahnen N)
[2026-09-21 10:19:56] ✓ CH0002052501: 593 trades downloaded
[2026-09-21 10:19:57] Processing: CH0009438109 (BS Bank, Schaffhausen)
[2026-09-21 10:19:57] ✓ CH0009438109: 514 trades downloaded
[2026-09-21 10:19:58] Processing: CH0002657978 (Bystronic -B- N)
[2026-09-21 10:19:58] ✓ CH0002657978: 440 trades downloaded
[2026-09-21 10:19:59] Processing: CH0001570057 (Caran d`Ache, Genève, Serie B)
[2026-09-21 10:19:59] ✓ CH0001570057: 91 trades downloaded
[2026-09-21 10:20:00] Processing: CH0102022560 (CasaInvest N)
[2026-09-21 10:20:00] ✓ CH0102022560: 886 trades downloaded
[2026-09-21 10:20:01] Processing: CH1127803547 (Casale Holding Rg)
[2026-09-21 10:20:01] ✓ CH1127803547: 14 trades downloaded
[2026-09-21 10:20:02] Processing: CH0004959505 (Casino de Montreux SA Nom 100)
[2026-09-21 10:20:02] ✓ CH0004959505: 452 trades downloaded
[2026-09-21 10:20:03] Processing: CH0004959471 (Casino de Montreux SA Nom 50)
[2026-09-21 10:20:04] ✓ CH0004959471: 34 trades downloaded
[2026-09-21 10:20:05] Processing: CH0324791133 (Chemholding N)
[2026-09-21 10:20:05] ✓ CH0324791133: 4 trades downloaded
[2026-09-21 10:20:06] Processing: CH0020603475 (CKW N)
[2026-09-21 10:20:06] ✓ CH0020603475: 1546 trades downloaded
[2026-09-21 10:20:07] Processing: CH0010583448 (Clientis Bank Aareland N)
[2026-09-21 10:20:07] ✓ CH0010583448: 270 trades downloaded
[2026-09-21 10:20:08] Processing: CH0001336319 (Clientis Bank Oberuzwil AG)
[2026-09-21 10:20:08] ✓ CH0001336319: 78 trades downloaded
[2026-09-21 10:20:09] Processing: CH0010621925 (Clientis Bank Toggenburg)
[2026-09-21 10:20:09] ✓ CH0010621925: 214 trades downloaded
[2026-09-21 10:20:10] Processing: CH0001357000 (Clientis Sparkasse Oftringen)
[2026-09-21 10:20:10] ✓ CH0001357000: 192 trades downloaded
[2026-09-21 10:20:11] Processing: CH0001579363 (CMSA Holding N)
[2026-09-21 10:20:12] ✓ CH0001579363: 1398 trades downloaded
[2026-09-21 10:20:13] Processing: CH0032462910 (Corvatsch AG Nom 3, Silvaplana)
[2026-09-21 10:20:13] ✓ CH0032462910: 539 trades downloaded
[2026-09-21 10:20:14] Processing: CH1100211528 (Crédit Mutuel de la Vallée N)
[2026-09-21 10:20:14] ✓ CH1100211528: 35 trades downloaded
[2026-09-21 10:20:15] Processing: CH0019556908 (Cresta Palace Celerina N)
[2026-09-21 10:20:15] ✓ CH0019556908: 231 trades downloaded
[2026-09-21 10:20:16] Processing: CH0433137400 (Davos Klosters Bergbahnen N)
[2026-09-21 10:20:16] ✓ CH0433137400: 576 trades downloaded
[2026-09-21 10:20:17] Processing: CH0109916244 (Diavolezza Lagalb N)
[2026-09-21 10:20:17] ✓ CH0109916244: 57 trades downloaded
[2026-09-21 10:20:18] Processing: CH0001665147 (Dolder Hotel AG, Zürich)
[2026-09-21 10:20:18] ✓ CH0001665147: 591 trades downloaded
[2026-09-21 10:20:19] Processing: CH0578688241 (Drahtseilbahn Marzili N)
[2026-09-21 10:20:19] ✓ CH0578688241: 10 trades downloaded
[2026-09-21 10:20:20] Processing: CH0001669255 (Drahtseilbahn Marzili-Stadt Bern N)
[2026-09-21 10:20:21] ✓ CH0001669255: 39 trades downloaded
[2026-09-21 10:20:22] Processing: CH0001777876 (ebs Erdgas + Biogas)
[2026-09-21 10:20:22] ✓ CH0001777876: 48 trades downloaded
[2026-09-21 10:20:23] Processing: CH1159308571 (EcoRenova N)
[2026-09-21 10:20:23] ✓ CH1159308571: 5 trades downloaded
[2026-09-21 10:20:24] Processing: CH0102699540 (Energ Elec du Simplon E.E.S.)
[2026-09-21 10:20:24] ✓ CH0102699540: 97 trades downloaded
[2026-09-21 10:20:25] Processing: CH0014386996 (Energie Zürichsee Linth N)
[2026-09-21 10:20:25] ✓ CH0014386996: 875 trades downloaded
[2026-09-21 10:20:26] Processing: CH0031926105 (Engadin Mountains AG)
[2026-09-21 10:20:26] ✓ CH0031926105: 699 trades downloaded
[2026-09-21 10:20:27] Processing: CH0129442221 (Eniwa Holding AG)
[2026-09-21 10:20:27] ✓ CH0129442221: 873 trades downloaded
[2026-09-21 10:20:28] Processing: CH0001337200 (Ersparniskasse Affoltern)
[2026-09-21 10:20:29] ✓ CH0001337200: 234 trades downloaded
[2026-09-21 10:20:30] Processing: CH0001704680 (Eskimo Textil AG, Turbenthal)
[2026-09-21 10:20:30] ✓ CH0001704680: 35 trades downloaded
[2026-09-21 10:20:31] Processing: CH0002557400 (Espace Real Estate Hldg N)
[2026-09-21 10:20:31] ✓ CH0002557400: 3342 trades downloaded
[2026-09-21 10:20:32] Processing: CH0001239398 (EW Brig-Naters EWBN)
[2026-09-21 10:20:32] ✓ CH0001239398: 154 trades downloaded
[2026-09-21 10:20:33] Processing: CH0001690533 (EW Jona-Rapperswil, Jona)
[2026-09-21 10:20:33] ✓ CH0001690533: 1590 trades downloaded
[2026-09-21 10:20:34] Processing: CH0001691614 (EW Uznach AG)
[2026-09-21 10:20:34] ✓ CH0001691614: 235 trades downloaded
[2026-09-21 10:20:35] Processing: CH0001413704 (Flughafen Bern AG N)
[2026-09-21 10:20:35] ✓ CH0001413704: 549 trades downloaded
[2026-09-21 10:20:36] Processing: CH1106247997 (Funi Locarno-Madonna N)
[2026-09-21 10:20:37] ✓ CH1106247997: 14 trades downloaded
[2026-09-21 10:20:38] Processing: CH1104949586 (Funi Lugano-Paradiso N)
[2026-09-21 10:20:38] ✓ CH1104949586: 20 trades downloaded
[2026-09-21 10:20:39] Processing: CH0001602009 (Generale Beaulieu Holding SA)
[2026-09-21 10:20:39] ✓ CH0001602009: 221 trades downloaded
[2026-09-21 10:20:40] Processing: CH1405847034 (Geoterra Holding Rg)
[2026-09-21 10:20:40] ✓ CH1405847034: 493 trades downloaded
[2026-09-21 10:20:41] Processing: CH0006980079 (Gondelbahn Grindelwald N)
[2026-09-21 10:20:41] ✓ CH0006980079: 572 trades downloaded
[2026-09-21 10:20:42] Processing: CH0375446173 (Gondrand Hldg Vz N)
[2026-09-21 10:20:42] ✓ CH0375446173: 84 trades downloaded
[2026-09-21 10:20:43] Processing: CH0002221338 (Gotthard Raststätte A2 Uri AG)
[2026-09-21 10:20:44] ✓ CH0002221338: 1094 trades downloaded
[2026-09-21 10:20:45] Processing: CH0002541586 (Grand Resort Bad Ragaz, Bad Ragaz)
[2026-09-21 10:20:45] ✓ CH0002541586: 1222 trades downloaded
[2026-09-21 10:20:46] Processing: CH0006532565 (Griesser Holding AG, Aadorf)
[2026-09-21 10:20:46] ✓ CH0006532565: 1369 trades downloaded
[2026-09-21 10:20:47] Processing: CH0016523125 (Griston Holding AG)
[2026-09-21 10:20:47] ✓ CH0016523125: 478 trades downloaded
[2026-09-21 10:20:48] Processing: CH0005051021 (Gurtenbahn AG N)
[2026-09-21 10:20:48] ✓ CH0005051021: 121 trades downloaded
[2026-09-21 10:20:49] Processing: CH0023124214 (HBB Holding AG)
[2026-09-21 10:20:49] ✓ CH0023124214: 445 trades downloaded
[2026-09-21 10:20:50] Processing: CH0001865523 (Heim im Bergli AG, Luzern)
[2026-09-21 10:20:50] ✓ CH0001865523: 60 trades downloaded
[2026-09-21 10:20:51] Processing: CH0304280636 (Helvetic Star Holding)
[2026-09-21 10:20:52] ✓ CH0304280636: 70 trades downloaded
[2026-09-21 10:20:53] Processing: CH0000648680 (Hochalpines Institut Ftan AG)
[2026-09-21 10:20:53] ✓ CH0000648680: 141 trades downloaded
[2026-09-21 10:20:54] Processing: CH0016016849 (Hoch-Ybrig N)
[2026-09-21 10:20:54] ✓ CH0016016849: 709 trades downloaded
[2026-09-21 10:20:55] Processing: CH0001992681 (Hof Weissbad AG)
[2026-09-21 10:20:55] ✓ CH0001992681: 1490 trades downloaded
[2026-09-21 10:20:56] Processing: CH0010923875 (Hoher Kasten Drehrestaurant und Seilbahn AG)
[2026-09-21 10:20:57] ✓ CH0010923875: 685 trades downloaded
[2026-09-21 10:20:58] Processing: CH0020502743 (Holdinova N)
[2026-09-21 10:20:58] ✓ CH0020502743: 5216 trades downloaded
[2026-09-21 10:20:59] Processing: CH0001906848 (Imbrex Hldg N)
[2026-09-21 10:20:59] ✓ CH0001906848: 344 trades downloaded
[2026-09-21 10:21:00] Processing: CH0001910089 (Immges Viamala, Thusis)
[2026-09-21 10:21:01] ✓ CH0001910089: 87 trades downloaded
[2026-09-21 10:21:02] Processing: CH0324793667 (Immobiliare Pharmapark N)
[2026-09-21 10:21:02] ✓ CH0324793667: 63 trades downloaded
[2026-09-21 10:21:03] Processing: CH0001344685 (KB Nidwalden PS)
[2026-09-21 10:21:03] ✓ CH0001344685: 123 trades downloaded
[2026-09-21 10:21:04] Processing: CH0263939958 (Klosters-Madrisa N)
[2026-09-21 10:21:04] ✓ CH0263939958: 177 trades downloaded
[2026-09-21 10:21:05] Processing: CH0001514501 (Kongresshaus Zürich AG, Zürich)
[2026-09-21 10:21:05] ✓ CH0001514501: 836 trades downloaded
[2026-09-21 10:21:06] Processing: CH0115029545 (Konkordia AG N)
[2026-09-21 10:21:06] ✓ CH0115029545: 245 trades downloaded
[2026-09-21 10:21:07] Processing: CH0002052915 (Kronberg N)
[2026-09-21 10:21:07] ✓ CH0002052915: 236 trades downloaded
[2026-09-21 10:21:08] Processing: CH0001574604 (Kursaal-Casino AG, Luzern GS)
[2026-09-21 10:21:08] ✓ CH0001574604: 217 trades downloaded
[2026-09-21 10:21:09] Processing: CH0001574596 (Kursaal-Casino AG, Luzern N)
[2026-09-21 10:21:10] ✓ CH0001574596: 1825 trades downloaded
[2026-09-21 10:21:11] Processing: CH0001989513 (Kursaal Interlaken N)
[2026-09-21 10:21:11] ✓ CH0001989513: 684 trades downloaded
[2026-09-21 10:21:12] Processing: CH0304449611 (Lagerhäuser der Centralschweiz N)
[2026-09-21 10:21:12] ✓ CH0304449611: 234 trades downloaded
[2026-09-21 10:21:13] Processing: CH0002400585 (Landwirtschaft ZRA, Aarberg)
[2026-09-21 10:21:13] ✓ CH0002400585: 238 trades downloaded
[2026-09-21 10:21:14] Processing: CH0001343885 (Leihkasse Stammheim)
[2026-09-21 10:21:14] ✓ CH0001343885: 121 trades downloaded
[2026-09-21 10:21:15] Processing: CH0001788345 (Lenk Bergbahnen, Lenk)
[2026-09-21 10:21:15] ✓ CH0001788345: 203 trades downloaded
[2026-09-21 10:21:16] Processing: CH0023497271 (Lenzerheide Bergbahnen)
[2026-09-21 10:21:16] ✓ CH0023497271: 1238 trades downloaded
[2026-09-21 10:21:17] Processing: CH0001318374 (Lienhardt & Partner Privatbank Zürich AG, Zürich)
[2026-09-21 10:21:18] ✓ CH0001318374: 496 trades downloaded
[2026-09-21 10:21:19] Processing: CH0002045471 (Loeb Holding N -B-)
[2026-09-21 10:21:19] ✓ CH0002045471: 253 trades downloaded
[2026-09-21 10:21:20] Processing: CH0002045497 (Loeb Holding PS)
[2026-09-21 10:21:20] ✓ CH0002045497: 2693 trades downloaded
[2026-09-21 10:21:21] Processing: CH0105175175 (Lorze AG)
[2026-09-21 10:21:21] ✓ CH0105175175: 292 trades downloaded
[2026-09-21 10:21:22] Processing: CH0001542601 (Löwengarten AG)
[2026-09-21 10:21:22] ✓ CH0001542601: 22 trades downloaded
[2026-09-21 10:21:23] Processing: CH0563381901 (LSB Dallenwil-Wirzweli N)
[2026-09-21 10:21:24] ✓ CH0563381901: 6 trades downloaded
[2026-09-21 10:21:25] Processing: CH0002052782 (LSB Grindelwald-Pfingstegg AG)
[2026-09-21 10:21:25] ✓ CH0002052782: 163 trades downloaded
[2026-09-21 10:21:26] Processing: CH0002055819 (LSB Wasserauen-Ebenalp AG)
[2026-09-21 10:21:26] ✓ CH0002055819: 87 trades downloaded
[2026-09-21 10:21:27] Processing: CH0002056031 (LSB Wengen-Männlichen AG)
[2026-09-21 10:21:27] ✓ CH0002056031: 358 trades downloaded
[2026-09-21 10:21:28] Processing: CH0002056957 (Lurag AG, Neuenkirch)
[2026-09-21 10:21:28] ✓ CH0002056957: 791 trades downloaded
[2026-09-21 10:21:29] Processing: CH0002057070 (Lyceum Alpinum Zuoz AG)
[2026-09-21 10:21:30] ✓ CH0002057070: 143 trades downloaded
[2026-09-21 10:21:31] Processing: CH0198963503 (Magazzini Generali N)
[2026-09-21 10:21:31] ✓ CH0198963503: 22 trades downloaded
[2026-09-21 10:21:32] Processing: CH0016376714 (Matterhorn Gotthard Verkehr AG)
[2026-09-21 10:21:32] ✓ CH0016376714: 110 trades downloaded
[2026-09-21 10:21:33] Processing: CH0014069212 (Menzi Muck Gruppe N)
[2026-09-21 10:21:33] ✓ CH0014069212: 1347 trades downloaded
[2026-09-21 10:21:34] Processing: CH0002092622 (Metall Zug AG Serie A)
[2026-09-21 10:21:34] ✓ CH0002092622: 584 trades downloaded
[2026-09-21 10:21:35] Processing: CH0107020692 (Montana Tech N)
[2026-09-21 10:21:35] ✓ CH0107020692: 1695 trades downloaded
[2026-09-21 10:21:36] Processing: CH0003798599 (Montreux-Berner Oberland Bahn)
[2026-09-21 10:21:36] ✓ CH0003798599: 473 trades downloaded
[2026-09-21 10:21:37] Processing: CH0126517975 (Neue Zürcher Zeitung, Zürich)
[2026-09-21 10:21:38] ✓ CH0126517975: 3942 trades downloaded
[2026-09-21 10:21:39] Processing: CH0187475709 (Nexus Gr Hold N)
[2026-09-21 10:21:39] ✓ CH0187475709: 166 trades downloaded
[2026-09-21 10:21:40] Processing: CH0572824867 (Niederhornbahn N)
[2026-09-21 10:21:40] ✓ CH0572824867: 69 trades downloaded
[2026-09-21 10:21:41] Processing: CH1104984104 (Niesenbahn N)
[2026-09-21 10:21:41] ✓ CH1104984104: 171 trades downloaded
[2026-09-21 10:21:42] Processing: CH0013592248 (NORINVEST HLDG N)
[2026-09-21 10:21:42] ✓ CH0013592248: 163 trades downloaded
[2026-09-21 10:21:43] Processing: CH0002160460 (Opernhaus Zürich N 300)
[2026-09-21 10:21:43] ✓ CH0002160460: 29 trades downloaded
[2026-09-21 10:21:44] Processing: CH0002160478 (Opernhaus Zürich N 900)
[2026-09-21 10:21:44] ✓ CH0002160478: 370 trades downloaded
[2026-09-21 10:21:45] Processing: CH0017915742 (OTC-X All Share)
[2026-09-21 10:21:46] ✓ CH0017915742: 0 trades downloaded
[2026-09-21 10:21:47] Processing: CH0017915718 (OTC-X Banken)
[2026-09-21 10:21:47] ✓ CH0017915718: 0 trades downloaded
[2026-09-21 10:21:48] Processing: CH0039576753 (OTC-X Bergbahnen)
[2026-09-21 10:21:48] ✓ CH0039576753: 0 trades downloaded
[2026-09-21 10:21:49] Processing: CH0039576787 (OTC-X Beteiligungsgesellschaften)
[2026-09-21 10:21:49] ✓ CH0039576787: 0 trades downloaded
[2026-09-21 10:21:50] Processing: CH0017915692 (OTC-X Energie)
[2026-09-21 10:21:50] ✓ CH0017915692: 0 trades downloaded
[2026-09-21 10:21:51] Processing: CH0039576837 (OTC-X Immobilien)
[2026-09-21 10:21:51] ✓ CH0039576837: 0 trades downloaded
[2026-09-21 10:21:52] Processing: CH0017915684 (OTC-X Industrie)
[2026-09-21 10:21:52] ✓ CH0017915684: 0 trades downloaded
[2026-09-21 10:21:53] Processing: CH0039576860 (OTC-X Liquidity)
[2026-09-21 10:21:54] ✓ CH0039576860: 0 trades downloaded
[2026-09-21 10:21:55] Processing: CH0017915668 (OTC-X Medien)
[2026-09-21 10:21:55] ✓ CH0017915668: 0 trades downloaded
[2026-09-21 10:21:56] Processing: CH0039576852 (OTC-X Nahrung und Getraenke)
[2026-09-21 10:21:56] ✓ CH0039576852: 0 trades downloaded
[2026-09-21 10:21:57] Processing: CH0213109793 (OTC-X Premium)
[2026-09-21 10:21:57] ✓ CH0213109793: 0 trades downloaded
[2026-09-21 10:21:58] Processing: CH0017915726 (OTC-X TOP50)
[2026-09-21 10:21:58] ✓ CH0017915726: 0 trades downloaded
[2026-09-21 10:21:59] Processing: CH0017915643 (OTC-X Tourismus/Freizeit/Sonstiges)
[2026-09-21 10:21:59] ✓ CH0017915643: 0 trades downloaded
[2026-09-21 10:22:00] Processing: CH0017915635 (OTC-X Transport/Verkehr/Logistik)
[2026-09-21 10:22:00] ✓ CH0017915635: 0 trades downloaded
[2026-09-21 10:22:01] Processing: CH1582436247 (Outdoor Switzerland N)
[2026-09-21 10:22:02] ✓ CH1582436247: 12 trades downloaded
[2026-09-21 10:22:03] Processing: CH0002174743 (Parking des Alpes N)
[2026-09-21 10:22:03] ✓ CH0002174743: 9 trades downloaded
[2026-09-21 10:22:04] Processing: CH0016049881 (Patiswiss AG)
[2026-09-21 10:22:04] ✓ CH0016049881: 1016 trades downloaded
[2026-09-21 10:22:05] Processing: CH1350861261 (Perlen Industrieholding N)
[2026-09-21 10:22:05] ✓ CH1350861261: 1632 trades downloaded
[2026-09-21 10:22:06] Processing: CH0009005973 (Pilatus-Bahnen AG, Kriens)
[2026-09-21 10:22:06] ✓ CH0009005973: 1872 trades downloaded
[2026-09-21 10:22:07] Processing: CH0012457633 (Plaston Holding AG)
[2026-09-21 10:22:07] ✓ CH0012457633: 1428 trades downloaded
[2026-09-21 10:22:08] Processing: CH0284143929 (PLAZZA-B-N)
[2026-09-21 10:22:08] ✓ CH0284143929: 113 trades downloaded
[2026-09-21 10:22:09] Processing: CH0286266488 (Ports Francs et Entrepôts de Genève)
[2026-09-21 10:22:09] ✓ CH0286266488: 0 trades downloaded
[2026-09-21 10:22:10] Processing: CH0122303669 (Prayon Switzerland N)
[2026-09-21 10:22:11] ✓ CH0122303669: 22 trades downloaded
[2026-09-21 10:22:12] Processing: CH0013283368 (Precious Woods Hldg N)
[2026-09-21 10:22:12] ✓ CH0013283368: 588 trades downloaded
[2026-09-21 10:22:13] Processing: CH0002218664 (Railtour Suisse SA Nom 100)
[2026-09-21 10:22:13] ✓ CH0002218664: 0 trades downloaded
[2026-09-21 10:22:14] Processing: CH0002218698 (Railtour Suisse SA Nom 500)
[2026-09-21 10:22:14] ✓ CH0002218698: 0 trades downloaded
[2026-09-21 10:22:15] Processing: CH0030333360 (Rapid Holding N)
[2026-09-21 10:22:15] ✓ CH0030333360: 1491 trades downloaded
[2026-09-21 10:22:16] Processing: CH0027315818 (Raststätte Rheintal AG, Sevelen)
[2026-09-21 10:22:16] ✓ CH0027315818: 216 trades downloaded
[2026-09-21 10:22:17] Processing: CH0002221304 (Raststätte Thurau, St. Gallen)
[2026-09-21 10:22:17] ✓ CH0002221304: 195 trades downloaded
[2026-09-21 10:22:18] Processing: CH0018525532 (Raststätte Walensee AG)
[2026-09-21 10:22:19] ✓ CH0018525532: 99 trades downloaded
[2026-09-21 10:22:20] Processing: CH1387788180 (Raurica Wald N-B)
[2026-09-21 10:22:20] ✓ CH1387788180: 19 trades downloaded
[2026-09-21 10:22:21] Processing: CH1112956201 (Regiobank Solothurn N)
[2026-09-21 10:22:21] ✓ CH1112956201: 3364 trades downloaded
[2026-09-21 10:22:22] Processing: CH0002227095 (Reishauer N)
[2026-09-21 10:22:22] ✓ CH0002227095: 1174 trades downloaded
[2026-09-21 10:22:23] Processing: CH0199383602 (Remontées Mécaniques de Grimentz)
[2026-09-21 10:22:23] ✓ CH0199383602: 11 trades downloaded
[2026-09-21 10:22:24] Processing: CH0320096990 (Repower N)
[2026-09-21 10:22:25] ✓ CH0320096990: 5157 trades downloaded
[2026-09-21 10:22:26] Processing: CH0002234398 (Rhätische Bahn RhB / Prior)
[2026-09-21 10:22:26] ✓ CH0002234398: 264 trades downloaded
[2026-09-21 10:22:27] Processing: CH0002234372 (Rhätische Bahn RhB / Stamm)
[2026-09-21 10:22:27] ✓ CH0002234372: 222 trades downloaded
[2026-09-21 10:22:28] Processing: CH0001378626 (Rhiienergie AG, Tamins)
[2026-09-21 10:22:28] ✓ CH0001378626: 135 trades downloaded
[2026-09-21 10:22:29] Processing: CH0016290014 (Rigi Bahnen AG, Goldau)
[2026-09-21 10:22:29] ✓ CH0016290014: 2859 trades downloaded
[2026-09-21 10:22:30] Processing: CH0114457390 (Rottal Auto AG, Ruswil)
[2026-09-21 10:22:30] ✓ CH0114457390: 49 trades downloaded
[2026-09-21 10:22:31] Processing: CH0000975372 (Säntis-Schwebebahn AG, Schwägalp)
[2026-09-21 10:22:31] ✓ CH0000975372: 3247 trades downloaded
[2026-09-21 10:22:32] Processing: CH0002353487 (SB Elm AG N)
[2026-09-21 10:22:33] ✓ CH0002353487: 108 trades downloaded
[2026-09-21 10:22:34] Processing: CH0001394607 (SB im Mythengebiet, Schwyz)
[2026-09-21 10:22:34] ✓ CH0001394607: 55 trades downloaded
[2026-09-21 10:22:35] Processing: CH0002353693 (SB Pischa, Davos)
[2026-09-21 10:22:35] ✓ CH0002353693: 135 trades downloaded
[2026-09-21 10:22:36] Processing: CH0001352928 (SB Saanen Bank)
[2026-09-21 10:22:36] ✓ CH0001352928: 1397 trades downloaded
[2026-09-21 10:22:37] Processing: CH0341320114 (Schifffahrtsges. Hallwilersee)
[2026-09-21 10:22:37] ✓ CH0341320114: 127 trades downloaded
[2026-09-21 10:22:38] Processing: CH0002276266 (Schilthornbahn AG Mürren)
[2026-09-21 10:22:38] ✓ CH0002276266: 2973 trades downloaded
[2026-09-21 10:22:39] Processing: CH0002283601 (Schützen Rheinfelden Immobilien N)
[2026-09-21 10:22:40] ✓ CH0002283601: 291 trades downloaded
[2026-09-21 10:22:41] Processing: CH0006234014 (Schweizer Zucker AG)
[2026-09-21 10:22:41] ✓ CH0006234014: 2358 trades downloaded
[2026-09-21 10:22:42] Processing: CH0002291802 (Schweiz. Schifffahrtsges. Untersee und Rhein N)
[2026-09-21 10:22:42] ✓ CH0002291802: 137 trades downloaded
[2026-09-21 10:22:43] Processing: CH0031151084 (SeeBeteiligungs AG)
[2026-09-21 10:22:43] ✓ CH0031151084: 1029 trades downloaded
[2026-09-21 10:22:44] Processing: CH0030693185 (Seilbahn Weissenstein AG)
[2026-09-21 10:22:44] ✓ CH0030693185: 1136 trades downloaded
[2026-09-21 10:22:45] Processing: CH0421720779 (SGV Holding N)
[2026-09-21 10:22:46] ✓ CH0421720779: 2635 trades downloaded
[2026-09-21 10:22:47] Processing: CH0547027570 (SIA-Haus Vz N)
[2026-09-21 10:22:47] ✓ CH0547027570: 165 trades downloaded
[2026-09-21 10:22:48] Processing: CH0009219186 (sitEX Properties Hldg N)
[2026-09-21 10:22:48] ✓ CH0009219186: 348 trades downloaded
[2026-09-21 10:22:49] Processing: CH0305002096 (Skilifte Brunni-Haggenegg N)
[2026-09-21 10:22:49] ✓ CH0305002096: 44 trades downloaded
[2026-09-21 10:22:50] Processing: CH0001350328 (Spar + Leihkasse Gürbetal N)
[2026-09-21 10:22:50] ✓ CH0001350328: 291 trades downloaded
[2026-09-21 10:22:51] Processing: CH0001352720 (Spar+Leihkasse Riggisberg)
[2026-09-21 10:22:51] ✓ CH0001352720: 506 trades downloaded
[2026-09-21 10:22:52] Processing: CH0318681860 (Spar- und Leihkasse Bucheggberg N)
[2026-09-21 10:22:53] ✓ CH0318681860: 931 trades downloaded
[2026-09-21 10:22:54] Processing: CH0001350112 (Spar- und Leihkasse Frutigen)
[2026-09-21 10:22:55] ✓ CH0001350112: 367 trades downloaded
[2026-09-21 10:22:56] Processing: CH0001354296 (Spar- und Leihkasse Wynigen)
[2026-09-21 10:22:56] ✓ CH0001354296: 108 trades downloaded
[2026-09-21 10:22:57] Processing: CH0320093559 (Sportbahnen Atzmaennig N)
[2026-09-21 10:22:57] ✓ CH0320093559: 76 trades downloaded
[2026-09-21 10:22:58] Processing: CH0002513312 (SSE Holding N)
[2026-09-21 10:22:58] ✓ CH0002513312: 3450 trades downloaded
[2026-09-21 10:22:59] Processing: CH0009319721 (Stadtcasino Baden AG, Baden)
[2026-09-21 10:22:59] ✓ CH0009319721: 2223 trades downloaded
[2026-09-21 10:23:00] Processing: CH0586685981 (Stanserhorn-Bahn N -10-)
[2026-09-21 10:23:00] ✓ CH0586685981: 25 trades downloaded
[2026-09-21 10:23:01] Processing: CH0586455245 (Stanserhorn-Bahn N -250-)
[2026-09-21 10:23:02] ✓ CH0586455245: 259 trades downloaded
[2026-09-21 10:23:03] Processing: CH0487871656 (STI Hldg N)
[2026-09-21 10:23:03] ✓ CH0487871656: 11 trades downloaded
[2026-09-21 10:23:04] Processing: CH0197490847 (Sunstar-Holding N -A-)
[2026-09-21 10:23:04] ✓ CH0197490847: 883 trades downloaded
[2026-09-21 10:23:05] Processing: CH0341319801 (Sursee-Triengen Bahn N)
[2026-09-21 10:23:05] ✓ CH0341319801: 19 trades downloaded
[2026-09-21 10:23:06] Processing: CH0001395539 (Suvretta-Haus, St. Moritz)
[2026-09-21 10:23:06] ✓ CH0001395539: 226 trades downloaded
[2026-09-21 10:23:07] Processing: CH0002512801 (Swisstulle AG)
[2026-09-21 10:23:07] ✓ CH0002512801: 154 trades downloaded
[2026-09-21 10:23:08] Processing: CH0121640970 (SWS Medien N)
[2026-09-21 10:23:08] ✓ CH0121640970: 136 trades downloaded
[2026-09-21 10:23:09] Processing: CH0002538012 (Tersa AG)
[2026-09-21 10:23:10] ✓ CH0002538012: 131 trades downloaded
[2026-09-21 10:23:11] Processing: CH0596918380 (Thermalbad Zurzach N)
[2026-09-21 10:23:11] ✓ CH0596918380: 665 trades downloaded
[2026-09-21 10:23:12] Processing: CH0223260743 (Toggenburg Bergbahnen N)
[2026-09-21 10:23:12] ✓ CH0223260743: 481 trades downloaded
[2026-09-21 10:23:13] Processing: CH0001725255 (Tonwerk Lausen N)
[2026-09-21 10:23:13] ✓ CH0001725255: 57 trades downloaded
[2026-09-21 10:23:14] Processing: CH0002557616 (Treib-Seelisberg-Bahn AG)
[2026-09-21 10:23:14] ✓ CH0002557616: 85 trades downloaded
[2026-09-21 10:23:15] Processing: CH0002569694 (Tuwag Immobilien AG, Wädenswil)
[2026-09-21 10:23:15] ✓ CH0002569694: 54 trades downloaded
[2026-09-21 10:23:16] Processing: CH0326691679 (Unione Farmaceutica Distr N)
[2026-09-21 10:23:16] ✓ CH0326691679: 24 trades downloaded
[2026-09-21 10:23:17] Processing: CH0326380885 (Unipharma N)
[2026-09-21 10:23:17] ✓ CH0326380885: 9 trades downloaded
[2026-09-21 10:23:18] Processing: CH0306293272 (Usines Metallurgiques de Vallorbe N)
[2026-09-21 10:23:19] ✓ CH0306293272: 65 trades downloaded
[2026-09-21 10:23:20] Processing: CH0033136596 (Viamala Raststätte Thusis AG)
[2026-09-21 10:23:20] ✓ CH0033136596: 2 trades downloaded
[2026-09-21 10:23:21] Processing: CH0029910939 (VOe holding N)
[2026-09-21 10:23:21] ✓ CH0029910939: 379 trades downloaded
[2026-09-21 10:23:22] Processing: CH0212936964 (Weiss+Appetito N)
[2026-09-21 10:23:22] ✓ CH0212936964: 1289 trades downloaded
[2026-09-21 10:23:23] Processing: CH0000041795 (Weisse Arena AG, Laax)
[2026-09-21 10:23:23] ✓ CH0000041795: 1468 trades downloaded
[2026-09-21 10:23:24] Processing: CH0004960180 (Weleda N-PS)
[2026-09-21 10:23:25] ✓ CH0004960180: 2688 trades downloaded
[2026-09-21 10:23:26] Processing: CH0010173182 (Welinvest AG in Liquidation)
[2026-09-21 10:23:26] ✓ CH0010173182: 2007 trades downloaded
[2026-09-21 10:23:27] Processing: CH1204218437 (WIR Bank BS N)
[2026-09-21 10:23:27] ✓ CH1204218437: 377 trades downloaded
[2026-09-21 10:23:28] Processing: CH1102090151 (WWZ N)
[2026-09-21 10:23:28] ✓ CH1102090151: 5589 trades downloaded
[2026-09-21 10:23:29] Processing: CH0002056114 (Zermatt Bergbahnen N)
[2026-09-21 10:23:29] ✓ CH0002056114: 604 trades downloaded
[2026-09-21 10:23:30] Processing: CH0002370903 (ZLB Zürcher Landbank)
[2026-09-21 10:23:30] ✓ CH0002370903: 257 trades downloaded
[2026-09-21 10:23:31] Processing: CH0002655501 (Zoologischer Garten, Basel)
[2026-09-21 10:23:32] ✓ CH0002655501: 91 trades downloaded
[2026-09-21 10:23:33] Processing: CH0002654934 (ZT Medien N)
[2026-09-21 10:23:33] ✓ CH0002654934: 198 trades downloaded
[2026-09-21 10:23:34] Processing: CH0148052118 (Zug Estates N Serie A)
[2026-09-21 10:23:34] ✓ CH0148052118: 233 trades downloaded
[2026-09-21 10:23:35] Processing: CH0001671707 (Zürcher Oberland Medien AG, Wetzikon)
[2026-09-21 10:23:35] ✓ CH0001671707: 536 trades downloaded
[2026-09-21 10:23:36] Processing: CH0002658448 (Zürichsee-Fähre Horgen-Meilen AG)
[2026-09-21 10:23:36] ✓ CH0002658448: 1127 trades downloaded
[2026-09-21 10:23:37] Processing: CH0553343069 (Zürichsee-Schifffahrtsgesellschaft)
[2026-09-21 10:23:37] ✓ CH0553343069: 491 trades downloaded
[2026-09-21 10:23:38] ========== SUMMARY ==========
[2026-09-21 10:23:38] Total ISINs processed: 239
[2026-09-21 10:23:38] Successful downloads: 239
[2026-09-21 10:23:38] Failed/Not Found: 0
[2026-09-21 10:23:38] CSV files created: 239
[2026-09-21 10:23:38] Time elapsed: 4m 37s
[2026-09-21 10:23:38] Log saved: /home/runner/work/OTC-X/OTC-X/backend/logs/downloader_2026-09-21_101857.log
[2026-09-21 10:23:38] ======================================================================
[2026-09-21 10:23:38] OTC-X Liquidity Metrics Engine - Starting
[2026-09-21 10:23:38] Timestamp: 2026-09-21 10:23:38
[2026-09-21 10:23:38] ======================================================================
[2026-09-21 10:23:38] [1/4] Loading input data...
[2026-09-21 10:23:38]       Trades: /home/runner/work/OTC-X/OTC-X/backend/data/master_trades.parquet
[2026-09-21 10:23:38]       -> 145,521 trades loaded (227 ISINs)
[2026-09-21 10:23:38]       Securities: /home/runner/work/OTC-X/OTC-X/backend/data/securities.csv
[2026-09-21 10:23:38]       -> 239 securities loaded (11 sectors)
[2026-09-21 10:23:38] [2/4] Computing liquidity metrics...
[2026-09-21 10:23:38]     Step 1/4: Daily aggregation...
[2026-09-21 10:23:39]              79,015 daily observations
[2026-09-21 10:23:39]     Step 2/4: Liquidity metrics...
[2026-09-21 10:23:39]     Step 3/4: Rolling baselines (30 trading days)...
[2026-09-21 10:23:39]     Step 4/4: Anomaly detection...
[2026-09-21 10:23:39] [3/4] Enriching with security metadata...
[2026-09-21 10:23:39]       [!] 6 ISINs have no metadata (Name/Sektor will be null)
[2026-09-21 10:23:39]       -> Final shape: (79015, 26)
[2026-09-21 10:23:39] [4/4] Saving output...
[2026-09-21 10:23:39]       -> Written to: /home/runner/work/OTC-X/OTC-X/backend/data/daily_metrics.parquet
[2026-09-21 10:23:39]       -> Size: 2.58 MB
[2026-09-21 10:23:39] ======================================================================
[2026-09-21 10:23:39] SUCCESS! Pipeline completed.
[2026-09-21 10:23:39] ======================================================================
[2026-09-21 10:23:39] Total rows:       79,015
[2026-09-21 10:23:39] Unique ISINs:     227
[2026-09-21 10:23:39] Unique Sectors:   11
[2026-09-21 10:23:39] Date range:       2004-02-16 to 2026-09-21
[2026-09-21 10:23:39] Elapsed time:     0.2 seconds
[2026-09-21 10:23:39] Output Schema:
[2026-09-21 10:23:39]   Isin                      String
[2026-09-21 10:23:39]   Name                      String
[2026-09-21 10:23:39]   Sektor                    String
[2026-09-21 10:23:39]   Datum                     Date
[2026-09-21 10:23:39]   trades_today              UInt32
[2026-09-21 10:23:39]   volume_today_units        Float64
[2026-09-21 10:23:39]   volume_today_chf          Float64
[2026-09-21 10:23:39]   price_min                 Float64
[2026-09-21 10:23:39]   price_max                 Float64
[2026-09-21 10:23:39]   price_first               Float64
[2026-09-21 10:23:39]   price_last                Float64
[2026-09-21 10:23:39]   price_change_pct          Float64
[2026-09-21 10:23:39]   log_returns               Float64
[2026-09-21 10:23:39]   volatility_daily          Float64
[2026-09-21 10:23:39]   amihud_daily              Float64
[2026-09-21 10:23:39]   spread_log_hl             Float64
[2026-09-21 10:23:39]   trade_duration_min        Float64
[2026-09-21 10:23:39]   off_book_pct              Float64
[2026-09-21 10:23:39]   trades_30d_median         Float64
[2026-09-21 10:23:39]   volume_30d_median         Float64
[2026-09-21 10:23:39]   volatility_30d_median     Float64
[2026-09-21 10:23:39]   amihud_30d_median         Float64
[2026-09-21 10:23:39]   volume_spike              Boolean
[2026-09-21 10:23:39]   activity_spike            Boolean
[2026-09-21 10:23:39]   price_gap                 Boolean
[2026-09-21 10:23:39]   anomaly_score             UInt8
[2026-09-21 10:23:39] High-anomaly observations (score >= 5): 15,006 total
[2026-09-21 10:23:39]   2026-09-21 | CH0001570057 | Score: 5 | Price Change: 0.00%
[2026-09-21 10:23:39]   2026-09-21 | CH0002045497 | Score: 5 | Price Change: -0.34%
[2026-09-21 10:23:39]   2026-09-21 | CH0002658448 | Score: 7 | Price Change: -5.73%
[2026-09-21 10:23:39]   2026-09-21 | CH0126517975 | Score: 5 | Price Change: 3.75%
[2026-09-21 10:23:39]   2026-09-21 | CH0223260743 | Score: 5 | Price Change: 1.28%
