[2026-09-01 09:40:39] OTC-X Trade Downloader started
[2026-09-01 09:40:39] Loaded 239 rows from /home/runner/work/OTC-X/OTC-X/backend/data/securities.csv
[2026-09-01 09:40:39] Processing: CH1559311092 (acrevis Bank N)
[2026-09-01 09:40:40] ✓ CH1559311092: 143 trades downloaded
[2026-09-01 09:40:41] Processing: CH0006668930 (ADEV Solarstrom AG, Liestal)
[2026-09-01 09:40:41] ✓ CH0006668930: 488 trades downloaded
[2026-09-01 09:40:42] Processing: CH0006524265 (ADEV Wasserkraftwerk AG, Liestal)
[2026-09-01 09:40:42] ✓ CH0006524265: 218 trades downloaded
[2026-09-01 09:40:43] Processing: CH0010497532 (ADEV Windkraft AG, Liestal)
[2026-09-01 09:40:43] ✓ CH0010497532: 154 trades downloaded
[2026-09-01 09:40:44] Processing: CH0034900248 (AG für Erstellung billiger Wohnhäuser in Winterthu)
[2026-09-01 09:40:45] ✓ CH0034900248: 119 trades downloaded
[2026-09-01 09:40:46] Processing: CH0001402418 (Agruna AG)
[2026-09-01 09:40:46] ✓ CH0001402418: 330 trades downloaded
[2026-09-01 09:40:47] Processing: CH0002599352 (Aletsch Bahnen N)
[2026-09-01 09:40:47] ✓ CH0002599352: 412 trades downloaded
[2026-09-01 09:40:48] Processing: CH0011322200 (Alpha Rheintal Bank, Heerbrugg)
[2026-09-01 09:40:48] ✓ CH0011322200: 1219 trades downloaded
[2026-09-01 09:40:49] Processing: CH0001418216 (Aluminium-Laufen AG Liesberg)
[2026-09-01 09:40:49] ✓ CH0001418216: 221 trades downloaded
[2026-09-01 09:40:50] Processing: CH0185254742 (Andermatt-Sedrun Sport AG)
[2026-09-01 09:40:50] ✓ CH0185254742: 447 trades downloaded
[2026-09-01 09:40:51] Processing: CH0026212446 (Appenzeller Bahnen)
[2026-09-01 09:40:52] ✓ CH0026212446: 249 trades downloaded
[2026-09-01 09:40:53] Processing: CH0001430930 (Arosa Bergbahnen AG, Arosa)
[2026-09-01 09:40:53] ✓ CH0001430930: 833 trades downloaded
[2026-09-01 09:40:54] Processing: CH0001457826 (Auto AG Schwyz, Schwyz)
[2026-09-01 09:40:54] ✓ CH0001457826: 96 trades downloaded
[2026-09-01 09:40:55] Processing: CH0029706766 (Auto AG Uri)
[2026-09-01 09:40:55] ✓ CH0029706766: 23 trades downloaded
[2026-09-01 09:40:56] Processing: CH0032018688 (Auto Hldg N)
[2026-09-01 09:40:56] ✓ CH0032018688: 1634 trades downloaded
[2026-09-01 09:40:57] Processing: CH0023777235 (aventron N)
[2026-09-01 09:40:57] ✓ CH0023777235: 642 trades downloaded
[2026-09-01 09:40:58] Processing: CH0003857031 (Bad Schinznach AG, Schinznach)
[2026-09-01 09:40:59] ✓ CH0003857031: 1061 trades downloaded
[2026-09-01 09:41:00] Processing: CH0001314852 (Bank in Zuzwil)
[2026-09-01 09:41:00] ✓ CH0001314852: 47 trades downloaded
[2026-09-01 09:41:01] Processing: CH0039074692 (Bank Leerau)
[2026-09-01 09:41:01] ✓ CH0039074692: 150 trades downloaded
[2026-09-01 09:41:02] Processing: CH0013792848 (Bank Oberaargau N)
[2026-09-01 09:41:02] ✓ CH0013792848: 542 trades downloaded
[2026-09-01 09:41:03] Processing: CH0001351862 (Bank SLM N)
[2026-09-01 09:41:03] ✓ CH0001351862: 482 trades downloaded
[2026-09-01 09:41:04] Processing: CH0049588129 (Bank von Roll AG)
[2026-09-01 09:41:05] ✓ CH0049588129: 252 trades downloaded
[2026-09-01 09:41:06] Processing: CH0303601253 (BB Adelboden N)
[2026-09-01 09:41:06] ✓ CH0303601253: 346 trades downloaded
[2026-09-01 09:41:07] Processing: CH0574732894 (BB Lauterbrunnen-Muerren N)
[2026-09-01 09:41:07] ✓ CH0574732894: 16 trades downloaded
[2026-09-01 09:41:08] Processing: CH0010756531 (BBO Bank Brienz-Oberhasli)
[2026-09-01 09:41:08] ✓ CH0010756531: 407 trades downloaded
[2026-09-01 09:41:09] Processing: CH0001507406 (BB Piz Mundaun AG)
[2026-09-01 09:41:09] ✓ CH0001507406: 107 trades downloaded
[2026-09-01 09:41:10] Processing: CH0002353867 (BB Soerenberg AG)
[2026-09-01 09:41:10] ✓ CH0002353867: 240 trades downloaded
[2026-09-01 09:41:11] Processing: CH0010726963 (Beau-Rivage Palace SA, Lausanne-Ouchy)
[2026-09-01 09:41:12] ✓ CH0010726963: 811 trades downloaded
[2026-09-01 09:41:13] Processing: CH0024700483 (Belalp-Bahnen, Naters)
[2026-09-01 09:41:13] ✓ CH0024700483: 29 trades downloaded
[2026-09-01 09:41:14] Processing: CH0187392300 (Bellwald Sportbahnen N)
[2026-09-01 09:41:14] ✓ CH0187392300: 10 trades downloaded
[2026-09-01 09:41:15] Processing: CH0002332093 (Bergbahnen Brigels N)
[2026-09-01 09:41:15] ✓ CH0002332093: 148 trades downloaded
[2026-09-01 09:41:16] Processing: CH0018384120 (Bergbahnen Destination Gstaad N)
[2026-09-01 09:41:16] ✓ CH0018384120: 435 trades downloaded
[2026-09-01 09:41:17] Processing: CH0292081723 (Bergbahnen Disentis N)
[2026-09-01 09:41:18] ✓ CH0292081723: 96 trades downloaded
[2026-09-01 09:41:19] Processing: CH0580517032 (Bergbahnen Hohsaas N)
[2026-09-01 09:41:19] ✓ CH0580517032: 0 trades downloaded
[2026-09-01 09:41:20] Processing: CH0036505888 (Bergbahnen Meiringen-Hasliberg N)
[2026-09-01 09:41:20] ✓ CH0036505888: 463 trades downloaded
[2026-09-01 09:41:21] Processing: CH0342666572 (Bergbahnen Scuol N)
[2026-09-01 09:41:21] ✓ CH0342666572: 250 trades downloaded
[2026-09-01 09:41:22] Processing: CH0016568880 (Bergbahnen Splügen-Tambo N)
[2026-09-01 09:41:22] ✓ CH0016568880: 47 trades downloaded
[2026-09-01 09:41:23] Processing: CH0045885032 (Bergbahnen Wildhaus AG)
[2026-09-01 09:41:23] ✓ CH0045885032: 91 trades downloaded
[2026-09-01 09:41:24] Processing: CH0014874918 (Bernerland Bank, Sumiswald)
[2026-09-01 09:41:25] ✓ CH0014874918: 909 trades downloaded
[2026-09-01 09:41:26] Processing: CH0322776573 (Berner Oberland-Bahnen N)
[2026-09-01 09:41:26] ✓ CH0322776573: 252 trades downloaded
[2026-09-01 09:41:27] Processing: CH0011100341 (BERNEXPO N)
[2026-09-01 09:41:27] ✓ CH0011100341: 2221 trades downloaded
[2026-09-01 09:41:28] Processing: CH0018043619 (Biene-Bank im Rheintal)
[2026-09-01 09:41:28] ✓ CH0018043619: 378 trades downloaded
[2026-09-01 09:41:29] Processing: CH0025889160 (BLS N)
[2026-09-01 09:41:29] ✓ CH0025889160: 1461 trades downloaded
[2026-09-01 09:41:30] Processing: CH0012684657 (Bobst Group N)
[2026-09-01 09:41:30] ✓ CH0012684657: 3385 trades downloaded
[2026-09-01 09:41:31] Processing: CH0545753953 (Bondpartners N)
[2026-09-01 09:41:32] ✓ CH0545753953: 168 trades downloaded
[2026-09-01 09:41:33] Processing: CH0001542635 (Brauerei Schützengarten AG N)
[2026-09-01 09:41:33] ✓ CH0001542635: 165 trades downloaded
[2026-09-01 09:41:34] Processing: CH0001542643 (Brauerei Schützengarten AG PS)
[2026-09-01 09:41:34] ✓ CH0001542643: 645 trades downloaded
[2026-09-01 09:41:35] Processing: CH0002052501 (Brunni-Bahnen N)
[2026-09-01 09:41:35] ✓ CH0002052501: 590 trades downloaded
[2026-09-01 09:41:36] Processing: CH0009438109 (BS Bank, Schaffhausen)
[2026-09-01 09:41:36] ✓ CH0009438109: 512 trades downloaded
[2026-09-01 09:41:37] Processing: CH0002657978 (Bystronic -B- N)
[2026-09-01 09:41:37] ✓ CH0002657978: 440 trades downloaded
[2026-09-01 09:41:38] Processing: CH0001570057 (Caran d`Ache, Genève, Serie B)
[2026-09-01 09:41:39] ✓ CH0001570057: 89 trades downloaded
[2026-09-01 09:41:40] Processing: CH0102022560 (CasaInvest N)
[2026-09-01 09:41:40] ✓ CH0102022560: 882 trades downloaded
[2026-09-01 09:41:41] Processing: CH1127803547 (Casale Holding Rg)
[2026-09-01 09:41:41] ✓ CH1127803547: 14 trades downloaded
[2026-09-01 09:41:42] Processing: CH0004959505 (Casino de Montreux SA Nom 100)
[2026-09-01 09:41:42] ✓ CH0004959505: 451 trades downloaded
[2026-09-01 09:41:43] Processing: CH0004959471 (Casino de Montreux SA Nom 50)
[2026-09-01 09:41:43] ✓ CH0004959471: 34 trades downloaded
[2026-09-01 09:41:44] Processing: CH0324791133 (Chemholding N)
[2026-09-01 09:41:44] ✓ CH0324791133: 4 trades downloaded
[2026-09-01 09:41:45] Processing: CH0020603475 (CKW N)
[2026-09-01 09:41:46] ✓ CH0020603475: 1538 trades downloaded
[2026-09-01 09:41:47] Processing: CH0010583448 (Clientis Bank Aareland N)
[2026-09-01 09:41:47] ✓ CH0010583448: 270 trades downloaded
[2026-09-01 09:41:48] Processing: CH0001336319 (Clientis Bank Oberuzwil AG)
[2026-09-01 09:41:48] ✓ CH0001336319: 75 trades downloaded
[2026-09-01 09:41:49] Processing: CH0010621925 (Clientis Bank Toggenburg)
[2026-09-01 09:41:49] ✓ CH0010621925: 214 trades downloaded
[2026-09-01 09:41:50] Processing: CH0001357000 (Clientis Sparkasse Oftringen)
[2026-09-01 09:41:50] ✓ CH0001357000: 191 trades downloaded
[2026-09-01 09:41:51] Processing: CH0001579363 (CMSA Holding N)
[2026-09-01 09:41:51] ✓ CH0001579363: 1373 trades downloaded
[2026-09-01 09:41:52] Processing: CH0032462910 (Corvatsch AG Nom 3, Silvaplana)
[2026-09-01 09:41:52] ✓ CH0032462910: 538 trades downloaded
[2026-09-01 09:41:53] Processing: CH1100211528 (Crédit Mutuel de la Vallée N)
[2026-09-01 09:41:54] ✓ CH1100211528: 34 trades downloaded
[2026-09-01 09:41:55] Processing: CH0019556908 (Cresta Palace Celerina N)
[2026-09-01 09:41:55] ✓ CH0019556908: 231 trades downloaded
[2026-09-01 09:41:56] Processing: CH0433137400 (Davos Klosters Bergbahnen N)
[2026-09-01 09:41:56] ✓ CH0433137400: 574 trades downloaded
[2026-09-01 09:41:57] Processing: CH0109916244 (Diavolezza Lagalb N)
[2026-09-01 09:41:57] ✓ CH0109916244: 57 trades downloaded
[2026-09-01 09:41:58] Processing: CH0001665147 (Dolder Hotel AG, Zürich)
[2026-09-01 09:41:58] ✓ CH0001665147: 591 trades downloaded
[2026-09-01 09:41:59] Processing: CH0578688241 (Drahtseilbahn Marzili N)
[2026-09-01 09:41:59] ✓ CH0578688241: 10 trades downloaded
[2026-09-01 09:42:00] Processing: CH0001669255 (Drahtseilbahn Marzili-Stadt Bern N)
[2026-09-01 09:42:01] ✓ CH0001669255: 39 trades downloaded
[2026-09-01 09:42:02] Processing: CH0001777876 (ebs Erdgas + Biogas)
[2026-09-01 09:42:02] ✓ CH0001777876: 48 trades downloaded
[2026-09-01 09:42:03] Processing: CH1159308571 (EcoRenova N)
[2026-09-01 09:42:03] ✓ CH1159308571: 5 trades downloaded
[2026-09-01 09:42:04] Processing: CH0102699540 (Energ Elec du Simplon E.E.S.)
[2026-09-01 09:42:04] ✓ CH0102699540: 96 trades downloaded
[2026-09-01 09:42:05] Processing: CH0014386996 (Energie Zürichsee Linth N)
[2026-09-01 09:42:05] ✓ CH0014386996: 871 trades downloaded
[2026-09-01 09:42:06] Processing: CH0031926105 (Engadin Mountains AG)
[2026-09-01 09:42:06] ✓ CH0031926105: 696 trades downloaded
[2026-09-01 09:42:07] Processing: CH0129442221 (Eniwa Holding AG)
[2026-09-01 09:42:08] ✓ CH0129442221: 872 trades downloaded
[2026-09-01 09:42:09] Processing: CH0001337200 (Ersparniskasse Affoltern)
[2026-09-01 09:42:09] ✓ CH0001337200: 234 trades downloaded
[2026-09-01 09:42:10] Processing: CH0001704680 (Eskimo Textil AG, Turbenthal)
[2026-09-01 09:42:10] ✓ CH0001704680: 35 trades downloaded
[2026-09-01 09:42:11] Processing: CH0002557400 (Espace Real Estate Hldg N)
[2026-09-01 09:42:11] ✓ CH0002557400: 3331 trades downloaded
[2026-09-01 09:42:12] Processing: CH0001239398 (EW Brig-Naters EWBN)
[2026-09-01 09:42:12] ✓ CH0001239398: 152 trades downloaded
[2026-09-01 09:42:13] Processing: CH0001690533 (EW Jona-Rapperswil, Jona)
[2026-09-01 09:42:13] ✓ CH0001690533: 1578 trades downloaded
[2026-09-01 09:42:14] Processing: CH0001691614 (EW Uznach AG)
[2026-09-01 09:42:15] ✓ CH0001691614: 233 trades downloaded
[2026-09-01 09:42:16] Processing: CH0001413704 (Flughafen Bern AG N)
[2026-09-01 09:42:16] ✓ CH0001413704: 544 trades downloaded
[2026-09-01 09:42:17] Processing: CH1106247997 (Funi Locarno-Madonna N)
[2026-09-01 09:42:17] ✓ CH1106247997: 14 trades downloaded
[2026-09-01 09:42:18] Processing: CH1104949586 (Funi Lugano-Paradiso N)
[2026-09-01 09:42:18] ✓ CH1104949586: 20 trades downloaded
[2026-09-01 09:42:19] Processing: CH0001602009 (Generale Beaulieu Holding SA)
[2026-09-01 09:42:19] ✓ CH0001602009: 221 trades downloaded
[2026-09-01 09:42:20] Processing: CH1405847034 (Geoterra Holding Rg)
[2026-09-01 09:42:20] ✓ CH1405847034: 489 trades downloaded
[2026-09-01 09:42:21] Processing: CH0006980079 (Gondelbahn Grindelwald N)
[2026-09-01 09:42:22] ✓ CH0006980079: 569 trades downloaded
[2026-09-01 09:42:23] Processing: CH0375446173 (Gondrand Hldg Vz N)
[2026-09-01 09:42:23] ✓ CH0375446173: 84 trades downloaded
[2026-09-01 09:42:24] Processing: CH0002221338 (Gotthard Raststätte A2 Uri AG)
[2026-09-01 09:42:24] ✓ CH0002221338: 1091 trades downloaded
[2026-09-01 09:42:25] Processing: CH0002541586 (Grand Resort Bad Ragaz, Bad Ragaz)
[2026-09-01 09:42:25] ✓ CH0002541586: 1219 trades downloaded
[2026-09-01 09:42:26] Processing: CH0006532565 (Griesser Holding AG, Aadorf)
[2026-09-01 09:42:26] ✓ CH0006532565: 1353 trades downloaded
[2026-09-01 09:42:27] Processing: CH0016523125 (Griston Holding AG)
[2026-09-01 09:42:28] ✓ CH0016523125: 477 trades downloaded
[2026-09-01 09:42:29] Processing: CH0005051021 (Gurtenbahn AG N)
[2026-09-01 09:42:29] ✓ CH0005051021: 120 trades downloaded
[2026-09-01 09:42:30] Processing: CH0023124214 (HBB Holding AG)
[2026-09-01 09:42:30] ✓ CH0023124214: 445 trades downloaded
[2026-09-01 09:42:31] Processing: CH0001865523 (Heim im Bergli AG, Luzern)
[2026-09-01 09:42:31] ✓ CH0001865523: 60 trades downloaded
[2026-09-01 09:42:32] Processing: CH0304280636 (Helvetic Star Holding)
[2026-09-01 09:42:32] ✓ CH0304280636: 70 trades downloaded
[2026-09-01 09:42:33] Processing: CH0000648680 (Hochalpines Institut Ftan AG)
[2026-09-01 09:42:33] ✓ CH0000648680: 141 trades downloaded
[2026-09-01 09:42:34] Processing: CH0016016849 (Hoch-Ybrig N)
[2026-09-01 09:42:35] ✓ CH0016016849: 706 trades downloaded
[2026-09-01 09:42:36] Processing: CH0001992681 (Hof Weissbad AG)
[2026-09-01 09:42:36] ✓ CH0001992681: 1480 trades downloaded
[2026-09-01 09:42:37] Processing: CH0010923875 (Hoher Kasten Drehrestaurant und Seilbahn AG)
[2026-09-01 09:42:38] ✓ CH0010923875: 682 trades downloaded
[2026-09-01 09:42:39] Processing: CH0020502743 (Holdinova N)
[2026-09-01 09:42:40] ✓ CH0020502743: 5192 trades downloaded
[2026-09-01 09:42:41] Processing: CH0001906848 (Imbrex Hldg N)
[2026-09-01 09:42:41] ✓ CH0001906848: 344 trades downloaded
[2026-09-01 09:42:42] Processing: CH0001910089 (Immges Viamala, Thusis)
[2026-09-01 09:42:42] ✓ CH0001910089: 87 trades downloaded
[2026-09-01 09:42:43] Processing: CH0324793667 (Immobiliare Pharmapark N)
[2026-09-01 09:42:43] ✓ CH0324793667: 63 trades downloaded
[2026-09-01 09:42:44] Processing: CH0001344685 (KB Nidwalden PS)
[2026-09-01 09:42:45] ✓ CH0001344685: 119 trades downloaded
[2026-09-01 09:42:46] Processing: CH0263939958 (Klosters-Madrisa N)
[2026-09-01 09:42:46] ✓ CH0263939958: 177 trades downloaded
[2026-09-01 09:42:47] Processing: CH0001514501 (Kongresshaus Zürich AG, Zürich)
[2026-09-01 09:42:47] ✓ CH0001514501: 834 trades downloaded
[2026-09-01 09:42:48] Processing: CH0115029545 (Konkordia AG N)
[2026-09-01 09:42:48] ✓ CH0115029545: 243 trades downloaded
[2026-09-01 09:42:49] Processing: CH0002052915 (Kronberg N)
[2026-09-01 09:42:49] ✓ CH0002052915: 236 trades downloaded
[2026-09-01 09:42:50] Processing: CH0001574604 (Kursaal-Casino AG, Luzern GS)
[2026-09-01 09:42:50] ✓ CH0001574604: 216 trades downloaded
[2026-09-01 09:42:51] Processing: CH0001574596 (Kursaal-Casino AG, Luzern N)
[2026-09-01 09:42:52] ✓ CH0001574596: 1817 trades downloaded
[2026-09-01 09:42:53] Processing: CH0001989513 (Kursaal Interlaken N)
[2026-09-01 09:42:53] ✓ CH0001989513: 683 trades downloaded
[2026-09-01 09:42:54] Processing: CH0304449611 (Lagerhäuser der Centralschweiz N)
[2026-09-01 09:42:54] ✓ CH0304449611: 234 trades downloaded
[2026-09-01 09:42:55] Processing: CH0002400585 (Landwirtschaft ZRA, Aarberg)
[2026-09-01 09:42:55] ✓ CH0002400585: 238 trades downloaded
[2026-09-01 09:42:56] Processing: CH0001343885 (Leihkasse Stammheim)
[2026-09-01 09:42:56] ✓ CH0001343885: 121 trades downloaded
[2026-09-01 09:42:57] Processing: CH0001788345 (Lenk Bergbahnen, Lenk)
[2026-09-01 09:42:57] ✓ CH0001788345: 203 trades downloaded
[2026-09-01 09:42:58] Processing: CH0023497271 (Lenzerheide Bergbahnen)
[2026-09-01 09:42:59] ✓ CH0023497271: 1231 trades downloaded
[2026-09-01 09:43:00] Processing: CH0001318374 (Lienhardt & Partner Privatbank Zürich AG, Zürich)
[2026-09-01 09:43:00] ✓ CH0001318374: 494 trades downloaded
[2026-09-01 09:43:01] Processing: CH0002045471 (Loeb Holding N -B-)
[2026-09-01 09:43:01] ✓ CH0002045471: 252 trades downloaded
[2026-09-01 09:43:02] Processing: CH0002045497 (Loeb Holding PS)
[2026-09-01 09:43:02] ✓ CH0002045497: 2688 trades downloaded
[2026-09-01 09:43:03] Processing: CH0105175175 (Lorze AG)
[2026-09-01 09:43:03] ✓ CH0105175175: 292 trades downloaded
[2026-09-01 09:43:04] Processing: CH0001542601 (Löwengarten AG)
[2026-09-01 09:43:04] ✓ CH0001542601: 22 trades downloaded
[2026-09-01 09:43:05] Processing: CH0563381901 (LSB Dallenwil-Wirzweli N)
[2026-09-01 09:43:06] ✓ CH0563381901: 6 trades downloaded
[2026-09-01 09:43:07] Processing: CH0002052782 (LSB Grindelwald-Pfingstegg AG)
[2026-09-01 09:43:07] ✓ CH0002052782: 162 trades downloaded
[2026-09-01 09:43:08] Processing: CH0002055819 (LSB Wasserauen-Ebenalp AG)
[2026-09-01 09:43:08] ✓ CH0002055819: 87 trades downloaded
[2026-09-01 09:43:09] Processing: CH0002056031 (LSB Wengen-Männlichen AG)
[2026-09-01 09:43:09] ✓ CH0002056031: 357 trades downloaded
[2026-09-01 09:43:10] Processing: CH0002056957 (Lurag AG, Neuenkirch)
[2026-09-01 09:43:10] ✓ CH0002056957: 791 trades downloaded
[2026-09-01 09:43:11] Processing: CH0002057070 (Lyceum Alpinum Zuoz AG)
[2026-09-01 09:43:11] ✓ CH0002057070: 141 trades downloaded
[2026-09-01 09:43:12] Processing: CH0198963503 (Magazzini Generali N)
[2026-09-01 09:43:13] ✓ CH0198963503: 22 trades downloaded
[2026-09-01 09:43:14] Processing: CH0016376714 (Matterhorn Gotthard Verkehr AG)
[2026-09-01 09:43:14] ✓ CH0016376714: 108 trades downloaded
[2026-09-01 09:43:15] Processing: CH0014069212 (Menzi Muck Gruppe N)
[2026-09-01 09:43:15] ✓ CH0014069212: 1345 trades downloaded
[2026-09-01 09:43:16] Processing: CH0002092622 (Metall Zug AG Serie A)
[2026-09-01 09:43:16] ✓ CH0002092622: 579 trades downloaded
[2026-09-01 09:43:17] Processing: CH0107020692 (Montana Tech N)
[2026-09-01 09:43:18] ✓ CH0107020692: 1694 trades downloaded
[2026-09-01 09:43:19] Processing: CH0003798599 (Montreux-Berner Oberland Bahn)
[2026-09-01 09:43:19] ✓ CH0003798599: 472 trades downloaded
[2026-09-01 09:43:20] Processing: CH0126517975 (Neue Zürcher Zeitung, Zürich)
[2026-09-01 09:43:20] ✓ CH0126517975: 3870 trades downloaded
[2026-09-01 09:43:21] Processing: CH0187475709 (Nexus Gr Hold N)
[2026-09-01 09:43:21] ✓ CH0187475709: 166 trades downloaded
[2026-09-01 09:43:22] Processing: CH0572824867 (Niederhornbahn N)
[2026-09-01 09:43:22] ✓ CH0572824867: 69 trades downloaded
[2026-09-01 09:43:23] Processing: CH1104984104 (Niesenbahn N)
[2026-09-01 09:43:23] ✓ CH1104984104: 167 trades downloaded
[2026-09-01 09:43:24] Processing: CH0013592248 (NORINVEST HLDG N)
[2026-09-01 09:43:24] ✓ CH0013592248: 163 trades downloaded
[2026-09-01 09:43:25] Processing: CH0002160460 (Opernhaus Zürich N 300)
[2026-09-01 09:43:26] ✓ CH0002160460: 29 trades downloaded
[2026-09-01 09:43:27] Processing: CH0002160478 (Opernhaus Zürich N 900)
[2026-09-01 09:43:27] ✓ CH0002160478: 370 trades downloaded
[2026-09-01 09:43:28] Processing: CH0017915742 (OTC-X All Share)
[2026-09-01 09:43:28] ✓ CH0017915742: 0 trades downloaded
[2026-09-01 09:43:29] Processing: CH0017915718 (OTC-X Banken)
[2026-09-01 09:43:29] ✓ CH0017915718: 0 trades downloaded
[2026-09-01 09:43:30] Processing: CH0039576753 (OTC-X Bergbahnen)
[2026-09-01 09:43:30] ✓ CH0039576753: 0 trades downloaded
[2026-09-01 09:43:31] Processing: CH0039576787 (OTC-X Beteiligungsgesellschaften)
[2026-09-01 09:43:31] ✓ CH0039576787: 0 trades downloaded
[2026-09-01 09:43:32] Processing: CH0017915692 (OTC-X Energie)
[2026-09-01 09:43:33] ✓ CH0017915692: 0 trades downloaded
[2026-09-01 09:43:34] Processing: CH0039576837 (OTC-X Immobilien)
[2026-09-01 09:43:34] ✓ CH0039576837: 0 trades downloaded
[2026-09-01 09:43:35] Processing: CH0017915684 (OTC-X Industrie)
[2026-09-01 09:43:35] ✓ CH0017915684: 0 trades downloaded
[2026-09-01 09:43:36] Processing: CH0039576860 (OTC-X Liquidity)
[2026-09-01 09:43:36] ✓ CH0039576860: 0 trades downloaded
[2026-09-01 09:43:37] Processing: CH0017915668 (OTC-X Medien)
[2026-09-01 09:43:37] ✓ CH0017915668: 0 trades downloaded
[2026-09-01 09:43:38] Processing: CH0039576852 (OTC-X Nahrung und Getraenke)
[2026-09-01 09:43:38] ✓ CH0039576852: 0 trades downloaded
[2026-09-01 09:43:39] Processing: CH0213109793 (OTC-X Premium)
[2026-09-01 09:43:39] ✓ CH0213109793: 0 trades downloaded
[2026-09-01 09:43:40] Processing: CH0017915726 (OTC-X TOP50)
[2026-09-01 09:43:41] ✓ CH0017915726: 0 trades downloaded
[2026-09-01 09:43:42] Processing: CH0017915643 (OTC-X Tourismus/Freizeit/Sonstiges)
[2026-09-01 09:43:42] ✓ CH0017915643: 0 trades downloaded
[2026-09-01 09:43:43] Processing: CH0017915635 (OTC-X Transport/Verkehr/Logistik)
[2026-09-01 09:43:43] ✓ CH0017915635: 0 trades downloaded
[2026-09-01 09:43:44] Processing: CH1582436247 (Outdoor Switzerland N)
[2026-09-01 09:43:44] ✓ CH1582436247: 9 trades downloaded
[2026-09-01 09:43:45] Processing: CH0002174743 (Parking des Alpes N)
[2026-09-01 09:43:45] ✓ CH0002174743: 9 trades downloaded
[2026-09-01 09:43:46] Processing: CH0016049881 (Patiswiss AG)
[2026-09-01 09:43:46] ✓ CH0016049881: 1001 trades downloaded
[2026-09-01 09:43:47] Processing: CH1350861261 (Perlen Industrieholding N)
[2026-09-01 09:43:48] ✓ CH1350861261: 1621 trades downloaded
[2026-09-01 09:43:49] Processing: CH0009005973 (Pilatus-Bahnen AG, Kriens)
[2026-09-01 09:43:49] ✓ CH0009005973: 1864 trades downloaded
[2026-09-01 09:43:50] Processing: CH0012457633 (Plaston Holding AG)
[2026-09-01 09:43:50] ✓ CH0012457633: 1428 trades downloaded
[2026-09-01 09:43:51] Processing: CH0284143929 (PLAZZA-B-N)
[2026-09-01 09:43:51] ✓ CH0284143929: 113 trades downloaded
[2026-09-01 09:43:52] Processing: CH0286266488 (Ports Francs et Entrepôts de Genève)
[2026-09-01 09:43:52] ✓ CH0286266488: 0 trades downloaded
[2026-09-01 09:43:53] Processing: CH0122303669 (Prayon Switzerland N)
[2026-09-01 09:43:53] ✓ CH0122303669: 22 trades downloaded
[2026-09-01 09:43:54] Processing: CH0013283368 (Precious Woods Hldg N)
[2026-09-01 09:43:55] ✓ CH0013283368: 581 trades downloaded
[2026-09-01 09:43:56] Processing: CH0002218664 (Railtour Suisse SA Nom 100)
[2026-09-01 09:43:56] ✓ CH0002218664: 0 trades downloaded
[2026-09-01 09:43:57] Processing: CH0002218698 (Railtour Suisse SA Nom 500)
[2026-09-01 09:43:57] ✓ CH0002218698: 0 trades downloaded
[2026-09-01 09:43:58] Processing: CH0030333360 (Rapid Holding N)
[2026-09-01 09:43:58] ✓ CH0030333360: 1489 trades downloaded
[2026-09-01 09:43:59] Processing: CH0027315818 (Raststätte Rheintal AG, Sevelen)
[2026-09-01 09:43:59] ✓ CH0027315818: 215 trades downloaded
[2026-09-01 09:44:00] Processing: CH0002221304 (Raststätte Thurau, St. Gallen)
[2026-09-01 09:44:00] ✓ CH0002221304: 194 trades downloaded
[2026-09-01 09:44:01] Processing: CH0018525532 (Raststätte Walensee AG)
[2026-09-01 09:44:02] ✓ CH0018525532: 98 trades downloaded
[2026-09-01 09:44:03] Processing: CH1387788180 (Raurica Wald N-B)
[2026-09-01 09:44:03] ✓ CH1387788180: 19 trades downloaded
[2026-09-01 09:44:04] Processing: CH1112956201 (Regiobank Solothurn N)
[2026-09-01 09:44:04] ✓ CH1112956201: 3326 trades downloaded
[2026-09-01 09:44:05] Processing: CH0002227095 (Reishauer N)
[2026-09-01 09:44:05] ✓ CH0002227095: 1170 trades downloaded
[2026-09-01 09:44:06] Processing: CH0199383602 (Remontées Mécaniques de Grimentz)
[2026-09-01 09:44:06] ✓ CH0199383602: 11 trades downloaded
[2026-09-01 09:44:07] Processing: CH0320096990 (Repower N)
[2026-09-01 09:44:07] ✓ CH0320096990: 5117 trades downloaded
[2026-09-01 09:44:08] Processing: CH0002234398 (Rhätische Bahn RhB / Prior)
[2026-09-01 09:44:09] ✓ CH0002234398: 261 trades downloaded
[2026-09-01 09:44:10] Processing: CH0002234372 (Rhätische Bahn RhB / Stamm)
[2026-09-01 09:44:10] ✓ CH0002234372: 222 trades downloaded
[2026-09-01 09:44:11] Processing: CH0001378626 (Rhiienergie AG, Tamins)
[2026-09-01 09:44:11] ✓ CH0001378626: 135 trades downloaded
[2026-09-01 09:44:12] Processing: CH0016290014 (Rigi Bahnen AG, Goldau)
[2026-09-01 09:44:12] ✓ CH0016290014: 2838 trades downloaded
[2026-09-01 09:44:13] Processing: CH0114457390 (Rottal Auto AG, Ruswil)
[2026-09-01 09:44:13] ✓ CH0114457390: 49 trades downloaded
[2026-09-01 09:44:14] Processing: CH0000975372 (Säntis-Schwebebahn AG, Schwägalp)
[2026-09-01 09:44:14] ✓ CH0000975372: 3230 trades downloaded
[2026-09-01 09:44:15] Processing: CH0002353487 (SB Elm AG N)
[2026-09-01 09:44:16] ✓ CH0002353487: 108 trades downloaded
[2026-09-01 09:44:17] Processing: CH0001394607 (SB im Mythengebiet, Schwyz)
[2026-09-01 09:44:17] ✓ CH0001394607: 55 trades downloaded
[2026-09-01 09:44:18] Processing: CH0002353693 (SB Pischa, Davos)
[2026-09-01 09:44:18] ✓ CH0002353693: 135 trades downloaded
[2026-09-01 09:44:19] Processing: CH0001352928 (SB Saanen Bank)
[2026-09-01 09:44:19] ✓ CH0001352928: 1392 trades downloaded
[2026-09-01 09:44:20] Processing: CH0341320114 (Schifffahrtsges. Hallwilersee)
[2026-09-01 09:44:20] ✓ CH0341320114: 125 trades downloaded
[2026-09-01 09:44:21] Processing: CH0002276266 (Schilthornbahn AG Mürren)
[2026-09-01 09:44:22] ✓ CH0002276266: 2964 trades downloaded
[2026-09-01 09:44:23] Processing: CH0002283601 (Schützen Rheinfelden Immobilien N)
[2026-09-01 09:44:23] ✓ CH0002283601: 288 trades downloaded
[2026-09-01 09:44:24] Processing: CH0006234014 (Schweizer Zucker AG)
[2026-09-01 09:44:24] ✓ CH0006234014: 2354 trades downloaded
[2026-09-01 09:44:25] Processing: CH0002291802 (Schweiz. Schifffahrtsges. Untersee und Rhein N)
[2026-09-01 09:44:25] ✓ CH0002291802: 137 trades downloaded
[2026-09-01 09:44:26] Processing: CH0031151084 (SeeBeteiligungs AG)
[2026-09-01 09:44:26] ✓ CH0031151084: 999 trades downloaded
[2026-09-01 09:44:27] Processing: CH0030693185 (Seilbahn Weissenstein AG)
[2026-09-01 09:44:27] ✓ CH0030693185: 1134 trades downloaded
[2026-09-01 09:44:28] Processing: CH0421720779 (SGV Holding N)
[2026-09-01 09:44:29] ✓ CH0421720779: 2620 trades downloaded
[2026-09-01 09:44:30] Processing: CH0547027570 (SIA-Haus Vz N)
[2026-09-01 09:44:30] ✓ CH0547027570: 160 trades downloaded
[2026-09-01 09:44:31] Processing: CH0009219186 (sitEX Properties Hldg N)
[2026-09-01 09:44:31] ✓ CH0009219186: 348 trades downloaded
[2026-09-01 09:44:32] Processing: CH0305002096 (Skilifte Brunni-Haggenegg N)
[2026-09-01 09:44:32] ✓ CH0305002096: 44 trades downloaded
[2026-09-01 09:44:33] Processing: CH0001350328 (Spar + Leihkasse Gürbetal N)
[2026-09-01 09:44:33] ✓ CH0001350328: 289 trades downloaded
[2026-09-01 09:44:34] Processing: CH0001352720 (Spar+Leihkasse Riggisberg)
[2026-09-01 09:44:34] ✓ CH0001352720: 506 trades downloaded
[2026-09-01 09:44:35] Processing: CH0318681860 (Spar- und Leihkasse Bucheggberg N)
[2026-09-01 09:44:36] ✓ CH0318681860: 924 trades downloaded
[2026-09-01 09:44:37] Processing: CH0001350112 (Spar- und Leihkasse Frutigen)
[2026-09-01 09:44:38] ✓ CH0001350112: 364 trades downloaded
[2026-09-01 09:44:39] Processing: CH0001354296 (Spar- und Leihkasse Wynigen)
[2026-09-01 09:44:39] ✓ CH0001354296: 108 trades downloaded
[2026-09-01 09:44:40] Processing: CH0320093559 (Sportbahnen Atzmaennig N)
[2026-09-01 09:44:40] ✓ CH0320093559: 76 trades downloaded
[2026-09-01 09:44:41] Processing: CH0002513312 (SSE Holding N)
[2026-09-01 09:44:41] ✓ CH0002513312: 3437 trades downloaded
[2026-09-01 09:44:42] Processing: CH0009319721 (Stadtcasino Baden AG, Baden)
[2026-09-01 09:44:47] ✓ CH0009319721: 2204 trades downloaded
[2026-09-01 09:44:48] Processing: CH0586685981 (Stanserhorn-Bahn N -10-)
[2026-09-01 09:44:48] ✓ CH0586685981: 25 trades downloaded
[2026-09-01 09:44:49] Processing: CH0586455245 (Stanserhorn-Bahn N -250-)
[2026-09-01 09:44:50] ✓ CH0586455245: 254 trades downloaded
[2026-09-01 09:44:51] Processing: CH0487871656 (STI Hldg N)
[2026-09-01 09:44:51] ✓ CH0487871656: 11 trades downloaded
[2026-09-01 09:44:52] Processing: CH0197490847 (Sunstar-Holding N -A-)
[2026-09-01 09:44:52] ✓ CH0197490847: 883 trades downloaded
[2026-09-01 09:44:53] Processing: CH0341319801 (Sursee-Triengen Bahn N)
[2026-09-01 09:44:54] ✓ CH0341319801: 19 trades downloaded
[2026-09-01 09:44:55] Processing: CH0001395539 (Suvretta-Haus, St. Moritz)
[2026-09-01 09:44:55] ✓ CH0001395539: 226 trades downloaded
[2026-09-01 09:44:56] Processing: CH0002512801 (Swisstulle AG)
[2026-09-01 09:44:56] ✓ CH0002512801: 154 trades downloaded
[2026-09-01 09:44:57] Processing: CH0121640970 (SWS Medien N)
[2026-09-01 09:44:57] ✓ CH0121640970: 136 trades downloaded
[2026-09-01 09:44:58] Processing: CH0002538012 (Tersa AG)
[2026-09-01 09:44:58] ✓ CH0002538012: 131 trades downloaded
[2026-09-01 09:44:59] Processing: CH0596918380 (Thermalbad Zurzach N)
[2026-09-01 09:45:00] ✓ CH0596918380: 656 trades downloaded
[2026-09-01 09:45:01] Processing: CH0223260743 (Toggenburg Bergbahnen N)
[2026-09-01 09:45:01] ✓ CH0223260743: 473 trades downloaded
[2026-09-01 09:45:02] Processing: CH0001725255 (Tonwerk Lausen N)
[2026-09-01 09:45:02] ✓ CH0001725255: 57 trades downloaded
[2026-09-01 09:45:03] Processing: CH0002557616 (Treib-Seelisberg-Bahn AG)
[2026-09-01 09:45:03] ✓ CH0002557616: 85 trades downloaded
[2026-09-01 09:45:04] Processing: CH0002569694 (Tuwag Immobilien AG, Wädenswil)
[2026-09-01 09:45:04] ✓ CH0002569694: 54 trades downloaded
[2026-09-01 09:45:05] Processing: CH0326691679 (Unione Farmaceutica Distr N)
[2026-09-01 09:45:05] ✓ CH0326691679: 24 trades downloaded
[2026-09-01 09:45:06] Processing: CH0326380885 (Unipharma N)
[2026-09-01 09:45:07] ✓ CH0326380885: 9 trades downloaded
[2026-09-01 09:45:08] Processing: CH0306293272 (Usines Metallurgiques de Vallorbe N)
[2026-09-01 09:45:08] ✓ CH0306293272: 65 trades downloaded
[2026-09-01 09:45:09] Processing: CH0033136596 (Viamala Raststätte Thusis AG)
[2026-09-01 09:45:09] ✓ CH0033136596: 2 trades downloaded
[2026-09-01 09:45:10] Processing: CH0029910939 (VOe holding N)
[2026-09-01 09:45:10] ✓ CH0029910939: 379 trades downloaded
[2026-09-01 09:45:11] Processing: CH0212936964 (Weiss+Appetito N)
[2026-09-01 09:45:12] ✓ CH0212936964: 1286 trades downloaded
[2026-09-01 09:45:13] Processing: CH0000041795 (Weisse Arena AG, Laax)
[2026-09-01 09:45:13] ✓ CH0000041795: 1464 trades downloaded
[2026-09-01 09:45:14] Processing: CH0004960180 (Weleda N-PS)
[2026-09-01 09:45:15] ✓ CH0004960180: 2683 trades downloaded
[2026-09-01 09:45:16] Processing: CH0010173182 (Welinvest AG in Liquidation)
[2026-09-01 09:45:16] ✓ CH0010173182: 1999 trades downloaded
[2026-09-01 09:45:17] Processing: CH1204218437 (WIR Bank BS N)
[2026-09-01 09:45:17] ✓ CH1204218437: 375 trades downloaded
[2026-09-01 09:45:18] Processing: CH1102090151 (WWZ N)
[2026-09-01 09:45:20] ✓ CH1102090151: 5493 trades downloaded
[2026-09-01 09:45:21] Processing: CH0002056114 (Zermatt Bergbahnen N)
[2026-09-01 09:45:21] ✓ CH0002056114: 603 trades downloaded
[2026-09-01 09:45:22] Processing: CH0002370903 (ZLB Zürcher Landbank)
[2026-09-01 09:45:22] ✓ CH0002370903: 257 trades downloaded
[2026-09-01 09:45:23] Processing: CH0002655501 (Zoologischer Garten, Basel)
[2026-09-01 09:45:23] ✓ CH0002655501: 89 trades downloaded
[2026-09-01 09:45:24] Processing: CH0002654934 (ZT Medien N)
[2026-09-01 09:45:24] ✓ CH0002654934: 198 trades downloaded
[2026-09-01 09:45:25] Processing: CH0148052118 (Zug Estates N Serie A)
[2026-09-01 09:45:25] ✓ CH0148052118: 232 trades downloaded
[2026-09-01 09:45:26] Processing: CH0001671707 (Zürcher Oberland Medien AG, Wetzikon)
[2026-09-01 09:45:27] ✓ CH0001671707: 533 trades downloaded
[2026-09-01 09:45:28] Processing: CH0002658448 (Zürichsee-Fähre Horgen-Meilen AG)
[2026-09-01 09:45:28] ✓ CH0002658448: 1105 trades downloaded
[2026-09-01 09:45:29] Processing: CH0553343069 (Zürichsee-Schifffahrtsgesellschaft)
[2026-09-01 09:45:29] ✓ CH0553343069: 485 trades downloaded
[2026-09-01 09:45:30] ========== SUMMARY ==========
[2026-09-01 09:45:30] Total ISINs processed: 239
[2026-09-01 09:45:30] Successful downloads: 239
[2026-09-01 09:45:30] Failed/Not Found: 0
[2026-09-01 09:45:30] CSV files created: 239
[2026-09-01 09:45:30] Time elapsed: 4m 50s
[2026-09-01 09:45:30] Log saved: /home/runner/work/OTC-X/OTC-X/backend/logs/downloader_2026-09-01_094035.log
[2026-09-01 09:45:30] ======================================================================
[2026-09-01 09:45:30] OTC-X Liquidity Metrics Engine - Starting
[2026-09-01 09:45:30] Timestamp: 2026-09-01 09:45:30
[2026-09-01 09:45:30] ======================================================================
[2026-09-01 09:45:30] [1/4] Loading input data...
[2026-09-01 09:45:30]       Trades: /home/runner/work/OTC-X/OTC-X/backend/data/master_trades.parquet
[2026-09-01 09:45:30]       -> 144,638 trades loaded (227 ISINs)
[2026-09-01 09:45:30]       Securities: /home/runner/work/OTC-X/OTC-X/backend/data/securities.csv
[2026-09-01 09:45:30]       -> 239 securities loaded (11 sectors)
[2026-09-01 09:45:30] [2/4] Computing liquidity metrics...
[2026-09-01 09:45:30]     Step 1/4: Daily aggregation...
[2026-09-01 09:45:30]              78,637 daily observations
[2026-09-01 09:45:30]     Step 2/4: Liquidity metrics...
[2026-09-01 09:45:31]     Step 3/4: Rolling baselines (30 trading days)...
[2026-09-01 09:45:31]     Step 4/4: Anomaly detection...
[2026-09-01 09:45:31] [3/4] Enriching with security metadata...
[2026-09-01 09:45:31]       [!] 6 ISINs have no metadata (Name/Sektor will be null)
[2026-09-01 09:45:31]       -> Final shape: (78637, 26)
[2026-09-01 09:45:31] [4/4] Saving output...
[2026-09-01 09:45:31]       -> Written to: /home/runner/work/OTC-X/OTC-X/backend/data/daily_metrics.parquet
[2026-09-01 09:45:31]       -> Size: 2.56 MB
[2026-09-01 09:45:31] ======================================================================
[2026-09-01 09:45:31] SUCCESS! Pipeline completed.
[2026-09-01 09:45:31] ======================================================================
[2026-09-01 09:45:31] Total rows:       78,637
[2026-09-01 09:45:31] Unique ISINs:     227
[2026-09-01 09:45:31] Unique Sectors:   11
[2026-09-01 09:45:31] Date range:       2004-02-16 to 2026-09-01
[2026-09-01 09:45:31] Elapsed time:     0.2 seconds
[2026-09-01 09:45:31] Output Schema:
[2026-09-01 09:45:31]   Isin                      String
[2026-09-01 09:45:31]   Name                      String
[2026-09-01 09:45:31]   Sektor                    String
[2026-09-01 09:45:31]   Datum                     Date
[2026-09-01 09:45:31]   trades_today              UInt32
[2026-09-01 09:45:31]   volume_today_units        Float64
[2026-09-01 09:45:31]   volume_today_chf          Float64
[2026-09-01 09:45:31]   price_min                 Float64
[2026-09-01 09:45:31]   price_max                 Float64
[2026-09-01 09:45:31]   price_first               Float64
[2026-09-01 09:45:31]   price_last                Float64
[2026-09-01 09:45:31]   price_change_pct          Float64
[2026-09-01 09:45:31]   log_returns               Float64
[2026-09-01 09:45:31]   volatility_daily          Float64
[2026-09-01 09:45:31]   amihud_daily              Float64
[2026-09-01 09:45:31]   spread_log_hl             Float64
[2026-09-01 09:45:31]   trade_duration_min        Float64
[2026-09-01 09:45:31]   off_book_pct              Float64
[2026-09-01 09:45:31]   trades_30d_median         Float64
[2026-09-01 09:45:31]   volume_30d_median         Float64
[2026-09-01 09:45:31]   volatility_30d_median     Float64
[2026-09-01 09:45:31]   amihud_30d_median         Float64
[2026-09-01 09:45:31]   volume_spike              Boolean
[2026-09-01 09:45:31]   activity_spike            Boolean
[2026-09-01 09:45:31]   price_gap                 Boolean
[2026-09-01 09:45:31]   anomaly_score             UInt8
[2026-09-01 09:45:31] High-anomaly observations (score >= 5): 14,923 total
[2026-09-01 09:45:31]   2026-09-01 | CH0000975372 | Score: 5 | Price Change: -3.29%
[2026-09-01 09:45:31]   2026-09-01 | CH0002513312 | Score: 5 | Price Change: 0.79%
[2026-09-01 09:45:31]   2026-09-01 | CH1112956201 | Score: 5 | Price Change: -0.86%
[2026-09-01 09:45:31]   2026-08-31 | CH0001344685 | Score: 5 | Price Change: 0.00%
[2026-09-01 09:45:31]   2026-08-31 | CH0001413704 | Score: 5 | Price Change: 0.15%
