[2026-10-08 11:42:10] OTC-X Trade Downloader started
[2026-10-08 11:42:10] Loaded 239 rows from /home/runner/work/OTC-X/OTC-X/backend/data/securities.csv
[2026-10-08 11:42:10] Processing: CH1559311092 (acrevis Bank N)
[2026-10-08 11:42:10] ✓ CH1559311092: 190 trades downloaded
[2026-10-08 11:42:11] Processing: CH0006668930 (ADEV Solarstrom AG, Liestal)
[2026-10-08 11:42:12] ✓ CH0006668930: 494 trades downloaded
[2026-10-08 11:42:13] Processing: CH0006524265 (ADEV Wasserkraftwerk AG, Liestal)
[2026-10-08 11:42:13] ✓ CH0006524265: 218 trades downloaded
[2026-10-08 11:42:14] Processing: CH0010497532 (ADEV Windkraft AG, Liestal)
[2026-10-08 11:42:14] ✓ CH0010497532: 156 trades downloaded
[2026-10-08 11:42:15] Processing: CH0034900248 (AG für Erstellung billiger Wohnhäuser in Winterthu)
[2026-10-08 11:42:15] ✓ CH0034900248: 119 trades downloaded
[2026-10-08 11:42:16] Processing: CH0001402418 (Agruna AG)
[2026-10-08 11:42:16] ✓ CH0001402418: 333 trades downloaded
[2026-10-08 11:42:17] Processing: CH0002599352 (Aletsch Bahnen N)
[2026-10-08 11:42:17] ✓ CH0002599352: 418 trades downloaded
[2026-10-08 11:42:18] Processing: CH0011322200 (Alpha Rheintal Bank, Heerbrugg)
[2026-10-08 11:42:18] ✓ CH0011322200: 1221 trades downloaded
[2026-10-08 11:42:19] Processing: CH0001418216 (Aluminium-Laufen AG Liesberg)
[2026-10-08 11:42:19] ✓ CH0001418216: 221 trades downloaded
[2026-10-08 11:42:20] Processing: CH0185254742 (Andermatt-Sedrun Sport AG)
[2026-10-08 11:42:21] ✓ CH0185254742: 452 trades downloaded
[2026-10-08 11:42:22] Processing: CH0026212446 (Appenzeller Bahnen)
[2026-10-08 11:42:22] ✓ CH0026212446: 250 trades downloaded
[2026-10-08 11:42:23] Processing: CH0001430930 (Arosa Bergbahnen AG, Arosa)
[2026-10-08 11:42:23] ✓ CH0001430930: 853 trades downloaded
[2026-10-08 11:42:24] Processing: CH0001457826 (Auto AG Schwyz, Schwyz)
[2026-10-08 11:42:24] ✓ CH0001457826: 96 trades downloaded
[2026-10-08 11:42:25] Processing: CH0029706766 (Auto AG Uri)
[2026-10-08 11:42:25] ✓ CH0029706766: 23 trades downloaded
[2026-10-08 11:42:26] Processing: CH0032018688 (Auto Hldg N)
[2026-10-08 11:42:26] ✓ CH0032018688: 1654 trades downloaded
[2026-10-08 11:42:27] Processing: CH0023777235 (aventron N)
[2026-10-08 11:42:28] ✓ CH0023777235: 652 trades downloaded
[2026-10-08 11:42:29] Processing: CH0003857031 (Bad Schinznach AG, Schinznach)
[2026-10-08 11:42:29] ✓ CH0003857031: 1063 trades downloaded
[2026-10-08 11:42:30] Processing: CH0001314852 (Bank in Zuzwil)
[2026-10-08 11:42:30] ✓ CH0001314852: 47 trades downloaded
[2026-10-08 11:42:31] Processing: CH0039074692 (Bank Leerau)
[2026-10-08 11:42:31] ✓ CH0039074692: 150 trades downloaded
[2026-10-08 11:42:32] Processing: CH0013792848 (Bank Oberaargau N)
[2026-10-08 11:42:32] ✓ CH0013792848: 543 trades downloaded
[2026-10-08 11:42:33] Processing: CH0001351862 (Bank SLM N)
[2026-10-08 11:42:33] ✓ CH0001351862: 484 trades downloaded
[2026-10-08 11:42:34] Processing: CH0049588129 (Bank von Roll AG)
[2026-10-08 11:42:34] ✓ CH0049588129: 252 trades downloaded
[2026-10-08 11:42:35] Processing: CH0303601253 (BB Adelboden N)
[2026-10-08 11:42:35] ✓ CH0303601253: 346 trades downloaded
[2026-10-08 11:42:36] Processing: CH0574732894 (BB Lauterbrunnen-Muerren N)
[2026-10-08 11:42:37] ✓ CH0574732894: 16 trades downloaded
[2026-10-08 11:42:38] Processing: CH0010756531 (BBO Bank Brienz-Oberhasli)
[2026-10-08 11:42:38] ✓ CH0010756531: 407 trades downloaded
[2026-10-08 11:42:39] Processing: CH0001507406 (BB Piz Mundaun AG)
[2026-10-08 11:42:39] ✓ CH0001507406: 107 trades downloaded
[2026-10-08 11:42:40] Processing: CH0002353867 (BB Soerenberg AG)
[2026-10-08 11:42:40] ✓ CH0002353867: 242 trades downloaded
[2026-10-08 11:42:41] Processing: CH0010726963 (Beau-Rivage Palace SA, Lausanne-Ouchy)
[2026-10-08 11:42:41] ✓ CH0010726963: 813 trades downloaded
[2026-10-08 11:42:42] Processing: CH0024700483 (Belalp-Bahnen, Naters)
[2026-10-08 11:42:42] ✓ CH0024700483: 29 trades downloaded
[2026-10-08 11:42:43] Processing: CH0187392300 (Bellwald Sportbahnen N)
[2026-10-08 11:42:43] ✓ CH0187392300: 10 trades downloaded
[2026-10-08 11:42:44] Processing: CH0002332093 (Bergbahnen Brigels N)
[2026-10-08 11:42:44] ✓ CH0002332093: 148 trades downloaded
[2026-10-08 11:42:45] Processing: CH0018384120 (Bergbahnen Destination Gstaad N)
[2026-10-08 11:42:46] ✓ CH0018384120: 435 trades downloaded
[2026-10-08 11:42:47] Processing: CH0292081723 (Bergbahnen Disentis N)
[2026-10-08 11:42:47] ✓ CH0292081723: 96 trades downloaded
[2026-10-08 11:42:48] Processing: CH0580517032 (Bergbahnen Hohsaas N)
[2026-10-08 11:42:48] ✓ CH0580517032: 0 trades downloaded
[2026-10-08 11:42:49] Processing: CH0036505888 (Bergbahnen Meiringen-Hasliberg N)
[2026-10-08 11:42:49] ✓ CH0036505888: 465 trades downloaded
[2026-10-08 11:42:50] Processing: CH0342666572 (Bergbahnen Scuol N)
[2026-10-08 11:42:50] ✓ CH0342666572: 254 trades downloaded
[2026-10-08 11:42:51] Processing: CH0016568880 (Bergbahnen Splügen-Tambo N)
[2026-10-08 11:42:51] ✓ CH0016568880: 47 trades downloaded
[2026-10-08 11:42:52] Processing: CH0045885032 (Bergbahnen Wildhaus AG)
[2026-10-08 11:42:52] ✓ CH0045885032: 91 trades downloaded
[2026-10-08 11:42:53] Processing: CH0014874918 (Bernerland Bank, Sumiswald)
[2026-10-08 11:42:54] ✓ CH0014874918: 910 trades downloaded
[2026-10-08 11:42:55] Processing: CH0322776573 (Berner Oberland-Bahnen N)
[2026-10-08 11:42:55] ✓ CH0322776573: 253 trades downloaded
[2026-10-08 11:42:56] Processing: CH0011100341 (BERNEXPO N)
[2026-10-08 11:42:56] ✓ CH0011100341: 2272 trades downloaded
[2026-10-08 11:42:57] Processing: CH0018043619 (Biene-Bank im Rheintal)
[2026-10-08 11:42:57] ✓ CH0018043619: 382 trades downloaded
[2026-10-08 11:42:58] Processing: CH0025889160 (BLS N)
[2026-10-08 11:42:58] ✓ CH0025889160: 1468 trades downloaded
[2026-10-08 11:42:59] Processing: CH0012684657 (Bobst Group N)
[2026-10-08 11:42:59] ✓ CH0012684657: 3459 trades downloaded
[2026-10-08 11:43:00] Processing: CH0545753953 (Bondpartners N)
[2026-10-08 11:43:00] ✓ CH0545753953: 169 trades downloaded
[2026-10-08 11:43:01] Processing: CH0001542635 (Brauerei Schützengarten AG N)
[2026-10-08 11:43:01] ✓ CH0001542635: 165 trades downloaded
[2026-10-08 11:43:02] Processing: CH0001542643 (Brauerei Schützengarten AG PS)
[2026-10-08 11:43:03] ✓ CH0001542643: 648 trades downloaded
[2026-10-08 11:43:04] Processing: CH0002052501 (Brunni-Bahnen N)
[2026-10-08 11:43:04] ✓ CH0002052501: 597 trades downloaded
[2026-10-08 11:43:05] Processing: CH0009438109 (BS Bank, Schaffhausen)
[2026-10-08 11:43:05] ✓ CH0009438109: 515 trades downloaded
[2026-10-08 11:43:06] Processing: CH0002657978 (Bystronic -B- N)
[2026-10-08 11:43:06] ✓ CH0002657978: 441 trades downloaded
[2026-10-08 11:43:07] Processing: CH0001570057 (Caran d`Ache, Genève, Serie B)
[2026-10-08 11:43:07] ✓ CH0001570057: 91 trades downloaded
[2026-10-08 11:43:08] Processing: CH0102022560 (CasaInvest N)
[2026-10-08 11:43:08] ✓ CH0102022560: 893 trades downloaded
[2026-10-08 11:43:09] Processing: CH1127803547 (Casale Holding Rg)
[2026-10-08 11:43:09] ✓ CH1127803547: 14 trades downloaded
[2026-10-08 11:43:10] Processing: CH0004959505 (Casino de Montreux SA Nom 100)
[2026-10-08 11:43:10] ✓ CH0004959505: 452 trades downloaded
[2026-10-08 11:43:11] Processing: CH0004959471 (Casino de Montreux SA Nom 50)
[2026-10-08 11:43:11] ✓ CH0004959471: 34 trades downloaded
[2026-10-08 11:43:12] Processing: CH0324791133 (Chemholding N)
[2026-10-08 11:43:13] ✓ CH0324791133: 4 trades downloaded
[2026-10-08 11:43:14] Processing: CH0020603475 (CKW N)
[2026-10-08 11:43:14] ✓ CH0020603475: 1568 trades downloaded
[2026-10-08 11:43:15] Processing: CH0010583448 (Clientis Bank Aareland N)
[2026-10-08 11:43:15] ✓ CH0010583448: 274 trades downloaded
[2026-10-08 11:43:16] Processing: CH0001336319 (Clientis Bank Oberuzwil AG)
[2026-10-08 11:43:16] ✓ CH0001336319: 78 trades downloaded
[2026-10-08 11:43:17] Processing: CH0010621925 (Clientis Bank Toggenburg)
[2026-10-08 11:43:17] ✓ CH0010621925: 215 trades downloaded
[2026-10-08 11:43:18] Processing: CH0001357000 (Clientis Sparkasse Oftringen)
[2026-10-08 11:43:18] ✓ CH0001357000: 192 trades downloaded
[2026-10-08 11:43:19] Processing: CH0001579363 (CMSA Holding N)
[2026-10-08 11:43:19] ✓ CH0001579363: 1403 trades downloaded
[2026-10-08 11:43:20] Processing: CH0032462910 (Corvatsch AG Nom 3, Silvaplana)
[2026-10-08 11:43:20] ✓ CH0032462910: 540 trades downloaded
[2026-10-08 11:43:21] Processing: CH1100211528 (Crédit Mutuel de la Vallée N)
[2026-10-08 11:43:22] ✓ CH1100211528: 35 trades downloaded
[2026-10-08 11:43:23] Processing: CH0019556908 (Cresta Palace Celerina N)
[2026-10-08 11:43:23] ✓ CH0019556908: 235 trades downloaded
[2026-10-08 11:43:24] Processing: CH0433137400 (Davos Klosters Bergbahnen N)
[2026-10-08 11:43:24] ✓ CH0433137400: 579 trades downloaded
[2026-10-08 11:43:25] Processing: CH0109916244 (Diavolezza Lagalb N)
[2026-10-08 11:43:25] ✓ CH0109916244: 57 trades downloaded
[2026-10-08 11:43:26] Processing: CH0001665147 (Dolder Hotel AG, Zürich)
[2026-10-08 11:43:26] ✓ CH0001665147: 592 trades downloaded
[2026-10-08 11:43:27] Processing: CH0578688241 (Drahtseilbahn Marzili N)
[2026-10-08 11:43:27] ✓ CH0578688241: 10 trades downloaded
[2026-10-08 11:43:28] Processing: CH0001669255 (Drahtseilbahn Marzili-Stadt Bern N)
[2026-10-08 11:43:28] ✓ CH0001669255: 39 trades downloaded
[2026-10-08 11:43:29] Processing: CH0001777876 (ebs Erdgas + Biogas)
[2026-10-08 11:43:29] ✓ CH0001777876: 48 trades downloaded
[2026-10-08 11:43:30] Processing: CH1159308571 (EcoRenova N)
[2026-10-08 11:43:31] ✓ CH1159308571: 5 trades downloaded
[2026-10-08 11:43:32] Processing: CH0102699540 (Energ Elec du Simplon E.E.S.)
[2026-10-08 11:43:32] ✓ CH0102699540: 97 trades downloaded
[2026-10-08 11:43:33] Processing: CH0014386996 (Energie Zürichsee Linth N)
[2026-10-08 11:43:33] ✓ CH0014386996: 895 trades downloaded
[2026-10-08 11:43:34] Processing: CH0031926105 (Engadin Mountains AG)
[2026-10-08 11:43:34] ✓ CH0031926105: 701 trades downloaded
[2026-10-08 11:43:35] Processing: CH0129442221 (Eniwa Holding AG)
[2026-10-08 11:43:35] ✓ CH0129442221: 878 trades downloaded
[2026-10-08 11:43:36] Processing: CH0001337200 (Ersparniskasse Affoltern)
[2026-10-08 11:43:36] ✓ CH0001337200: 234 trades downloaded
[2026-10-08 11:43:37] Processing: CH0001704680 (Eskimo Textil AG, Turbenthal)
[2026-10-08 11:43:37] ✓ CH0001704680: 35 trades downloaded
[2026-10-08 11:43:38] Processing: CH0002557400 (Espace Real Estate Hldg N)
[2026-10-08 11:43:38] ✓ CH0002557400: 3349 trades downloaded
[2026-10-08 11:43:39] Processing: CH0001239398 (EW Brig-Naters EWBN)
[2026-10-08 11:43:40] ✓ CH0001239398: 158 trades downloaded
[2026-10-08 11:43:41] Processing: CH0001690533 (EW Jona-Rapperswil, Jona)
[2026-10-08 11:43:41] ✓ CH0001690533: 1594 trades downloaded
[2026-10-08 11:43:42] Processing: CH0001691614 (EW Uznach AG)
[2026-10-08 11:43:42] ✓ CH0001691614: 235 trades downloaded
[2026-10-08 11:43:43] Processing: CH0001413704 (Flughafen Bern AG N)
[2026-10-08 11:43:43] ✓ CH0001413704: 550 trades downloaded
[2026-10-08 11:43:44] Processing: CH1106247997 (Funi Locarno-Madonna N)
[2026-10-08 11:43:44] ✓ CH1106247997: 14 trades downloaded
[2026-10-08 11:43:45] Processing: CH1104949586 (Funi Lugano-Paradiso N)
[2026-10-08 11:43:45] ✓ CH1104949586: 20 trades downloaded
[2026-10-08 11:43:46] Processing: CH0001602009 (Generale Beaulieu Holding SA)
[2026-10-08 11:43:46] ✓ CH0001602009: 221 trades downloaded
[2026-10-08 11:43:47] Processing: CH1405847034 (Geoterra Holding Rg)
[2026-10-08 11:43:47] ✓ CH1405847034: 502 trades downloaded
[2026-10-08 11:43:48] Processing: CH0006980079 (Gondelbahn Grindelwald N)
[2026-10-08 11:43:49] ✓ CH0006980079: 573 trades downloaded
[2026-10-08 11:43:50] Processing: CH0375446173 (Gondrand Hldg Vz N)
[2026-10-08 11:43:50] ✓ CH0375446173: 84 trades downloaded
[2026-10-08 11:43:51] Processing: CH0002221338 (Gotthard Raststätte A2 Uri AG)
[2026-10-08 11:43:51] ✓ CH0002221338: 1101 trades downloaded
[2026-10-08 11:43:52] Processing: CH0002541586 (Grand Resort Bad Ragaz, Bad Ragaz)
[2026-10-08 11:43:52] ✓ CH0002541586: 1226 trades downloaded
[2026-10-08 11:43:53] Processing: CH0006532565 (Griesser Holding AG, Aadorf)
[2026-10-08 11:43:53] ✓ CH0006532565: 1386 trades downloaded
[2026-10-08 11:43:54] Processing: CH0016523125 (Griston Holding AG)
[2026-10-08 11:43:54] ✓ CH0016523125: 480 trades downloaded
[2026-10-08 11:43:55] Processing: CH0005051021 (Gurtenbahn AG N)
[2026-10-08 11:43:55] ✓ CH0005051021: 121 trades downloaded
[2026-10-08 11:43:56] Processing: CH0023124214 (HBB Holding AG)
[2026-10-08 11:43:56] ✓ CH0023124214: 445 trades downloaded
[2026-10-08 11:43:57] Processing: CH0001865523 (Heim im Bergli AG, Luzern)
[2026-10-08 11:43:58] ✓ CH0001865523: 60 trades downloaded
[2026-10-08 11:43:59] Processing: CH0304280636 (Helvetic Star Holding)
[2026-10-08 11:43:59] ✓ CH0304280636: 70 trades downloaded
[2026-10-08 11:44:00] Processing: CH0000648680 (Hochalpines Institut Ftan AG)
[2026-10-08 11:44:00] ✓ CH0000648680: 143 trades downloaded
[2026-10-08 11:44:01] Processing: CH0016016849 (Hoch-Ybrig N)
[2026-10-08 11:44:01] ✓ CH0016016849: 712 trades downloaded
[2026-10-08 11:44:02] Processing: CH0001992681 (Hof Weissbad AG)
[2026-10-08 11:44:02] ✓ CH0001992681: 1493 trades downloaded
[2026-10-08 11:44:03] Processing: CH0010923875 (Hoher Kasten Drehrestaurant und Seilbahn AG)
[2026-10-08 11:44:04] ✓ CH0010923875: 685 trades downloaded
[2026-10-08 11:44:05] Processing: CH0020502743 (Holdinova N)
[2026-10-08 11:44:06] ✓ CH0020502743: 5253 trades downloaded
[2026-10-08 11:44:07] Processing: CH0001906848 (Imbrex Hldg N)
[2026-10-08 11:44:07] ✓ CH0001906848: 344 trades downloaded
[2026-10-08 11:44:08] Processing: CH0001910089 (Immges Viamala, Thusis)
[2026-10-08 11:44:08] ✓ CH0001910089: 87 trades downloaded
[2026-10-08 11:44:09] Processing: CH0324793667 (Immobiliare Pharmapark N)
[2026-10-08 11:44:09] ✓ CH0324793667: 63 trades downloaded
[2026-10-08 11:44:10] Processing: CH0001344685 (KB Nidwalden PS)
[2026-10-08 11:44:10] ✓ CH0001344685: 124 trades downloaded
[2026-10-08 11:44:11] Processing: CH0263939958 (Klosters-Madrisa N)
[2026-10-08 11:44:11] ✓ CH0263939958: 177 trades downloaded
[2026-10-08 11:44:12] Processing: CH0001514501 (Kongresshaus Zürich AG, Zürich)
[2026-10-08 11:44:13] ✓ CH0001514501: 836 trades downloaded
[2026-10-08 11:44:14] Processing: CH0115029545 (Konkordia AG N)
[2026-10-08 11:44:14] ✓ CH0115029545: 248 trades downloaded
[2026-10-08 11:44:15] Processing: CH0002052915 (Kronberg N)
[2026-10-08 11:44:15] ✓ CH0002052915: 236 trades downloaded
[2026-10-08 11:44:16] Processing: CH0001574604 (Kursaal-Casino AG, Luzern GS)
[2026-10-08 11:44:16] ✓ CH0001574604: 219 trades downloaded
[2026-10-08 11:44:17] Processing: CH0001574596 (Kursaal-Casino AG, Luzern N)
[2026-10-08 11:44:17] ✓ CH0001574596: 1825 trades downloaded
[2026-10-08 11:44:18] Processing: CH0001989513 (Kursaal Interlaken N)
[2026-10-08 11:44:18] ✓ CH0001989513: 685 trades downloaded
[2026-10-08 11:44:19] Processing: CH0304449611 (Lagerhäuser der Centralschweiz N)
[2026-10-08 11:44:19] ✓ CH0304449611: 234 trades downloaded
[2026-10-08 11:44:20] Processing: CH0002400585 (Landwirtschaft ZRA, Aarberg)
[2026-10-08 11:44:21] ✓ CH0002400585: 238 trades downloaded
[2026-10-08 11:44:22] Processing: CH0001343885 (Leihkasse Stammheim)
[2026-10-08 11:44:22] ✓ CH0001343885: 121 trades downloaded
[2026-10-08 11:44:23] Processing: CH0001788345 (Lenk Bergbahnen, Lenk)
[2026-10-08 11:44:23] ✓ CH0001788345: 203 trades downloaded
[2026-10-08 11:44:24] Processing: CH0023497271 (Lenzerheide Bergbahnen)
[2026-10-08 11:44:24] ✓ CH0023497271: 1246 trades downloaded
[2026-10-08 11:44:25] Processing: CH0001318374 (Lienhardt & Partner Privatbank Zürich AG, Zürich)
[2026-10-08 11:44:25] ✓ CH0001318374: 496 trades downloaded
[2026-10-08 11:44:26] Processing: CH0002045471 (Loeb Holding N -B-)
[2026-10-08 11:44:26] ✓ CH0002045471: 253 trades downloaded
[2026-10-08 11:44:27] Processing: CH0002045497 (Loeb Holding PS)
[2026-10-08 11:44:27] ✓ CH0002045497: 2698 trades downloaded
[2026-10-08 11:44:28] Processing: CH0105175175 (Lorze AG)
[2026-10-08 11:44:28] ✓ CH0105175175: 292 trades downloaded
[2026-10-08 11:44:29] Processing: CH0001542601 (Löwengarten AG)
[2026-10-08 11:44:30] ✓ CH0001542601: 22 trades downloaded
[2026-10-08 11:44:31] Processing: CH0563381901 (LSB Dallenwil-Wirzweli N)
[2026-10-08 11:44:31] ✓ CH0563381901: 6 trades downloaded
[2026-10-08 11:44:32] Processing: CH0002052782 (LSB Grindelwald-Pfingstegg AG)
[2026-10-08 11:44:32] ✓ CH0002052782: 165 trades downloaded
[2026-10-08 11:44:33] Processing: CH0002055819 (LSB Wasserauen-Ebenalp AG)
[2026-10-08 11:44:33] ✓ CH0002055819: 87 trades downloaded
[2026-10-08 11:44:34] Processing: CH0002056031 (LSB Wengen-Männlichen AG)
[2026-10-08 11:44:34] ✓ CH0002056031: 358 trades downloaded
[2026-10-08 11:44:35] Processing: CH0002056957 (Lurag AG, Neuenkirch)
[2026-10-08 11:44:35] ✓ CH0002056957: 797 trades downloaded
[2026-10-08 11:44:36] Processing: CH0002057070 (Lyceum Alpinum Zuoz AG)
[2026-10-08 11:44:36] ✓ CH0002057070: 146 trades downloaded
[2026-10-08 11:44:37] Processing: CH0198963503 (Magazzini Generali N)
[2026-10-08 11:44:37] ✓ CH0198963503: 22 trades downloaded
[2026-10-08 11:44:38] Processing: CH0016376714 (Matterhorn Gotthard Verkehr AG)
[2026-10-08 11:44:39] ✓ CH0016376714: 110 trades downloaded
[2026-10-08 11:44:40] Processing: CH0014069212 (Menzi Muck Gruppe N)
[2026-10-08 11:44:40] ✓ CH0014069212: 1348 trades downloaded
[2026-10-08 11:44:41] Processing: CH0002092622 (Metall Zug AG Serie A)
[2026-10-08 11:44:41] ✓ CH0002092622: 586 trades downloaded
[2026-10-08 11:44:42] Processing: CH0107020692 (Montana Tech N)
[2026-10-08 11:44:42] ✓ CH0107020692: 1697 trades downloaded
[2026-10-08 11:44:43] Processing: CH0003798599 (Montreux-Berner Oberland Bahn)
[2026-10-08 11:44:43] ✓ CH0003798599: 474 trades downloaded
[2026-10-08 11:44:44] Processing: CH0126517975 (Neue Zürcher Zeitung, Zürich)
[2026-10-08 11:44:44] ✓ CH0126517975: 3975 trades downloaded
[2026-10-08 11:44:45] Processing: CH0187475709 (Nexus Gr Hold N)
[2026-10-08 11:44:46] ✓ CH0187475709: 167 trades downloaded
[2026-10-08 11:44:47] Processing: CH0572824867 (Niederhornbahn N)
[2026-10-08 11:44:47] ✓ CH0572824867: 69 trades downloaded
[2026-10-08 11:44:48] Processing: CH1104984104 (Niesenbahn N)
[2026-10-08 11:44:48] ✓ CH1104984104: 171 trades downloaded
[2026-10-08 11:44:49] Processing: CH0013592248 (NORINVEST HLDG N)
[2026-10-08 11:44:49] ✓ CH0013592248: 163 trades downloaded
[2026-10-08 11:44:50] Processing: CH0002160460 (Opernhaus Zürich N 300)
[2026-10-08 11:44:50] ✓ CH0002160460: 29 trades downloaded
[2026-10-08 11:44:51] Processing: CH0002160478 (Opernhaus Zürich N 900)
[2026-10-08 11:44:51] ✓ CH0002160478: 372 trades downloaded
[2026-10-08 11:44:52] Processing: CH0017915742 (OTC-X All Share)
[2026-10-08 11:44:52] ✓ CH0017915742: 0 trades downloaded
[2026-10-08 11:44:53] Processing: CH0017915718 (OTC-X Banken)
[2026-10-08 11:44:54] ✓ CH0017915718: 0 trades downloaded
[2026-10-08 11:44:55] Processing: CH0039576753 (OTC-X Bergbahnen)
[2026-10-08 11:44:55] ✓ CH0039576753: 0 trades downloaded
[2026-10-08 11:44:56] Processing: CH0039576787 (OTC-X Beteiligungsgesellschaften)
[2026-10-08 11:44:56] ✓ CH0039576787: 0 trades downloaded
[2026-10-08 11:44:57] Processing: CH0017915692 (OTC-X Energie)
[2026-10-08 11:44:57] ✓ CH0017915692: 0 trades downloaded
[2026-10-08 11:44:58] Processing: CH0039576837 (OTC-X Immobilien)
[2026-10-08 11:44:58] ✓ CH0039576837: 0 trades downloaded
[2026-10-08 11:44:59] Processing: CH0017915684 (OTC-X Industrie)
[2026-10-08 11:44:59] ✓ CH0017915684: 0 trades downloaded
[2026-10-08 11:45:00] Processing: CH0039576860 (OTC-X Liquidity)
[2026-10-08 11:45:00] ✓ CH0039576860: 0 trades downloaded
[2026-10-08 11:45:01] Processing: CH0017915668 (OTC-X Medien)
[2026-10-08 11:45:02] ✓ CH0017915668: 0 trades downloaded
[2026-10-08 11:45:03] Processing: CH0039576852 (OTC-X Nahrung und Getraenke)
[2026-10-08 11:45:03] ✓ CH0039576852: 0 trades downloaded
[2026-10-08 11:45:04] Processing: CH0213109793 (OTC-X Premium)
[2026-10-08 11:45:04] ✓ CH0213109793: 0 trades downloaded
[2026-10-08 11:45:05] Processing: CH0017915726 (OTC-X TOP50)
[2026-10-08 11:45:05] ✓ CH0017915726: 0 trades downloaded
[2026-10-08 11:45:06] Processing: CH0017915643 (OTC-X Tourismus/Freizeit/Sonstiges)
[2026-10-08 11:45:06] ✓ CH0017915643: 0 trades downloaded
[2026-10-08 11:45:07] Processing: CH0017915635 (OTC-X Transport/Verkehr/Logistik)
[2026-10-08 11:45:07] ✓ CH0017915635: 0 trades downloaded
[2026-10-08 11:45:08] Processing: CH1582436247 (Outdoor Switzerland N)
[2026-10-08 11:45:08] ✓ CH1582436247: 21 trades downloaded
[2026-10-08 11:45:09] Processing: CH0002174743 (Parking des Alpes N)
[2026-10-08 11:45:09] ✓ CH0002174743: 9 trades downloaded
[2026-10-08 11:45:10] Processing: CH0016049881 (Patiswiss AG)
[2026-10-08 11:45:11] ✓ CH0016049881: 1039 trades downloaded
[2026-10-08 11:45:12] Processing: CH1350861261 (Perlen Industrieholding N)
[2026-10-08 11:45:12] ✓ CH1350861261: 1636 trades downloaded
[2026-10-08 11:45:13] Processing: CH0009005973 (Pilatus-Bahnen AG, Kriens)
[2026-10-08 11:45:13] ✓ CH0009005973: 1887 trades downloaded
[2026-10-08 11:45:14] Processing: CH0012457633 (Plaston Holding AG)
[2026-10-08 11:45:14] ✓ CH0012457633: 1428 trades downloaded
[2026-10-08 11:45:15] Processing: CH0284143929 (PLAZZA-B-N)
[2026-10-08 11:45:15] ✓ CH0284143929: 113 trades downloaded
[2026-10-08 11:45:16] Processing: CH0286266488 (Ports Francs et Entrepôts de Genève)
[2026-10-08 11:45:16] ✓ CH0286266488: 0 trades downloaded
[2026-10-08 11:45:17] Processing: CH0122303669 (Prayon Switzerland N)
[2026-10-08 11:45:17] ✓ CH0122303669: 22 trades downloaded
[2026-10-08 11:45:18] Processing: CH0013283368 (Precious Woods Hldg N)
[2026-10-08 11:45:18] ✓ CH0013283368: 588 trades downloaded
[2026-10-08 11:45:19] Processing: CH0002218664 (Railtour Suisse SA Nom 100)
[2026-10-08 11:45:20] ✓ CH0002218664: 0 trades downloaded
[2026-10-08 11:45:21] Processing: CH0002218698 (Railtour Suisse SA Nom 500)
[2026-10-08 11:45:21] ✓ CH0002218698: 0 trades downloaded
[2026-10-08 11:45:22] Processing: CH0030333360 (Rapid Holding N)
[2026-10-08 11:45:22] ✓ CH0030333360: 1516 trades downloaded
[2026-10-08 11:45:23] Processing: CH0027315818 (Raststätte Rheintal AG, Sevelen)
[2026-10-08 11:45:23] ✓ CH0027315818: 219 trades downloaded
[2026-10-08 11:45:24] Processing: CH0002221304 (Raststätte Thurau, St. Gallen)
[2026-10-08 11:45:24] ✓ CH0002221304: 196 trades downloaded
[2026-10-08 11:45:25] Processing: CH0018525532 (Raststätte Walensee AG)
[2026-10-08 11:45:25] ✓ CH0018525532: 99 trades downloaded
[2026-10-08 11:45:26] Processing: CH1387788180 (Raurica Wald N-B)
[2026-10-08 11:45:26] ✓ CH1387788180: 19 trades downloaded
[2026-10-08 11:45:27] Processing: CH1112956201 (Regiobank Solothurn N)
[2026-10-08 11:45:28] ✓ CH1112956201: 3403 trades downloaded
[2026-10-08 11:45:29] Processing: CH0002227095 (Reishauer N)
[2026-10-08 11:45:29] ✓ CH0002227095: 1180 trades downloaded
[2026-10-08 11:45:30] Processing: CH0199383602 (Remontées Mécaniques de Grimentz)
[2026-10-08 11:45:30] ✓ CH0199383602: 11 trades downloaded
[2026-10-08 11:45:31] Processing: CH0320096990 (Repower N)
[2026-10-08 11:45:31] ✓ CH0320096990: 5189 trades downloaded
[2026-10-08 11:45:32] Processing: CH0002234398 (Rhätische Bahn RhB / Prior)
[2026-10-08 11:45:32] ✓ CH0002234398: 267 trades downloaded
[2026-10-08 11:45:33] Processing: CH0002234372 (Rhätische Bahn RhB / Stamm)
[2026-10-08 11:45:33] ✓ CH0002234372: 223 trades downloaded
[2026-10-08 11:45:34] Processing: CH0001378626 (Rhiienergie AG, Tamins)
[2026-10-08 11:45:34] ✓ CH0001378626: 136 trades downloaded
[2026-10-08 11:45:35] Processing: CH0016290014 (Rigi Bahnen AG, Goldau)
[2026-10-08 11:45:36] ✓ CH0016290014: 2881 trades downloaded
[2026-10-08 11:45:37] Processing: CH0114457390 (Rottal Auto AG, Ruswil)
[2026-10-08 11:45:37] ✓ CH0114457390: 49 trades downloaded
[2026-10-08 11:45:38] Processing: CH0000975372 (Säntis-Schwebebahn AG, Schwägalp)
[2026-10-08 11:45:38] ✓ CH0000975372: 3258 trades downloaded
[2026-10-08 11:45:39] Processing: CH0002353487 (SB Elm AG N)
[2026-10-08 11:45:39] ✓ CH0002353487: 108 trades downloaded
[2026-10-08 11:45:40] Processing: CH0001394607 (SB im Mythengebiet, Schwyz)
[2026-10-08 11:45:40] ✓ CH0001394607: 55 trades downloaded
[2026-10-08 11:45:41] Processing: CH0002353693 (SB Pischa, Davos)
[2026-10-08 11:45:41] ✓ CH0002353693: 135 trades downloaded
[2026-10-08 11:45:42] Processing: CH0001352928 (SB Saanen Bank)
[2026-10-08 11:45:42] ✓ CH0001352928: 1413 trades downloaded
[2026-10-08 11:45:43] Processing: CH0341320114 (Schifffahrtsges. Hallwilersee)
[2026-10-08 11:45:44] ✓ CH0341320114: 128 trades downloaded
[2026-10-08 11:45:45] Processing: CH0002276266 (Schilthornbahn AG Mürren)
[2026-10-08 11:45:45] ✓ CH0002276266: 2986 trades downloaded
[2026-10-08 11:45:46] Processing: CH0002283601 (Schützen Rheinfelden Immobilien N)
[2026-10-08 11:45:46] ✓ CH0002283601: 292 trades downloaded
[2026-10-08 11:45:47] Processing: CH0006234014 (Schweizer Zucker AG)
[2026-10-08 11:45:47] ✓ CH0006234014: 2362 trades downloaded
[2026-10-08 11:45:48] Processing: CH0002291802 (Schweiz. Schifffahrtsges. Untersee und Rhein N)
[2026-10-08 11:45:48] ✓ CH0002291802: 137 trades downloaded
[2026-10-08 11:45:49] Processing: CH0031151084 (SeeBeteiligungs AG)
[2026-10-08 11:45:49] ✓ CH0031151084: 1056 trades downloaded
[2026-10-08 11:45:50] Processing: CH0030693185 (Seilbahn Weissenstein AG)
[2026-10-08 11:45:50] ✓ CH0030693185: 1136 trades downloaded
[2026-10-08 11:45:51] Processing: CH0421720779 (SGV Holding N)
[2026-10-08 11:45:52] ✓ CH0421720779: 2658 trades downloaded
[2026-10-08 11:45:53] Processing: CH0547027570 (SIA-Haus Vz N)
[2026-10-08 11:45:53] ✓ CH0547027570: 165 trades downloaded
[2026-10-08 11:45:54] Processing: CH0009219186 (sitEX Properties Hldg N)
[2026-10-08 11:45:54] ✓ CH0009219186: 348 trades downloaded
[2026-10-08 11:45:55] Processing: CH0305002096 (Skilifte Brunni-Haggenegg N)
[2026-10-08 11:45:55] ✓ CH0305002096: 46 trades downloaded
[2026-10-08 11:45:56] Processing: CH0001350328 (Spar + Leihkasse Gürbetal N)
[2026-10-08 11:45:56] ✓ CH0001350328: 292 trades downloaded
[2026-10-08 11:45:57] Processing: CH0001352720 (Spar+Leihkasse Riggisberg)
[2026-10-08 11:45:57] ✓ CH0001352720: 508 trades downloaded
[2026-10-08 11:45:58] Processing: CH0318681860 (Spar- und Leihkasse Bucheggberg N)
[2026-10-08 11:45:59] ✓ CH0318681860: 933 trades downloaded
[2026-10-08 11:46:00] Processing: CH0001350112 (Spar- und Leihkasse Frutigen)
[2026-10-08 11:46:00] ✓ CH0001350112: 367 trades downloaded
[2026-10-08 11:46:01] Processing: CH0001354296 (Spar- und Leihkasse Wynigen)
[2026-10-08 11:46:01] ✓ CH0001354296: 108 trades downloaded
[2026-10-08 11:46:02] Processing: CH0320093559 (Sportbahnen Atzmaennig N)
[2026-10-08 11:46:02] ✓ CH0320093559: 77 trades downloaded
[2026-10-08 11:46:03] Processing: CH0002513312 (SSE Holding N)
[2026-10-08 11:46:04] ✓ CH0002513312: 3453 trades downloaded
[2026-10-08 11:46:05] Processing: CH0009319721 (Stadtcasino Baden AG, Baden)
[2026-10-08 11:46:05] ✓ CH0009319721: 2227 trades downloaded
[2026-10-08 11:46:06] Processing: CH0586685981 (Stanserhorn-Bahn N -10-)
[2026-10-08 11:46:06] ✓ CH0586685981: 25 trades downloaded
[2026-10-08 11:46:07] Processing: CH0586455245 (Stanserhorn-Bahn N -250-)
[2026-10-08 11:46:07] ✓ CH0586455245: 260 trades downloaded
[2026-10-08 11:46:08] Processing: CH0487871656 (STI Hldg N)
[2026-10-08 11:46:08] ✓ CH0487871656: 11 trades downloaded
[2026-10-08 11:46:09] Processing: CH0197490847 (Sunstar-Holding N -A-)
[2026-10-08 11:46:09] ✓ CH0197490847: 893 trades downloaded
[2026-10-08 11:46:10] Processing: CH0341319801 (Sursee-Triengen Bahn N)
[2026-10-08 11:46:11] ✓ CH0341319801: 19 trades downloaded
[2026-10-08 11:46:12] Processing: CH0001395539 (Suvretta-Haus, St. Moritz)
[2026-10-08 11:46:12] ✓ CH0001395539: 227 trades downloaded
[2026-10-08 11:46:13] Processing: CH0002512801 (Swisstulle AG)
[2026-10-08 11:46:13] ✓ CH0002512801: 154 trades downloaded
[2026-10-08 11:46:14] Processing: CH0121640970 (SWS Medien N)
[2026-10-08 11:46:14] ✓ CH0121640970: 136 trades downloaded
[2026-10-08 11:46:15] Processing: CH0002538012 (Tersa AG)
[2026-10-08 11:46:15] ✓ CH0002538012: 131 trades downloaded
[2026-10-08 11:46:16] Processing: CH0596918380 (Thermalbad Zurzach N)
[2026-10-08 11:46:16] ✓ CH0596918380: 673 trades downloaded
[2026-10-08 11:46:17] Processing: CH0223260743 (Toggenburg Bergbahnen N)
[2026-10-08 11:46:17] ✓ CH0223260743: 487 trades downloaded
[2026-10-08 11:46:18] Processing: CH0001725255 (Tonwerk Lausen N)
[2026-10-08 11:46:19] ✓ CH0001725255: 57 trades downloaded
[2026-10-08 11:46:20] Processing: CH0002557616 (Treib-Seelisberg-Bahn AG)
[2026-10-08 11:46:20] ✓ CH0002557616: 86 trades downloaded
[2026-10-08 11:46:21] Processing: CH0002569694 (Tuwag Immobilien AG, Wädenswil)
[2026-10-08 11:46:21] ✓ CH0002569694: 54 trades downloaded
[2026-10-08 11:46:22] Processing: CH0326691679 (Unione Farmaceutica Distr N)
[2026-10-08 11:46:22] ✓ CH0326691679: 24 trades downloaded
[2026-10-08 11:46:23] Processing: CH0326380885 (Unipharma N)
[2026-10-08 11:46:23] ✓ CH0326380885: 9 trades downloaded
[2026-10-08 11:46:24] Processing: CH0306293272 (Usines Metallurgiques de Vallorbe N)
[2026-10-08 11:46:24] ✓ CH0306293272: 65 trades downloaded
[2026-10-08 11:46:25] Processing: CH0033136596 (Viamala Raststätte Thusis AG)
[2026-10-08 11:46:25] ✓ CH0033136596: 2 trades downloaded
[2026-10-08 11:46:26] Processing: CH0029910939 (VOe holding N)
[2026-10-08 11:46:26] ✓ CH0029910939: 379 trades downloaded
[2026-10-08 11:46:27] Processing: CH0212936964 (Weiss+Appetito N)
[2026-10-08 11:46:28] ✓ CH0212936964: 1290 trades downloaded
[2026-10-08 11:46:29] Processing: CH0000041795 (Weisse Arena AG, Laax)
[2026-10-08 11:46:29] ✓ CH0000041795: 1479 trades downloaded
[2026-10-08 11:46:30] Processing: CH0004960180 (Weleda N-PS)
[2026-10-08 11:46:30] ✓ CH0004960180: 2695 trades downloaded
[2026-10-08 11:46:31] Processing: CH0010173182 (Welinvest AG in Liquidation)
[2026-10-08 11:46:31] ✓ CH0010173182: 2011 trades downloaded
[2026-10-08 11:46:32] Processing: CH1204218437 (WIR Bank BS N)
[2026-10-08 11:46:32] ✓ CH1204218437: 378 trades downloaded
[2026-10-08 11:46:33] Processing: CH1102090151 (WWZ N)
[2026-10-08 11:46:33] ✓ CH1102090151: 5657 trades downloaded
[2026-10-08 11:46:34] Processing: CH0002056114 (Zermatt Bergbahnen N)
[2026-10-08 11:46:35] ✓ CH0002056114: 610 trades downloaded
[2026-10-08 11:46:36] Processing: CH0002370903 (ZLB Zürcher Landbank)
[2026-10-08 11:46:36] ✓ CH0002370903: 259 trades downloaded
[2026-10-08 11:46:37] Processing: CH0002655501 (Zoologischer Garten, Basel)
[2026-10-08 11:46:37] ✓ CH0002655501: 91 trades downloaded
[2026-10-08 11:46:38] Processing: CH0002654934 (ZT Medien N)
[2026-10-08 11:46:38] ✓ CH0002654934: 198 trades downloaded
[2026-10-08 11:46:39] Processing: CH0148052118 (Zug Estates N Serie A)
[2026-10-08 11:46:39] ✓ CH0148052118: 233 trades downloaded
[2026-10-08 11:46:40] Processing: CH0001671707 (Zürcher Oberland Medien AG, Wetzikon)
[2026-10-08 11:46:40] ✓ CH0001671707: 540 trades downloaded
[2026-10-08 11:46:41] Processing: CH0002658448 (Zürichsee-Fähre Horgen-Meilen AG)
[2026-10-08 11:46:41] ✓ CH0002658448: 1144 trades downloaded
[2026-10-08 11:46:42] Processing: CH0553343069 (Zürichsee-Schifffahrtsgesellschaft)
[2026-10-08 11:46:42] ✓ CH0553343069: 494 trades downloaded
[2026-10-08 11:46:43] ========== SUMMARY ==========
[2026-10-08 11:46:43] Total ISINs processed: 239
[2026-10-08 11:46:43] Successful downloads: 239
[2026-10-08 11:46:43] Failed/Not Found: 0
[2026-10-08 11:46:43] CSV files created: 239
[2026-10-08 11:46:43] Time elapsed: 4m 33s
[2026-10-08 11:46:43] Log saved: /home/runner/work/OTC-X/OTC-X/backend/logs/downloader_2026-10-08_114207.log
[2026-10-08 11:46:44] ======================================================================
[2026-10-08 11:46:44] OTC-X Liquidity Metrics Engine - Starting
[2026-10-08 11:46:44] Timestamp: 2026-10-08 11:46:44
[2026-10-08 11:46:44] ======================================================================
[2026-10-08 11:46:44] [1/4] Loading input data...
[2026-10-08 11:46:44]       Trades: /home/runner/work/OTC-X/OTC-X/backend/data/master_trades.parquet
[2026-10-08 11:46:44]       -> 146,353 trades loaded (227 ISINs)
[2026-10-08 11:46:44]       Securities: /home/runner/work/OTC-X/OTC-X/backend/data/securities.csv
[2026-10-08 11:46:44]       -> 239 securities loaded (11 sectors)
[2026-10-08 11:46:44] [2/4] Computing liquidity metrics...
[2026-10-08 11:46:44]     Step 1/4: Daily aggregation...
[2026-10-08 11:46:44]              79,358 daily observations
[2026-10-08 11:46:44]     Step 2/4: Liquidity metrics...
[2026-10-08 11:46:44]     Step 3/4: Rolling baselines (30 trading days)...
[2026-10-08 11:46:44]     Step 4/4: Anomaly detection...
[2026-10-08 11:46:44] [3/4] Enriching with security metadata...
[2026-10-08 11:46:44]       [!] 6 ISINs have no metadata (Name/Sektor will be null)
[2026-10-08 11:46:44]       -> Final shape: (79358, 26)
[2026-10-08 11:46:44] [4/4] Saving output...
[2026-10-08 11:46:44]       -> Written to: /home/runner/work/OTC-X/OTC-X/backend/data/daily_metrics.parquet
[2026-10-08 11:46:44]       -> Size: 2.59 MB
[2026-10-08 11:46:44] ======================================================================
[2026-10-08 11:46:44] SUCCESS! Pipeline completed.
[2026-10-08 11:46:44] ======================================================================
[2026-10-08 11:46:44] Total rows:       79,358
[2026-10-08 11:46:44] Unique ISINs:     227
[2026-10-08 11:46:44] Unique Sectors:   11
[2026-10-08 11:46:44] Date range:       2004-02-16 to 2026-10-08
[2026-10-08 11:46:44] Elapsed time:     0.2 seconds
[2026-10-08 11:46:44] Output Schema:
[2026-10-08 11:46:44]   Isin                      String
[2026-10-08 11:46:44]   Name                      String
[2026-10-08 11:46:44]   Sektor                    String
[2026-10-08 11:46:44]   Datum                     Date
[2026-10-08 11:46:44]   trades_today              UInt32
[2026-10-08 11:46:44]   volume_today_units        Float64
[2026-10-08 11:46:44]   volume_today_chf          Float64
[2026-10-08 11:46:44]   price_min                 Float64
[2026-10-08 11:46:44]   price_max                 Float64
[2026-10-08 11:46:44]   price_first               Float64
[2026-10-08 11:46:44]   price_last                Float64
[2026-10-08 11:46:44]   price_change_pct          Float64
[2026-10-08 11:46:44]   log_returns               Float64
[2026-10-08 11:46:44]   volatility_daily          Float64
[2026-10-08 11:46:44]   amihud_daily              Float64
[2026-10-08 11:46:44]   spread_log_hl             Float64
[2026-10-08 11:46:44]   trade_duration_min        Float64
[2026-10-08 11:46:44]   off_book_pct              Float64
[2026-10-08 11:46:44]   trades_30d_median         Float64
[2026-10-08 11:46:44]   volume_30d_median         Float64
[2026-10-08 11:46:44]   volatility_30d_median     Float64
[2026-10-08 11:46:44]   amihud_30d_median         Float64
[2026-10-08 11:46:44]   volume_spike              Boolean
[2026-10-08 11:46:44]   activity_spike            Boolean
[2026-10-08 11:46:44]   price_gap                 Boolean
[2026-10-08 11:46:44]   anomaly_score             UInt8
[2026-10-08 11:46:44] High-anomaly observations (score >= 5): 15,080 total
[2026-10-08 11:46:44]   2026-10-08 | CH0016290014 | Score: 5 | Price Change: 0.33%
[2026-10-08 11:46:44]   2026-10-08 | CH0115029545 | Score: 5 | Price Change: 0.00%
[2026-10-08 11:46:44]   2026-10-07 | CH0000041795 | Score: 5 | Price Change: -1.38%
[2026-10-08 11:46:44]   2026-10-07 | CH0006532565 | Score: 5 | Price Change: -0.20%
[2026-10-08 11:46:44]   2026-10-07 | CH0020502743 | Score: 5 | Price Change: 1.78%
