[2026-10-06 11:36:59] OTC-X Trade Downloader started
[2026-10-06 11:36:59] Loaded 239 rows from /home/runner/work/OTC-X/OTC-X/backend/data/securities.csv
[2026-10-06 11:36:59] Processing: CH1559311092 (acrevis Bank N)
[2026-10-06 11:37:00] ✓ CH1559311092: 182 trades downloaded
[2026-10-06 11:37:01] Processing: CH0006668930 (ADEV Solarstrom AG, Liestal)
[2026-10-06 11:37:02] ✓ CH0006668930: 494 trades downloaded
[2026-10-06 11:37:03] Processing: CH0006524265 (ADEV Wasserkraftwerk AG, Liestal)
[2026-10-06 11:37:03] ✓ CH0006524265: 218 trades downloaded
[2026-10-06 11:37:04] Processing: CH0010497532 (ADEV Windkraft AG, Liestal)
[2026-10-06 11:37:04] ✓ CH0010497532: 156 trades downloaded
[2026-10-06 11:37:05] Processing: CH0034900248 (AG für Erstellung billiger Wohnhäuser in Winterthu)
[2026-10-06 11:37:05] ✓ CH0034900248: 119 trades downloaded
[2026-10-06 11:37:06] Processing: CH0001402418 (Agruna AG)
[2026-10-06 11:37:06] ✓ CH0001402418: 333 trades downloaded
[2026-10-06 11:37:07] Processing: CH0002599352 (Aletsch Bahnen N)
[2026-10-06 11:37:08] ✓ CH0002599352: 418 trades downloaded
[2026-10-06 11:37:09] Processing: CH0011322200 (Alpha Rheintal Bank, Heerbrugg)
[2026-10-06 11:37:09] ✓ CH0011322200: 1221 trades downloaded
[2026-10-06 11:37:10] Processing: CH0001418216 (Aluminium-Laufen AG Liesberg)
[2026-10-06 11:37:10] ✓ CH0001418216: 221 trades downloaded
[2026-10-06 11:37:11] Processing: CH0185254742 (Andermatt-Sedrun Sport AG)
[2026-10-06 11:37:11] ✓ CH0185254742: 452 trades downloaded
[2026-10-06 11:37:12] Processing: CH0026212446 (Appenzeller Bahnen)
[2026-10-06 11:37:12] ✓ CH0026212446: 250 trades downloaded
[2026-10-06 11:37:13] Processing: CH0001430930 (Arosa Bergbahnen AG, Arosa)
[2026-10-06 11:37:14] ✓ CH0001430930: 853 trades downloaded
[2026-10-06 11:37:15] Processing: CH0001457826 (Auto AG Schwyz, Schwyz)
[2026-10-06 11:37:15] ✓ CH0001457826: 96 trades downloaded
[2026-10-06 11:37:16] Processing: CH0029706766 (Auto AG Uri)
[2026-10-06 11:37:16] ✓ CH0029706766: 23 trades downloaded
[2026-10-06 11:37:17] Processing: CH0032018688 (Auto Hldg N)
[2026-10-06 11:37:17] ✓ CH0032018688: 1653 trades downloaded
[2026-10-06 11:37:18] Processing: CH0023777235 (aventron N)
[2026-10-06 11:37:18] ✓ CH0023777235: 652 trades downloaded
[2026-10-06 11:37:19] Processing: CH0003857031 (Bad Schinznach AG, Schinznach)
[2026-10-06 11:37:19] ✓ CH0003857031: 1063 trades downloaded
[2026-10-06 11:37:20] Processing: CH0001314852 (Bank in Zuzwil)
[2026-10-06 11:37:20] ✓ CH0001314852: 47 trades downloaded
[2026-10-06 11:37:21] Processing: CH0039074692 (Bank Leerau)
[2026-10-06 11:37:22] ✓ CH0039074692: 150 trades downloaded
[2026-10-06 11:37:23] Processing: CH0013792848 (Bank Oberaargau N)
[2026-10-06 11:37:23] ✓ CH0013792848: 543 trades downloaded
[2026-10-06 11:37:24] Processing: CH0001351862 (Bank SLM N)
[2026-10-06 11:37:24] ✓ CH0001351862: 484 trades downloaded
[2026-10-06 11:37:25] Processing: CH0049588129 (Bank von Roll AG)
[2026-10-06 11:37:25] ✓ CH0049588129: 252 trades downloaded
[2026-10-06 11:37:26] Processing: CH0303601253 (BB Adelboden N)
[2026-10-06 11:37:26] ✓ CH0303601253: 346 trades downloaded
[2026-10-06 11:37:27] Processing: CH0574732894 (BB Lauterbrunnen-Muerren N)
[2026-10-06 11:37:27] ✓ CH0574732894: 16 trades downloaded
[2026-10-06 11:37:28] Processing: CH0010756531 (BBO Bank Brienz-Oberhasli)
[2026-10-06 11:37:29] ✓ CH0010756531: 407 trades downloaded
[2026-10-06 11:37:30] Processing: CH0001507406 (BB Piz Mundaun AG)
[2026-10-06 11:37:30] ✓ CH0001507406: 107 trades downloaded
[2026-10-06 11:37:31] Processing: CH0002353867 (BB Soerenberg AG)
[2026-10-06 11:37:31] ✓ CH0002353867: 242 trades downloaded
[2026-10-06 11:37:32] Processing: CH0010726963 (Beau-Rivage Palace SA, Lausanne-Ouchy)
[2026-10-06 11:37:32] ✓ CH0010726963: 813 trades downloaded
[2026-10-06 11:37:33] Processing: CH0024700483 (Belalp-Bahnen, Naters)
[2026-10-06 11:37:33] ✓ CH0024700483: 29 trades downloaded
[2026-10-06 11:37:34] Processing: CH0187392300 (Bellwald Sportbahnen N)
[2026-10-06 11:37:34] ✓ CH0187392300: 10 trades downloaded
[2026-10-06 11:37:35] Processing: CH0002332093 (Bergbahnen Brigels N)
[2026-10-06 11:37:36] ✓ CH0002332093: 148 trades downloaded
[2026-10-06 11:37:37] Processing: CH0018384120 (Bergbahnen Destination Gstaad N)
[2026-10-06 11:37:37] ✓ CH0018384120: 435 trades downloaded
[2026-10-06 11:37:38] Processing: CH0292081723 (Bergbahnen Disentis N)
[2026-10-06 11:37:38] ✓ CH0292081723: 96 trades downloaded
[2026-10-06 11:37:39] Processing: CH0580517032 (Bergbahnen Hohsaas N)
[2026-10-06 11:37:39] ✓ CH0580517032: 0 trades downloaded
[2026-10-06 11:37:40] Processing: CH0036505888 (Bergbahnen Meiringen-Hasliberg N)
[2026-10-06 11:37:40] ✓ CH0036505888: 465 trades downloaded
[2026-10-06 11:37:41] Processing: CH0342666572 (Bergbahnen Scuol N)
[2026-10-06 11:37:41] ✓ CH0342666572: 254 trades downloaded
[2026-10-06 11:37:42] Processing: CH0016568880 (Bergbahnen Splügen-Tambo N)
[2026-10-06 11:37:42] ✓ CH0016568880: 47 trades downloaded
[2026-10-06 11:37:43] Processing: CH0045885032 (Bergbahnen Wildhaus AG)
[2026-10-06 11:37:44] ✓ CH0045885032: 91 trades downloaded
[2026-10-06 11:37:45] Processing: CH0014874918 (Bernerland Bank, Sumiswald)
[2026-10-06 11:37:45] ✓ CH0014874918: 910 trades downloaded
[2026-10-06 11:37:46] Processing: CH0322776573 (Berner Oberland-Bahnen N)
[2026-10-06 11:37:46] ✓ CH0322776573: 253 trades downloaded
[2026-10-06 11:37:47] Processing: CH0011100341 (BERNEXPO N)
[2026-10-06 11:37:47] ✓ CH0011100341: 2272 trades downloaded
[2026-10-06 11:37:48] Processing: CH0018043619 (Biene-Bank im Rheintal)
[2026-10-06 11:37:48] ✓ CH0018043619: 381 trades downloaded
[2026-10-06 11:37:49] Processing: CH0025889160 (BLS N)
[2026-10-06 11:37:49] ✓ CH0025889160: 1467 trades downloaded
[2026-10-06 11:37:50] Processing: CH0012684657 (Bobst Group N)
[2026-10-06 11:37:51] ✓ CH0012684657: 3459 trades downloaded
[2026-10-06 11:37:52] Processing: CH0545753953 (Bondpartners N)
[2026-10-06 11:37:52] ✓ CH0545753953: 169 trades downloaded
[2026-10-06 11:37:53] Processing: CH0001542635 (Brauerei Schützengarten AG N)
[2026-10-06 11:37:53] ✓ CH0001542635: 165 trades downloaded
[2026-10-06 11:37:54] Processing: CH0001542643 (Brauerei Schützengarten AG PS)
[2026-10-06 11:37:54] ✓ CH0001542643: 648 trades downloaded
[2026-10-06 11:37:55] Processing: CH0002052501 (Brunni-Bahnen N)
[2026-10-06 11:37:55] ✓ CH0002052501: 595 trades downloaded
[2026-10-06 11:37:56] Processing: CH0009438109 (BS Bank, Schaffhausen)
[2026-10-06 11:37:56] ✓ CH0009438109: 515 trades downloaded
[2026-10-06 11:37:57] Processing: CH0002657978 (Bystronic -B- N)
[2026-10-06 11:37:57] ✓ CH0002657978: 441 trades downloaded
[2026-10-06 11:37:58] Processing: CH0001570057 (Caran d`Ache, Genève, Serie B)
[2026-10-06 11:37:59] ✓ CH0001570057: 91 trades downloaded
[2026-10-06 11:38:00] Processing: CH0102022560 (CasaInvest N)
[2026-10-06 11:38:00] ✓ CH0102022560: 893 trades downloaded
[2026-10-06 11:38:01] Processing: CH1127803547 (Casale Holding Rg)
[2026-10-06 11:38:01] ✓ CH1127803547: 14 trades downloaded
[2026-10-06 11:38:02] Processing: CH0004959505 (Casino de Montreux SA Nom 100)
[2026-10-06 11:38:02] ✓ CH0004959505: 452 trades downloaded
[2026-10-06 11:38:03] Processing: CH0004959471 (Casino de Montreux SA Nom 50)
[2026-10-06 11:38:03] ✓ CH0004959471: 34 trades downloaded
[2026-10-06 11:38:04] Processing: CH0324791133 (Chemholding N)
[2026-10-06 11:38:04] ✓ CH0324791133: 4 trades downloaded
[2026-10-06 11:38:05] Processing: CH0020603475 (CKW N)
[2026-10-06 11:38:06] ✓ CH0020603475: 1563 trades downloaded
[2026-10-06 11:38:07] Processing: CH0010583448 (Clientis Bank Aareland N)
[2026-10-06 11:38:07] ✓ CH0010583448: 274 trades downloaded
[2026-10-06 11:38:08] Processing: CH0001336319 (Clientis Bank Oberuzwil AG)
[2026-10-06 11:38:08] ✓ CH0001336319: 78 trades downloaded
[2026-10-06 11:38:09] Processing: CH0010621925 (Clientis Bank Toggenburg)
[2026-10-06 11:38:09] ✓ CH0010621925: 215 trades downloaded
[2026-10-06 11:38:10] Processing: CH0001357000 (Clientis Sparkasse Oftringen)
[2026-10-06 11:38:10] ✓ CH0001357000: 192 trades downloaded
[2026-10-06 11:38:11] Processing: CH0001579363 (CMSA Holding N)
[2026-10-06 11:38:11] ✓ CH0001579363: 1403 trades downloaded
[2026-10-06 11:38:12] Processing: CH0032462910 (Corvatsch AG Nom 3, Silvaplana)
[2026-10-06 11:38:12] ✓ CH0032462910: 540 trades downloaded
[2026-10-06 11:38:13] Processing: CH1100211528 (Crédit Mutuel de la Vallée N)
[2026-10-06 11:38:14] ✓ CH1100211528: 35 trades downloaded
[2026-10-06 11:38:15] Processing: CH0019556908 (Cresta Palace Celerina N)
[2026-10-06 11:38:15] ✓ CH0019556908: 233 trades downloaded
[2026-10-06 11:38:16] Processing: CH0433137400 (Davos Klosters Bergbahnen N)
[2026-10-06 11:38:16] ✓ CH0433137400: 579 trades downloaded
[2026-10-06 11:38:17] Processing: CH0109916244 (Diavolezza Lagalb N)
[2026-10-06 11:38:17] ✓ CH0109916244: 57 trades downloaded
[2026-10-06 11:38:18] Processing: CH0001665147 (Dolder Hotel AG, Zürich)
[2026-10-06 11:38:18] ✓ CH0001665147: 592 trades downloaded
[2026-10-06 11:38:19] Processing: CH0578688241 (Drahtseilbahn Marzili N)
[2026-10-06 11:38:19] ✓ CH0578688241: 10 trades downloaded
[2026-10-06 11:38:20] Processing: CH0001669255 (Drahtseilbahn Marzili-Stadt Bern N)
[2026-10-06 11:38:21] ✓ CH0001669255: 39 trades downloaded
[2026-10-06 11:38:22] Processing: CH0001777876 (ebs Erdgas + Biogas)
[2026-10-06 11:38:22] ✓ CH0001777876: 48 trades downloaded
[2026-10-06 11:38:23] Processing: CH1159308571 (EcoRenova N)
[2026-10-06 11:38:23] ✓ CH1159308571: 5 trades downloaded
[2026-10-06 11:38:24] Processing: CH0102699540 (Energ Elec du Simplon E.E.S.)
[2026-10-06 11:38:24] ✓ CH0102699540: 97 trades downloaded
[2026-10-06 11:38:25] Processing: CH0014386996 (Energie Zürichsee Linth N)
[2026-10-06 11:38:25] ✓ CH0014386996: 895 trades downloaded
[2026-10-06 11:38:26] Processing: CH0031926105 (Engadin Mountains AG)
[2026-10-06 11:38:26] ✓ CH0031926105: 701 trades downloaded
[2026-10-06 11:38:27] Processing: CH0129442221 (Eniwa Holding AG)
[2026-10-06 11:38:27] ✓ CH0129442221: 878 trades downloaded
[2026-10-06 11:38:28] Processing: CH0001337200 (Ersparniskasse Affoltern)
[2026-10-06 11:38:29] ✓ CH0001337200: 234 trades downloaded
[2026-10-06 11:38:30] Processing: CH0001704680 (Eskimo Textil AG, Turbenthal)
[2026-10-06 11:38:30] ✓ CH0001704680: 35 trades downloaded
[2026-10-06 11:38:31] Processing: CH0002557400 (Espace Real Estate Hldg N)
[2026-10-06 11:38:31] ✓ CH0002557400: 3349 trades downloaded
[2026-10-06 11:38:32] Processing: CH0001239398 (EW Brig-Naters EWBN)
[2026-10-06 11:38:32] ✓ CH0001239398: 158 trades downloaded
[2026-10-06 11:38:33] Processing: CH0001690533 (EW Jona-Rapperswil, Jona)
[2026-10-06 11:38:33] ✓ CH0001690533: 1594 trades downloaded
[2026-10-06 11:38:34] Processing: CH0001691614 (EW Uznach AG)
[2026-10-06 11:38:34] ✓ CH0001691614: 235 trades downloaded
[2026-10-06 11:38:35] Processing: CH0001413704 (Flughafen Bern AG N)
[2026-10-06 11:38:35] ✓ CH0001413704: 550 trades downloaded
[2026-10-06 11:38:36] Processing: CH1106247997 (Funi Locarno-Madonna N)
[2026-10-06 11:38:37] ✓ CH1106247997: 14 trades downloaded
[2026-10-06 11:38:38] Processing: CH1104949586 (Funi Lugano-Paradiso N)
[2026-10-06 11:38:38] ✓ CH1104949586: 20 trades downloaded
[2026-10-06 11:38:39] Processing: CH0001602009 (Generale Beaulieu Holding SA)
[2026-10-06 11:38:39] ✓ CH0001602009: 221 trades downloaded
[2026-10-06 11:38:40] Processing: CH1405847034 (Geoterra Holding Rg)
[2026-10-06 11:38:40] ✓ CH1405847034: 501 trades downloaded
[2026-10-06 11:38:41] Processing: CH0006980079 (Gondelbahn Grindelwald N)
[2026-10-06 11:38:41] ✓ CH0006980079: 573 trades downloaded
[2026-10-06 11:38:42] Processing: CH0375446173 (Gondrand Hldg Vz N)
[2026-10-06 11:38:42] ✓ CH0375446173: 84 trades downloaded
[2026-10-06 11:38:43] Processing: CH0002221338 (Gotthard Raststätte A2 Uri AG)
[2026-10-06 11:38:44] ✓ CH0002221338: 1101 trades downloaded
[2026-10-06 11:38:45] Processing: CH0002541586 (Grand Resort Bad Ragaz, Bad Ragaz)
[2026-10-06 11:38:45] ✓ CH0002541586: 1226 trades downloaded
[2026-10-06 11:38:46] Processing: CH0006532565 (Griesser Holding AG, Aadorf)
[2026-10-06 11:38:46] ✓ CH0006532565: 1375 trades downloaded
[2026-10-06 11:38:47] Processing: CH0016523125 (Griston Holding AG)
[2026-10-06 11:38:47] ✓ CH0016523125: 480 trades downloaded
[2026-10-06 11:38:48] Processing: CH0005051021 (Gurtenbahn AG N)
[2026-10-06 11:38:48] ✓ CH0005051021: 121 trades downloaded
[2026-10-06 11:38:49] Processing: CH0023124214 (HBB Holding AG)
[2026-10-06 11:38:49] ✓ CH0023124214: 445 trades downloaded
[2026-10-06 11:38:50] Processing: CH0001865523 (Heim im Bergli AG, Luzern)
[2026-10-06 11:38:50] ✓ CH0001865523: 60 trades downloaded
[2026-10-06 11:38:51] Processing: CH0304280636 (Helvetic Star Holding)
[2026-10-06 11:38:52] ✓ CH0304280636: 70 trades downloaded
[2026-10-06 11:38:53] Processing: CH0000648680 (Hochalpines Institut Ftan AG)
[2026-10-06 11:38:53] ✓ CH0000648680: 143 trades downloaded
[2026-10-06 11:38:54] Processing: CH0016016849 (Hoch-Ybrig N)
[2026-10-06 11:38:54] ✓ CH0016016849: 711 trades downloaded
[2026-10-06 11:38:55] Processing: CH0001992681 (Hof Weissbad AG)
[2026-10-06 11:38:55] ✓ CH0001992681: 1493 trades downloaded
[2026-10-06 11:38:56] Processing: CH0010923875 (Hoher Kasten Drehrestaurant und Seilbahn AG)
[2026-10-06 11:38:57] ✓ CH0010923875: 685 trades downloaded
[2026-10-06 11:38:58] Processing: CH0020502743 (Holdinova N)
[2026-10-06 11:38:59] ✓ CH0020502743: 5242 trades downloaded
[2026-10-06 11:39:00] Processing: CH0001906848 (Imbrex Hldg N)
[2026-10-06 11:39:00] ✓ CH0001906848: 344 trades downloaded
[2026-10-06 11:39:01] Processing: CH0001910089 (Immges Viamala, Thusis)
[2026-10-06 11:39:01] ✓ CH0001910089: 87 trades downloaded
[2026-10-06 11:39:02] Processing: CH0324793667 (Immobiliare Pharmapark N)
[2026-10-06 11:39:02] ✓ CH0324793667: 63 trades downloaded
[2026-10-06 11:39:03] Processing: CH0001344685 (KB Nidwalden PS)
[2026-10-06 11:39:03] ✓ CH0001344685: 124 trades downloaded
[2026-10-06 11:39:04] Processing: CH0263939958 (Klosters-Madrisa N)
[2026-10-06 11:39:04] ✓ CH0263939958: 177 trades downloaded
[2026-10-06 11:39:05] Processing: CH0001514501 (Kongresshaus Zürich AG, Zürich)
[2026-10-06 11:39:06] ✓ CH0001514501: 836 trades downloaded
[2026-10-06 11:39:07] Processing: CH0115029545 (Konkordia AG N)
[2026-10-06 11:39:07] ✓ CH0115029545: 246 trades downloaded
[2026-10-06 11:39:08] Processing: CH0002052915 (Kronberg N)
[2026-10-06 11:39:08] ✓ CH0002052915: 236 trades downloaded
[2026-10-06 11:39:09] Processing: CH0001574604 (Kursaal-Casino AG, Luzern GS)
[2026-10-06 11:39:09] ✓ CH0001574604: 219 trades downloaded
[2026-10-06 11:39:10] Processing: CH0001574596 (Kursaal-Casino AG, Luzern N)
[2026-10-06 11:39:10] ✓ CH0001574596: 1825 trades downloaded
[2026-10-06 11:39:11] Processing: CH0001989513 (Kursaal Interlaken N)
[2026-10-06 11:39:11] ✓ CH0001989513: 685 trades downloaded
[2026-10-06 11:39:12] Processing: CH0304449611 (Lagerhäuser der Centralschweiz N)
[2026-10-06 11:39:13] ✓ CH0304449611: 234 trades downloaded
[2026-10-06 11:39:14] Processing: CH0002400585 (Landwirtschaft ZRA, Aarberg)
[2026-10-06 11:39:14] ✓ CH0002400585: 238 trades downloaded
[2026-10-06 11:39:15] Processing: CH0001343885 (Leihkasse Stammheim)
[2026-10-06 11:39:15] ✓ CH0001343885: 121 trades downloaded
[2026-10-06 11:39:16] Processing: CH0001788345 (Lenk Bergbahnen, Lenk)
[2026-10-06 11:39:16] ✓ CH0001788345: 203 trades downloaded
[2026-10-06 11:39:17] Processing: CH0023497271 (Lenzerheide Bergbahnen)
[2026-10-06 11:39:17] ✓ CH0023497271: 1246 trades downloaded
[2026-10-06 11:39:18] Processing: CH0001318374 (Lienhardt & Partner Privatbank Zürich AG, Zürich)
[2026-10-06 11:39:18] ✓ CH0001318374: 496 trades downloaded
[2026-10-06 11:39:19] Processing: CH0002045471 (Loeb Holding N -B-)
[2026-10-06 11:39:19] ✓ CH0002045471: 253 trades downloaded
[2026-10-06 11:39:20] Processing: CH0002045497 (Loeb Holding PS)
[2026-10-06 11:39:21] ✓ CH0002045497: 2697 trades downloaded
[2026-10-06 11:39:22] Processing: CH0105175175 (Lorze AG)
[2026-10-06 11:39:22] ✓ CH0105175175: 292 trades downloaded
[2026-10-06 11:39:23] Processing: CH0001542601 (Löwengarten AG)
[2026-10-06 11:39:23] ✓ CH0001542601: 22 trades downloaded
[2026-10-06 11:39:24] Processing: CH0563381901 (LSB Dallenwil-Wirzweli N)
[2026-10-06 11:39:24] ✓ CH0563381901: 6 trades downloaded
[2026-10-06 11:39:25] Processing: CH0002052782 (LSB Grindelwald-Pfingstegg AG)
[2026-10-06 11:39:25] ✓ CH0002052782: 164 trades downloaded
[2026-10-06 11:39:26] Processing: CH0002055819 (LSB Wasserauen-Ebenalp AG)
[2026-10-06 11:39:26] ✓ CH0002055819: 87 trades downloaded
[2026-10-06 11:39:27] Processing: CH0002056031 (LSB Wengen-Männlichen AG)
[2026-10-06 11:39:27] ✓ CH0002056031: 358 trades downloaded
[2026-10-06 11:39:28] Processing: CH0002056957 (Lurag AG, Neuenkirch)
[2026-10-06 11:39:29] ✓ CH0002056957: 797 trades downloaded
[2026-10-06 11:39:30] Processing: CH0002057070 (Lyceum Alpinum Zuoz AG)
[2026-10-06 11:39:30] ✓ CH0002057070: 146 trades downloaded
[2026-10-06 11:39:31] Processing: CH0198963503 (Magazzini Generali N)
[2026-10-06 11:39:31] ✓ CH0198963503: 22 trades downloaded
[2026-10-06 11:39:32] Processing: CH0016376714 (Matterhorn Gotthard Verkehr AG)
[2026-10-06 11:39:32] ✓ CH0016376714: 110 trades downloaded
[2026-10-06 11:39:33] Processing: CH0014069212 (Menzi Muck Gruppe N)
[2026-10-06 11:39:33] ✓ CH0014069212: 1348 trades downloaded
[2026-10-06 11:39:34] Processing: CH0002092622 (Metall Zug AG Serie A)
[2026-10-06 11:39:34] ✓ CH0002092622: 586 trades downloaded
[2026-10-06 11:39:35] Processing: CH0107020692 (Montana Tech N)
[2026-10-06 11:39:35] ✓ CH0107020692: 1697 trades downloaded
[2026-10-06 11:39:36] Processing: CH0003798599 (Montreux-Berner Oberland Bahn)
[2026-10-06 11:39:37] ✓ CH0003798599: 474 trades downloaded
[2026-10-06 11:39:38] Processing: CH0126517975 (Neue Zürcher Zeitung, Zürich)
[2026-10-06 11:39:38] ✓ CH0126517975: 3973 trades downloaded
[2026-10-06 11:39:39] Processing: CH0187475709 (Nexus Gr Hold N)
[2026-10-06 11:39:39] ✓ CH0187475709: 167 trades downloaded
[2026-10-06 11:39:40] Processing: CH0572824867 (Niederhornbahn N)
[2026-10-06 11:39:40] ✓ CH0572824867: 69 trades downloaded
[2026-10-06 11:39:41] Processing: CH1104984104 (Niesenbahn N)
[2026-10-06 11:39:41] ✓ CH1104984104: 171 trades downloaded
[2026-10-06 11:39:42] Processing: CH0013592248 (NORINVEST HLDG N)
[2026-10-06 11:39:42] ✓ CH0013592248: 163 trades downloaded
[2026-10-06 11:39:43] Processing: CH0002160460 (Opernhaus Zürich N 300)
[2026-10-06 11:39:43] ✓ CH0002160460: 29 trades downloaded
[2026-10-06 11:39:44] Processing: CH0002160478 (Opernhaus Zürich N 900)
[2026-10-06 11:39:45] ✓ CH0002160478: 372 trades downloaded
[2026-10-06 11:39:46] Processing: CH0017915742 (OTC-X All Share)
[2026-10-06 11:39:46] ✓ CH0017915742: 0 trades downloaded
[2026-10-06 11:39:47] Processing: CH0017915718 (OTC-X Banken)
[2026-10-06 11:39:47] ✓ CH0017915718: 0 trades downloaded
[2026-10-06 11:39:48] Processing: CH0039576753 (OTC-X Bergbahnen)
[2026-10-06 11:39:48] ✓ CH0039576753: 0 trades downloaded
[2026-10-06 11:39:49] Processing: CH0039576787 (OTC-X Beteiligungsgesellschaften)
[2026-10-06 11:39:49] ✓ CH0039576787: 0 trades downloaded
[2026-10-06 11:39:50] Processing: CH0017915692 (OTC-X Energie)
[2026-10-06 11:39:50] ✓ CH0017915692: 0 trades downloaded
[2026-10-06 11:39:51] Processing: CH0039576837 (OTC-X Immobilien)
[2026-10-06 11:39:51] ✓ CH0039576837: 0 trades downloaded
[2026-10-06 11:39:52] Processing: CH0017915684 (OTC-X Industrie)
[2026-10-06 11:39:53] ✓ CH0017915684: 0 trades downloaded
[2026-10-06 11:39:54] Processing: CH0039576860 (OTC-X Liquidity)
[2026-10-06 11:39:54] ✓ CH0039576860: 0 trades downloaded
[2026-10-06 11:39:55] Processing: CH0017915668 (OTC-X Medien)
[2026-10-06 11:39:55] ✓ CH0017915668: 0 trades downloaded
[2026-10-06 11:39:56] Processing: CH0039576852 (OTC-X Nahrung und Getraenke)
[2026-10-06 11:39:56] ✓ CH0039576852: 0 trades downloaded
[2026-10-06 11:39:57] Processing: CH0213109793 (OTC-X Premium)
[2026-10-06 11:39:57] ✓ CH0213109793: 0 trades downloaded
[2026-10-06 11:39:58] Processing: CH0017915726 (OTC-X TOP50)
[2026-10-06 11:39:58] ✓ CH0017915726: 0 trades downloaded
[2026-10-06 11:39:59] Processing: CH0017915643 (OTC-X Tourismus/Freizeit/Sonstiges)
[2026-10-06 11:39:59] ✓ CH0017915643: 0 trades downloaded
[2026-10-06 11:40:00] Processing: CH0017915635 (OTC-X Transport/Verkehr/Logistik)
[2026-10-06 11:40:01] ✓ CH0017915635: 0 trades downloaded
[2026-10-06 11:40:02] Processing: CH1582436247 (Outdoor Switzerland N)
[2026-10-06 11:40:02] ✓ CH1582436247: 21 trades downloaded
[2026-10-06 11:40:03] Processing: CH0002174743 (Parking des Alpes N)
[2026-10-06 11:40:03] ✓ CH0002174743: 9 trades downloaded
[2026-10-06 11:40:04] Processing: CH0016049881 (Patiswiss AG)
[2026-10-06 11:40:04] ✓ CH0016049881: 1037 trades downloaded
[2026-10-06 11:40:05] Processing: CH1350861261 (Perlen Industrieholding N)
[2026-10-06 11:40:05] ✓ CH1350861261: 1636 trades downloaded
[2026-10-06 11:40:06] Processing: CH0009005973 (Pilatus-Bahnen AG, Kriens)
[2026-10-06 11:40:06] ✓ CH0009005973: 1886 trades downloaded
[2026-10-06 11:40:07] Processing: CH0012457633 (Plaston Holding AG)
[2026-10-06 11:40:07] ✓ CH0012457633: 1428 trades downloaded
[2026-10-06 11:40:08] Processing: CH0284143929 (PLAZZA-B-N)
[2026-10-06 11:40:09] ✓ CH0284143929: 113 trades downloaded
[2026-10-06 11:40:10] Processing: CH0286266488 (Ports Francs et Entrepôts de Genève)
[2026-10-06 11:40:10] ✓ CH0286266488: 0 trades downloaded
[2026-10-06 11:40:11] Processing: CH0122303669 (Prayon Switzerland N)
[2026-10-06 11:40:11] ✓ CH0122303669: 22 trades downloaded
[2026-10-06 11:40:12] Processing: CH0013283368 (Precious Woods Hldg N)
[2026-10-06 11:40:12] ✓ CH0013283368: 588 trades downloaded
[2026-10-06 11:40:13] Processing: CH0002218664 (Railtour Suisse SA Nom 100)
[2026-10-06 11:40:13] ✓ CH0002218664: 0 trades downloaded
[2026-10-06 11:40:14] Processing: CH0002218698 (Railtour Suisse SA Nom 500)
[2026-10-06 11:40:14] ✓ CH0002218698: 0 trades downloaded
[2026-10-06 11:40:15] Processing: CH0030333360 (Rapid Holding N)
[2026-10-06 11:40:15] ✓ CH0030333360: 1514 trades downloaded
[2026-10-06 11:40:16] Processing: CH0027315818 (Raststätte Rheintal AG, Sevelen)
[2026-10-06 11:40:17] ✓ CH0027315818: 219 trades downloaded
[2026-10-06 11:40:18] Processing: CH0002221304 (Raststätte Thurau, St. Gallen)
[2026-10-06 11:40:18] ✓ CH0002221304: 196 trades downloaded
[2026-10-06 11:40:19] Processing: CH0018525532 (Raststätte Walensee AG)
[2026-10-06 11:40:19] ✓ CH0018525532: 99 trades downloaded
[2026-10-06 11:40:20] Processing: CH1387788180 (Raurica Wald N-B)
[2026-10-06 11:40:20] ✓ CH1387788180: 19 trades downloaded
[2026-10-06 11:40:21] Processing: CH1112956201 (Regiobank Solothurn N)
[2026-10-06 11:40:21] ✓ CH1112956201: 3400 trades downloaded
[2026-10-06 11:40:22] Processing: CH0002227095 (Reishauer N)
[2026-10-06 11:40:22] ✓ CH0002227095: 1180 trades downloaded
[2026-10-06 11:40:23] Processing: CH0199383602 (Remontées Mécaniques de Grimentz)
[2026-10-06 11:40:23] ✓ CH0199383602: 11 trades downloaded
[2026-10-06 11:40:24] Processing: CH0320096990 (Repower N)
[2026-10-06 11:40:25] ✓ CH0320096990: 5176 trades downloaded
[2026-10-06 11:40:26] Processing: CH0002234398 (Rhätische Bahn RhB / Prior)
[2026-10-06 11:40:26] ✓ CH0002234398: 266 trades downloaded
[2026-10-06 11:40:27] Processing: CH0002234372 (Rhätische Bahn RhB / Stamm)
[2026-10-06 11:40:27] ✓ CH0002234372: 223 trades downloaded
[2026-10-06 11:40:28] Processing: CH0001378626 (Rhiienergie AG, Tamins)
[2026-10-06 11:40:28] ✓ CH0001378626: 136 trades downloaded
[2026-10-06 11:40:29] Processing: CH0016290014 (Rigi Bahnen AG, Goldau)
[2026-10-06 11:40:29] ✓ CH0016290014: 2871 trades downloaded
[2026-10-06 11:40:30] Processing: CH0114457390 (Rottal Auto AG, Ruswil)
[2026-10-06 11:40:30] ✓ CH0114457390: 49 trades downloaded
[2026-10-06 11:40:31] Processing: CH0000975372 (Säntis-Schwebebahn AG, Schwägalp)
[2026-10-06 11:40:31] ✓ CH0000975372: 3255 trades downloaded
[2026-10-06 11:40:32] Processing: CH0002353487 (SB Elm AG N)
[2026-10-06 11:40:33] ✓ CH0002353487: 108 trades downloaded
[2026-10-06 11:40:34] Processing: CH0001394607 (SB im Mythengebiet, Schwyz)
[2026-10-06 11:40:34] ✓ CH0001394607: 55 trades downloaded
[2026-10-06 11:40:35] Processing: CH0002353693 (SB Pischa, Davos)
[2026-10-06 11:40:35] ✓ CH0002353693: 135 trades downloaded
[2026-10-06 11:40:36] Processing: CH0001352928 (SB Saanen Bank)
[2026-10-06 11:40:36] ✓ CH0001352928: 1413 trades downloaded
[2026-10-06 11:40:37] Processing: CH0341320114 (Schifffahrtsges. Hallwilersee)
[2026-10-06 11:40:37] ✓ CH0341320114: 128 trades downloaded
[2026-10-06 11:40:38] Processing: CH0002276266 (Schilthornbahn AG Mürren)
[2026-10-06 11:40:38] ✓ CH0002276266: 2980 trades downloaded
[2026-10-06 11:40:39] Processing: CH0002283601 (Schützen Rheinfelden Immobilien N)
[2026-10-06 11:40:39] ✓ CH0002283601: 292 trades downloaded
[2026-10-06 11:40:40] Processing: CH0006234014 (Schweizer Zucker AG)
[2026-10-06 11:40:41] ✓ CH0006234014: 2362 trades downloaded
[2026-10-06 11:40:42] Processing: CH0002291802 (Schweiz. Schifffahrtsges. Untersee und Rhein N)
[2026-10-06 11:40:42] ✓ CH0002291802: 137 trades downloaded
[2026-10-06 11:40:43] Processing: CH0031151084 (SeeBeteiligungs AG)
[2026-10-06 11:40:43] ✓ CH0031151084: 1048 trades downloaded
[2026-10-06 11:40:44] Processing: CH0030693185 (Seilbahn Weissenstein AG)
[2026-10-06 11:40:44] ✓ CH0030693185: 1136 trades downloaded
[2026-10-06 11:40:45] Processing: CH0421720779 (SGV Holding N)
[2026-10-06 11:40:45] ✓ CH0421720779: 2655 trades downloaded
[2026-10-06 11:40:46] Processing: CH0547027570 (SIA-Haus Vz N)
[2026-10-06 11:40:46] ✓ CH0547027570: 165 trades downloaded
[2026-10-06 11:40:47] Processing: CH0009219186 (sitEX Properties Hldg N)
[2026-10-06 11:40:47] ✓ CH0009219186: 348 trades downloaded
[2026-10-06 11:40:48] Processing: CH0305002096 (Skilifte Brunni-Haggenegg N)
[2026-10-06 11:40:49] ✓ CH0305002096: 46 trades downloaded
[2026-10-06 11:40:50] Processing: CH0001350328 (Spar + Leihkasse Gürbetal N)
[2026-10-06 11:40:50] ✓ CH0001350328: 292 trades downloaded
[2026-10-06 11:40:51] Processing: CH0001352720 (Spar+Leihkasse Riggisberg)
[2026-10-06 11:40:51] ✓ CH0001352720: 506 trades downloaded
[2026-10-06 11:40:52] Processing: CH0318681860 (Spar- und Leihkasse Bucheggberg N)
[2026-10-06 11:40:53] ✓ CH0318681860: 933 trades downloaded
[2026-10-06 11:40:54] Processing: CH0001350112 (Spar- und Leihkasse Frutigen)
[2026-10-06 11:40:54] ✓ CH0001350112: 367 trades downloaded
[2026-10-06 11:40:55] Processing: CH0001354296 (Spar- und Leihkasse Wynigen)
[2026-10-06 11:40:55] ✓ CH0001354296: 108 trades downloaded
[2026-10-06 11:40:56] Processing: CH0320093559 (Sportbahnen Atzmaennig N)
[2026-10-06 11:40:56] ✓ CH0320093559: 77 trades downloaded
[2026-10-06 11:40:57] Processing: CH0002513312 (SSE Holding N)
[2026-10-06 11:40:58] ✓ CH0002513312: 3452 trades downloaded
[2026-10-06 11:40:59] Processing: CH0009319721 (Stadtcasino Baden AG, Baden)
[2026-10-06 11:40:59] ✓ CH0009319721: 2227 trades downloaded
[2026-10-06 11:41:00] Processing: CH0586685981 (Stanserhorn-Bahn N -10-)
[2026-10-06 11:41:00] ✓ CH0586685981: 25 trades downloaded
[2026-10-06 11:41:01] Processing: CH0586455245 (Stanserhorn-Bahn N -250-)
[2026-10-06 11:41:01] ✓ CH0586455245: 260 trades downloaded
[2026-10-06 11:41:02] Processing: CH0487871656 (STI Hldg N)
[2026-10-06 11:41:02] ✓ CH0487871656: 11 trades downloaded
[2026-10-06 11:41:03] Processing: CH0197490847 (Sunstar-Holding N -A-)
[2026-10-06 11:41:04] ✓ CH0197490847: 892 trades downloaded
[2026-10-06 11:41:05] Processing: CH0341319801 (Sursee-Triengen Bahn N)
[2026-10-06 11:41:05] ✓ CH0341319801: 19 trades downloaded
[2026-10-06 11:41:06] Processing: CH0001395539 (Suvretta-Haus, St. Moritz)
[2026-10-06 11:41:06] ✓ CH0001395539: 227 trades downloaded
[2026-10-06 11:41:07] Processing: CH0002512801 (Swisstulle AG)
[2026-10-06 11:41:07] ✓ CH0002512801: 154 trades downloaded
[2026-10-06 11:41:08] Processing: CH0121640970 (SWS Medien N)
[2026-10-06 11:41:08] ✓ CH0121640970: 136 trades downloaded
[2026-10-06 11:41:09] Processing: CH0002538012 (Tersa AG)
[2026-10-06 11:41:09] ✓ CH0002538012: 131 trades downloaded
[2026-10-06 11:41:10] Processing: CH0596918380 (Thermalbad Zurzach N)
[2026-10-06 11:41:10] ✓ CH0596918380: 671 trades downloaded
[2026-10-06 11:41:11] Processing: CH0223260743 (Toggenburg Bergbahnen N)
[2026-10-06 11:41:12] ✓ CH0223260743: 487 trades downloaded
[2026-10-06 11:41:13] Processing: CH0001725255 (Tonwerk Lausen N)
[2026-10-06 11:41:13] ✓ CH0001725255: 57 trades downloaded
[2026-10-06 11:41:14] Processing: CH0002557616 (Treib-Seelisberg-Bahn AG)
[2026-10-06 11:41:14] ✓ CH0002557616: 86 trades downloaded
[2026-10-06 11:41:15] Processing: CH0002569694 (Tuwag Immobilien AG, Wädenswil)
[2026-10-06 11:41:15] ✓ CH0002569694: 54 trades downloaded
[2026-10-06 11:41:16] Processing: CH0326691679 (Unione Farmaceutica Distr N)
[2026-10-06 11:41:16] ✓ CH0326691679: 24 trades downloaded
[2026-10-06 11:41:17] Processing: CH0326380885 (Unipharma N)
[2026-10-06 11:41:17] ✓ CH0326380885: 9 trades downloaded
[2026-10-06 11:41:18] Processing: CH0306293272 (Usines Metallurgiques de Vallorbe N)
[2026-10-06 11:41:18] ✓ CH0306293272: 65 trades downloaded
[2026-10-06 11:41:19] Processing: CH0033136596 (Viamala Raststätte Thusis AG)
[2026-10-06 11:41:20] ✓ CH0033136596: 2 trades downloaded
[2026-10-06 11:41:21] Processing: CH0029910939 (VOe holding N)
[2026-10-06 11:41:21] ✓ CH0029910939: 379 trades downloaded
[2026-10-06 11:41:22] Processing: CH0212936964 (Weiss+Appetito N)
[2026-10-06 11:41:22] ✓ CH0212936964: 1290 trades downloaded
[2026-10-06 11:41:23] Processing: CH0000041795 (Weisse Arena AG, Laax)
[2026-10-06 11:41:23] ✓ CH0000041795: 1476 trades downloaded
[2026-10-06 11:41:24] Processing: CH0004960180 (Weleda N-PS)
[2026-10-06 11:41:24] ✓ CH0004960180: 2693 trades downloaded
[2026-10-06 11:41:25] Processing: CH0010173182 (Welinvest AG in Liquidation)
[2026-10-06 11:41:25] ✓ CH0010173182: 2009 trades downloaded
[2026-10-06 11:41:26] Processing: CH1204218437 (WIR Bank BS N)
[2026-10-06 11:41:26] ✓ CH1204218437: 378 trades downloaded
[2026-10-06 11:41:27] Processing: CH1102090151 (WWZ N)
[2026-10-06 11:41:28] ✓ CH1102090151: 5647 trades downloaded
[2026-10-06 11:41:29] Processing: CH0002056114 (Zermatt Bergbahnen N)
[2026-10-06 11:41:29] ✓ CH0002056114: 609 trades downloaded
[2026-10-06 11:41:30] Processing: CH0002370903 (ZLB Zürcher Landbank)
[2026-10-06 11:41:30] ✓ CH0002370903: 259 trades downloaded
[2026-10-06 11:41:31] Processing: CH0002655501 (Zoologischer Garten, Basel)
[2026-10-06 11:41:31] ✓ CH0002655501: 91 trades downloaded
[2026-10-06 11:41:32] Processing: CH0002654934 (ZT Medien N)
[2026-10-06 11:41:32] ✓ CH0002654934: 198 trades downloaded
[2026-10-06 11:41:33] Processing: CH0148052118 (Zug Estates N Serie A)
[2026-10-06 11:41:33] ✓ CH0148052118: 233 trades downloaded
[2026-10-06 11:41:34] Processing: CH0001671707 (Zürcher Oberland Medien AG, Wetzikon)
[2026-10-06 11:41:35] ✓ CH0001671707: 540 trades downloaded
[2026-10-06 11:41:36] Processing: CH0002658448 (Zürichsee-Fähre Horgen-Meilen AG)
[2026-10-06 11:41:36] ✓ CH0002658448: 1142 trades downloaded
[2026-10-06 11:41:37] Processing: CH0553343069 (Zürichsee-Schifffahrtsgesellschaft)
[2026-10-06 11:41:37] ✓ CH0553343069: 494 trades downloaded
[2026-10-06 11:41:38] ========== SUMMARY ==========
[2026-10-06 11:41:38] Total ISINs processed: 239
[2026-10-06 11:41:38] Successful downloads: 239
[2026-10-06 11:41:38] Failed/Not Found: 0
[2026-10-06 11:41:38] CSV files created: 239
[2026-10-06 11:41:38] Time elapsed: 4m 38s
[2026-10-06 11:41:38] Log saved: /home/runner/work/OTC-X/OTC-X/backend/logs/downloader_2026-10-06_113656.log
[2026-10-06 11:41:38] ======================================================================
[2026-10-06 11:41:38] OTC-X Liquidity Metrics Engine - Starting
[2026-10-06 11:41:38] Timestamp: 2026-10-06 11:41:38
[2026-10-06 11:41:38] ======================================================================
[2026-10-06 11:41:38] [1/4] Loading input data...
[2026-10-06 11:41:38]       Trades: /home/runner/work/OTC-X/OTC-X/backend/data/master_trades.parquet
[2026-10-06 11:41:38]       -> 146,225 trades loaded (227 ISINs)
[2026-10-06 11:41:38]       Securities: /home/runner/work/OTC-X/OTC-X/backend/data/securities.csv
[2026-10-06 11:41:38]       -> 239 securities loaded (11 sectors)
[2026-10-06 11:41:38] [2/4] Computing liquidity metrics...
[2026-10-06 11:41:38]     Step 1/4: Daily aggregation...
[2026-10-06 11:41:38]              79,312 daily observations
[2026-10-06 11:41:38]     Step 2/4: Liquidity metrics...
[2026-10-06 11:41:38]     Step 3/4: Rolling baselines (30 trading days)...
[2026-10-06 11:41:38]     Step 4/4: Anomaly detection...
[2026-10-06 11:41:38] [3/4] Enriching with security metadata...
[2026-10-06 11:41:38]       [!] 6 ISINs have no metadata (Name/Sektor will be null)
[2026-10-06 11:41:38]       -> Final shape: (79312, 26)
[2026-10-06 11:41:38] [4/4] Saving output...
[2026-10-06 11:41:38]       -> Written to: /home/runner/work/OTC-X/OTC-X/backend/data/daily_metrics.parquet
[2026-10-06 11:41:38]       -> Size: 2.59 MB
[2026-10-06 11:41:38] ======================================================================
[2026-10-06 11:41:38] SUCCESS! Pipeline completed.
[2026-10-06 11:41:38] ======================================================================
[2026-10-06 11:41:38] Total rows:       79,312
[2026-10-06 11:41:38] Unique ISINs:     227
[2026-10-06 11:41:38] Unique Sectors:   11
[2026-10-06 11:41:38] Date range:       2004-02-16 to 2026-10-06
[2026-10-06 11:41:38] Elapsed time:     0.3 seconds
[2026-10-06 11:41:38] Output Schema:
[2026-10-06 11:41:38]   Isin                      String
[2026-10-06 11:41:38]   Name                      String
[2026-10-06 11:41:38]   Sektor                    String
[2026-10-06 11:41:38]   Datum                     Date
[2026-10-06 11:41:38]   trades_today              UInt32
[2026-10-06 11:41:38]   volume_today_units        Float64
[2026-10-06 11:41:38]   volume_today_chf          Float64
[2026-10-06 11:41:38]   price_min                 Float64
[2026-10-06 11:41:38]   price_max                 Float64
[2026-10-06 11:41:38]   price_first               Float64
[2026-10-06 11:41:38]   price_last                Float64
[2026-10-06 11:41:38]   price_change_pct          Float64
[2026-10-06 11:41:38]   log_returns               Float64
[2026-10-06 11:41:38]   volatility_daily          Float64
[2026-10-06 11:41:38]   amihud_daily              Float64
[2026-10-06 11:41:38]   spread_log_hl             Float64
[2026-10-06 11:41:38]   trade_duration_min        Float64
[2026-10-06 11:41:38]   off_book_pct              Float64
[2026-10-06 11:41:38]   trades_30d_median         Float64
[2026-10-06 11:41:38]   volume_30d_median         Float64
[2026-10-06 11:41:38]   volatility_30d_median     Float64
[2026-10-06 11:41:38]   amihud_30d_median         Float64
[2026-10-06 11:41:38]   volume_spike              Boolean
[2026-10-06 11:41:38]   activity_spike            Boolean
[2026-10-06 11:41:38]   price_gap                 Boolean
[2026-10-06 11:41:38]   anomaly_score             UInt8
[2026-10-06 11:41:38] High-anomaly observations (score >= 5): 15,068 total
[2026-10-06 11:41:38]   2026-10-06 | CH0016049881 | Score: 5 | Price Change: 0.78%
[2026-10-06 11:41:38]   2026-10-06 | CH0032018688 | Score: 5 | Price Change: 0.19%
[2026-10-06 11:41:38]   2026-10-06 | CH1112956201 | Score: 5 | Price Change: -0.14%
[2026-10-06 11:41:38]   2026-10-05 | CH0001430930 | Score: 5 | Price Change: -2.86%
[2026-10-06 11:41:38]   2026-10-05 | CH0002541586 | Score: 5 | Price Change: -2.07%
