[2026-07-08 05:59:29] OTC-X Trade Downloader started
[2026-07-08 05:59:29] Loaded 239 rows from /home/runner/work/OTC-X/OTC-X/backend/data/securities.csv
[2026-07-08 05:59:29] Processing: CH1559311092 (acrevis Bank N)
[2026-07-08 05:59:30] ✓ CH1559311092: 42 trades downloaded
[2026-07-08 05:59:31] Processing: CH0006668930 (ADEV Solarstrom AG, Liestal)
[2026-07-08 05:59:31] ✓ CH0006668930: 480 trades downloaded
[2026-07-08 05:59:32] Processing: CH0006524265 (ADEV Wasserkraftwerk AG, Liestal)
[2026-07-08 05:59:32] ✓ CH0006524265: 215 trades downloaded
[2026-07-08 05:59:33] Processing: CH0010497532 (ADEV Windkraft AG, Liestal)
[2026-07-08 05:59:33] ✓ CH0010497532: 151 trades downloaded
[2026-07-08 05:59:34] Processing: CH0034900248 (AG für Erstellung billiger Wohnhäuser in Winterthu)
[2026-07-08 05:59:34] ✓ CH0034900248: 119 trades downloaded
[2026-07-08 05:59:35] Processing: CH0001402418 (Agruna AG)
[2026-07-08 05:59:35] ✓ CH0001402418: 330 trades downloaded
[2026-07-08 05:59:36] Processing: CH0002599352 (Aletsch Bahnen N)
[2026-07-08 05:59:37] ✓ CH0002599352: 402 trades downloaded
[2026-07-08 05:59:38] Processing: CH0011322200 (Alpha Rheintal Bank, Heerbrugg)
[2026-07-08 05:59:38] ✓ CH0011322200: 1202 trades downloaded
[2026-07-08 05:59:39] Processing: CH0001418216 (Aluminium-Laufen AG Liesberg)
[2026-07-08 05:59:39] ✓ CH0001418216: 215 trades downloaded
[2026-07-08 05:59:40] Processing: CH0185254742 (Andermatt-Sedrun Sport AG)
[2026-07-08 05:59:40] ✓ CH0185254742: 437 trades downloaded
[2026-07-08 05:59:41] Processing: CH0026212446 (Appenzeller Bahnen)
[2026-07-08 05:59:41] ✓ CH0026212446: 242 trades downloaded
[2026-07-08 05:59:42] Processing: CH0001430930 (Arosa Bergbahnen AG, Arosa)
[2026-07-08 05:59:42] ✓ CH0001430930: 807 trades downloaded
[2026-07-08 05:59:43] Processing: CH0001457826 (Auto AG Schwyz, Schwyz)
[2026-07-08 05:59:44] ✓ CH0001457826: 96 trades downloaded
[2026-07-08 05:59:45] Processing: CH0029706766 (Auto AG Uri)
[2026-07-08 05:59:45] ✓ CH0029706766: 23 trades downloaded
[2026-07-08 05:59:46] Processing: CH0032018688 (Auto Hldg N)
[2026-07-08 05:59:46] ✓ CH0032018688: 1601 trades downloaded
[2026-07-08 05:59:47] Processing: CH0023777235 (aventron N)
[2026-07-08 05:59:47] ✓ CH0023777235: 624 trades downloaded
[2026-07-08 05:59:48] Processing: CH0003857031 (Bad Schinznach AG, Schinznach)
[2026-07-08 05:59:48] ✓ CH0003857031: 1056 trades downloaded
[2026-07-08 05:59:49] Processing: CH0001314852 (Bank in Zuzwil)
[2026-07-08 05:59:49] ✓ CH0001314852: 47 trades downloaded
[2026-07-08 05:59:50] Processing: CH0039074692 (Bank Leerau)
[2026-07-08 05:59:50] ✓ CH0039074692: 150 trades downloaded
[2026-07-08 05:59:51] Processing: CH0013792848 (Bank Oberaargau N)
[2026-07-08 05:59:51] ✓ CH0013792848: 541 trades downloaded
[2026-07-08 05:59:52] Processing: CH0001351862 (Bank SLM N)
[2026-07-08 05:59:53] ✓ CH0001351862: 478 trades downloaded
[2026-07-08 05:59:54] Processing: CH0049588129 (Bank von Roll AG)
[2026-07-08 05:59:54] ✓ CH0049588129: 252 trades downloaded
[2026-07-08 05:59:55] Processing: CH0303601253 (BB Adelboden N)
[2026-07-08 05:59:55] ✓ CH0303601253: 346 trades downloaded
[2026-07-08 05:59:56] Processing: CH0574732894 (BB Lauterbrunnen-Muerren N)
[2026-07-08 05:59:56] ✓ CH0574732894: 16 trades downloaded
[2026-07-08 05:59:57] Processing: CH0010756531 (BBO Bank Brienz-Oberhasli)
[2026-07-08 05:59:57] ✓ CH0010756531: 405 trades downloaded
[2026-07-08 05:59:58] Processing: CH0001507406 (BB Piz Mundaun AG)
[2026-07-08 05:59:58] ✓ CH0001507406: 103 trades downloaded
[2026-07-08 05:59:59] Processing: CH0002353867 (BB Soerenberg AG)
[2026-07-08 05:59:59] ✓ CH0002353867: 236 trades downloaded
[2026-07-08 06:00:00] Processing: CH0010726963 (Beau-Rivage Palace SA, Lausanne-Ouchy)
[2026-07-08 06:00:00] ✓ CH0010726963: 803 trades downloaded
[2026-07-08 06:00:01] Processing: CH0024700483 (Belalp-Bahnen, Naters)
[2026-07-08 06:00:02] ✓ CH0024700483: 29 trades downloaded
[2026-07-08 06:00:03] Processing: CH0187392300 (Bellwald Sportbahnen N)
[2026-07-08 06:00:03] ✓ CH0187392300: 10 trades downloaded
[2026-07-08 06:00:04] Processing: CH0002332093 (Bergbahnen Brigels N)
[2026-07-08 06:00:04] ✓ CH0002332093: 148 trades downloaded
[2026-07-08 06:00:05] Processing: CH0018384120 (Bergbahnen Destination Gstaad N)
[2026-07-08 06:00:05] ✓ CH0018384120: 433 trades downloaded
[2026-07-08 06:00:06] Processing: CH0292081723 (Bergbahnen Disentis N)
[2026-07-08 06:00:06] ✓ CH0292081723: 93 trades downloaded
[2026-07-08 06:00:07] Processing: CH0580517032 (Bergbahnen Hohsaas N)
[2026-07-08 06:00:07] ✓ CH0580517032: 0 trades downloaded
[2026-07-08 06:00:08] Processing: CH0036505888 (Bergbahnen Meiringen-Hasliberg N)
[2026-07-08 06:00:08] ✓ CH0036505888: 462 trades downloaded
[2026-07-08 06:00:09] Processing: CH0342666572 (Bergbahnen Scuol N)
[2026-07-08 06:00:10] ✓ CH0342666572: 245 trades downloaded
[2026-07-08 06:00:11] Processing: CH0016568880 (Bergbahnen Splügen-Tambo N)
[2026-07-08 06:00:11] ✓ CH0016568880: 46 trades downloaded
[2026-07-08 06:00:12] Processing: CH0045885032 (Bergbahnen Wildhaus AG)
[2026-07-08 06:00:12] ✓ CH0045885032: 91 trades downloaded
[2026-07-08 06:00:13] Processing: CH0014874918 (Bernerland Bank, Sumiswald)
[2026-07-08 06:00:13] ✓ CH0014874918: 905 trades downloaded
[2026-07-08 06:00:14] Processing: CH0322776573 (Berner Oberland-Bahnen N)
[2026-07-08 06:00:14] ✓ CH0322776573: 249 trades downloaded
[2026-07-08 06:00:15] Processing: CH0011100341 (BERNEXPO N)
[2026-07-08 06:00:15] ✓ CH0011100341: 2205 trades downloaded
[2026-07-08 06:00:16] Processing: CH0018043619 (Biene-Bank im Rheintal)
[2026-07-08 06:00:17] ✓ CH0018043619: 375 trades downloaded
[2026-07-08 06:00:18] Processing: CH0025889160 (BLS N)
[2026-07-08 06:00:18] ✓ CH0025889160: 1450 trades downloaded
[2026-07-08 06:00:19] Processing: CH0012684657 (Bobst Group N)
[2026-07-08 06:00:19] ✓ CH0012684657: 3278 trades downloaded
[2026-07-08 06:00:20] Processing: CH0545753953 (Bondpartners N)
[2026-07-08 06:00:20] ✓ CH0545753953: 162 trades downloaded
[2026-07-08 06:00:21] Processing: CH0001542635 (Brauerei Schützengarten AG N)
[2026-07-08 06:00:21] ✓ CH0001542635: 165 trades downloaded
[2026-07-08 06:00:22] Processing: CH0001542643 (Brauerei Schützengarten AG PS)
[2026-07-08 06:00:22] ✓ CH0001542643: 644 trades downloaded
[2026-07-08 06:00:23] Processing: CH0002052501 (Brunni-Bahnen N)
[2026-07-08 06:00:23] ✓ CH0002052501: 580 trades downloaded
[2026-07-08 06:00:24] Processing: CH0009438109 (BS Bank, Schaffhausen)
[2026-07-08 06:00:25] ✓ CH0009438109: 507 trades downloaded
[2026-07-08 06:00:26] Processing: CH0002657978 (Bystronic -B- N)
[2026-07-08 06:00:26] ✓ CH0002657978: 439 trades downloaded
[2026-07-08 06:00:27] Processing: CH0001570057 (Caran d`Ache, Genève, Serie B)
[2026-07-08 06:00:27] ✓ CH0001570057: 89 trades downloaded
[2026-07-08 06:00:28] Processing: CH0102022560 (CasaInvest N)
[2026-07-08 06:00:28] ✓ CH0102022560: 874 trades downloaded
[2026-07-08 06:00:29] Processing: CH1127803547 (Casale Holding Rg)
[2026-07-08 06:00:29] ✓ CH1127803547: 14 trades downloaded
[2026-07-08 06:00:30] Processing: CH0004959505 (Casino de Montreux SA Nom 100)
[2026-07-08 06:00:30] ✓ CH0004959505: 449 trades downloaded
[2026-07-08 06:00:31] Processing: CH0004959471 (Casino de Montreux SA Nom 50)
[2026-07-08 06:00:31] ✓ CH0004959471: 34 trades downloaded
[2026-07-08 06:00:32] Processing: CH0324791133 (Chemholding N)
[2026-07-08 06:00:33] ✓ CH0324791133: 4 trades downloaded
[2026-07-08 06:00:34] Processing: CH0020603475 (CKW N)
[2026-07-08 06:00:34] ✓ CH0020603475: 1519 trades downloaded
[2026-07-08 06:00:35] Processing: CH0010583448 (Clientis Bank Aareland N)
[2026-07-08 06:00:35] ✓ CH0010583448: 265 trades downloaded
[2026-07-08 06:00:36] Processing: CH0001336319 (Clientis Bank Oberuzwil AG)
[2026-07-08 06:00:36] ✓ CH0001336319: 70 trades downloaded
[2026-07-08 06:00:37] Processing: CH0010621925 (Clientis Bank Toggenburg)
[2026-07-08 06:00:37] ✓ CH0010621925: 214 trades downloaded
[2026-07-08 06:00:38] Processing: CH0001357000 (Clientis Sparkasse Oftringen)
[2026-07-08 06:00:39] ✓ CH0001357000: 191 trades downloaded
[2026-07-08 06:00:40] Processing: CH0001579363 (CMSA Holding N)
[2026-07-08 06:00:40] ✓ CH0001579363: 1341 trades downloaded
[2026-07-08 06:00:41] Processing: CH0032462910 (Corvatsch AG Nom 3, Silvaplana)
[2026-07-08 06:00:41] ✓ CH0032462910: 535 trades downloaded
[2026-07-08 06:00:42] Processing: CH1100211528 (Crédit Mutuel de la Vallée N)
[2026-07-08 06:00:42] ✓ CH1100211528: 34 trades downloaded
[2026-07-08 06:00:43] Processing: CH0019556908 (Cresta Palace Celerina N)
[2026-07-08 06:00:43] ✓ CH0019556908: 230 trades downloaded
[2026-07-08 06:00:44] Processing: CH0433137400 (Davos Klosters Bergbahnen N)
[2026-07-08 06:00:44] ✓ CH0433137400: 553 trades downloaded
[2026-07-08 06:00:45] Processing: CH0109916244 (Diavolezza Lagalb N)
[2026-07-08 06:00:46] ✓ CH0109916244: 57 trades downloaded
[2026-07-08 06:00:47] Processing: CH0001665147 (Dolder Hotel AG, Zürich)
[2026-07-08 06:00:47] ✓ CH0001665147: 572 trades downloaded
[2026-07-08 06:00:48] Processing: CH0578688241 (Drahtseilbahn Marzili N)
[2026-07-08 06:00:48] ✓ CH0578688241: 10 trades downloaded
[2026-07-08 06:00:49] Processing: CH0001669255 (Drahtseilbahn Marzili-Stadt Bern N)
[2026-07-08 06:00:49] ✓ CH0001669255: 39 trades downloaded
[2026-07-08 06:00:50] Processing: CH0001777876 (ebs Erdgas + Biogas)
[2026-07-08 06:00:50] ✓ CH0001777876: 48 trades downloaded
[2026-07-08 06:00:51] Processing: CH1159308571 (EcoRenova N)
[2026-07-08 06:00:51] ✓ CH1159308571: 5 trades downloaded
[2026-07-08 06:00:52] Processing: CH0102699540 (Energ Elec du Simplon E.E.S.)
[2026-07-08 06:00:52] ✓ CH0102699540: 95 trades downloaded
[2026-07-08 06:00:53] Processing: CH0014386996 (Energie Zürichsee Linth N)
[2026-07-08 06:00:54] ✓ CH0014386996: 849 trades downloaded
[2026-07-08 06:00:55] Processing: CH0031926105 (Engadin Mountains AG)
[2026-07-08 06:00:55] ✓ CH0031926105: 688 trades downloaded
[2026-07-08 06:00:56] Processing: CH0129442221 (Eniwa Holding AG)
[2026-07-08 06:00:56] ✓ CH0129442221: 842 trades downloaded
[2026-07-08 06:00:57] Processing: CH0001337200 (Ersparniskasse Affoltern)
[2026-07-08 06:00:57] ✓ CH0001337200: 234 trades downloaded
[2026-07-08 06:00:58] Processing: CH0001704680 (Eskimo Textil AG, Turbenthal)
[2026-07-08 06:00:58] ✓ CH0001704680: 35 trades downloaded
[2026-07-08 06:00:59] Processing: CH0002557400 (Espace Real Estate Hldg N)
[2026-07-08 06:01:00] ✓ CH0002557400: 3301 trades downloaded
[2026-07-08 06:01:01] Processing: CH0001239398 (EW Brig-Naters EWBN)
[2026-07-08 06:01:01] ✓ CH0001239398: 148 trades downloaded
[2026-07-08 06:01:02] Processing: CH0001690533 (EW Jona-Rapperswil, Jona)
[2026-07-08 06:01:02] ✓ CH0001690533: 1547 trades downloaded
[2026-07-08 06:01:03] Processing: CH0001691614 (EW Uznach AG)
[2026-07-08 06:01:03] ✓ CH0001691614: 230 trades downloaded
[2026-07-08 06:01:04] Processing: CH0001413704 (Flughafen Bern AG N)
[2026-07-08 06:01:04] ✓ CH0001413704: 535 trades downloaded
[2026-07-08 06:01:05] Processing: CH1106247997 (Funi Locarno-Madonna N)
[2026-07-08 06:01:05] ✓ CH1106247997: 13 trades downloaded
[2026-07-08 06:01:06] Processing: CH1104949586 (Funi Lugano-Paradiso N)
[2026-07-08 06:01:06] ✓ CH1104949586: 20 trades downloaded
[2026-07-08 06:01:07] Processing: CH0001602009 (Generale Beaulieu Holding SA)
[2026-07-08 06:01:08] ✓ CH0001602009: 221 trades downloaded
[2026-07-08 06:01:09] Processing: CH1405847034 (Geoterra Holding Rg)
[2026-07-08 06:01:09] ✓ CH1405847034: 470 trades downloaded
[2026-07-08 06:01:10] Processing: CH0006980079 (Gondelbahn Grindelwald N)
[2026-07-08 06:01:10] ✓ CH0006980079: 558 trades downloaded
[2026-07-08 06:01:11] Processing: CH0375446173 (Gondrand Hldg Vz N)
[2026-07-08 06:01:11] ✓ CH0375446173: 84 trades downloaded
[2026-07-08 06:01:12] Processing: CH0002221338 (Gotthard Raststätte A2 Uri AG)
[2026-07-08 06:01:12] ✓ CH0002221338: 1073 trades downloaded
[2026-07-08 06:01:13] Processing: CH0002541586 (Grand Resort Bad Ragaz, Bad Ragaz)
[2026-07-08 06:01:13] ✓ CH0002541586: 1198 trades downloaded
[2026-07-08 06:01:14] Processing: CH0006532565 (Griesser Holding AG, Aadorf)
[2026-07-08 06:01:15] ✓ CH0006532565: 1315 trades downloaded
[2026-07-08 06:01:16] Processing: CH0016523125 (Griston Holding AG)
[2026-07-08 06:01:16] ✓ CH0016523125: 476 trades downloaded
[2026-07-08 06:01:17] Processing: CH0005051021 (Gurtenbahn AG N)
[2026-07-08 06:01:17] ✓ CH0005051021: 119 trades downloaded
[2026-07-08 06:01:18] Processing: CH0023124214 (HBB Holding AG)
[2026-07-08 06:01:18] ✓ CH0023124214: 442 trades downloaded
[2026-07-08 06:01:19] Processing: CH0001865523 (Heim im Bergli AG, Luzern)
[2026-07-08 06:01:19] ✓ CH0001865523: 60 trades downloaded
[2026-07-08 06:01:20] Processing: CH0304280636 (Helvetic Star Holding)
[2026-07-08 06:01:21] ✓ CH0304280636: 70 trades downloaded
[2026-07-08 06:01:22] Processing: CH0000648680 (Hochalpines Institut Ftan AG)
[2026-07-08 06:01:22] ✓ CH0000648680: 139 trades downloaded
[2026-07-08 06:01:23] Processing: CH0016016849 (Hoch-Ybrig N)
[2026-07-08 06:01:23] ✓ CH0016016849: 699 trades downloaded
[2026-07-08 06:01:24] Processing: CH0001992681 (Hof Weissbad AG)
[2026-07-08 06:01:24] ✓ CH0001992681: 1457 trades downloaded
[2026-07-08 06:01:25] Processing: CH0010923875 (Hoher Kasten Drehrestaurant und Seilbahn AG)
[2026-07-08 06:01:26] ✓ CH0010923875: 671 trades downloaded
[2026-07-08 06:01:27] Processing: CH0020502743 (Holdinova N)
[2026-07-08 06:01:28] ✓ CH0020502743: 5128 trades downloaded
[2026-07-08 06:01:29] Processing: CH0001906848 (Imbrex Hldg N)
[2026-07-08 06:01:29] ✓ CH0001906848: 344 trades downloaded
[2026-07-08 06:01:30] Processing: CH0001910089 (Immges Viamala, Thusis)
[2026-07-08 06:01:30] ✓ CH0001910089: 87 trades downloaded
[2026-07-08 06:01:31] Processing: CH0324793667 (Immobiliare Pharmapark N)
[2026-07-08 06:01:31] ✓ CH0324793667: 63 trades downloaded
[2026-07-08 06:01:32] Processing: CH0001344685 (KB Nidwalden PS)
[2026-07-08 06:01:32] ✓ CH0001344685: 109 trades downloaded
[2026-07-08 06:01:33] Processing: CH0263939958 (Klosters-Madrisa N)
[2026-07-08 06:01:33] ✓ CH0263939958: 175 trades downloaded
[2026-07-08 06:01:34] Processing: CH0001514501 (Kongresshaus Zürich AG, Zürich)
[2026-07-08 06:01:34] ✓ CH0001514501: 826 trades downloaded
[2026-07-08 06:01:35] Processing: CH0115029545 (Konkordia AG N)
[2026-07-08 06:01:35] ✓ CH0115029545: 243 trades downloaded
[2026-07-08 06:01:36] Processing: CH0002052915 (Kronberg N)
[2026-07-08 06:01:37] ✓ CH0002052915: 235 trades downloaded
[2026-07-08 06:01:38] Processing: CH0001574604 (Kursaal-Casino AG, Luzern GS)
[2026-07-08 06:01:38] ✓ CH0001574604: 216 trades downloaded
[2026-07-08 06:01:39] Processing: CH0001574596 (Kursaal-Casino AG, Luzern N)
[2026-07-08 06:01:39] ✓ CH0001574596: 1802 trades downloaded
[2026-07-08 06:01:40] Processing: CH0001989513 (Kursaal Interlaken N)
[2026-07-08 06:01:40] ✓ CH0001989513: 663 trades downloaded
[2026-07-08 06:01:41] Processing: CH0304449611 (Lagerhäuser der Centralschweiz N)
[2026-07-08 06:01:41] ✓ CH0304449611: 230 trades downloaded
[2026-07-08 06:01:42] Processing: CH0002400585 (Landwirtschaft ZRA, Aarberg)
[2026-07-08 06:01:43] ✓ CH0002400585: 232 trades downloaded
[2026-07-08 06:01:44] Processing: CH0001343885 (Leihkasse Stammheim)
[2026-07-08 06:01:44] ✓ CH0001343885: 121 trades downloaded
[2026-07-08 06:01:45] Processing: CH0001788345 (Lenk Bergbahnen, Lenk)
[2026-07-08 06:01:45] ✓ CH0001788345: 202 trades downloaded
[2026-07-08 06:01:46] Processing: CH0023497271 (Lenzerheide Bergbahnen)
[2026-07-08 06:01:46] ✓ CH0023497271: 1207 trades downloaded
[2026-07-08 06:01:47] Processing: CH0001318374 (Lienhardt & Partner Privatbank Zürich AG, Zürich)
[2026-07-08 06:01:47] ✓ CH0001318374: 494 trades downloaded
[2026-07-08 06:01:48] Processing: CH0002045471 (Loeb Holding N -B-)
[2026-07-08 06:01:48] ✓ CH0002045471: 244 trades downloaded
[2026-07-08 06:01:49] Processing: CH0002045497 (Loeb Holding PS)
[2026-07-08 06:01:49] ✓ CH0002045497: 2675 trades downloaded
[2026-07-08 06:01:50] Processing: CH0105175175 (Lorze AG)
[2026-07-08 06:01:51] ✓ CH0105175175: 292 trades downloaded
[2026-07-08 06:01:52] Processing: CH0001542601 (Löwengarten AG)
[2026-07-08 06:01:52] ✓ CH0001542601: 22 trades downloaded
[2026-07-08 06:01:53] Processing: CH0563381901 (LSB Dallenwil-Wirzweli N)
[2026-07-08 06:01:53] ✓ CH0563381901: 6 trades downloaded
[2026-07-08 06:01:54] Processing: CH0002052782 (LSB Grindelwald-Pfingstegg AG)
[2026-07-08 06:01:54] ✓ CH0002052782: 162 trades downloaded
[2026-07-08 06:01:55] Processing: CH0002055819 (LSB Wasserauen-Ebenalp AG)
[2026-07-08 06:01:55] ✓ CH0002055819: 87 trades downloaded
[2026-07-08 06:01:56] Processing: CH0002056031 (LSB Wengen-Männlichen AG)
[2026-07-08 06:01:56] ✓ CH0002056031: 352 trades downloaded
[2026-07-08 06:01:57] Processing: CH0002056957 (Lurag AG, Neuenkirch)
[2026-07-08 06:01:58] ✓ CH0002056957: 781 trades downloaded
[2026-07-08 06:01:59] Processing: CH0002057070 (Lyceum Alpinum Zuoz AG)
[2026-07-08 06:01:59] ✓ CH0002057070: 138 trades downloaded
[2026-07-08 06:02:00] Processing: CH0198963503 (Magazzini Generali N)
[2026-07-08 06:02:00] ✓ CH0198963503: 22 trades downloaded
[2026-07-08 06:02:01] Processing: CH0016376714 (Matterhorn Gotthard Verkehr AG)
[2026-07-08 06:02:01] ✓ CH0016376714: 103 trades downloaded
[2026-07-08 06:02:02] Processing: CH0014069212 (Menzi Muck Gruppe N)
[2026-07-08 06:02:02] ✓ CH0014069212: 1342 trades downloaded
[2026-07-08 06:02:03] Processing: CH0002092622 (Metall Zug AG Serie A)
[2026-07-08 06:02:03] ✓ CH0002092622: 565 trades downloaded
[2026-07-08 06:02:04] Processing: CH0107020692 (Montana Tech N)
[2026-07-08 06:02:04] ✓ CH0107020692: 1694 trades downloaded
[2026-07-08 06:02:05] Processing: CH0003798599 (Montreux-Berner Oberland Bahn)
[2026-07-08 06:02:05] ✓ CH0003798599: 468 trades downloaded
[2026-07-08 06:02:06] Processing: CH0126517975 (Neue Zürcher Zeitung, Zürich)
[2026-07-08 06:02:07] ✓ CH0126517975: 3794 trades downloaded
[2026-07-08 06:02:08] Processing: CH0187475709 (Nexus Gr Hold N)
[2026-07-08 06:02:08] ✓ CH0187475709: 166 trades downloaded
[2026-07-08 06:02:09] Processing: CH0572824867 (Niederhornbahn N)
[2026-07-08 06:02:09] ✓ CH0572824867: 68 trades downloaded
[2026-07-08 06:02:10] Processing: CH1104984104 (Niesenbahn N)
[2026-07-08 06:02:10] ✓ CH1104984104: 161 trades downloaded
[2026-07-08 06:02:11] Processing: CH0013592248 (NORINVEST HLDG N)
[2026-07-08 06:02:11] ✓ CH0013592248: 160 trades downloaded
[2026-07-08 06:02:12] Processing: CH0002160460 (Opernhaus Zürich N 300)
[2026-07-08 06:02:12] ✓ CH0002160460: 29 trades downloaded
[2026-07-08 06:02:13] Processing: CH0002160478 (Opernhaus Zürich N 900)
[2026-07-08 06:02:13] ✓ CH0002160478: 367 trades downloaded
[2026-07-08 06:02:14] Processing: CH0017915742 (OTC-X All Share)
[2026-07-08 06:02:15] ✓ CH0017915742: 0 trades downloaded
[2026-07-08 06:02:16] Processing: CH0017915718 (OTC-X Banken)
[2026-07-08 06:02:16] ✓ CH0017915718: 0 trades downloaded
[2026-07-08 06:02:17] Processing: CH0039576753 (OTC-X Bergbahnen)
[2026-07-08 06:02:17] ✓ CH0039576753: 0 trades downloaded
[2026-07-08 06:02:18] Processing: CH0039576787 (OTC-X Beteiligungsgesellschaften)
[2026-07-08 06:02:18] ✓ CH0039576787: 0 trades downloaded
[2026-07-08 06:02:19] Processing: CH0017915692 (OTC-X Energie)
[2026-07-08 06:02:19] ✓ CH0017915692: 0 trades downloaded
[2026-07-08 06:02:20] Processing: CH0039576837 (OTC-X Immobilien)
[2026-07-08 06:02:20] ✓ CH0039576837: 0 trades downloaded
[2026-07-08 06:02:21] Processing: CH0017915684 (OTC-X Industrie)
[2026-07-08 06:02:21] ✓ CH0017915684: 0 trades downloaded
[2026-07-08 06:02:22] Processing: CH0039576860 (OTC-X Liquidity)
[2026-07-08 06:02:22] ✓ CH0039576860: 0 trades downloaded
[2026-07-08 06:02:23] Processing: CH0017915668 (OTC-X Medien)
[2026-07-08 06:02:24] ✓ CH0017915668: 0 trades downloaded
[2026-07-08 06:02:25] Processing: CH0039576852 (OTC-X Nahrung und Getraenke)
[2026-07-08 06:02:25] ✓ CH0039576852: 0 trades downloaded
[2026-07-08 06:02:26] Processing: CH0213109793 (OTC-X Premium)
[2026-07-08 06:02:26] ✓ CH0213109793: 0 trades downloaded
[2026-07-08 06:02:27] Processing: CH0017915726 (OTC-X TOP50)
[2026-07-08 06:02:27] ✓ CH0017915726: 0 trades downloaded
[2026-07-08 06:02:28] Processing: CH0017915643 (OTC-X Tourismus/Freizeit/Sonstiges)
[2026-07-08 06:02:28] ✓ CH0017915643: 0 trades downloaded
[2026-07-08 06:02:29] Processing: CH0017915635 (OTC-X Transport/Verkehr/Logistik)
[2026-07-08 06:02:29] ✓ CH0017915635: 0 trades downloaded
[2026-07-08 06:02:30] Processing: CH0467707490 (Outdoor Switzerland N)
[2026-07-08 06:02:30] ✓ CH0467707490: 79 trades downloaded
[2026-07-08 06:02:31] Processing: CH0002174743 (Parking des Alpes N)
[2026-07-08 06:02:31] ✓ CH0002174743: 9 trades downloaded
[2026-07-08 06:02:32] Processing: CH0016049881 (Patiswiss AG)
[2026-07-08 06:02:33] ✓ CH0016049881: 967 trades downloaded
[2026-07-08 06:02:34] Processing: CH1350861261 (Perlen Industrieholding N)
[2026-07-08 06:02:34] ✓ CH1350861261: 1567 trades downloaded
[2026-07-08 06:02:35] Processing: CH0009005973 (Pilatus-Bahnen AG, Kriens)
[2026-07-08 06:02:35] ✓ CH0009005973: 1834 trades downloaded
[2026-07-08 06:02:36] Processing: CH0012457633 (Plaston Holding AG)
[2026-07-08 06:02:36] ✓ CH0012457633: 1412 trades downloaded
[2026-07-08 06:02:37] Processing: CH0284143929 (PLAZZA-B-N)
[2026-07-08 06:02:37] ✓ CH0284143929: 113 trades downloaded
[2026-07-08 06:02:38] Processing: CH0286266488 (Ports Francs et Entrepôts de Genève)
[2026-07-08 06:02:38] ✓ CH0286266488: 0 trades downloaded
[2026-07-08 06:02:39] Processing: CH0122303669 (Prayon Switzerland N)
[2026-07-08 06:02:39] ✓ CH0122303669: 22 trades downloaded
[2026-07-08 06:02:40] Processing: CH0013283368 (Precious Woods Hldg N)
[2026-07-08 06:02:41] ✓ CH0013283368: 568 trades downloaded
[2026-07-08 06:02:42] Processing: CH0002218664 (Railtour Suisse SA Nom 100)
[2026-07-08 06:02:42] ✓ CH0002218664: 0 trades downloaded
[2026-07-08 06:02:43] Processing: CH0002218698 (Railtour Suisse SA Nom 500)
[2026-07-08 06:02:43] ✓ CH0002218698: 0 trades downloaded
[2026-07-08 06:02:44] Processing: CH0030333360 (Rapid Holding N)
[2026-07-08 06:02:44] ✓ CH0030333360: 1485 trades downloaded
[2026-07-08 06:02:45] Processing: CH0027315818 (Raststätte Rheintal AG, Sevelen)
[2026-07-08 06:02:45] ✓ CH0027315818: 213 trades downloaded
[2026-07-08 06:02:46] Processing: CH0002221304 (Raststätte Thurau, St. Gallen)
[2026-07-08 06:02:46] ✓ CH0002221304: 194 trades downloaded
[2026-07-08 06:02:47] Processing: CH0018525532 (Raststätte Walensee AG)
[2026-07-08 06:02:48] ✓ CH0018525532: 95 trades downloaded
[2026-07-08 06:02:49] Processing: CH1387788180 (Raurica Wald N-B)
[2026-07-08 06:02:49] ✓ CH1387788180: 19 trades downloaded
[2026-07-08 06:02:50] Processing: CH1112956201 (Regiobank Solothurn N)
[2026-07-08 06:02:50] ✓ CH1112956201: 3232 trades downloaded
[2026-07-08 06:02:51] Processing: CH0002227095 (Reishauer N)
[2026-07-08 06:02:51] ✓ CH0002227095: 1141 trades downloaded
[2026-07-08 06:02:52] Processing: CH0199383602 (Remontées Mécaniques de Grimentz)
[2026-07-08 06:02:52] ✓ CH0199383602: 11 trades downloaded
[2026-07-08 06:02:53] Processing: CH0320096990 (Repower N)
[2026-07-08 06:02:54] ✓ CH0320096990: 5020 trades downloaded
[2026-07-08 06:02:55] Processing: CH0002234398 (Rhätische Bahn RhB / Prior)
[2026-07-08 06:02:55] ✓ CH0002234398: 258 trades downloaded
[2026-07-08 06:02:56] Processing: CH0002234372 (Rhätische Bahn RhB / Stamm)
[2026-07-08 06:02:56] ✓ CH0002234372: 215 trades downloaded
[2026-07-08 06:02:57] Processing: CH0001378626 (Rhiienergie AG, Tamins)
[2026-07-08 06:02:57] ✓ CH0001378626: 133 trades downloaded
[2026-07-08 06:02:58] Processing: CH0016290014 (Rigi Bahnen AG, Goldau)
[2026-07-08 06:02:58] ✓ CH0016290014: 2778 trades downloaded
[2026-07-08 06:02:59] Processing: CH0114457390 (Rottal Auto AG, Ruswil)
[2026-07-08 06:03:00] ✓ CH0114457390: 49 trades downloaded
[2026-07-08 06:03:01] Processing: CH0000975372 (Säntis-Schwebebahn AG, Schwägalp)
[2026-07-08 06:03:01] ✓ CH0000975372: 3179 trades downloaded
[2026-07-08 06:03:02] Processing: CH0002353487 (SB Elm AG N)
[2026-07-08 06:03:02] ✓ CH0002353487: 107 trades downloaded
[2026-07-08 06:03:03] Processing: CH0001394607 (SB im Mythengebiet, Schwyz)
[2026-07-08 06:03:03] ✓ CH0001394607: 54 trades downloaded
[2026-07-08 06:03:04] Processing: CH0002353693 (SB Pischa, Davos)
[2026-07-08 06:03:04] ✓ CH0002353693: 134 trades downloaded
[2026-07-08 06:03:05] Processing: CH0001352928 (SB Saanen Bank)
[2026-07-08 06:03:05] ✓ CH0001352928: 1370 trades downloaded
[2026-07-08 06:03:06] Processing: CH0341320114 (Schifffahrtsges. Hallwilersee)
[2026-07-08 06:03:06] ✓ CH0341320114: 125 trades downloaded
[2026-07-08 06:03:07] Processing: CH0002276266 (Schilthornbahn AG Mürren)
[2026-07-08 06:03:07] ✓ CH0002276266: 2879 trades downloaded
[2026-07-08 06:03:08] Processing: CH0002283601 (Schützen Rheinfelden Immobilien N)
[2026-07-08 06:03:09] ✓ CH0002283601: 274 trades downloaded
[2026-07-08 06:03:10] Processing: CH0006234014 (Schweizer Zucker AG)
[2026-07-08 06:03:10] ✓ CH0006234014: 2311 trades downloaded
[2026-07-08 06:03:11] Processing: CH0002291802 (Schweiz. Schifffahrtsges. Untersee und Rhein N)
[2026-07-08 06:03:11] ✓ CH0002291802: 136 trades downloaded
[2026-07-08 06:03:12] Processing: CH0031151084 (SeeBeteiligungs AG)
[2026-07-08 06:03:12] ✓ CH0031151084: 942 trades downloaded
[2026-07-08 06:03:13] Processing: CH0030693185 (Seilbahn Weissenstein AG)
[2026-07-08 06:03:13] ✓ CH0030693185: 1124 trades downloaded
[2026-07-08 06:03:14] Processing: CH0421720779 (SGV Holding N)
[2026-07-08 06:03:15] ✓ CH0421720779: 2539 trades downloaded
[2026-07-08 06:03:16] Processing: CH0547027570 (SIA-Haus Vz N)
[2026-07-08 06:03:16] ✓ CH0547027570: 160 trades downloaded
[2026-07-08 06:03:17] Processing: CH0009219186 (sitEX Properties Hldg N)
[2026-07-08 06:03:17] ✓ CH0009219186: 348 trades downloaded
[2026-07-08 06:03:18] Processing: CH0305002096 (Skilifte Brunni-Haggenegg N)
[2026-07-08 06:03:18] ✓ CH0305002096: 42 trades downloaded
[2026-07-08 06:03:19] Processing: CH0001350328 (Spar + Leihkasse Gürbetal N)
[2026-07-08 06:03:19] ✓ CH0001350328: 287 trades downloaded
[2026-07-08 06:03:20] Processing: CH0001352720 (Spar+Leihkasse Riggisberg)
[2026-07-08 06:03:20] ✓ CH0001352720: 502 trades downloaded
[2026-07-08 06:03:21] Processing: CH0318681860 (Spar- und Leihkasse Bucheggberg N)
[2026-07-08 06:03:22] ✓ CH0318681860: 919 trades downloaded
[2026-07-08 06:03:23] Processing: CH0001350112 (Spar- und Leihkasse Frutigen)
[2026-07-08 06:03:23] ✓ CH0001350112: 364 trades downloaded
[2026-07-08 06:03:24] Processing: CH0001354296 (Spar- und Leihkasse Wynigen)
[2026-07-08 06:03:25] ✓ CH0001354296: 106 trades downloaded
[2026-07-08 06:03:26] Processing: CH0320093559 (Sportbahnen Atzmaennig N)
[2026-07-08 06:03:26] ✓ CH0320093559: 76 trades downloaded
[2026-07-08 06:03:27] Processing: CH0002513312 (SSE Holding N)
[2026-07-08 06:03:27] ✓ CH0002513312: 3390 trades downloaded
[2026-07-08 06:03:28] Processing: CH0009319721 (Stadtcasino Baden AG, Baden)
[2026-07-08 06:03:28] ✓ CH0009319721: 2182 trades downloaded
[2026-07-08 06:03:29] Processing: CH0586685981 (Stanserhorn-Bahn N -10-)
[2026-07-08 06:03:29] ✓ CH0586685981: 25 trades downloaded
[2026-07-08 06:03:30] Processing: CH0586455245 (Stanserhorn-Bahn N -250-)
[2026-07-08 06:03:30] ✓ CH0586455245: 250 trades downloaded
[2026-07-08 06:03:31] Processing: CH0487871656 (STI Hldg N)
[2026-07-08 06:03:32] ✓ CH0487871656: 11 trades downloaded
[2026-07-08 06:03:33] Processing: CH0197490847 (Sunstar-Holding N -A-)
[2026-07-08 06:03:33] ✓ CH0197490847: 862 trades downloaded
[2026-07-08 06:03:34] Processing: CH0341319801 (Sursee-Triengen Bahn N)
[2026-07-08 06:03:34] ✓ CH0341319801: 19 trades downloaded
[2026-07-08 06:03:35] Processing: CH0001395539 (Suvretta-Haus, St. Moritz)
[2026-07-08 06:03:35] ✓ CH0001395539: 225 trades downloaded
[2026-07-08 06:03:36] Processing: CH0002512801 (Swisstulle AG)
[2026-07-08 06:03:36] ✓ CH0002512801: 154 trades downloaded
[2026-07-08 06:03:37] Processing: CH0121640970 (SWS Medien N)
[2026-07-08 06:03:37] ✓ CH0121640970: 135 trades downloaded
[2026-07-08 06:03:38] Processing: CH0002538012 (Tersa AG)
[2026-07-08 06:03:38] ✓ CH0002538012: 127 trades downloaded
[2026-07-08 06:03:39] Processing: CH0596918380 (Thermalbad Zurzach N)
[2026-07-08 06:03:39] ✓ CH0596918380: 644 trades downloaded
[2026-07-08 06:03:40] Processing: CH0223260743 (Toggenburg Bergbahnen N)
[2026-07-08 06:03:41] ✓ CH0223260743: 465 trades downloaded
[2026-07-08 06:03:42] Processing: CH0001725255 (Tonwerk Lausen N)
[2026-07-08 06:03:42] ✓ CH0001725255: 57 trades downloaded
[2026-07-08 06:03:43] Processing: CH0002557616 (Treib-Seelisberg-Bahn AG)
[2026-07-08 06:03:43] ✓ CH0002557616: 84 trades downloaded
[2026-07-08 06:03:44] Processing: CH0002569694 (Tuwag Immobilien AG, Wädenswil)
[2026-07-08 06:03:44] ✓ CH0002569694: 54 trades downloaded
[2026-07-08 06:03:45] Processing: CH0326691679 (Unione Farmaceutica Distr N)
[2026-07-08 06:03:45] ✓ CH0326691679: 24 trades downloaded
[2026-07-08 06:03:46] Processing: CH0326380885 (Unipharma N)
[2026-07-08 06:03:46] ✓ CH0326380885: 9 trades downloaded
[2026-07-08 06:03:47] Processing: CH0306293272 (Usines Metallurgiques de Vallorbe N)
[2026-07-08 06:03:47] ✓ CH0306293272: 65 trades downloaded
[2026-07-08 06:03:48] Processing: CH0033136596 (Viamala Raststätte Thusis AG)
[2026-07-08 06:03:49] ✓ CH0033136596: 2 trades downloaded
[2026-07-08 06:03:50] Processing: CH0029910939 (VOe holding N)
[2026-07-08 06:03:50] ✓ CH0029910939: 364 trades downloaded
[2026-07-08 06:03:51] Processing: CH0212936964 (Weiss+Appetito N)
[2026-07-08 06:03:51] ✓ CH0212936964: 1275 trades downloaded
[2026-07-08 06:03:52] Processing: CH0000041795 (Weisse Arena AG, Laax)
[2026-07-08 06:03:53] ✓ CH0000041795: 1433 trades downloaded
[2026-07-08 06:03:54] Processing: CH0004960180 (Weleda N-PS)
[2026-07-08 06:03:54] ✓ CH0004960180: 2668 trades downloaded
[2026-07-08 06:03:55] Processing: CH0010173182 (Welinvest AG in Liquidation)
[2026-07-08 06:03:55] ✓ CH0010173182: 1982 trades downloaded
[2026-07-08 06:03:56] Processing: CH1204218437 (WIR Bank BS N)
[2026-07-08 06:03:56] ✓ CH1204218437: 369 trades downloaded
[2026-07-08 06:03:57] Processing: CH1102090151 (WWZ N)
[2026-07-08 06:03:58] ✓ CH1102090151: 5310 trades downloaded
[2026-07-08 06:03:59] Processing: CH0002056114 (Zermatt Bergbahnen N)
[2026-07-08 06:03:59] ✓ CH0002056114: 587 trades downloaded
[2026-07-08 06:04:00] Processing: CH0002370903 (ZLB Zürcher Landbank)
[2026-07-08 06:04:00] ✓ CH0002370903: 255 trades downloaded
[2026-07-08 06:04:01] Processing: CH0002655501 (Zoologischer Garten, Basel)
[2026-07-08 06:04:01] ✓ CH0002655501: 88 trades downloaded
[2026-07-08 06:04:02] Processing: CH0002654934 (ZT Medien N)
[2026-07-08 06:04:02] ✓ CH0002654934: 198 trades downloaded
[2026-07-08 06:04:03] Processing: CH0148052118 (Zug Estates N Serie A)
[2026-07-08 06:04:03] ✓ CH0148052118: 230 trades downloaded
[2026-07-08 06:04:04] Processing: CH0001671707 (Zürcher Oberland Medien AG, Wetzikon)
[2026-07-08 06:04:05] ✓ CH0001671707: 516 trades downloaded
[2026-07-08 06:04:06] Processing: CH0002658448 (Zürichsee-Fähre Horgen-Meilen AG)
[2026-07-08 06:04:06] ✓ CH0002658448: 1062 trades downloaded
[2026-07-08 06:04:07] Processing: CH0553343069 (Zürichsee-Schifffahrtsgesellschaft)
[2026-07-08 06:04:07] ✓ CH0553343069: 458 trades downloaded
[2026-07-08 06:04:08] ========== SUMMARY ==========
[2026-07-08 06:04:08] Total ISINs processed: 239
[2026-07-08 06:04:08] Successful downloads: 239
[2026-07-08 06:04:08] Failed/Not Found: 0
[2026-07-08 06:04:08] CSV files created: 239
[2026-07-08 06:04:08] Time elapsed: 4m 39s
[2026-07-08 06:04:08] Log saved: /home/runner/work/OTC-X/OTC-X/backend/logs/downloader_2026-07-08_055925.log
[2026-07-08 06:04:08] ======================================================================
[2026-07-08 06:04:08] OTC-X Liquidity Metrics Engine - Starting
[2026-07-08 06:04:08] Timestamp: 2026-07-08 06:04:08
[2026-07-08 06:04:08] ======================================================================
[2026-07-08 06:04:08] [1/4] Loading input data...
[2026-07-08 06:04:08]       Trades: /home/runner/work/OTC-X/OTC-X/backend/data/master_trades.parquet
[2026-07-08 06:04:08]       -> 142,165 trades loaded (226 ISINs)
[2026-07-08 06:04:08]       Securities: /home/runner/work/OTC-X/OTC-X/backend/data/securities.csv
[2026-07-08 06:04:08]       -> 239 securities loaded (11 sectors)
[2026-07-08 06:04:08] [2/4] Computing liquidity metrics...
[2026-07-08 06:04:08]     Step 1/4: Daily aggregation...
[2026-07-08 06:04:08]              77,541 daily observations
[2026-07-08 06:04:08]     Step 2/4: Liquidity metrics...
[2026-07-08 06:04:08]     Step 3/4: Rolling baselines (30 trading days)...
[2026-07-08 06:04:08]     Step 4/4: Anomaly detection...
[2026-07-08 06:04:08] [3/4] Enriching with security metadata...
[2026-07-08 06:04:08]       [!] 5 ISINs have no metadata (Name/Sektor will be null)
[2026-07-08 06:04:08]       -> Final shape: (77541, 26)
[2026-07-08 06:04:08] [4/4] Saving output...
[2026-07-08 06:04:08]       -> Written to: /home/runner/work/OTC-X/OTC-X/backend/data/daily_metrics.parquet
[2026-07-08 06:04:08]       -> Size: 2.52 MB
[2026-07-08 06:04:08] ======================================================================
[2026-07-08 06:04:08] SUCCESS! Pipeline completed.
[2026-07-08 06:04:08] ======================================================================
[2026-07-08 06:04:08] Total rows:       77,541
[2026-07-08 06:04:08] Unique ISINs:     226
[2026-07-08 06:04:08] Unique Sectors:   11
[2026-07-08 06:04:08] Date range:       2004-02-16 to 2026-07-07
[2026-07-08 06:04:08] Elapsed time:     0.2 seconds
[2026-07-08 06:04:08] Output Schema:
[2026-07-08 06:04:08]   Isin                      String
[2026-07-08 06:04:08]   Name                      String
[2026-07-08 06:04:08]   Sektor                    String
[2026-07-08 06:04:08]   Datum                     Date
[2026-07-08 06:04:08]   trades_today              UInt32
[2026-07-08 06:04:08]   volume_today_units        Float64
[2026-07-08 06:04:08]   volume_today_chf          Float64
[2026-07-08 06:04:08]   price_min                 Float64
[2026-07-08 06:04:08]   price_max                 Float64
[2026-07-08 06:04:08]   price_first               Float64
[2026-07-08 06:04:08]   price_last                Float64
[2026-07-08 06:04:08]   price_change_pct          Float64
[2026-07-08 06:04:08]   log_returns               Float64
[2026-07-08 06:04:08]   volatility_daily          Float64
[2026-07-08 06:04:08]   amihud_daily              Float64
[2026-07-08 06:04:08]   spread_log_hl             Float64
[2026-07-08 06:04:08]   trade_duration_min        Float64
[2026-07-08 06:04:08]   off_book_pct              Float64
[2026-07-08 06:04:08]   trades_30d_median         Float64
[2026-07-08 06:04:08]   volume_30d_median         Float64
[2026-07-08 06:04:08]   volatility_30d_median     Float64
[2026-07-08 06:04:08]   amihud_30d_median         Float64
[2026-07-08 06:04:08]   volume_spike              Boolean
[2026-07-08 06:04:08]   activity_spike            Boolean
[2026-07-08 06:04:08]   price_gap                 Boolean
[2026-07-08 06:04:08]   anomaly_score             UInt8
[2026-07-08 06:04:08] High-anomaly observations (score >= 5): 14,691 total
[2026-07-08 06:04:08]   2026-07-07 | CH0002052501 | Score: 5 | Price Change: 0.00%
[2026-07-08 06:04:08]   2026-07-07 | CH0012684657 | Score: 5 | Price Change: -1.09%
[2026-07-08 06:04:08]   2026-07-07 | CH0013283368 | Score: 5 | Price Change: 0.00%
[2026-07-08 06:04:08]   2026-07-07 | CH0421720779 | Score: 5 | Price Change: 3.97%
[2026-07-08 06:04:08]   2026-07-06 | CH0002057070 | Score: 5 | Price Change: -0.17%
