[2026-09-19 09:05:26] OTC-X Trade Downloader started
[2026-09-19 09:05:26] Loaded 239 rows from /home/runner/work/OTC-X/OTC-X/backend/data/securities.csv
[2026-09-19 09:05:26] Processing: CH1559311092 (acrevis Bank N)
[2026-09-19 09:05:26] ✓ CH1559311092: 157 trades downloaded
[2026-09-19 09:05:27] Processing: CH0006668930 (ADEV Solarstrom AG, Liestal)
[2026-09-19 09:05:27] ✓ CH0006668930: 489 trades downloaded
[2026-09-19 09:05:28] Processing: CH0006524265 (ADEV Wasserkraftwerk AG, Liestal)
[2026-09-19 09:05:29] ✓ CH0006524265: 218 trades downloaded
[2026-09-19 09:05:30] Processing: CH0010497532 (ADEV Windkraft AG, Liestal)
[2026-09-19 09:05:30] ✓ CH0010497532: 156 trades downloaded
[2026-09-19 09:05:31] Processing: CH0034900248 (AG für Erstellung billiger Wohnhäuser in Winterthu)
[2026-09-19 09:05:31] ✓ CH0034900248: 119 trades downloaded
[2026-09-19 09:05:32] Processing: CH0001402418 (Agruna AG)
[2026-09-19 09:05:32] ✓ CH0001402418: 332 trades downloaded
[2026-09-19 09:05:33] Processing: CH0002599352 (Aletsch Bahnen N)
[2026-09-19 09:05:33] ✓ CH0002599352: 417 trades downloaded
[2026-09-19 09:05:34] Processing: CH0011322200 (Alpha Rheintal Bank, Heerbrugg)
[2026-09-19 09:05:34] ✓ CH0011322200: 1221 trades downloaded
[2026-09-19 09:05:35] Processing: CH0001418216 (Aluminium-Laufen AG Liesberg)
[2026-09-19 09:05:36] ✓ CH0001418216: 221 trades downloaded
[2026-09-19 09:05:37] Processing: CH0185254742 (Andermatt-Sedrun Sport AG)
[2026-09-19 09:05:37] ✓ CH0185254742: 450 trades downloaded
[2026-09-19 09:05:38] Processing: CH0026212446 (Appenzeller Bahnen)
[2026-09-19 09:05:38] ✓ CH0026212446: 250 trades downloaded
[2026-09-19 09:05:39] Processing: CH0001430930 (Arosa Bergbahnen AG, Arosa)
[2026-09-19 09:05:39] ✓ CH0001430930: 838 trades downloaded
[2026-09-19 09:05:40] Processing: CH0001457826 (Auto AG Schwyz, Schwyz)
[2026-09-19 09:05:40] ✓ CH0001457826: 96 trades downloaded
[2026-09-19 09:05:41] Processing: CH0029706766 (Auto AG Uri)
[2026-09-19 09:05:42] ✓ CH0029706766: 23 trades downloaded
[2026-09-19 09:05:43] Processing: CH0032018688 (Auto Hldg N)
[2026-09-19 09:05:43] ✓ CH0032018688: 1642 trades downloaded
[2026-09-19 09:05:44] Processing: CH0023777235 (aventron N)
[2026-09-19 09:05:44] ✓ CH0023777235: 651 trades downloaded
[2026-09-19 09:05:45] Processing: CH0003857031 (Bad Schinznach AG, Schinznach)
[2026-09-19 09:05:45] ✓ CH0003857031: 1063 trades downloaded
[2026-09-19 09:05:46] Processing: CH0001314852 (Bank in Zuzwil)
[2026-09-19 09:05:46] ✓ CH0001314852: 47 trades downloaded
[2026-09-19 09:05:47] Processing: CH0039074692 (Bank Leerau)
[2026-09-19 09:05:47] ✓ CH0039074692: 150 trades downloaded
[2026-09-19 09:05:48] Processing: CH0013792848 (Bank Oberaargau N)
[2026-09-19 09:05:48] ✓ CH0013792848: 543 trades downloaded
[2026-09-19 09:05:49] Processing: CH0001351862 (Bank SLM N)
[2026-09-19 09:05:50] ✓ CH0001351862: 483 trades downloaded
[2026-09-19 09:05:51] Processing: CH0049588129 (Bank von Roll AG)
[2026-09-19 09:05:51] ✓ CH0049588129: 252 trades downloaded
[2026-09-19 09:05:52] Processing: CH0303601253 (BB Adelboden N)
[2026-09-19 09:05:52] ✓ CH0303601253: 346 trades downloaded
[2026-09-19 09:05:53] Processing: CH0574732894 (BB Lauterbrunnen-Muerren N)
[2026-09-19 09:05:53] ✓ CH0574732894: 16 trades downloaded
[2026-09-19 09:05:54] Processing: CH0010756531 (BBO Bank Brienz-Oberhasli)
[2026-09-19 09:05:54] ✓ CH0010756531: 407 trades downloaded
[2026-09-19 09:05:55] Processing: CH0001507406 (BB Piz Mundaun AG)
[2026-09-19 09:05:56] ✓ CH0001507406: 107 trades downloaded
[2026-09-19 09:05:57] Processing: CH0002353867 (BB Soerenberg AG)
[2026-09-19 09:05:57] ✓ CH0002353867: 240 trades downloaded
[2026-09-19 09:05:58] Processing: CH0010726963 (Beau-Rivage Palace SA, Lausanne-Ouchy)
[2026-09-19 09:05:58] ✓ CH0010726963: 812 trades downloaded
[2026-09-19 09:05:59] Processing: CH0024700483 (Belalp-Bahnen, Naters)
[2026-09-19 09:05:59] ✓ CH0024700483: 29 trades downloaded
[2026-09-19 09:06:00] Processing: CH0187392300 (Bellwald Sportbahnen N)
[2026-09-19 09:06:00] ✓ CH0187392300: 10 trades downloaded
[2026-09-19 09:06:01] Processing: CH0002332093 (Bergbahnen Brigels N)
[2026-09-19 09:06:01] ✓ CH0002332093: 148 trades downloaded
[2026-09-19 09:06:02] Processing: CH0018384120 (Bergbahnen Destination Gstaad N)
[2026-09-19 09:06:02] ✓ CH0018384120: 435 trades downloaded
[2026-09-19 09:06:03] Processing: CH0292081723 (Bergbahnen Disentis N)
[2026-09-19 09:06:04] ✓ CH0292081723: 96 trades downloaded
[2026-09-19 09:06:05] Processing: CH0580517032 (Bergbahnen Hohsaas N)
[2026-09-19 09:06:05] ✓ CH0580517032: 0 trades downloaded
[2026-09-19 09:06:06] Processing: CH0036505888 (Bergbahnen Meiringen-Hasliberg N)
[2026-09-19 09:06:06] ✓ CH0036505888: 465 trades downloaded
[2026-09-19 09:06:07] Processing: CH0342666572 (Bergbahnen Scuol N)
[2026-09-19 09:06:07] ✓ CH0342666572: 250 trades downloaded
[2026-09-19 09:06:08] Processing: CH0016568880 (Bergbahnen Splügen-Tambo N)
[2026-09-19 09:06:08] ✓ CH0016568880: 47 trades downloaded
[2026-09-19 09:06:09] Processing: CH0045885032 (Bergbahnen Wildhaus AG)
[2026-09-19 09:06:09] ✓ CH0045885032: 91 trades downloaded
[2026-09-19 09:06:10] Processing: CH0014874918 (Bernerland Bank, Sumiswald)
[2026-09-19 09:06:10] ✓ CH0014874918: 910 trades downloaded
[2026-09-19 09:06:11] Processing: CH0322776573 (Berner Oberland-Bahnen N)
[2026-09-19 09:06:12] ✓ CH0322776573: 253 trades downloaded
[2026-09-19 09:06:13] Processing: CH0011100341 (BERNEXPO N)
[2026-09-19 09:06:13] ✓ CH0011100341: 2265 trades downloaded
[2026-09-19 09:06:14] Processing: CH0018043619 (Biene-Bank im Rheintal)
[2026-09-19 09:06:14] ✓ CH0018043619: 378 trades downloaded
[2026-09-19 09:06:15] Processing: CH0025889160 (BLS N)
[2026-09-19 09:06:15] ✓ CH0025889160: 1463 trades downloaded
[2026-09-19 09:06:16] Processing: CH0012684657 (Bobst Group N)
[2026-09-19 09:06:17] ✓ CH0012684657: 3416 trades downloaded
[2026-09-19 09:06:18] Processing: CH0545753953 (Bondpartners N)
[2026-09-19 09:06:18] ✓ CH0545753953: 169 trades downloaded
[2026-09-19 09:06:19] Processing: CH0001542635 (Brauerei Schützengarten AG N)
[2026-09-19 09:06:19] ✓ CH0001542635: 165 trades downloaded
[2026-09-19 09:06:20] Processing: CH0001542643 (Brauerei Schützengarten AG PS)
[2026-09-19 09:06:20] ✓ CH0001542643: 645 trades downloaded
[2026-09-19 09:06:21] Processing: CH0002052501 (Brunni-Bahnen N)
[2026-09-19 09:06:21] ✓ CH0002052501: 593 trades downloaded
[2026-09-19 09:06:22] Processing: CH0009438109 (BS Bank, Schaffhausen)
[2026-09-19 09:06:23] ✓ CH0009438109: 514 trades downloaded
[2026-09-19 09:06:24] Processing: CH0002657978 (Bystronic -B- N)
[2026-09-19 09:06:24] ✓ CH0002657978: 440 trades downloaded
[2026-09-19 09:06:25] Processing: CH0001570057 (Caran d`Ache, Genève, Serie B)
[2026-09-19 09:06:25] ✓ CH0001570057: 89 trades downloaded
[2026-09-19 09:06:26] Processing: CH0102022560 (CasaInvest N)
[2026-09-19 09:06:26] ✓ CH0102022560: 886 trades downloaded
[2026-09-19 09:06:27] Processing: CH1127803547 (Casale Holding Rg)
[2026-09-19 09:06:27] ✓ CH1127803547: 14 trades downloaded
[2026-09-19 09:06:28] Processing: CH0004959505 (Casino de Montreux SA Nom 100)
[2026-09-19 09:06:28] ✓ CH0004959505: 451 trades downloaded
[2026-09-19 09:06:29] Processing: CH0004959471 (Casino de Montreux SA Nom 50)
[2026-09-19 09:06:29] ✓ CH0004959471: 34 trades downloaded
[2026-09-19 09:06:30] Processing: CH0324791133 (Chemholding N)
[2026-09-19 09:06:31] ✓ CH0324791133: 4 trades downloaded
[2026-09-19 09:06:32] Processing: CH0020603475 (CKW N)
[2026-09-19 09:06:32] ✓ CH0020603475: 1546 trades downloaded
[2026-09-19 09:06:33] Processing: CH0010583448 (Clientis Bank Aareland N)
[2026-09-19 09:06:33] ✓ CH0010583448: 270 trades downloaded
[2026-09-19 09:06:34] Processing: CH0001336319 (Clientis Bank Oberuzwil AG)
[2026-09-19 09:06:34] ✓ CH0001336319: 78 trades downloaded
[2026-09-19 09:06:35] Processing: CH0010621925 (Clientis Bank Toggenburg)
[2026-09-19 09:06:35] ✓ CH0010621925: 214 trades downloaded
[2026-09-19 09:06:36] Processing: CH0001357000 (Clientis Sparkasse Oftringen)
[2026-09-19 09:06:36] ✓ CH0001357000: 192 trades downloaded
[2026-09-19 09:06:37] Processing: CH0001579363 (CMSA Holding N)
[2026-09-19 09:06:38] ✓ CH0001579363: 1396 trades downloaded
[2026-09-19 09:06:39] Processing: CH0032462910 (Corvatsch AG Nom 3, Silvaplana)
[2026-09-19 09:06:39] ✓ CH0032462910: 539 trades downloaded
[2026-09-19 09:06:40] Processing: CH1100211528 (Crédit Mutuel de la Vallée N)
[2026-09-19 09:06:40] ✓ CH1100211528: 35 trades downloaded
[2026-09-19 09:06:41] Processing: CH0019556908 (Cresta Palace Celerina N)
[2026-09-19 09:06:41] ✓ CH0019556908: 231 trades downloaded
[2026-09-19 09:06:42] Processing: CH0433137400 (Davos Klosters Bergbahnen N)
[2026-09-19 09:06:42] ✓ CH0433137400: 576 trades downloaded
[2026-09-19 09:06:43] Processing: CH0109916244 (Diavolezza Lagalb N)
[2026-09-19 09:06:43] ✓ CH0109916244: 57 trades downloaded
[2026-09-19 09:06:44] Processing: CH0001665147 (Dolder Hotel AG, Zürich)
[2026-09-19 09:06:44] ✓ CH0001665147: 591 trades downloaded
[2026-09-19 09:06:45] Processing: CH0578688241 (Drahtseilbahn Marzili N)
[2026-09-19 09:06:46] ✓ CH0578688241: 10 trades downloaded
[2026-09-19 09:06:47] Processing: CH0001669255 (Drahtseilbahn Marzili-Stadt Bern N)
[2026-09-19 09:06:47] ✓ CH0001669255: 39 trades downloaded
[2026-09-19 09:06:48] Processing: CH0001777876 (ebs Erdgas + Biogas)
[2026-09-19 09:06:48] ✓ CH0001777876: 48 trades downloaded
[2026-09-19 09:06:49] Processing: CH1159308571 (EcoRenova N)
[2026-09-19 09:06:49] ✓ CH1159308571: 5 trades downloaded
[2026-09-19 09:06:50] Processing: CH0102699540 (Energ Elec du Simplon E.E.S.)
[2026-09-19 09:06:50] ✓ CH0102699540: 96 trades downloaded
[2026-09-19 09:06:51] Processing: CH0014386996 (Energie Zürichsee Linth N)
[2026-09-19 09:06:51] ✓ CH0014386996: 875 trades downloaded
[2026-09-19 09:06:52] Processing: CH0031926105 (Engadin Mountains AG)
[2026-09-19 09:06:52] ✓ CH0031926105: 699 trades downloaded
[2026-09-19 09:06:53] Processing: CH0129442221 (Eniwa Holding AG)
[2026-09-19 09:06:54] ✓ CH0129442221: 873 trades downloaded
[2026-09-19 09:06:55] Processing: CH0001337200 (Ersparniskasse Affoltern)
[2026-09-19 09:06:55] ✓ CH0001337200: 234 trades downloaded
[2026-09-19 09:06:56] Processing: CH0001704680 (Eskimo Textil AG, Turbenthal)
[2026-09-19 09:06:56] ✓ CH0001704680: 35 trades downloaded
[2026-09-19 09:06:57] Processing: CH0002557400 (Espace Real Estate Hldg N)
[2026-09-19 09:06:57] ✓ CH0002557400: 3342 trades downloaded
[2026-09-19 09:06:58] Processing: CH0001239398 (EW Brig-Naters EWBN)
[2026-09-19 09:06:58] ✓ CH0001239398: 154 trades downloaded
[2026-09-19 09:06:59] Processing: CH0001690533 (EW Jona-Rapperswil, Jona)
[2026-09-19 09:06:59] ✓ CH0001690533: 1590 trades downloaded
[2026-09-19 09:07:00] Processing: CH0001691614 (EW Uznach AG)
[2026-09-19 09:07:00] ✓ CH0001691614: 235 trades downloaded
[2026-09-19 09:07:01] Processing: CH0001413704 (Flughafen Bern AG N)
[2026-09-19 09:07:02] ✓ CH0001413704: 549 trades downloaded
[2026-09-19 09:07:03] Processing: CH1106247997 (Funi Locarno-Madonna N)
[2026-09-19 09:07:03] ✓ CH1106247997: 14 trades downloaded
[2026-09-19 09:07:04] Processing: CH1104949586 (Funi Lugano-Paradiso N)
[2026-09-19 09:07:04] ✓ CH1104949586: 20 trades downloaded
[2026-09-19 09:07:05] Processing: CH0001602009 (Generale Beaulieu Holding SA)
[2026-09-19 09:07:05] ✓ CH0001602009: 221 trades downloaded
[2026-09-19 09:07:06] Processing: CH1405847034 (Geoterra Holding Rg)
[2026-09-19 09:07:06] ✓ CH1405847034: 493 trades downloaded
[2026-09-19 09:07:07] Processing: CH0006980079 (Gondelbahn Grindelwald N)
[2026-09-19 09:07:07] ✓ CH0006980079: 572 trades downloaded
[2026-09-19 09:07:08] Processing: CH0375446173 (Gondrand Hldg Vz N)
[2026-09-19 09:07:08] ✓ CH0375446173: 84 trades downloaded
[2026-09-19 09:07:09] Processing: CH0002221338 (Gotthard Raststätte A2 Uri AG)
[2026-09-19 09:07:10] ✓ CH0002221338: 1093 trades downloaded
[2026-09-19 09:07:11] Processing: CH0002541586 (Grand Resort Bad Ragaz, Bad Ragaz)
[2026-09-19 09:07:11] ✓ CH0002541586: 1222 trades downloaded
[2026-09-19 09:07:12] Processing: CH0006532565 (Griesser Holding AG, Aadorf)
[2026-09-19 09:07:12] ✓ CH0006532565: 1369 trades downloaded
[2026-09-19 09:07:13] Processing: CH0016523125 (Griston Holding AG)
[2026-09-19 09:07:13] ✓ CH0016523125: 478 trades downloaded
[2026-09-19 09:07:14] Processing: CH0005051021 (Gurtenbahn AG N)
[2026-09-19 09:07:14] ✓ CH0005051021: 121 trades downloaded
[2026-09-19 09:07:15] Processing: CH0023124214 (HBB Holding AG)
[2026-09-19 09:07:15] ✓ CH0023124214: 445 trades downloaded
[2026-09-19 09:07:16] Processing: CH0001865523 (Heim im Bergli AG, Luzern)
[2026-09-19 09:07:17] ✓ CH0001865523: 60 trades downloaded
[2026-09-19 09:07:18] Processing: CH0304280636 (Helvetic Star Holding)
[2026-09-19 09:07:18] ✓ CH0304280636: 70 trades downloaded
[2026-09-19 09:07:19] Processing: CH0000648680 (Hochalpines Institut Ftan AG)
[2026-09-19 09:07:19] ✓ CH0000648680: 141 trades downloaded
[2026-09-19 09:07:20] Processing: CH0016016849 (Hoch-Ybrig N)
[2026-09-19 09:07:20] ✓ CH0016016849: 709 trades downloaded
[2026-09-19 09:07:21] Processing: CH0001992681 (Hof Weissbad AG)
[2026-09-19 09:07:21] ✓ CH0001992681: 1489 trades downloaded
[2026-09-19 09:07:22] Processing: CH0010923875 (Hoher Kasten Drehrestaurant und Seilbahn AG)
[2026-09-19 09:07:23] ✓ CH0010923875: 685 trades downloaded
[2026-09-19 09:07:24] Processing: CH0020502743 (Holdinova N)
[2026-09-19 09:07:25] ✓ CH0020502743: 5216 trades downloaded
[2026-09-19 09:07:26] Processing: CH0001906848 (Imbrex Hldg N)
[2026-09-19 09:07:26] ✓ CH0001906848: 344 trades downloaded
[2026-09-19 09:07:27] Processing: CH0001910089 (Immges Viamala, Thusis)
[2026-09-19 09:07:27] ✓ CH0001910089: 87 trades downloaded
[2026-09-19 09:07:28] Processing: CH0324793667 (Immobiliare Pharmapark N)
[2026-09-19 09:07:29] ✓ CH0324793667: 63 trades downloaded
[2026-09-19 09:07:30] Processing: CH0001344685 (KB Nidwalden PS)
[2026-09-19 09:07:30] ✓ CH0001344685: 123 trades downloaded
[2026-09-19 09:07:31] Processing: CH0263939958 (Klosters-Madrisa N)
[2026-09-19 09:07:31] ✓ CH0263939958: 177 trades downloaded
[2026-09-19 09:07:32] Processing: CH0001514501 (Kongresshaus Zürich AG, Zürich)
[2026-09-19 09:07:32] ✓ CH0001514501: 836 trades downloaded
[2026-09-19 09:07:33] Processing: CH0115029545 (Konkordia AG N)
[2026-09-19 09:07:33] ✓ CH0115029545: 245 trades downloaded
[2026-09-19 09:07:34] Processing: CH0002052915 (Kronberg N)
[2026-09-19 09:07:34] ✓ CH0002052915: 236 trades downloaded
[2026-09-19 09:07:35] Processing: CH0001574604 (Kursaal-Casino AG, Luzern GS)
[2026-09-19 09:07:35] ✓ CH0001574604: 217 trades downloaded
[2026-09-19 09:07:36] Processing: CH0001574596 (Kursaal-Casino AG, Luzern N)
[2026-09-19 09:07:37] ✓ CH0001574596: 1825 trades downloaded
[2026-09-19 09:07:38] Processing: CH0001989513 (Kursaal Interlaken N)
[2026-09-19 09:07:38] ✓ CH0001989513: 684 trades downloaded
[2026-09-19 09:07:39] Processing: CH0304449611 (Lagerhäuser der Centralschweiz N)
[2026-09-19 09:07:39] ✓ CH0304449611: 234 trades downloaded
[2026-09-19 09:07:40] Processing: CH0002400585 (Landwirtschaft ZRA, Aarberg)
[2026-09-19 09:07:40] ✓ CH0002400585: 238 trades downloaded
[2026-09-19 09:07:41] Processing: CH0001343885 (Leihkasse Stammheim)
[2026-09-19 09:07:41] ✓ CH0001343885: 121 trades downloaded
[2026-09-19 09:07:42] Processing: CH0001788345 (Lenk Bergbahnen, Lenk)
[2026-09-19 09:07:42] ✓ CH0001788345: 203 trades downloaded
[2026-09-19 09:07:43] Processing: CH0023497271 (Lenzerheide Bergbahnen)
[2026-09-19 09:07:44] ✓ CH0023497271: 1237 trades downloaded
[2026-09-19 09:07:45] Processing: CH0001318374 (Lienhardt & Partner Privatbank Zürich AG, Zürich)
[2026-09-19 09:07:45] ✓ CH0001318374: 496 trades downloaded
[2026-09-19 09:07:46] Processing: CH0002045471 (Loeb Holding N -B-)
[2026-09-19 09:07:46] ✓ CH0002045471: 253 trades downloaded
[2026-09-19 09:07:47] Processing: CH0002045497 (Loeb Holding PS)
[2026-09-19 09:07:47] ✓ CH0002045497: 2691 trades downloaded
[2026-09-19 09:07:48] Processing: CH0105175175 (Lorze AG)
[2026-09-19 09:07:48] ✓ CH0105175175: 292 trades downloaded
[2026-09-19 09:07:49] Processing: CH0001542601 (Löwengarten AG)
[2026-09-19 09:07:49] ✓ CH0001542601: 22 trades downloaded
[2026-09-19 09:07:50] Processing: CH0563381901 (LSB Dallenwil-Wirzweli N)
[2026-09-19 09:07:51] ✓ CH0563381901: 6 trades downloaded
[2026-09-19 09:07:52] Processing: CH0002052782 (LSB Grindelwald-Pfingstegg AG)
[2026-09-19 09:07:52] ✓ CH0002052782: 163 trades downloaded
[2026-09-19 09:07:53] Processing: CH0002055819 (LSB Wasserauen-Ebenalp AG)
[2026-09-19 09:07:53] ✓ CH0002055819: 87 trades downloaded
[2026-09-19 09:07:54] Processing: CH0002056031 (LSB Wengen-Männlichen AG)
[2026-09-19 09:07:54] ✓ CH0002056031: 358 trades downloaded
[2026-09-19 09:07:55] Processing: CH0002056957 (Lurag AG, Neuenkirch)
[2026-09-19 09:07:55] ✓ CH0002056957: 791 trades downloaded
[2026-09-19 09:07:56] Processing: CH0002057070 (Lyceum Alpinum Zuoz AG)
[2026-09-19 09:07:56] ✓ CH0002057070: 143 trades downloaded
[2026-09-19 09:07:57] Processing: CH0198963503 (Magazzini Generali N)
[2026-09-19 09:07:57] ✓ CH0198963503: 22 trades downloaded
[2026-09-19 09:07:58] Processing: CH0016376714 (Matterhorn Gotthard Verkehr AG)
[2026-09-19 09:07:59] ✓ CH0016376714: 110 trades downloaded
[2026-09-19 09:08:00] Processing: CH0014069212 (Menzi Muck Gruppe N)
[2026-09-19 09:08:00] ✓ CH0014069212: 1347 trades downloaded
[2026-09-19 09:08:01] Processing: CH0002092622 (Metall Zug AG Serie A)
[2026-09-19 09:08:01] ✓ CH0002092622: 584 trades downloaded
[2026-09-19 09:08:02] Processing: CH0107020692 (Montana Tech N)
[2026-09-19 09:08:02] ✓ CH0107020692: 1695 trades downloaded
[2026-09-19 09:08:03] Processing: CH0003798599 (Montreux-Berner Oberland Bahn)
[2026-09-19 09:08:03] ✓ CH0003798599: 473 trades downloaded
[2026-09-19 09:08:04] Processing: CH0126517975 (Neue Zürcher Zeitung, Zürich)
[2026-09-19 09:08:04] ✓ CH0126517975: 3934 trades downloaded
[2026-09-19 09:08:05] Processing: CH0187475709 (Nexus Gr Hold N)
[2026-09-19 09:08:06] ✓ CH0187475709: 166 trades downloaded
[2026-09-19 09:08:07] Processing: CH0572824867 (Niederhornbahn N)
[2026-09-19 09:08:07] ✓ CH0572824867: 69 trades downloaded
[2026-09-19 09:08:08] Processing: CH1104984104 (Niesenbahn N)
[2026-09-19 09:08:08] ✓ CH1104984104: 171 trades downloaded
[2026-09-19 09:08:09] Processing: CH0013592248 (NORINVEST HLDG N)
[2026-09-19 09:08:09] ✓ CH0013592248: 163 trades downloaded
[2026-09-19 09:08:10] Processing: CH0002160460 (Opernhaus Zürich N 300)
[2026-09-19 09:08:10] ✓ CH0002160460: 29 trades downloaded
[2026-09-19 09:08:11] Processing: CH0002160478 (Opernhaus Zürich N 900)
[2026-09-19 09:08:11] ✓ CH0002160478: 370 trades downloaded
[2026-09-19 09:08:12] Processing: CH0017915742 (OTC-X All Share)
[2026-09-19 09:08:12] ✓ CH0017915742: 0 trades downloaded
[2026-09-19 09:08:13] Processing: CH0017915718 (OTC-X Banken)
[2026-09-19 09:08:14] ✓ CH0017915718: 0 trades downloaded
[2026-09-19 09:08:15] Processing: CH0039576753 (OTC-X Bergbahnen)
[2026-09-19 09:08:15] ✓ CH0039576753: 0 trades downloaded
[2026-09-19 09:08:16] Processing: CH0039576787 (OTC-X Beteiligungsgesellschaften)
[2026-09-19 09:08:16] ✓ CH0039576787: 0 trades downloaded
[2026-09-19 09:08:17] Processing: CH0017915692 (OTC-X Energie)
[2026-09-19 09:08:17] ✓ CH0017915692: 0 trades downloaded
[2026-09-19 09:08:18] Processing: CH0039576837 (OTC-X Immobilien)
[2026-09-19 09:08:18] ✓ CH0039576837: 0 trades downloaded
[2026-09-19 09:08:19] Processing: CH0017915684 (OTC-X Industrie)
[2026-09-19 09:08:19] ✓ CH0017915684: 0 trades downloaded
[2026-09-19 09:08:20] Processing: CH0039576860 (OTC-X Liquidity)
[2026-09-19 09:08:21] ✓ CH0039576860: 0 trades downloaded
[2026-09-19 09:08:22] Processing: CH0017915668 (OTC-X Medien)
[2026-09-19 09:08:22] ✓ CH0017915668: 0 trades downloaded
[2026-09-19 09:08:23] Processing: CH0039576852 (OTC-X Nahrung und Getraenke)
[2026-09-19 09:08:23] ✓ CH0039576852: 0 trades downloaded
[2026-09-19 09:08:24] Processing: CH0213109793 (OTC-X Premium)
[2026-09-19 09:08:24] ✓ CH0213109793: 0 trades downloaded
[2026-09-19 09:08:25] Processing: CH0017915726 (OTC-X TOP50)
[2026-09-19 09:08:25] ✓ CH0017915726: 0 trades downloaded
[2026-09-19 09:08:26] Processing: CH0017915643 (OTC-X Tourismus/Freizeit/Sonstiges)
[2026-09-19 09:08:26] ✓ CH0017915643: 0 trades downloaded
[2026-09-19 09:08:27] Processing: CH0017915635 (OTC-X Transport/Verkehr/Logistik)
[2026-09-19 09:08:27] ✓ CH0017915635: 0 trades downloaded
[2026-09-19 09:08:28] Processing: CH1582436247 (Outdoor Switzerland N)
[2026-09-19 09:08:29] ✓ CH1582436247: 12 trades downloaded
[2026-09-19 09:08:30] Processing: CH0002174743 (Parking des Alpes N)
[2026-09-19 09:08:30] ✓ CH0002174743: 9 trades downloaded
[2026-09-19 09:08:31] Processing: CH0016049881 (Patiswiss AG)
[2026-09-19 09:08:31] ✓ CH0016049881: 1016 trades downloaded
[2026-09-19 09:08:32] Processing: CH1350861261 (Perlen Industrieholding N)
[2026-09-19 09:08:32] ✓ CH1350861261: 1632 trades downloaded
[2026-09-19 09:08:33] Processing: CH0009005973 (Pilatus-Bahnen AG, Kriens)
[2026-09-19 09:08:33] ✓ CH0009005973: 1872 trades downloaded
[2026-09-19 09:08:34] Processing: CH0012457633 (Plaston Holding AG)
[2026-09-19 09:08:34] ✓ CH0012457633: 1428 trades downloaded
[2026-09-19 09:08:35] Processing: CH0284143929 (PLAZZA-B-N)
[2026-09-19 09:08:36] ✓ CH0284143929: 113 trades downloaded
[2026-09-19 09:08:37] Processing: CH0286266488 (Ports Francs et Entrepôts de Genève)
[2026-09-19 09:08:37] ✓ CH0286266488: 0 trades downloaded
[2026-09-19 09:08:38] Processing: CH0122303669 (Prayon Switzerland N)
[2026-09-19 09:08:38] ✓ CH0122303669: 22 trades downloaded
[2026-09-19 09:08:39] Processing: CH0013283368 (Precious Woods Hldg N)
[2026-09-19 09:08:39] ✓ CH0013283368: 587 trades downloaded
[2026-09-19 09:08:40] Processing: CH0002218664 (Railtour Suisse SA Nom 100)
[2026-09-19 09:08:40] ✓ CH0002218664: 0 trades downloaded
[2026-09-19 09:08:41] Processing: CH0002218698 (Railtour Suisse SA Nom 500)
[2026-09-19 09:08:41] ✓ CH0002218698: 0 trades downloaded
[2026-09-19 09:08:42] Processing: CH0030333360 (Rapid Holding N)
[2026-09-19 09:08:43] ✓ CH0030333360: 1491 trades downloaded
[2026-09-19 09:08:44] Processing: CH0027315818 (Raststätte Rheintal AG, Sevelen)
[2026-09-19 09:08:44] ✓ CH0027315818: 215 trades downloaded
[2026-09-19 09:08:45] Processing: CH0002221304 (Raststätte Thurau, St. Gallen)
[2026-09-19 09:08:45] ✓ CH0002221304: 194 trades downloaded
[2026-09-19 09:08:46] Processing: CH0018525532 (Raststätte Walensee AG)
[2026-09-19 09:08:46] ✓ CH0018525532: 98 trades downloaded
[2026-09-19 09:08:47] Processing: CH1387788180 (Raurica Wald N-B)
[2026-09-19 09:08:47] ✓ CH1387788180: 19 trades downloaded
[2026-09-19 09:08:48] Processing: CH1112956201 (Regiobank Solothurn N)
[2026-09-19 09:08:48] ✓ CH1112956201: 3362 trades downloaded
[2026-09-19 09:08:49] Processing: CH0002227095 (Reishauer N)
[2026-09-19 09:08:49] ✓ CH0002227095: 1174 trades downloaded
[2026-09-19 09:08:50] Processing: CH0199383602 (Remontées Mécaniques de Grimentz)
[2026-09-19 09:08:51] ✓ CH0199383602: 11 trades downloaded
[2026-09-19 09:08:52] Processing: CH0320096990 (Repower N)
[2026-09-19 09:08:52] ✓ CH0320096990: 5156 trades downloaded
[2026-09-19 09:08:53] Processing: CH0002234398 (Rhätische Bahn RhB / Prior)
[2026-09-19 09:08:53] ✓ CH0002234398: 264 trades downloaded
[2026-09-19 09:08:54] Processing: CH0002234372 (Rhätische Bahn RhB / Stamm)
[2026-09-19 09:08:54] ✓ CH0002234372: 222 trades downloaded
[2026-09-19 09:08:55] Processing: CH0001378626 (Rhiienergie AG, Tamins)
[2026-09-19 09:08:55] ✓ CH0001378626: 135 trades downloaded
[2026-09-19 09:08:56] Processing: CH0016290014 (Rigi Bahnen AG, Goldau)
[2026-09-19 09:08:56] ✓ CH0016290014: 2858 trades downloaded
[2026-09-19 09:08:57] Processing: CH0114457390 (Rottal Auto AG, Ruswil)
[2026-09-19 09:08:58] ✓ CH0114457390: 49 trades downloaded
[2026-09-19 09:08:59] Processing: CH0000975372 (Säntis-Schwebebahn AG, Schwägalp)
[2026-09-19 09:08:59] ✓ CH0000975372: 3246 trades downloaded
[2026-09-19 09:09:00] Processing: CH0002353487 (SB Elm AG N)
[2026-09-19 09:09:00] ✓ CH0002353487: 108 trades downloaded
[2026-09-19 09:09:01] Processing: CH0001394607 (SB im Mythengebiet, Schwyz)
[2026-09-19 09:09:01] ✓ CH0001394607: 55 trades downloaded
[2026-09-19 09:09:02] Processing: CH0002353693 (SB Pischa, Davos)
[2026-09-19 09:09:02] ✓ CH0002353693: 135 trades downloaded
[2026-09-19 09:09:03] Processing: CH0001352928 (SB Saanen Bank)
[2026-09-19 09:09:03] ✓ CH0001352928: 1397 trades downloaded
[2026-09-19 09:09:04] Processing: CH0341320114 (Schifffahrtsges. Hallwilersee)
[2026-09-19 09:09:05] ✓ CH0341320114: 127 trades downloaded
[2026-09-19 09:09:06] Processing: CH0002276266 (Schilthornbahn AG Mürren)
[2026-09-19 09:09:06] ✓ CH0002276266: 2973 trades downloaded
[2026-09-19 09:09:07] Processing: CH0002283601 (Schützen Rheinfelden Immobilien N)
[2026-09-19 09:09:07] ✓ CH0002283601: 291 trades downloaded
[2026-09-19 09:09:08] Processing: CH0006234014 (Schweizer Zucker AG)
[2026-09-19 09:09:08] ✓ CH0006234014: 2358 trades downloaded
[2026-09-19 09:09:09] Processing: CH0002291802 (Schweiz. Schifffahrtsges. Untersee und Rhein N)
[2026-09-19 09:09:09] ✓ CH0002291802: 137 trades downloaded
[2026-09-19 09:09:10] Processing: CH0031151084 (SeeBeteiligungs AG)
[2026-09-19 09:09:10] ✓ CH0031151084: 1029 trades downloaded
[2026-09-19 09:09:11] Processing: CH0030693185 (Seilbahn Weissenstein AG)
[2026-09-19 09:09:12] ✓ CH0030693185: 1136 trades downloaded
[2026-09-19 09:09:13] Processing: CH0421720779 (SGV Holding N)
[2026-09-19 09:09:13] ✓ CH0421720779: 2634 trades downloaded
[2026-09-19 09:09:14] Processing: CH0547027570 (SIA-Haus Vz N)
[2026-09-19 09:09:14] ✓ CH0547027570: 165 trades downloaded
[2026-09-19 09:09:15] Processing: CH0009219186 (sitEX Properties Hldg N)
[2026-09-19 09:09:15] ✓ CH0009219186: 348 trades downloaded
[2026-09-19 09:09:16] Processing: CH0305002096 (Skilifte Brunni-Haggenegg N)
[2026-09-19 09:09:16] ✓ CH0305002096: 44 trades downloaded
[2026-09-19 09:09:17] Processing: CH0001350328 (Spar + Leihkasse Gürbetal N)
[2026-09-19 09:09:17] ✓ CH0001350328: 291 trades downloaded
[2026-09-19 09:09:18] Processing: CH0001352720 (Spar+Leihkasse Riggisberg)
[2026-09-19 09:09:18] ✓ CH0001352720: 506 trades downloaded
[2026-09-19 09:09:19] Processing: CH0318681860 (Spar- und Leihkasse Bucheggberg N)
[2026-09-19 09:09:20] ✓ CH0318681860: 931 trades downloaded
[2026-09-19 09:09:21] Processing: CH0001350112 (Spar- und Leihkasse Frutigen)
[2026-09-19 09:09:22] ✓ CH0001350112: 367 trades downloaded
[2026-09-19 09:09:23] Processing: CH0001354296 (Spar- und Leihkasse Wynigen)
[2026-09-19 09:09:23] ✓ CH0001354296: 108 trades downloaded
[2026-09-19 09:09:24] Processing: CH0320093559 (Sportbahnen Atzmaennig N)
[2026-09-19 09:09:24] ✓ CH0320093559: 76 trades downloaded
[2026-09-19 09:09:25] Processing: CH0002513312 (SSE Holding N)
[2026-09-19 09:09:25] ✓ CH0002513312: 3450 trades downloaded
[2026-09-19 09:09:26] Processing: CH0009319721 (Stadtcasino Baden AG, Baden)
[2026-09-19 09:09:27] ✓ CH0009319721: 2223 trades downloaded
[2026-09-19 09:09:28] Processing: CH0586685981 (Stanserhorn-Bahn N -10-)
[2026-09-19 09:09:28] ✓ CH0586685981: 25 trades downloaded
[2026-09-19 09:09:29] Processing: CH0586455245 (Stanserhorn-Bahn N -250-)
[2026-09-19 09:09:29] ✓ CH0586455245: 259 trades downloaded
[2026-09-19 09:09:30] Processing: CH0487871656 (STI Hldg N)
[2026-09-19 09:09:30] ✓ CH0487871656: 11 trades downloaded
[2026-09-19 09:09:31] Processing: CH0197490847 (Sunstar-Holding N -A-)
[2026-09-19 09:09:31] ✓ CH0197490847: 883 trades downloaded
[2026-09-19 09:09:32] Processing: CH0341319801 (Sursee-Triengen Bahn N)
[2026-09-19 09:09:32] ✓ CH0341319801: 19 trades downloaded
[2026-09-19 09:09:33] Processing: CH0001395539 (Suvretta-Haus, St. Moritz)
[2026-09-19 09:09:34] ✓ CH0001395539: 226 trades downloaded
[2026-09-19 09:09:35] Processing: CH0002512801 (Swisstulle AG)
[2026-09-19 09:09:35] ✓ CH0002512801: 154 trades downloaded
[2026-09-19 09:09:36] Processing: CH0121640970 (SWS Medien N)
[2026-09-19 09:09:36] ✓ CH0121640970: 136 trades downloaded
[2026-09-19 09:09:37] Processing: CH0002538012 (Tersa AG)
[2026-09-19 09:09:37] ✓ CH0002538012: 131 trades downloaded
[2026-09-19 09:09:38] Processing: CH0596918380 (Thermalbad Zurzach N)
[2026-09-19 09:09:38] ✓ CH0596918380: 665 trades downloaded
[2026-09-19 09:09:39] Processing: CH0223260743 (Toggenburg Bergbahnen N)
[2026-09-19 09:09:39] ✓ CH0223260743: 479 trades downloaded
[2026-09-19 09:09:40] Processing: CH0001725255 (Tonwerk Lausen N)
[2026-09-19 09:09:41] ✓ CH0001725255: 57 trades downloaded
[2026-09-19 09:09:42] Processing: CH0002557616 (Treib-Seelisberg-Bahn AG)
[2026-09-19 09:09:42] ✓ CH0002557616: 85 trades downloaded
[2026-09-19 09:09:43] Processing: CH0002569694 (Tuwag Immobilien AG, Wädenswil)
[2026-09-19 09:09:43] ✓ CH0002569694: 54 trades downloaded
[2026-09-19 09:09:44] Processing: CH0326691679 (Unione Farmaceutica Distr N)
[2026-09-19 09:09:44] ✓ CH0326691679: 24 trades downloaded
[2026-09-19 09:09:45] Processing: CH0326380885 (Unipharma N)
[2026-09-19 09:09:45] ✓ CH0326380885: 9 trades downloaded
[2026-09-19 09:09:46] Processing: CH0306293272 (Usines Metallurgiques de Vallorbe N)
[2026-09-19 09:09:46] ✓ CH0306293272: 65 trades downloaded
[2026-09-19 09:09:47] Processing: CH0033136596 (Viamala Raststätte Thusis AG)
[2026-09-19 09:09:47] ✓ CH0033136596: 2 trades downloaded
[2026-09-19 09:09:48] Processing: CH0029910939 (VOe holding N)
[2026-09-19 09:09:49] ✓ CH0029910939: 379 trades downloaded
[2026-09-19 09:09:50] Processing: CH0212936964 (Weiss+Appetito N)
[2026-09-19 09:09:50] ✓ CH0212936964: 1289 trades downloaded
[2026-09-19 09:09:51] Processing: CH0000041795 (Weisse Arena AG, Laax)
[2026-09-19 09:09:51] ✓ CH0000041795: 1468 trades downloaded
[2026-09-19 09:09:52] Processing: CH0004960180 (Weleda N-PS)
[2026-09-19 09:09:52] ✓ CH0004960180: 2687 trades downloaded
[2026-09-19 09:09:53] Processing: CH0010173182 (Welinvest AG in Liquidation)
[2026-09-19 09:09:53] ✓ CH0010173182: 2007 trades downloaded
[2026-09-19 09:09:54] Processing: CH1204218437 (WIR Bank BS N)
[2026-09-19 09:09:55] ✓ CH1204218437: 377 trades downloaded
[2026-09-19 09:09:56] Processing: CH1102090151 (WWZ N)
[2026-09-19 09:09:56] ✓ CH1102090151: 5583 trades downloaded
[2026-09-19 09:09:57] Processing: CH0002056114 (Zermatt Bergbahnen N)
[2026-09-19 09:09:57] ✓ CH0002056114: 604 trades downloaded
[2026-09-19 09:09:58] Processing: CH0002370903 (ZLB Zürcher Landbank)
[2026-09-19 09:09:58] ✓ CH0002370903: 257 trades downloaded
[2026-09-19 09:09:59] Processing: CH0002655501 (Zoologischer Garten, Basel)
[2026-09-19 09:09:59] ✓ CH0002655501: 91 trades downloaded
[2026-09-19 09:10:00] Processing: CH0002654934 (ZT Medien N)
[2026-09-19 09:10:00] ✓ CH0002654934: 198 trades downloaded
[2026-09-19 09:10:01] Processing: CH0148052118 (Zug Estates N Serie A)
[2026-09-19 09:10:02] ✓ CH0148052118: 233 trades downloaded
[2026-09-19 09:10:03] Processing: CH0001671707 (Zürcher Oberland Medien AG, Wetzikon)
[2026-09-19 09:10:03] ✓ CH0001671707: 536 trades downloaded
[2026-09-19 09:10:04] Processing: CH0002658448 (Zürichsee-Fähre Horgen-Meilen AG)
[2026-09-19 09:10:04] ✓ CH0002658448: 1123 trades downloaded
[2026-09-19 09:10:05] Processing: CH0553343069 (Zürichsee-Schifffahrtsgesellschaft)
[2026-09-19 09:10:05] ✓ CH0553343069: 491 trades downloaded
[2026-09-19 09:10:06] ========== SUMMARY ==========
[2026-09-19 09:10:06] Total ISINs processed: 239
[2026-09-19 09:10:06] Successful downloads: 239
[2026-09-19 09:10:06] Failed/Not Found: 0
[2026-09-19 09:10:06] CSV files created: 239
[2026-09-19 09:10:06] Time elapsed: 4m 40s
[2026-09-19 09:10:06] Log saved: /home/runner/work/OTC-X/OTC-X/backend/logs/downloader_2026-09-19_090522.log
[2026-09-19 09:10:06] ======================================================================
[2026-09-19 09:10:06] OTC-X Liquidity Metrics Engine - Starting
[2026-09-19 09:10:06] Timestamp: 2026-09-19 09:10:06
[2026-09-19 09:10:06] ======================================================================
[2026-09-19 09:10:06] [1/4] Loading input data...
[2026-09-19 09:10:06]       Trades: /home/runner/work/OTC-X/OTC-X/backend/data/master_trades.parquet
[2026-09-19 09:10:06]       -> 145,474 trades loaded (227 ISINs)
[2026-09-19 09:10:06]       Securities: /home/runner/work/OTC-X/OTC-X/backend/data/securities.csv
[2026-09-19 09:10:06]       -> 239 securities loaded (11 sectors)
[2026-09-19 09:10:06] [2/4] Computing liquidity metrics...
[2026-09-19 09:10:06]     Step 1/4: Daily aggregation...
[2026-09-19 09:10:06]              78,989 daily observations
[2026-09-19 09:10:06]     Step 2/4: Liquidity metrics...
[2026-09-19 09:10:06]     Step 3/4: Rolling baselines (30 trading days)...
[2026-09-19 09:10:06]     Step 4/4: Anomaly detection...
[2026-09-19 09:10:06] [3/4] Enriching with security metadata...
[2026-09-19 09:10:06]       [!] 6 ISINs have no metadata (Name/Sektor will be null)
[2026-09-19 09:10:06]       -> Final shape: (78989, 26)
[2026-09-19 09:10:06] [4/4] Saving output...
[2026-09-19 09:10:06]       -> Written to: /home/runner/work/OTC-X/OTC-X/backend/data/daily_metrics.parquet
[2026-09-19 09:10:06]       -> Size: 2.58 MB
[2026-09-19 09:10:06] ======================================================================
[2026-09-19 09:10:06] SUCCESS! Pipeline completed.
[2026-09-19 09:10:06] ======================================================================
[2026-09-19 09:10:06] Total rows:       78,989
[2026-09-19 09:10:06] Unique ISINs:     227
[2026-09-19 09:10:06] Unique Sectors:   11
[2026-09-19 09:10:06] Date range:       2004-02-16 to 2026-09-18
[2026-09-19 09:10:06] Elapsed time:     0.2 seconds
[2026-09-19 09:10:06] Output Schema:
[2026-09-19 09:10:06]   Isin                      String
[2026-09-19 09:10:06]   Name                      String
[2026-09-19 09:10:06]   Sektor                    String
[2026-09-19 09:10:06]   Datum                     Date
[2026-09-19 09:10:06]   trades_today              UInt32
[2026-09-19 09:10:06]   volume_today_units        Float64
[2026-09-19 09:10:06]   volume_today_chf          Float64
[2026-09-19 09:10:06]   price_min                 Float64
[2026-09-19 09:10:06]   price_max                 Float64
[2026-09-19 09:10:06]   price_first               Float64
[2026-09-19 09:10:06]   price_last                Float64
[2026-09-19 09:10:06]   price_change_pct          Float64
[2026-09-19 09:10:06]   log_returns               Float64
[2026-09-19 09:10:06]   volatility_daily          Float64
[2026-09-19 09:10:06]   amihud_daily              Float64
[2026-09-19 09:10:06]   spread_log_hl             Float64
[2026-09-19 09:10:06]   trade_duration_min        Float64
[2026-09-19 09:10:06]   off_book_pct              Float64
[2026-09-19 09:10:06]   trades_30d_median         Float64
[2026-09-19 09:10:06]   volume_30d_median         Float64
[2026-09-19 09:10:06]   volatility_30d_median     Float64
[2026-09-19 09:10:06]   amihud_30d_median         Float64
[2026-09-19 09:10:06]   volume_spike              Boolean
[2026-09-19 09:10:06]   activity_spike            Boolean
[2026-09-19 09:10:06]   price_gap                 Boolean
[2026-09-19 09:10:06]   anomaly_score             UInt8
[2026-09-19 09:10:06] High-anomaly observations (score >= 5): 14,995 total
[2026-09-19 09:10:06]   2026-09-18 | CH0001690533 | Score: 5 | Price Change: 0.09%
[2026-09-19 09:10:06]   2026-09-18 | CH0002276266 | Score: 5 | Price Change: -0.76%
[2026-09-19 09:10:06]   2026-09-18 | CH0002557400 | Score: 5 | Price Change: -3.64%
[2026-09-19 09:10:06]   2026-09-18 | CH0126517975 | Score: 5 | Price Change: 4.00%
[2026-09-19 09:10:06]   2026-09-17 | CH0001344685 | Score: 5 | Price Change: -0.30%
