[2026-06-15 06:47:04] OTC-X Trade Downloader started
[2026-06-15 06:47:04] Loaded 242 rows from /home/runner/work/OTC-X/OTC-X/backend/data/securities.csv
[2026-06-15 06:47:04] Processing: CH0136182570 (acrevis Bank N)
[2026-06-15 06:47:06] ✓ CH0136182570: 3588 trades downloaded
[2026-06-15 06:47:07] Processing: CH0006668930 (ADEV Solarstrom AG, Liestal)
[2026-06-15 06:47:07] ✓ CH0006668930: 477 trades downloaded
[2026-06-15 06:47:08] Processing: CH0006524265 (ADEV Wasserkraftwerk AG, Liestal)
[2026-06-15 06:47:08] ✓ CH0006524265: 215 trades downloaded
[2026-06-15 06:47:09] Processing: CH0010497532 (ADEV Windkraft AG, Liestal)
[2026-06-15 06:47:10] ✓ CH0010497532: 151 trades downloaded
[2026-06-15 06:47:11] Processing: CH0034900248 (AG für Erstellung billiger Wohnhäuser in Winterthu)
[2026-06-15 06:47:11] ✓ CH0034900248: 119 trades downloaded
[2026-06-15 06:47:12] Processing: CH0001402418 (Agruna AG)
[2026-06-15 06:47:12] ✓ CH0001402418: 330 trades downloaded
[2026-06-15 06:47:13] Processing: CH0002599352 (Aletsch Bahnen N)
[2026-06-15 06:47:13] ✓ CH0002599352: 402 trades downloaded
[2026-06-15 06:47:14] Processing: CH0011322200 (Alpha Rheintal Bank, Heerbrugg)
[2026-06-15 06:47:14] ✓ CH0011322200: 1197 trades downloaded
[2026-06-15 06:47:15] Processing: CH0001418216 (Aluminium-Laufen AG Liesberg)
[2026-06-15 06:47:16] ✓ CH0001418216: 215 trades downloaded
[2026-06-15 06:47:17] Processing: CH0185254742 (Andermatt-Sedrun Sport AG)
[2026-06-15 06:47:17] ✓ CH0185254742: 437 trades downloaded
[2026-06-15 06:47:18] Processing: CH0026212446 (Appenzeller Bahnen)
[2026-06-15 06:47:18] ✓ CH0026212446: 240 trades downloaded
[2026-06-15 06:47:19] Processing: CH0001430930 (Arosa Bergbahnen AG, Arosa)
[2026-06-15 06:47:19] ✓ CH0001430930: 793 trades downloaded
[2026-06-15 06:47:20] Processing: CH0001457826 (Auto AG Schwyz, Schwyz)
[2026-06-15 06:47:20] ✓ CH0001457826: 96 trades downloaded
[2026-06-15 06:47:21] Processing: CH0029706766 (Auto AG Uri)
[2026-06-15 06:47:22] ✓ CH0029706766: 23 trades downloaded
[2026-06-15 06:47:23] Processing: CH0032018688 (Auto Hldg N)
[2026-06-15 06:47:23] ✓ CH0032018688: 1583 trades downloaded
[2026-06-15 06:47:24] Processing: CH0023777235 (aventron N)
[2026-06-15 06:47:24] ✓ CH0023777235: 620 trades downloaded
[2026-06-15 06:47:25] Processing: CH0003857031 (Bad Schinznach AG, Schinznach)
[2026-06-15 06:47:25] ✓ CH0003857031: 1050 trades downloaded
[2026-06-15 06:47:26] Processing: CH0001314852 (Bank in Zuzwil)
[2026-06-15 06:47:26] ✓ CH0001314852: 47 trades downloaded
[2026-06-15 06:47:27] Processing: CH0039074692 (Bank Leerau)
[2026-06-15 06:47:27] ✓ CH0039074692: 149 trades downloaded
[2026-06-15 06:47:28] Processing: CH0013792848 (Bank Oberaargau N)
[2026-06-15 06:47:29] ✓ CH0013792848: 541 trades downloaded
[2026-06-15 06:47:30] Processing: CH0001351862 (Bank SLM N)
[2026-06-15 06:47:30] ✓ CH0001351862: 477 trades downloaded
[2026-06-15 06:47:31] Processing: CH0049588129 (Bank von Roll AG)
[2026-06-15 06:47:31] ✓ CH0049588129: 252 trades downloaded
[2026-06-15 06:47:32] Processing: CH0303601253 (BB Adelboden N)
[2026-06-15 06:47:32] ✓ CH0303601253: 346 trades downloaded
[2026-06-15 06:47:33] Processing: CH0574732894 (BB Lauterbrunnen-Muerren N)
[2026-06-15 06:47:33] ✓ CH0574732894: 16 trades downloaded
[2026-06-15 06:47:34] Processing: CH0010756531 (BBO Bank Brienz-Oberhasli)
[2026-06-15 06:47:35] ✓ CH0010756531: 404 trades downloaded
[2026-06-15 06:47:36] Processing: CH0001507406 (BB Piz Mundaun AG)
[2026-06-15 06:47:36] ✓ CH0001507406: 103 trades downloaded
[2026-06-15 06:47:37] Processing: CH0002353867 (BB Soerenberg AG)
[2026-06-15 06:47:37] ✓ CH0002353867: 231 trades downloaded
[2026-06-15 06:47:38] Processing: CH0010726963 (Beau-Rivage Palace SA, Lausanne-Ouchy)
[2026-06-15 06:47:38] ✓ CH0010726963: 798 trades downloaded
[2026-06-15 06:47:39] Processing: CH0024700483 (Belalp-Bahnen, Naters)
[2026-06-15 06:47:39] ✓ CH0024700483: 29 trades downloaded
[2026-06-15 06:47:40] Processing: CH0187392300 (Bellwald Sportbahnen N)
[2026-06-15 06:47:41] ✓ CH0187392300: 10 trades downloaded
[2026-06-15 06:47:42] Processing: CH0002332093 (Bergbahnen Brigels N)
[2026-06-15 06:47:42] ✓ CH0002332093: 148 trades downloaded
[2026-06-15 06:47:43] Processing: CH0018384120 (Bergbahnen Destination Gstaad N)
[2026-06-15 06:47:43] ✓ CH0018384120: 433 trades downloaded
[2026-06-15 06:47:44] Processing: CH0292081723 (Bergbahnen Disentis N)
[2026-06-15 06:47:44] ✓ CH0292081723: 93 trades downloaded
[2026-06-15 06:47:45] Processing: CH0580517032 (Bergbahnen Hohsaas N)
[2026-06-15 06:47:45] ✓ CH0580517032: 0 trades downloaded
[2026-06-15 06:47:46] Processing: CH0036505888 (Bergbahnen Meiringen-Hasliberg N)
[2026-06-15 06:47:46] ✓ CH0036505888: 458 trades downloaded
[2026-06-15 06:47:47] Processing: CH0342666572 (Bergbahnen Scuol N)
[2026-06-15 06:47:48] ✓ CH0342666572: 245 trades downloaded
[2026-06-15 06:47:49] Processing: CH0016568880 (Bergbahnen Splügen-Tambo N)
[2026-06-15 06:47:49] ✓ CH0016568880: 46 trades downloaded
[2026-06-15 06:47:50] Processing: CH0045885032 (Bergbahnen Wildhaus AG)
[2026-06-15 06:47:50] ✓ CH0045885032: 91 trades downloaded
[2026-06-15 06:47:51] Processing: CH0014874918 (Bernerland Bank, Sumiswald)
[2026-06-15 06:47:51] ✓ CH0014874918: 904 trades downloaded
[2026-06-15 06:47:52] Processing: CH0322776573 (Berner Oberland-Bahnen N)
[2026-06-15 06:47:52] ✓ CH0322776573: 242 trades downloaded
[2026-06-15 06:47:53] Processing: CH0011100341 (BERNEXPO N)
[2026-06-15 06:47:54] ✓ CH0011100341: 2196 trades downloaded
[2026-06-15 06:47:55] Processing: CH0018043619 (Biene-Bank im Rheintal)
[2026-06-15 06:47:55] ✓ CH0018043619: 375 trades downloaded
[2026-06-15 06:47:56] Processing: CH0025889160 (BLS N)
[2026-06-15 06:47:56] ✓ CH0025889160: 1438 trades downloaded
[2026-06-15 06:47:57] Processing: CH0012684657 (Bobst Group N)
[2026-06-15 06:47:57] ✓ CH0012684657: 3248 trades downloaded
[2026-06-15 06:47:58] Processing: CH0545753953 (Bondpartners N)
[2026-06-15 06:47:58] ✓ CH0545753953: 158 trades downloaded
[2026-06-15 06:47:59] Processing: CH0001542635 (Brauerei Schützengarten AG N)
[2026-06-15 06:48:00] ✓ CH0001542635: 164 trades downloaded
[2026-06-15 06:48:01] Processing: CH0001542643 (Brauerei Schützengarten AG PS)
[2026-06-15 06:48:01] ✓ CH0001542643: 642 trades downloaded
[2026-06-15 06:48:02] Processing: CH0002052501 (Brunni-Bahnen N)
[2026-06-15 06:48:02] ✓ CH0002052501: 571 trades downloaded
[2026-06-15 06:48:03] Processing: CH0009438109 (BS Bank, Schaffhausen)
[2026-06-15 06:48:03] ✓ CH0009438109: 507 trades downloaded
[2026-06-15 06:48:04] Processing: CH0002657978 (Bystronic -B- N)
[2026-06-15 06:48:04] ✓ CH0002657978: 426 trades downloaded
[2026-06-15 06:48:05] Processing: CH0001570057 (Caran d`Ache, Genève, Serie B)
[2026-06-15 06:48:06] ✓ CH0001570057: 89 trades downloaded
[2026-06-15 06:48:07] Processing: CH0102022560 (CasaInvest N)
[2026-06-15 06:48:07] ✓ CH0102022560: 870 trades downloaded
[2026-06-15 06:48:08] Processing: CH1127803547 (Casale Holding Rg)
[2026-06-15 06:48:08] ✓ CH1127803547: 14 trades downloaded
[2026-06-15 06:48:09] Processing: CH0004959505 (Casino de Montreux SA Nom 100)
[2026-06-15 06:48:09] ✓ CH0004959505: 449 trades downloaded
[2026-06-15 06:48:10] Processing: CH0004959471 (Casino de Montreux SA Nom 50)
[2026-06-15 06:48:10] ✓ CH0004959471: 34 trades downloaded
[2026-06-15 06:48:11] Processing: CH0324791133 (Chemholding N)
[2026-06-15 06:48:12] ✓ CH0324791133: 4 trades downloaded
[2026-06-15 06:48:13] Processing: CH0020603475 (CKW N)
[2026-06-15 06:48:13] ✓ CH0020603475: 1500 trades downloaded
[2026-06-15 06:48:14] Processing: CH0010583448 (Clientis Bank Aareland N)
[2026-06-15 06:48:14] ✓ CH0010583448: 265 trades downloaded
[2026-06-15 06:48:15] Processing: CH0001336319 (Clientis Bank Oberuzwil AG)
[2026-06-15 06:48:15] ✓ CH0001336319: 70 trades downloaded
[2026-06-15 06:48:16] Processing: CH0010621925 (Clientis Bank Toggenburg)
[2026-06-15 06:48:16] ✓ CH0010621925: 211 trades downloaded
[2026-06-15 06:48:17] Processing: CH0001357000 (Clientis Sparkasse Oftringen)
[2026-06-15 06:48:17] ✓ CH0001357000: 191 trades downloaded
[2026-06-15 06:48:18] Processing: CH0001579363 (CMSA Holding N)
[2026-06-15 06:48:19] ✓ CH0001579363: 1325 trades downloaded
[2026-06-15 06:48:20] Processing: CH0032462910 (Corvatsch AG Nom 3, Silvaplana)
[2026-06-15 06:48:20] ✓ CH0032462910: 535 trades downloaded
[2026-06-15 06:48:21] Processing: CH1100211528 (Crédit Mutuel de la Vallée N)
[2026-06-15 06:48:21] ✓ CH1100211528: 34 trades downloaded
[2026-06-15 06:48:22] Processing: CH0019556908 (Cresta Palace Celerina N)
[2026-06-15 06:48:22] ✓ CH0019556908: 230 trades downloaded
[2026-06-15 06:48:23] Processing: CH0433137400 (Davos Klosters Bergbahnen N)
[2026-06-15 06:48:23] ✓ CH0433137400: 545 trades downloaded
[2026-06-15 06:48:24] Processing: CH0109916244 (Diavolezza Lagalb N)
[2026-06-15 06:48:25] ✓ CH0109916244: 57 trades downloaded
[2026-06-15 06:48:26] Processing: CH0001665147 (Dolder Hotel AG, Zürich)
[2026-06-15 06:48:26] ✓ CH0001665147: 567 trades downloaded
[2026-06-15 06:48:27] Processing: CH0578688241 (Drahtseilbahn Marzili N)
[2026-06-15 06:48:27] ✓ CH0578688241: 9 trades downloaded
[2026-06-15 06:48:28] Processing: CH0001669255 (Drahtseilbahn Marzili-Stadt Bern N)
[2026-06-15 06:48:28] ✓ CH0001669255: 39 trades downloaded
[2026-06-15 06:48:29] Processing: CH0001777876 (ebs Erdgas + Biogas)
[2026-06-15 06:48:29] ✓ CH0001777876: 48 trades downloaded
[2026-06-15 06:48:30] Processing: CH1159308571 (EcoRenova N)
[2026-06-15 06:48:31] ✓ CH1159308571: 4 trades downloaded
[2026-06-15 06:48:32] Processing: CH0102699540 (Energ Elec du Simplon E.E.S.)
[2026-06-15 06:48:32] ✓ CH0102699540: 95 trades downloaded
[2026-06-15 06:48:33] Processing: CH0014386996 (Energie Zürichsee Linth N)
[2026-06-15 06:48:33] ✓ CH0014386996: 843 trades downloaded
[2026-06-15 06:48:34] Processing: CH0031926105 (Engadin Mountains AG)
[2026-06-15 06:48:34] ✓ CH0031926105: 685 trades downloaded
[2026-06-15 06:48:35] Processing: CH0129442221 (Eniwa Holding AG)
[2026-06-15 06:48:35] ✓ CH0129442221: 835 trades downloaded
[2026-06-15 06:48:36] Processing: CH0001337200 (Ersparniskasse Affoltern)
[2026-06-15 06:48:37] ✓ CH0001337200: 234 trades downloaded
[2026-06-15 06:48:38] Processing: CH0001704680 (Eskimo Textil AG, Turbenthal)
[2026-06-15 06:48:38] ✓ CH0001704680: 35 trades downloaded
[2026-06-15 06:48:39] Processing: CH0002557400 (Espace Real Estate Hldg N)
[2026-06-15 06:48:39] ✓ CH0002557400: 3295 trades downloaded
[2026-06-15 06:48:40] Processing: CH0001239398 (EW Brig-Naters EWBN)
[2026-06-15 06:48:40] ✓ CH0001239398: 148 trades downloaded
[2026-06-15 06:48:41] Processing: CH0001690533 (EW Jona-Rapperswil, Jona)
[2026-06-15 06:48:41] ✓ CH0001690533: 1538 trades downloaded
[2026-06-15 06:48:42] Processing: CH0001691614 (EW Uznach AG)
[2026-06-15 06:48:42] ✓ CH0001691614: 230 trades downloaded
[2026-06-15 06:48:43] Processing: CH0001413704 (Flughafen Bern AG N)
[2026-06-15 06:48:44] ✓ CH0001413704: 519 trades downloaded
[2026-06-15 06:48:45] Processing: CH1106247997 (Funi Locarno-Madonna N)
[2026-06-15 06:48:45] ✓ CH1106247997: 13 trades downloaded
[2026-06-15 06:48:46] Processing: CH1104949586 (Funi Lugano-Paradiso N)
[2026-06-15 06:48:46] ✓ CH1104949586: 20 trades downloaded
[2026-06-15 06:48:47] Processing: CH0001602009 (Generale Beaulieu Holding SA)
[2026-06-15 06:48:47] ✓ CH0001602009: 221 trades downloaded
[2026-06-15 06:48:48] Processing: CH1405847034 (Geoterra Holding Rg)
[2026-06-15 06:48:48] ✓ CH1405847034: 437 trades downloaded
[2026-06-15 06:48:49] Processing: CH0006980079 (Gondelbahn Grindelwald N)
[2026-06-15 06:48:50] ✓ CH0006980079: 553 trades downloaded
[2026-06-15 06:48:51] Processing: CH0375446173 (Gondrand Hldg Vz N)
[2026-06-15 06:48:51] ✓ CH0375446173: 84 trades downloaded
[2026-06-15 06:48:52] Processing: CH0002221338 (Gotthard Raststätte A2 Uri AG)
[2026-06-15 06:48:52] ✓ CH0002221338: 1071 trades downloaded
[2026-06-15 06:48:53] Processing: CH0002541586 (Grand Resort Bad Ragaz, Bad Ragaz)
[2026-06-15 06:48:53] ✓ CH0002541586: 1195 trades downloaded
[2026-06-15 06:48:54] Processing: CH0006532565 (Griesser Holding AG, Aadorf)
[2026-06-15 06:48:54] ✓ CH0006532565: 1304 trades downloaded
[2026-06-15 06:48:55] Processing: CH0016523125 (Griston Holding AG)
[2026-06-15 06:48:56] ✓ CH0016523125: 463 trades downloaded
[2026-06-15 06:48:57] Processing: CH0005051021 (Gurtenbahn AG N)
[2026-06-15 06:48:57] ✓ CH0005051021: 118 trades downloaded
[2026-06-15 06:48:58] Processing: CH0023124214 (HBB Holding AG)
[2026-06-15 06:48:58] ✓ CH0023124214: 442 trades downloaded
[2026-06-15 06:48:59] Processing: CH0001865523 (Heim im Bergli AG, Luzern)
[2026-06-15 06:48:59] ✓ CH0001865523: 60 trades downloaded
[2026-06-15 06:49:00] Processing: CH0304280636 (Helvetic Star Holding)
[2026-06-15 06:49:00] ✓ CH0304280636: 70 trades downloaded
[2026-06-15 06:49:01] Processing: CH0000648680 (Hochalpines Institut Ftan AG)
[2026-06-15 06:49:02] ✓ CH0000648680: 139 trades downloaded
[2026-06-15 06:49:03] Processing: CH0016016849 (Hoch-Ybrig N)
[2026-06-15 06:49:03] ✓ CH0016016849: 695 trades downloaded
[2026-06-15 06:49:04] Processing: CH0001992681 (Hof Weissbad AG)
[2026-06-15 06:49:04] ✓ CH0001992681: 1442 trades downloaded
[2026-06-15 06:49:05] Processing: CH0010923875 (Hoher Kasten Drehrestaurant und Seilbahn AG)
[2026-06-15 06:49:06] ✓ CH0010923875: 671 trades downloaded
[2026-06-15 06:49:07] Processing: CH0020502743 (Holdinova N)
[2026-06-15 06:49:08] ✓ CH0020502743: 5099 trades downloaded
[2026-06-15 06:49:09] Processing: CH0001906848 (Imbrex Hldg N)
[2026-06-15 06:49:09] ✓ CH0001906848: 338 trades downloaded
[2026-06-15 06:49:10] Processing: CH0001910089 (Immges Viamala, Thusis)
[2026-06-15 06:49:10] ✓ CH0001910089: 87 trades downloaded
[2026-06-15 06:49:11] Processing: CH0324793667 (Immobiliare Pharmapark N)
[2026-06-15 06:49:11] ✓ CH0324793667: 63 trades downloaded
[2026-06-15 06:49:12] Processing: CH0001344685 (KB Nidwalden PS)
[2026-06-15 06:49:12] ✓ CH0001344685: 109 trades downloaded
[2026-06-15 06:49:13] Processing: CH0263939958 (Klosters-Madrisa N)
[2026-06-15 06:49:14] ✓ CH0263939958: 173 trades downloaded
[2026-06-15 06:49:15] Processing: CH0001514501 (Kongresshaus Zürich AG, Zürich)
[2026-06-15 06:49:15] ✓ CH0001514501: 823 trades downloaded
[2026-06-15 06:49:16] Processing: CH0115029545 (Konkordia AG N)
[2026-06-15 06:49:16] ✓ CH0115029545: 241 trades downloaded
[2026-06-15 06:49:17] Processing: CH0002052915 (Kronberg N)
[2026-06-15 06:49:17] ✓ CH0002052915: 233 trades downloaded
[2026-06-15 06:49:18] Processing: CH0001574604 (Kursaal-Casino AG, Luzern GS)
[2026-06-15 06:49:18] ✓ CH0001574604: 216 trades downloaded
[2026-06-15 06:49:19] Processing: CH0001574596 (Kursaal-Casino AG, Luzern N)
[2026-06-15 06:49:20] ✓ CH0001574596: 1793 trades downloaded
[2026-06-15 06:49:21] Processing: CH0001989513 (Kursaal Interlaken N)
[2026-06-15 06:49:21] ✓ CH0001989513: 660 trades downloaded
[2026-06-15 06:49:22] Processing: CH0304449611 (Lagerhäuser der Centralschweiz N)
[2026-06-15 06:49:22] ✓ CH0304449611: 229 trades downloaded
[2026-06-15 06:49:23] Processing: CH0002400585 (Landwirtschaft ZRA, Aarberg)
[2026-06-15 06:49:23] ✓ CH0002400585: 229 trades downloaded
[2026-06-15 06:49:24] Processing: CH0001343885 (Leihkasse Stammheim)
[2026-06-15 06:49:24] ✓ CH0001343885: 121 trades downloaded
[2026-06-15 06:49:25] Processing: CH0001788345 (Lenk Bergbahnen, Lenk)
[2026-06-15 06:49:25] ✓ CH0001788345: 201 trades downloaded
[2026-06-15 06:49:26] Processing: CH0023497271 (Lenzerheide Bergbahnen)
[2026-06-15 06:49:27] ✓ CH0023497271: 1199 trades downloaded
[2026-06-15 06:49:28] Processing: CH0001318374 (Lienhardt & Partner Privatbank Zürich AG, Zürich)
[2026-06-15 06:49:28] ✓ CH0001318374: 494 trades downloaded
[2026-06-15 06:49:29] Processing: CH0002045471 (Loeb Holding N -B-)
[2026-06-15 06:49:29] ✓ CH0002045471: 240 trades downloaded
[2026-06-15 06:49:30] Processing: CH0002045497 (Loeb Holding PS)
[2026-06-15 06:49:30] ✓ CH0002045497: 2674 trades downloaded
[2026-06-15 06:49:31] Processing: CH0105175175 (Lorze AG)
[2026-06-15 06:49:31] ✓ CH0105175175: 292 trades downloaded
[2026-06-15 06:49:32] Processing: CH0001542601 (Löwengarten AG)
[2026-06-15 06:49:33] ✓ CH0001542601: 22 trades downloaded
[2026-06-15 06:49:34] Processing: CH0563381901 (LSB Dallenwil-Wirzweli N)
[2026-06-15 06:49:34] ✓ CH0563381901: 6 trades downloaded
[2026-06-15 06:49:35] Processing: CH0002052782 (LSB Grindelwald-Pfingstegg AG)
[2026-06-15 06:49:35] ✓ CH0002052782: 160 trades downloaded
[2026-06-15 06:49:36] Processing: CH0342342653 (LSB Unterterzen-Flumserberg)
[2026-06-15 06:49:36] ✓ CH0342342653: 107 trades downloaded
[2026-06-15 06:49:37] Processing: CH0002055819 (LSB Wasserauen-Ebenalp AG)
[2026-06-15 06:49:37] ✓ CH0002055819: 87 trades downloaded
[2026-06-15 06:49:38] Processing: CH0002056031 (LSB Wengen-Männlichen AG)
[2026-06-15 06:49:39] ✓ CH0002056031: 352 trades downloaded
[2026-06-15 06:49:40] Processing: CH0002056957 (Lurag AG, Neuenkirch)
[2026-06-15 06:49:40] ✓ CH0002056957: 779 trades downloaded
[2026-06-15 06:49:41] Processing: CH0002057070 (Lyceum Alpinum Zuoz AG)
[2026-06-15 06:49:41] ✓ CH0002057070: 135 trades downloaded
[2026-06-15 06:49:42] Processing: CH0198963503 (Magazzini Generali N)
[2026-06-15 06:49:42] ✓ CH0198963503: 21 trades downloaded
[2026-06-15 06:49:43] Processing: CH0016376714 (Matterhorn Gotthard Verkehr AG)
[2026-06-15 06:49:43] ✓ CH0016376714: 101 trades downloaded
[2026-06-15 06:49:44] Processing: CH0014069212 (Menzi Muck Gruppe N)
[2026-06-15 06:49:44] ✓ CH0014069212: 1341 trades downloaded
[2026-06-15 06:49:45] Processing: CH0002092622 (Metall Zug AG Serie A)
[2026-06-15 06:49:46] ✓ CH0002092622: 564 trades downloaded
[2026-06-15 06:49:47] Processing: CH0107020692 (Montana Tech N)
[2026-06-15 06:49:47] ✓ CH0107020692: 1687 trades downloaded
[2026-06-15 06:49:48] Processing: CH0003798599 (Montreux-Berner Oberland Bahn)
[2026-06-15 06:49:48] ✓ CH0003798599: 464 trades downloaded
[2026-06-15 06:49:49] Processing: CH0126517975 (Neue Zürcher Zeitung, Zürich)
[2026-06-15 06:49:49] ✓ CH0126517975: 3743 trades downloaded
[2026-06-15 06:49:50] Processing: CH0187475709 (Nexus Gr Hold N)
[2026-06-15 06:49:51] ✓ CH0187475709: 166 trades downloaded
[2026-06-15 06:49:52] Processing: CH0572824867 (Niederhornbahn N)
[2026-06-15 06:49:52] ✓ CH0572824867: 67 trades downloaded
[2026-06-15 06:49:53] Processing: CH1104984104 (Niesenbahn N)
[2026-06-15 06:49:53] ✓ CH1104984104: 154 trades downloaded
[2026-06-15 06:49:54] Processing: CH0013592248 (NORINVEST HLDG N)
[2026-06-15 06:49:54] ✓ CH0013592248: 158 trades downloaded
[2026-06-15 06:49:55] Processing: CH0002160460 (Opernhaus Zürich N 300)
[2026-06-15 06:49:55] ✓ CH0002160460: 29 trades downloaded
[2026-06-15 06:49:56] Processing: CH0002160478 (Opernhaus Zürich N 900)
[2026-06-15 06:49:57] ✓ CH0002160478: 364 trades downloaded
[2026-06-15 06:49:58] Processing: CH0017915742 (OTC-X All Share)
[2026-06-15 06:49:58] ✓ CH0017915742: 0 trades downloaded
[2026-06-15 06:49:59] Processing: CH0017915718 (OTC-X Banken)
[2026-06-15 06:49:59] ✓ CH0017915718: 0 trades downloaded
[2026-06-15 06:50:00] Processing: CH0039576753 (OTC-X Bergbahnen)
[2026-06-15 06:50:00] ✓ CH0039576753: 0 trades downloaded
[2026-06-15 06:50:01] Processing: CH0039576787 (OTC-X Beteiligungsgesellschaften)
[2026-06-15 06:50:01] ✓ CH0039576787: 0 trades downloaded
[2026-06-15 06:50:02] Processing: CH0017915692 (OTC-X Energie)
[2026-06-15 06:50:02] ✓ CH0017915692: 0 trades downloaded
[2026-06-15 06:50:03] Processing: CH0039576837 (OTC-X Immobilien)
[2026-06-15 06:50:04] ✓ CH0039576837: 0 trades downloaded
[2026-06-15 06:50:05] Processing: CH0017915684 (OTC-X Industrie)
[2026-06-15 06:50:05] ✓ CH0017915684: 0 trades downloaded
[2026-06-15 06:50:06] Processing: CH0039576860 (OTC-X Liquidity)
[2026-06-15 06:50:06] ✓ CH0039576860: 0 trades downloaded
[2026-06-15 06:50:07] Processing: CH0017915668 (OTC-X Medien)
[2026-06-15 06:50:07] ✓ CH0017915668: 0 trades downloaded
[2026-06-15 06:50:08] Processing: CH0039576852 (OTC-X Nahrung und Getraenke)
[2026-06-15 06:50:08] ✓ CH0039576852: 0 trades downloaded
[2026-06-15 06:50:09] Processing: CH0213109793 (OTC-X Premium)
[2026-06-15 06:50:09] ✓ CH0213109793: 0 trades downloaded
[2026-06-15 06:50:10] Processing: CH0017915726 (OTC-X TOP50)
[2026-06-15 06:50:11] ✓ CH0017915726: 0 trades downloaded
[2026-06-15 06:50:12] Processing: CH0017915643 (OTC-X Tourismus/Freizeit/Sonstiges)
[2026-06-15 06:50:12] ✓ CH0017915643: 0 trades downloaded
[2026-06-15 06:50:13] Processing: CH0017915635 (OTC-X Transport/Verkehr/Logistik)
[2026-06-15 06:50:13] ✓ CH0017915635: 0 trades downloaded
[2026-06-15 06:50:14] Processing: CH0467707490 (Outdoor Switzerland N)
[2026-06-15 06:50:14] ✓ CH0467707490: 77 trades downloaded
[2026-06-15 06:50:15] Processing: CH0002174743 (Parking des Alpes N)
[2026-06-15 06:50:15] ✓ CH0002174743: 9 trades downloaded
[2026-06-15 06:50:16] Processing: CH0016049881 (Patiswiss AG)
[2026-06-15 06:50:17] ✓ CH0016049881: 928 trades downloaded
[2026-06-15 06:50:18] Processing: CH1350861261 (Perlen Industrieholding N)
[2026-06-15 06:50:18] ✓ CH1350861261: 1538 trades downloaded
[2026-06-15 06:50:19] Processing: CH0009005973 (Pilatus-Bahnen AG, Kriens)
[2026-06-15 06:50:19] ✓ CH0009005973: 1822 trades downloaded
[2026-06-15 06:50:20] Processing: CH0012457633 (Plaston Holding AG)
[2026-06-15 06:50:20] ✓ CH0012457633: 1402 trades downloaded
[2026-06-15 06:50:21] Processing: CH0284143929 (PLAZZA-B-N)
[2026-06-15 06:50:21] ✓ CH0284143929: 112 trades downloaded
[2026-06-15 06:50:22] Processing: CH0286266488 (Ports Francs et Entrepôts de Genève)
[2026-06-15 06:50:22] ✓ CH0286266488: 0 trades downloaded
[2026-06-15 06:50:23] Processing: CH0122303669 (Prayon Switzerland N)
[2026-06-15 06:50:24] ✓ CH0122303669: 22 trades downloaded
[2026-06-15 06:50:25] Processing: CH0013283368 (Precious Woods Hldg N)
[2026-06-15 06:50:25] ✓ CH0013283368: 564 trades downloaded
[2026-06-15 06:50:26] Processing: CH0002218664 (Railtour Suisse SA Nom 100)
[2026-06-15 06:50:26] ✓ CH0002218664: 0 trades downloaded
[2026-06-15 06:50:27] Processing: CH0002218698 (Railtour Suisse SA Nom 500)
[2026-06-15 06:50:27] ✓ CH0002218698: 0 trades downloaded
[2026-06-15 06:50:28] Processing: CH0030333360 (Rapid Holding N)
[2026-06-15 06:50:28] ✓ CH0030333360: 1475 trades downloaded
[2026-06-15 06:50:29] Processing: CH0027315818 (Raststätte Rheintal AG, Sevelen)
[2026-06-15 06:50:30] ✓ CH0027315818: 210 trades downloaded
[2026-06-15 06:50:31] Processing: CH0002221304 (Raststätte Thurau, St. Gallen)
[2026-06-15 06:50:31] ✓ CH0002221304: 193 trades downloaded
[2026-06-15 06:50:32] Processing: CH0018525532 (Raststätte Walensee AG)
[2026-06-15 06:50:32] ✓ CH0018525532: 95 trades downloaded
[2026-06-15 06:50:33] Processing: CH1387788180 (Raurica Wald N-B)
[2026-06-15 06:50:33] ✓ CH1387788180: 19 trades downloaded
[2026-06-15 06:50:34] Processing: CH0001340196 (Regiobank Männedorf)
[2026-06-15 06:50:34] ✓ CH0001340196: 232 trades downloaded
[2026-06-15 06:50:35] Processing: CH1112956201 (Regiobank Solothurn N)
[2026-06-15 06:50:35] ✓ CH1112956201: 3182 trades downloaded
[2026-06-15 06:50:36] Processing: CH0002227095 (Reishauer N)
[2026-06-15 06:50:37] ✓ CH0002227095: 1118 trades downloaded
[2026-06-15 06:50:38] Processing: CH0199383602 (Remontées Mécaniques de Grimentz)
[2026-06-15 06:50:38] ✓ CH0199383602: 11 trades downloaded
[2026-06-15 06:50:39] Processing: CH0320096990 (Repower N)
[2026-06-15 06:50:39] ✓ CH0320096990: 4964 trades downloaded
[2026-06-15 06:50:40] Processing: CH0002234398 (Rhätische Bahn RhB / Prior)
[2026-06-15 06:50:40] ✓ CH0002234398: 256 trades downloaded
[2026-06-15 06:50:41] Processing: CH0002234372 (Rhätische Bahn RhB / Stamm)
[2026-06-15 06:50:41] ✓ CH0002234372: 213 trades downloaded
[2026-06-15 06:50:42] Processing: CH0001378626 (Rhiienergie AG, Tamins)
[2026-06-15 06:50:43] ✓ CH0001378626: 131 trades downloaded
[2026-06-15 06:50:44] Processing: CH0016290014 (Rigi Bahnen AG, Goldau)
[2026-06-15 06:50:44] ✓ CH0016290014: 2719 trades downloaded
[2026-06-15 06:50:45] Processing: CH0114457390 (Rottal Auto AG, Ruswil)
[2026-06-15 06:50:45] ✓ CH0114457390: 49 trades downloaded
[2026-06-15 06:50:46] Processing: CH0000975372 (Säntis-Schwebebahn AG, Schwägalp)
[2026-06-15 06:50:46] ✓ CH0000975372: 3166 trades downloaded
[2026-06-15 06:50:47] Processing: CH0002353487 (SB Elm AG N)
[2026-06-15 06:50:47] ✓ CH0002353487: 107 trades downloaded
[2026-06-15 06:50:48] Processing: CH0001394607 (SB im Mythengebiet, Schwyz)
[2026-06-15 06:50:49] ✓ CH0001394607: 51 trades downloaded
[2026-06-15 06:50:50] Processing: CH0002353693 (SB Pischa, Davos)
[2026-06-15 06:50:50] ✓ CH0002353693: 134 trades downloaded
[2026-06-15 06:50:51] Processing: CH0001352928 (SB Saanen Bank)
[2026-06-15 06:50:51] ✓ CH0001352928: 1361 trades downloaded
[2026-06-15 06:50:52] Processing: CH0341320114 (Schifffahrtsges. Hallwilersee)
[2026-06-15 06:50:52] ✓ CH0341320114: 125 trades downloaded
[2026-06-15 06:50:53] Processing: CH0002276266 (Schilthornbahn AG Mürren)
[2026-06-15 06:50:53] ✓ CH0002276266: 2848 trades downloaded
[2026-06-15 06:50:54] Processing: CH0002283601 (Schützen Rheinfelden Immobilien N)
[2026-06-15 06:50:55] ✓ CH0002283601: 273 trades downloaded
[2026-06-15 06:50:56] Processing: CH0006234014 (Schweizer Zucker AG)
[2026-06-15 06:50:56] ✓ CH0006234014: 2302 trades downloaded
[2026-06-15 06:50:57] Processing: CH0002291802 (Schweiz. Schifffahrtsges. Untersee und Rhein N)
[2026-06-15 06:50:57] ✓ CH0002291802: 136 trades downloaded
[2026-06-15 06:50:58] Processing: CH0031151084 (SeeBeteiligungs AG)
[2026-06-15 06:50:58] ✓ CH0031151084: 913 trades downloaded
[2026-06-15 06:50:59] Processing: CH0030693185 (Seilbahn Weissenstein AG)
[2026-06-15 06:50:59] ✓ CH0030693185: 1115 trades downloaded
[2026-06-15 06:51:00] Processing: CH0421720779 (SGV Holding N)
[2026-06-15 06:51:01] ✓ CH0421720779: 2505 trades downloaded
[2026-06-15 06:51:02] Processing: CH0547027570 (SIA-Haus Vz N)
[2026-06-15 06:51:02] ✓ CH0547027570: 160 trades downloaded
[2026-06-15 06:51:03] Processing: CH0009219186 (sitEX Properties Hldg N)
[2026-06-15 06:51:03] ✓ CH0009219186: 348 trades downloaded
[2026-06-15 06:51:04] Processing: CH0305002096 (Skilifte Brunni-Haggenegg N)
[2026-06-15 06:51:04] ✓ CH0305002096: 42 trades downloaded
[2026-06-15 06:51:05] Processing: CH0001350328 (Spar + Leihkasse Gürbetal N)
[2026-06-15 06:51:06] ✓ CH0001350328: 286 trades downloaded
[2026-06-15 06:51:07] Processing: CH0001352720 (Spar+Leihkasse Riggisberg)
[2026-06-15 06:51:07] ✓ CH0001352720: 502 trades downloaded
[2026-06-15 06:51:08] Processing: CH0318681860 (Spar- und Leihkasse Bucheggberg N)
[2026-06-15 06:51:09] ✓ CH0318681860: 917 trades downloaded
[2026-06-15 06:51:10] Processing: CH0001350112 (Spar- und Leihkasse Frutigen)
[2026-06-15 06:51:10] ✓ CH0001350112: 362 trades downloaded
[2026-06-15 06:51:11] Processing: CH0001354296 (Spar- und Leihkasse Wynigen)
[2026-06-15 06:51:11] ✓ CH0001354296: 106 trades downloaded
[2026-06-15 06:51:12] Processing: CH0320093559 (Sportbahnen Atzmaennig N)
[2026-06-15 06:51:12] ✓ CH0320093559: 75 trades downloaded
[2026-06-15 06:51:13] Processing: CH0002513312 (SSE Holding N)
[2026-06-15 06:51:13] ✓ CH0002513312: 3369 trades downloaded
[2026-06-15 06:51:14] Processing: CH0009319721 (Stadtcasino Baden AG, Baden)
[2026-06-15 06:51:15] ✓ CH0009319721: 2160 trades downloaded
[2026-06-15 06:51:16] Processing: CH0586685981 (Stanserhorn-Bahn N -10-)
[2026-06-15 06:51:16] ✓ CH0586685981: 24 trades downloaded
[2026-06-15 06:51:17] Processing: CH0586455245 (Stanserhorn-Bahn N -250-)
[2026-06-15 06:51:17] ✓ CH0586455245: 243 trades downloaded
[2026-06-15 06:51:18] Processing: CH0487871656 (STI Hldg N)
[2026-06-15 06:51:18] ✓ CH0487871656: 11 trades downloaded
[2026-06-15 06:51:19] Processing: CH0005701708 (Stoosbahnen N)
[2026-06-15 06:51:19] ✓ CH0005701708: 408 trades downloaded
[2026-06-15 06:51:20] Processing: CH0197490847 (Sunstar-Holding N -A-)
[2026-06-15 06:51:21] ✓ CH0197490847: 853 trades downloaded
[2026-06-15 06:51:22] Processing: CH0341319801 (Sursee-Triengen Bahn N)
[2026-06-15 06:51:22] ✓ CH0341319801: 19 trades downloaded
[2026-06-15 06:51:23] Processing: CH0001395539 (Suvretta-Haus, St. Moritz)
[2026-06-15 06:51:23] ✓ CH0001395539: 225 trades downloaded
[2026-06-15 06:51:24] Processing: CH0002512801 (Swisstulle AG)
[2026-06-15 06:51:24] ✓ CH0002512801: 154 trades downloaded
[2026-06-15 06:51:25] Processing: CH0121640970 (SWS Medien N)
[2026-06-15 06:51:25] ✓ CH0121640970: 133 trades downloaded
[2026-06-15 06:51:26] Processing: CH0002538012 (Tersa AG)
[2026-06-15 06:51:27] ✓ CH0002538012: 125 trades downloaded
[2026-06-15 06:51:28] Processing: CH0596918380 (Thermalbad Zurzach N)
[2026-06-15 06:51:28] ✓ CH0596918380: 642 trades downloaded
[2026-06-15 06:51:29] Processing: CH0223260743 (Toggenburg Bergbahnen N)
[2026-06-15 06:51:29] ✓ CH0223260743: 462 trades downloaded
[2026-06-15 06:51:30] Processing: CH0001725255 (Tonwerk Lausen N)
[2026-06-15 06:51:30] ✓ CH0001725255: 57 trades downloaded
[2026-06-15 06:51:31] Processing: CH0002557616 (Treib-Seelisberg-Bahn AG)
[2026-06-15 06:51:31] ✓ CH0002557616: 83 trades downloaded
[2026-06-15 06:51:32] Processing: CH0002569694 (Tuwag Immobilien AG, Wädenswil)
[2026-06-15 06:51:32] ✓ CH0002569694: 54 trades downloaded
[2026-06-15 06:51:33] Processing: CH0326691679 (Unione Farmaceutica Distr N)
[2026-06-15 06:51:34] ✓ CH0326691679: 24 trades downloaded
[2026-06-15 06:51:35] Processing: CH0326380885 (Unipharma N)
[2026-06-15 06:51:35] ✓ CH0326380885: 9 trades downloaded
[2026-06-15 06:51:36] Processing: CH0306293272 (Usines Metallurgiques de Vallorbe N)
[2026-06-15 06:51:36] ✓ CH0306293272: 65 trades downloaded
[2026-06-15 06:51:37] Processing: CH0033136596 (Viamala Raststätte Thusis AG)
[2026-06-15 06:51:37] ✓ CH0033136596: 2 trades downloaded
[2026-06-15 06:51:38] Processing: CH0029910939 (VOe holding N)
[2026-06-15 06:51:38] ✓ CH0029910939: 363 trades downloaded
[2026-06-15 06:51:39] Processing: CH0212936964 (Weiss+Appetito N)
[2026-06-15 06:51:40] ✓ CH0212936964: 1275 trades downloaded
[2026-06-15 06:51:41] Processing: CH0000041795 (Weisse Arena AG, Laax)
[2026-06-15 06:51:41] ✓ CH0000041795: 1422 trades downloaded
[2026-06-15 06:51:42] Processing: CH0004960180 (Weleda N-PS)
[2026-06-15 06:51:42] ✓ CH0004960180: 2655 trades downloaded
[2026-06-15 06:51:43] Processing: CH0010173182 (Welinvest AG in Liquidation)
[2026-06-15 06:51:43] ✓ CH0010173182: 1977 trades downloaded
[2026-06-15 06:51:44] Processing: CH1204218437 (WIR Bank BS N)
[2026-06-15 06:51:44] ✓ CH1204218437: 364 trades downloaded
[2026-06-15 06:51:45] Processing: CH1102090151 (WWZ N)
[2026-06-15 06:51:46] ✓ CH1102090151: 5251 trades downloaded
[2026-06-15 06:51:47] Processing: CH0002056114 (Zermatt Bergbahnen N)
[2026-06-15 06:51:47] ✓ CH0002056114: 585 trades downloaded
[2026-06-15 06:51:48] Processing: CH0002370903 (ZLB Zürcher Landbank)
[2026-06-15 06:51:48] ✓ CH0002370903: 254 trades downloaded
[2026-06-15 06:51:49] Processing: CH0002655501 (Zoologischer Garten, Basel)
[2026-06-15 06:51:49] ✓ CH0002655501: 88 trades downloaded
[2026-06-15 06:51:50] Processing: CH0002654934 (ZT Medien N)
[2026-06-15 06:51:50] ✓ CH0002654934: 191 trades downloaded
[2026-06-15 06:51:51] Processing: CH0148052118 (Zug Estates N Serie A)
[2026-06-15 06:51:52] ✓ CH0148052118: 230 trades downloaded
[2026-06-15 06:51:53] Processing: CH0001671707 (Zürcher Oberland Medien AG, Wetzikon)
[2026-06-15 06:51:53] ✓ CH0001671707: 515 trades downloaded
[2026-06-15 06:51:54] Processing: CH0002658448 (Zürichsee-Fähre Horgen-Meilen AG)
[2026-06-15 06:51:54] ✓ CH0002658448: 1043 trades downloaded
[2026-06-15 06:51:55] Processing: CH0553343069 (Zürichsee-Schifffahrtsgesellschaft)
[2026-06-15 06:51:55] ✓ CH0553343069: 442 trades downloaded
[2026-06-15 06:51:56] ========== SUMMARY ==========
[2026-06-15 06:51:56] Total ISINs processed: 242
[2026-06-15 06:51:56] Successful downloads: 242
[2026-06-15 06:51:56] Failed/Not Found: 0
[2026-06-15 06:51:56] CSV files created: 242
[2026-06-15 06:51:56] Time elapsed: 4m 51s
[2026-06-15 06:51:56] Log saved: /home/runner/work/OTC-X/OTC-X/backend/logs/downloader_2026-06-15_064700.log
[2026-06-15 06:51:56] ======================================================================
[2026-06-15 06:51:56] OTC-X Liquidity Metrics Engine - Starting
[2026-06-15 06:51:56] Timestamp: 2026-06-15 06:51:56
[2026-06-15 06:51:56] ======================================================================
[2026-06-15 06:51:56] [1/4] Loading input data...
[2026-06-15 06:51:56]       Trades: /home/runner/work/OTC-X/OTC-X/backend/data/master_trades.parquet
[2026-06-15 06:51:57]       -> 140,951 trades loaded (225 ISINs)
[2026-06-15 06:51:57]       Securities: /home/runner/work/OTC-X/OTC-X/backend/data/securities.csv
[2026-06-15 06:51:57]       -> 242 securities loaded (11 sectors)
[2026-06-15 06:51:57] [2/4] Computing liquidity metrics...
[2026-06-15 06:51:57]     Step 1/4: Daily aggregation...
[2026-06-15 06:51:57]              77,021 daily observations
[2026-06-15 06:51:57]     Step 2/4: Liquidity metrics...
[2026-06-15 06:51:57]     Step 3/4: Rolling baselines (30 trading days)...
[2026-06-15 06:51:57]     Step 4/4: Anomaly detection...
[2026-06-15 06:51:57] [3/4] Enriching with security metadata...
[2026-06-15 06:51:57]       [!] 1 ISINs have no metadata (Name/Sektor will be null)
[2026-06-15 06:51:57]       -> Final shape: (77021, 26)
[2026-06-15 06:51:57] [4/4] Saving output...
[2026-06-15 06:51:57]       -> Written to: /home/runner/work/OTC-X/OTC-X/backend/data/daily_metrics.parquet
[2026-06-15 06:51:57]       -> Size: 2.50 MB
[2026-06-15 06:51:57] ======================================================================
[2026-06-15 06:51:57] SUCCESS! Pipeline completed.
[2026-06-15 06:51:57] ======================================================================
[2026-06-15 06:51:57] Total rows:       77,021
[2026-06-15 06:51:57] Unique ISINs:     225
[2026-06-15 06:51:57] Unique Sectors:   11
[2026-06-15 06:51:57] Date range:       2004-02-16 to 2026-06-15
[2026-06-15 06:51:57] Elapsed time:     0.2 seconds
[2026-06-15 06:51:57] Output Schema:
[2026-06-15 06:51:57]   Isin                      String
[2026-06-15 06:51:57]   Name                      String
[2026-06-15 06:51:57]   Sektor                    String
[2026-06-15 06:51:57]   Datum                     Date
[2026-06-15 06:51:57]   trades_today              UInt32
[2026-06-15 06:51:57]   volume_today_units        Float64
[2026-06-15 06:51:57]   volume_today_chf          Float64
[2026-06-15 06:51:57]   price_min                 Float64
[2026-06-15 06:51:57]   price_max                 Float64
[2026-06-15 06:51:57]   price_first               Float64
[2026-06-15 06:51:57]   price_last                Float64
[2026-06-15 06:51:57]   price_change_pct          Float64
[2026-06-15 06:51:57]   log_returns               Float64
[2026-06-15 06:51:57]   volatility_daily          Float64
[2026-06-15 06:51:57]   amihud_daily              Float64
[2026-06-15 06:51:57]   spread_log_hl             Float64
[2026-06-15 06:51:57]   trade_duration_min        Float64
[2026-06-15 06:51:57]   off_book_pct              Float64
[2026-06-15 06:51:57]   trades_30d_median         Float64
[2026-06-15 06:51:57]   volume_30d_median         Float64
[2026-06-15 06:51:57]   volatility_30d_median     Float64
[2026-06-15 06:51:57]   amihud_30d_median         Float64
[2026-06-15 06:51:57]   volume_spike              Boolean
[2026-06-15 06:51:57]   activity_spike            Boolean
[2026-06-15 06:51:57]   price_gap                 Boolean
[2026-06-15 06:51:57]   anomaly_score             UInt8
[2026-06-15 06:51:57] High-anomaly observations (score >= 5): 14,580 total
[2026-06-15 06:51:57]   2026-06-12 | CH0002221338 | Score: 5 | Price Change: 0.95%
[2026-06-15 06:51:57]   2026-06-12 | CH0003857031 | Score: 5 | Price Change: 1.22%
[2026-06-15 06:51:57]   2026-06-12 | CH0006234014 | Score: 5 | Price Change: -2.35%
[2026-06-15 06:51:57]   2026-06-12 | CH0107020692 | Score: 7 | Price Change: -13.04%
[2026-06-15 06:51:57]   2026-06-12 | CH0421720779 | Score: 5 | Price Change: 0.00%
