╔══════════════════════════════════════════════════════════════════════════════╗
║                            OTC-X PIPELINE RECEIPT                            ║
╚══════════════════════════════════════════════════════════════════════════════╝

  Run Date:     2026-08-23
  Start Time:   05:21:11
  End Time:     05:25:44
  Duration:     0:04:32.839533
  Status:       ALL STAGES PASSED

────────────────────────────────────────────────────────────────────────────────
  STAGE EXECUTION SUMMARY
────────────────────────────────────────────────────────────────────────────────
  Stage 1: Valor Extraction
    Status:   ✓ SUCCESS
    Duration: 3.4s

  Stage 2: Trade Data Retrieval
    Status:   ✓ SUCCESS
    Duration: 268.9s

  Stage 3: Data Consolidation (Parquet)
    Status:   ✓ SUCCESS
    Duration: 0.3s

  Stage 4: Liquidity Metrics Engine
    Status:   ✓ SUCCESS
    Duration: 0.2s

────────────────────────────────────────────────────────────────────────────────
  DATA PRODUCTS
────────────────────────────────────────────────────────────────────────────────
  Date Range:        2004-02-16 → 2026-08-21
  Securities CSV:    239 securities
  Trade CSVs:        245 files in data/trades/
  Master Parquet:    144,178 rows, 227 ISINs (1.05 MB)
  Daily Metrics:     78,430 rows, 227 ISINs, 10 sectors

────────────────────────────────────────────────────────────────────────────────
  ANOMALY SNAPSHOT (latest day per ISIN)
────────────────────────────────────────────────────────────────────────────────
  Total ISINs:       227
  Clean (score 0):   130
  Flagged (score>0): 97

  Score  Count
  ─────  ─────
      2      17
      3      28
      4       2
      5      44
      7       6

────────────────────────────────────────────────────────────────────────────────
  STAGE DETAIL LOGS
────────────────────────────────────────────────────────────────────────────────
  ┌─ Stage 1: Valor Extraction
  │ Fetching securities dynamically from OTC-X API...
  │ Fertig! 239 Valoren extrahiert.
  │ Gespeichert in: /home/runner/work/OTC-X/OTC-X/backend/data/securities.csv
  └─ OK (3.4s)

  ┌─ Stage 2: Trade Data Retrieval
  └─ OK (268.9s)

  ┌─ Stage 3: Data Consolidation (Parquet)
  │ ============================================================
  │ OTC-X Data Ingestion Pipeline
  │ ============================================================
  │ Scanning: /home/runner/work/OTC-X/OTC-X/backend/data/trades
  │   [SKIP] CH0286266488.csv (empty/header-only)
  │   [SKIP] CH0039576787.csv (empty/header-only)
  │   [SKIP] CH0017915635.csv (empty/header-only)
  │   [SKIP] CH0017915668.csv (empty/header-only)
  │   [SKIP] CH0017915692.csv (empty/header-only)
  │   [SKIP] CH0002218664.csv (empty/header-only)
  │   [SKIP] CH0580517032.csv (empty/header-only)
  │   [SKIP] CH0017915718.csv (empty/header-only)
  │   [SKIP] CH0017915742.csv (empty/header-only)
  │   [SKIP] CH0002218698.csv (empty/header-only)
  │   [SKIP] CH0017915726.csv (empty/header-only)
  │   [SKIP] CH0039576753.csv (empty/header-only)
  │   [SKIP] CH0017915643.csv (empty/header-only)
  │   [SKIP] CH0039576837.csv (empty/header-only)
  │   [SKIP] CH0017915684.csv (empty/header-only)
  │   [SKIP] CH0039576852.csv (empty/header-only)
  │   [SKIP] CH0213109793.csv (empty/header-only)
  │   [SKIP] CH0039576860.csv (empty/header-only)
  │ 
  │ Found 245 files total.
  │ Processing 227 valid files...
  │ Skipped 18 empty/header-only files.
  │ 
  │ Raw rows ingested: 146,268
  │ 
  │ Applying data cleaning transformations...
  │ Data Quality: 144178/144178 records have valid Price/Volume data (100.0%)
  │ Rows after deduplication: 144,178
  │ 
  │ Writing output files...
  │   [OK] Parquet: master_trades.parquet (1077.0 KB)
  │   -> Formatting data for CSV output...
  │   [OK] CSV: master_trades_cleaned.csv (8007.7 KB)
  │ 
  │ ============================================================
  │ AUDIT SUMMARY
  │ ============================================================
  │ Processed 227 files, Skipped 18 empty files.
  │ Total rows: 144,178
  │ 
  │ Schema:
  │   Isin            String
  │   Datum           Date
  │   Zeit            String
  │   Kurs            Float64
  │   Volumen         Float64
  │   Off Book        Boolean
  │ 
  │ Sample Data (first 5 rows):
  │ shape: (5, 6)
  │ ┌──────────────┬────────────┬───────┬────────┬─────────┬──────────┐
  │ │ Isin         ┆ Datum      ┆ Zeit  ┆ Kurs   ┆ Volumen ┆ Off Book │
  │ │ ---          ┆ ---        ┆ ---   ┆ ---    ┆ ---     ┆ ---      │
  │ │ str          ┆ date       ┆ str   ┆ f64    ┆ f64     ┆ bool     │
  │ ╞══════════════╪════════════╪═══════╪════════╪═════════╪══════════╡
  │ │ CH0032018688 ┆ 2024-05-06 ┆ 15:28 ┆ 450.0  ┆ 1.0     ┆ false    │
  │ │ CH0004960180 ┆ 2025-07-14 ┆ 08:31 ┆ 5900.0 ┆ 2.0     ┆ false    │
  │ │ CH0001665147 ┆ 2026-06-10 ┆ 09:02 ┆ 1850.0 ┆ 1.0     ┆ false    │
  │ │ CH0011100341 ┆ 2018-09-28 ┆ 15:30 ┆ 450.0  ┆ 15.0    ┆ false    │
  │ │ CH0212936964 ┆ 2023-12-11 ┆ 16:24 ┆ 310.0  ┆ 50.0    ┆ false    │
  │ └──────────────┴────────────┴───────┴────────┴─────────┴──────────┘
  │ ============================================================
  │ Pipeline complete! [SUCCESS]
  └─ OK (0.3s)

  ┌─ Stage 4: Liquidity Metrics Engine
  └─ OK (0.2s)

════════════════════════════════════════════════════════════════════════════════
  End of receipt — 2026-08-23 05:25:44
════════════════════════════════════════════════════════════════════════════════