╔══════════════════════════════════════════════════════════════════════════════╗
║                            OTC-X PIPELINE RECEIPT                            ║
╚══════════════════════════════════════════════════════════════════════════════╝

  Run Date:     2026-07-17
  Start Time:   05:52:43
  End Time:     05:57:18
  Duration:     0:04:35.449267
  Status:       ALL STAGES PASSED

────────────────────────────────────────────────────────────────────────────────
  STAGE EXECUTION SUMMARY
────────────────────────────────────────────────────────────────────────────────
  Stage 1: Valor Extraction
    Status:   ✓ SUCCESS
    Duration: 4.0s

  Stage 2: Trade Data Retrieval
    Status:   ✓ SUCCESS
    Duration: 270.9s

  Stage 3: Data Consolidation (Parquet)
    Status:   ✓ SUCCESS
    Duration: 0.3s

  Stage 4: Liquidity Metrics Engine
    Status:   ✓ SUCCESS
    Duration: 0.3s

────────────────────────────────────────────────────────────────────────────────
  DATA PRODUCTS
────────────────────────────────────────────────────────────────────────────────
  Date Range:        2004-02-16 → 2026-07-16
  Securities CSV:    239 securities
  Trade CSVs:        245 files in data/trades/
  Master Parquet:    142,588 rows, 226 ISINs (1.04 MB)
  Daily Metrics:     77,724 rows, 226 ISINs, 10 sectors

────────────────────────────────────────────────────────────────────────────────
  ANOMALY SNAPSHOT (latest day per ISIN)
────────────────────────────────────────────────────────────────────────────────
  Total ISINs:       226
  Clean (score 0):   139
  Flagged (score>0): 87

  Score  Count
  ─────  ─────
      2       7
      3      39
      4       4
      5      31
      7       6

────────────────────────────────────────────────────────────────────────────────
  STAGE DETAIL LOGS
────────────────────────────────────────────────────────────────────────────────
  ┌─ Stage 1: Valor Extraction
  │ Fetching securities dynamically from OTC-X API...
  │ Fertig! 239 Valoren extrahiert.
  │ Gespeichert in: /home/runner/work/OTC-X/OTC-X/backend/data/securities.csv
  └─ OK (4.0s)

  ┌─ Stage 2: Trade Data Retrieval
  └─ OK (270.9s)

  ┌─ Stage 3: Data Consolidation (Parquet)
  │ ============================================================
  │ OTC-X Data Ingestion Pipeline
  │ ============================================================
  │ Scanning: /home/runner/work/OTC-X/OTC-X/backend/data/trades
  │   [SKIP] CH0017915684.csv (empty/header-only)
  │   [SKIP] CH0017915718.csv (empty/header-only)
  │   [SKIP] CH0039576852.csv (empty/header-only)
  │   [SKIP] CH0039576753.csv (empty/header-only)
  │   [SKIP] CH0039576837.csv (empty/header-only)
  │   [SKIP] CH0002218664.csv (empty/header-only)
  │   [SKIP] CH0017915635.csv (empty/header-only)
  │   [SKIP] CH0017915726.csv (empty/header-only)
  │   [SKIP] CH0017915742.csv (empty/header-only)
  │   [SKIP] CH0002218698.csv (empty/header-only)
  │   [SKIP] CH0213109793.csv (empty/header-only)
  │   [SKIP] CH0580517032.csv (empty/header-only)
  │   [SKIP] CH0017915692.csv (empty/header-only)
  │   [SKIP] CH0039576787.csv (empty/header-only)
  │   [SKIP] CH1582436247.csv (empty/header-only)
  │   [SKIP] CH0017915668.csv (empty/header-only)
  │   [SKIP] CH0039576860.csv (empty/header-only)
  │   [SKIP] CH0017915643.csv (empty/header-only)
  │   [SKIP] CH0286266488.csv (empty/header-only)
  │ 
  │ Found 245 files total.
  │ Processing 226 valid files...
  │ Skipped 19 empty/header-only files.
  │ 
  │ Raw rows ingested: 144,656
  │ 
  │ Applying data cleaning transformations...
  │ Data Quality: 142588/142588 records have valid Price/Volume data (100.0%)
  │ Rows after deduplication: 142,588
  │ 
  │ Writing output files...
  │   [OK] Parquet: master_trades.parquet (1064.7 KB)
  │   -> Formatting data for CSV output...
  │   [OK] CSV: master_trades_cleaned.csv (7919.5 KB)
  │ 
  │ ============================================================
  │ AUDIT SUMMARY
  │ ============================================================
  │ Processed 226 files, Skipped 19 empty files.
  │ Total rows: 142,588
  │ 
  │ Schema:
  │   Isin            String
  │   Datum           Date
  │   Zeit            String
  │   Kurs            Float64
  │   Volumen         Float64
  │   Off Book        Boolean
  │ 
  │ Sample Data (first 5 rows):
  │ shape: (5, 6)
  │ ┌──────────────┬────────────┬───────┬────────┬─────────┬──────────┐
  │ │ Isin         ┆ Datum      ┆ Zeit  ┆ Kurs   ┆ Volumen ┆ Off Book │
  │ │ ---          ┆ ---        ┆ ---   ┆ ---    ┆ ---     ┆ ---      │
  │ │ str          ┆ date       ┆ str   ┆ f64    ┆ f64     ┆ bool     │
  │ ╞══════════════╪════════════╪═══════╪════════╪═════════╪══════════╡
  │ │ CH0126517975 ┆ 2022-06-20 ┆ 13:05 ┆ 7200.0 ┆ 3.0     ┆ false    │
  │ │ CH0009319721 ┆ 2014-01-30 ┆ 14:39 ┆ 575.0  ┆ 19.0    ┆ false    │
  │ │ CH0001351862 ┆ 2024-03-05 ┆ 09:27 ┆ 1900.0 ┆ 10.0    ┆ false    │
  │ │ CH0002513312 ┆ 2023-10-04 ┆ 16:38 ┆ 3700.0 ┆ 3.0     ┆ false    │
  │ │ CH0136182570 ┆ 2025-02-11 ┆ 11:30 ┆ 1460.0 ┆ 35.0    ┆ false    │
  │ └──────────────┴────────────┴───────┴────────┴─────────┴──────────┘
  │ ============================================================
  │ Pipeline complete! [SUCCESS]
  └─ OK (0.3s)

  ┌─ Stage 4: Liquidity Metrics Engine
  └─ OK (0.3s)

════════════════════════════════════════════════════════════════════════════════
  End of receipt — 2026-07-17 05:57:18
════════════════════════════════════════════════════════════════════════════════