╔══════════════════════════════════════════════════════════════════════════════╗
║                            OTC-X PIPELINE RECEIPT                            ║
╚══════════════════════════════════════════════════════════════════════════════╝

  Run Date:     2026-09-16
  Start Time:   09:36:25
  End Time:     09:41:13
  Duration:     0:04:47.434820
  Status:       ALL STAGES PASSED

────────────────────────────────────────────────────────────────────────────────
  STAGE EXECUTION SUMMARY
────────────────────────────────────────────────────────────────────────────────
  Stage 1: Valor Extraction
    Status:   ✓ SUCCESS
    Duration: 4.2s

  Stage 2: Trade Data Retrieval
    Status:   ✓ SUCCESS
    Duration: 282.6s

  Stage 3: Data Consolidation (Parquet)
    Status:   ✓ SUCCESS
    Duration: 0.3s

  Stage 4: Liquidity Metrics Engine
    Status:   ✓ SUCCESS
    Duration: 0.2s

────────────────────────────────────────────────────────────────────────────────
  DATA PRODUCTS
────────────────────────────────────────────────────────────────────────────────
  Date Range:        2004-02-16 → 2026-09-16
  Securities CSV:    239 securities
  Trade CSVs:        245 files in data/trades/
  Master Parquet:    145,337 rows, 227 ISINs (1.06 MB)
  Daily Metrics:     78,932 rows, 227 ISINs, 10 sectors

────────────────────────────────────────────────────────────────────────────────
  ANOMALY SNAPSHOT (latest day per ISIN)
────────────────────────────────────────────────────────────────────────────────
  Total ISINs:       227
  Clean (score 0):   146
  Flagged (score>0): 81

  Score  Count
  ─────  ─────
      2      14
      3      30
      4       2
      5      33
      7       2

────────────────────────────────────────────────────────────────────────────────
  STAGE DETAIL LOGS
────────────────────────────────────────────────────────────────────────────────
  ┌─ Stage 1: Valor Extraction
  │ Fetching securities dynamically from OTC-X API...
  │ Fertig! 239 Valoren extrahiert.
  │ Gespeichert in: /home/runner/work/OTC-X/OTC-X/backend/data/securities.csv
  └─ OK (4.2s)

  ┌─ Stage 2: Trade Data Retrieval
  └─ OK (282.6s)

  ┌─ Stage 3: Data Consolidation (Parquet)
  │ ============================================================
  │ OTC-X Data Ingestion Pipeline
  │ ============================================================
  │ Scanning: /home/runner/work/OTC-X/OTC-X/backend/data/trades
  │   [SKIP] CH0002218698.csv (empty/header-only)
  │   [SKIP] CH0017915692.csv (empty/header-only)
  │   [SKIP] CH0017915742.csv (empty/header-only)
  │   [SKIP] CH0039576837.csv (empty/header-only)
  │   [SKIP] CH0039576753.csv (empty/header-only)
  │   [SKIP] CH0017915718.csv (empty/header-only)
  │   [SKIP] CH0039576852.csv (empty/header-only)
  │   [SKIP] CH0580517032.csv (empty/header-only)
  │   [SKIP] CH0286266488.csv (empty/header-only)
  │   [SKIP] CH0017915668.csv (empty/header-only)
  │   [SKIP] CH0017915684.csv (empty/header-only)
  │   [SKIP] CH0017915643.csv (empty/header-only)
  │   [SKIP] CH0017915635.csv (empty/header-only)
  │   [SKIP] CH0017915726.csv (empty/header-only)
  │   [SKIP] CH0039576860.csv (empty/header-only)
  │   [SKIP] CH0213109793.csv (empty/header-only)
  │   [SKIP] CH0039576787.csv (empty/header-only)
  │   [SKIP] CH0002218664.csv (empty/header-only)
  │ 
  │ Found 245 files total.
  │ Processing 227 valid files...
  │ Skipped 18 empty/header-only files.
  │ 
  │ Raw rows ingested: 147,451
  │ 
  │ Applying data cleaning transformations...
  │ Data Quality: 145337/145337 records have valid Price/Volume data (100.0%)
  │ Rows after deduplication: 145,337
  │ 
  │ Writing output files...
  │   [OK] Parquet: master_trades.parquet (1085.2 KB)
  │   -> Formatting data for CSV output...
  │   [OK] CSV: master_trades_cleaned.csv (8072.0 KB)
  │ 
  │ ============================================================
  │ AUDIT SUMMARY
  │ ============================================================
  │ Processed 227 files, Skipped 18 empty files.
  │ Total rows: 145,337
  │ 
  │ Schema:
  │   Isin            String
  │   Datum           Date
  │   Zeit            String
  │   Kurs            Float64
  │   Volumen         Float64
  │   Off Book        Boolean
  │ 
  │ Sample Data (first 5 rows):
  │ shape: (5, 6)
  │ ┌──────────────┬────────────┬───────┬─────────┬─────────┬──────────┐
  │ │ Isin         ┆ Datum      ┆ Zeit  ┆ Kurs    ┆ Volumen ┆ Off Book │
  │ │ ---          ┆ ---        ┆ ---   ┆ ---     ┆ ---     ┆ ---      │
  │ │ str          ┆ date       ┆ str   ┆ f64     ┆ f64     ┆ bool     │
  │ ╞══════════════╪════════════╪═══════╪═════════╪═════════╪══════════╡
  │ │ CH0013792848 ┆ 2024-03-08 ┆ 15:06 ┆ 401.0   ┆ 20.0    ┆ false    │
  │ │ CH0002227095 ┆ 2024-05-15 ┆ 08:47 ┆ 36000.0 ┆ 1.0     ┆ false    │
  │ │ CH0001579363 ┆ 2018-10-12 ┆ 14:30 ┆ 7600.0  ┆ 1.0     ┆ false    │
  │ │ CH0002052501 ┆ 2020-09-15 ┆ 09:28 ┆ 1805.0  ┆ 1.0     ┆ false    │
  │ │ CH0126517975 ┆ 2018-05-25 ┆ 10:08 ┆ 5000.0  ┆ 3.0     ┆ false    │
  │ └──────────────┴────────────┴───────┴─────────┴─────────┴──────────┘
  │ ============================================================
  │ Pipeline complete! [SUCCESS]
  └─ OK (0.3s)

  ┌─ Stage 4: Liquidity Metrics Engine
  └─ OK (0.2s)

════════════════════════════════════════════════════════════════════════════════
  End of receipt — 2026-09-16 09:41:13
════════════════════════════════════════════════════════════════════════════════