╔══════════════════════════════════════════════════════════════════════════════╗
║                            OTC-X PIPELINE RECEIPT                            ║
╚══════════════════════════════════════════════════════════════════════════════╝

  Run Date:     2026-06-21
  Start Time:   06:35:21
  End Time:     06:40:19
  Duration:     0:04:57.870134
  Status:       ALL STAGES PASSED

────────────────────────────────────────────────────────────────────────────────
  STAGE EXECUTION SUMMARY
────────────────────────────────────────────────────────────────────────────────
  Stage 1: Valor Extraction
    Status:   ✓ SUCCESS
    Duration: 4.4s

  Stage 2: Trade Data Retrieval
    Status:   ✓ SUCCESS
    Duration: 292.9s

  Stage 3: Data Consolidation (Parquet)
    Status:   ✓ SUCCESS
    Duration: 0.3s

  Stage 4: Liquidity Metrics Engine
    Status:   ✓ SUCCESS
    Duration: 0.2s

────────────────────────────────────────────────────────────────────────────────
  DATA PRODUCTS
────────────────────────────────────────────────────────────────────────────────
  Date Range:        2004-02-16 → 2026-06-19
  Securities CSV:    242 securities
  Trade CSVs:        243 files in data/trades/
  Master Parquet:    141,327 rows, 225 ISINs (1.03 MB)
  Daily Metrics:     77,173 rows, 225 ISINs, 10 sectors

────────────────────────────────────────────────────────────────────────────────
  ANOMALY SNAPSHOT (latest day per ISIN)
────────────────────────────────────────────────────────────────────────────────
  Total ISINs:       225
  Clean (score 0):   133
  Flagged (score>0): 92

  Score  Count
  ─────  ─────
      2      13
      3      32
      4       1
      5      36
      7      10

────────────────────────────────────────────────────────────────────────────────
  STAGE DETAIL LOGS
────────────────────────────────────────────────────────────────────────────────
  ┌─ Stage 1: Valor Extraction
  │ Fetching securities dynamically from OTC-X API...
  │ Fertig! 242 Valoren extrahiert.
  │ Gespeichert in: /home/runner/work/OTC-X/OTC-X/backend/data/securities.csv
  └─ OK (4.4s)

  ┌─ Stage 2: Trade Data Retrieval
  └─ OK (292.9s)

  ┌─ Stage 3: Data Consolidation (Parquet)
  │ ============================================================
  │ OTC-X Data Ingestion Pipeline
  │ ============================================================
  │ Scanning: /home/runner/work/OTC-X/OTC-X/backend/data/trades
  │   [SKIP] CH0286266488.csv (empty/header-only)
  │   [SKIP] CH0580517032.csv (empty/header-only)
  │   [SKIP] CH0017915742.csv (empty/header-only)
  │   [SKIP] CH0017915643.csv (empty/header-only)
  │   [SKIP] CH0039576860.csv (empty/header-only)
  │   [SKIP] CH0017915668.csv (empty/header-only)
  │   [SKIP] CH0002218698.csv (empty/header-only)
  │   [SKIP] CH0017915718.csv (empty/header-only)
  │   [SKIP] CH0213109793.csv (empty/header-only)
  │   [SKIP] CH0017915635.csv (empty/header-only)
  │   [SKIP] CH0017915684.csv (empty/header-only)
  │   [SKIP] CH0017915692.csv (empty/header-only)
  │   [SKIP] CH0039576787.csv (empty/header-only)
  │   [SKIP] CH0039576852.csv (empty/header-only)
  │   [SKIP] CH0039576837.csv (empty/header-only)
  │   [SKIP] CH0017915726.csv (empty/header-only)
  │   [SKIP] CH0002218664.csv (empty/header-only)
  │   [SKIP] CH0039576753.csv (empty/header-only)
  │ 
  │ Found 243 files total.
  │ Processing 225 valid files...
  │ Skipped 18 empty/header-only files.
  │ 
  │ Raw rows ingested: 143,381
  │ 
  │ Applying data cleaning transformations...
  │ Data Quality: 141327/141327 records have valid Price/Volume data (100.0%)
  │ Rows after deduplication: 141,327
  │ 
  │ Writing output files...
  │   [OK] Parquet: master_trades.parquet (1054.4 KB)
  │   -> Formatting data for CSV output...
  │   [OK] CSV: master_trades_cleaned.csv (7849.5 KB)
  │ 
  │ ============================================================
  │ AUDIT SUMMARY
  │ ============================================================
  │ Processed 225 files, Skipped 18 empty files.
  │ Total rows: 141,327
  │ 
  │ Schema:
  │   Isin            String
  │   Datum           Date
  │   Zeit            String
  │   Kurs            Float64
  │   Volumen         Float64
  │   Off Book        Boolean
  │ 
  │ Sample Data (first 5 rows):
  │ shape: (5, 6)
  │ ┌──────────────┬────────────┬───────┬───────┬─────────┬──────────┐
  │ │ Isin         ┆ Datum      ┆ Zeit  ┆ Kurs  ┆ Volumen ┆ Off Book │
  │ │ ---          ┆ ---        ┆ ---   ┆ ---   ┆ ---     ┆ ---      │
  │ │ str          ┆ date       ┆ str   ┆ f64   ┆ f64     ┆ bool     │
  │ ╞══════════════╪════════════╪═══════╪═══════╪═════════╪══════════╡
  │ │ CH0010726963 ┆ 2014-12-15 ┆ 16:47 ┆ 210.0 ┆ 25.0    ┆ false    │
  │ │ CH1104984104 ┆ 2022-02-24 ┆ 10:48 ┆ 605.0 ┆ 2.0     ┆ false    │
  │ │ CH0016290014 ┆ 2023-12-29 ┆ 13:35 ┆ 9.35  ┆ 1127.0  ┆ false    │
  │ │ CH0013792848 ┆ 2010-04-28 ┆ 15:17 ┆ 370.0 ┆ 25.0    ┆ false    │
  │ │ CH0107020692 ┆ 2013-03-07 ┆ 11:12 ┆ 3.35  ┆ 10000.0 ┆ false    │
  │ └──────────────┴────────────┴───────┴───────┴─────────┴──────────┘
  │ ============================================================
  │ Pipeline complete! [SUCCESS]
  └─ OK (0.3s)

  ┌─ Stage 4: Liquidity Metrics Engine
  └─ OK (0.2s)

════════════════════════════════════════════════════════════════════════════════
  End of receipt — 2026-06-21 06:40:19
════════════════════════════════════════════════════════════════════════════════