╔══════════════════════════════════════════════════════════════════════════════╗
║                            OTC-X PIPELINE RECEIPT                            ║
╚══════════════════════════════════════════════════════════════════════════════╝

  Run Date:     2026-06-24
  Start Time:   06:20:12
  End Time:     06:24:59
  Duration:     0:04:46.828146
  Status:       ALL STAGES PASSED

────────────────────────────────────────────────────────────────────────────────
  STAGE EXECUTION SUMMARY
────────────────────────────────────────────────────────────────────────────────
  Stage 1: Valor Extraction
    Status:   ✓ SUCCESS
    Duration: 3.8s

  Stage 2: Trade Data Retrieval
    Status:   ✓ SUCCESS
    Duration: 282.5s

  Stage 3: Data Consolidation (Parquet)
    Status:   ✓ SUCCESS
    Duration: 0.3s

  Stage 4: Liquidity Metrics Engine
    Status:   ✓ SUCCESS
    Duration: 0.2s

────────────────────────────────────────────────────────────────────────────────
  DATA PRODUCTS
────────────────────────────────────────────────────────────────────────────────
  Date Range:        2004-02-16 → 2026-06-23
  Securities CSV:    242 securities
  Trade CSVs:        243 files in data/trades/
  Master Parquet:    141,420 rows, 225 ISINs (1.03 MB)
  Daily Metrics:     77,228 rows, 225 ISINs, 10 sectors

────────────────────────────────────────────────────────────────────────────────
  ANOMALY SNAPSHOT (latest day per ISIN)
────────────────────────────────────────────────────────────────────────────────
  Total ISINs:       225
  Clean (score 0):   139
  Flagged (score>0): 86

  Score  Count
  ─────  ─────
      2      12
      3      35
      4       1
      5      32
      7       6

────────────────────────────────────────────────────────────────────────────────
  STAGE DETAIL LOGS
────────────────────────────────────────────────────────────────────────────────
  ┌─ Stage 1: Valor Extraction
  │ Fetching securities dynamically from OTC-X API...
  │ Fertig! 242 Valoren extrahiert.
  │ Gespeichert in: /home/runner/work/OTC-X/OTC-X/backend/data/securities.csv
  └─ OK (3.8s)

  ┌─ Stage 2: Trade Data Retrieval
  └─ OK (282.5s)

  ┌─ Stage 3: Data Consolidation (Parquet)
  │ ============================================================
  │ OTC-X Data Ingestion Pipeline
  │ ============================================================
  │ Scanning: /home/runner/work/OTC-X/OTC-X/backend/data/trades
  │   [SKIP] CH0286266488.csv (empty/header-only)
  │   [SKIP] CH0580517032.csv (empty/header-only)
  │   [SKIP] CH0017915742.csv (empty/header-only)
  │   [SKIP] CH0017915643.csv (empty/header-only)
  │   [SKIP] CH0039576860.csv (empty/header-only)
  │   [SKIP] CH0017915668.csv (empty/header-only)
  │   [SKIP] CH0002218698.csv (empty/header-only)
  │   [SKIP] CH0017915718.csv (empty/header-only)
  │   [SKIP] CH0213109793.csv (empty/header-only)
  │   [SKIP] CH0017915635.csv (empty/header-only)
  │   [SKIP] CH0017915684.csv (empty/header-only)
  │   [SKIP] CH0017915692.csv (empty/header-only)
  │   [SKIP] CH0039576787.csv (empty/header-only)
  │   [SKIP] CH0039576852.csv (empty/header-only)
  │   [SKIP] CH0039576837.csv (empty/header-only)
  │   [SKIP] CH0017915726.csv (empty/header-only)
  │   [SKIP] CH0002218664.csv (empty/header-only)
  │   [SKIP] CH0039576753.csv (empty/header-only)
  │ 
  │ Found 243 files total.
  │ Processing 225 valid files...
  │ Skipped 18 empty/header-only files.
  │ 
  │ Raw rows ingested: 143,474
  │ 
  │ Applying data cleaning transformations...
  │ Data Quality: 141420/141420 records have valid Price/Volume data (100.0%)
  │ Rows after deduplication: 141,420
  │ 
  │ Writing output files...
  │   [OK] Parquet: master_trades.parquet (1055.7 KB)
  │   -> Formatting data for CSV output...
  │   [OK] CSV: master_trades_cleaned.csv (7854.7 KB)
  │ 
  │ ============================================================
  │ AUDIT SUMMARY
  │ ============================================================
  │ Processed 225 files, Skipped 18 empty files.
  │ Total rows: 141,420
  │ 
  │ Schema:
  │   Isin            String
  │   Datum           Date
  │   Zeit            String
  │   Kurs            Float64
  │   Volumen         Float64
  │   Off Book        Boolean
  │ 
  │ Sample Data (first 5 rows):
  │ shape: (5, 6)
  │ ┌──────────────┬────────────┬───────┬────────┬─────────┬──────────┐
  │ │ Isin         ┆ Datum      ┆ Zeit  ┆ Kurs   ┆ Volumen ┆ Off Book │
  │ │ ---          ┆ ---        ┆ ---   ┆ ---    ┆ ---     ┆ ---      │
  │ │ str          ┆ date       ┆ str   ┆ f64    ┆ f64     ┆ bool     │
  │ ╞══════════════╪════════════╪═══════╪════════╪═════════╪══════════╡
  │ │ CH0002557400 ┆ 2024-04-10 ┆ 14:48 ┆ 169.0  ┆ 50.0    ┆ false    │
  │ │ CH1102090151 ┆ 2022-03-31 ┆ 13:36 ┆ 1250.0 ┆ 12.0    ┆ false    │
  │ │ CH0002557400 ┆ 2023-11-10 ┆ 10:09 ┆ 180.0  ┆ 70.0    ┆ false    │
  │ │ CH1102090151 ┆ 2022-08-30 ┆ 15:07 ┆ 1220.0 ┆ 5.0     ┆ false    │
  │ │ CH0014386996 ┆ 2021-06-14 ┆ 16:49 ┆ 2055.0 ┆ 5.0     ┆ false    │
  │ └──────────────┴────────────┴───────┴────────┴─────────┴──────────┘
  │ ============================================================
  │ Pipeline complete! [SUCCESS]
  └─ OK (0.3s)

  ┌─ Stage 4: Liquidity Metrics Engine
  └─ OK (0.2s)

════════════════════════════════════════════════════════════════════════════════
  End of receipt — 2026-06-24 06:24:59
════════════════════════════════════════════════════════════════════════════════