╔══════════════════════════════════════════════════════════════════════════════╗
║                            OTC-X PIPELINE RECEIPT                            ║
╚══════════════════════════════════════════════════════════════════════════════╝

  Run Date:     2026-06-26
  Start Time:   06:23:15
  End Time:     06:28:22
  Duration:     0:05:06.851021
  Status:       ALL STAGES PASSED

────────────────────────────────────────────────────────────────────────────────
  STAGE EXECUTION SUMMARY
────────────────────────────────────────────────────────────────────────────────
  Stage 1: Valor Extraction
    Status:   ✓ SUCCESS
    Duration: 9.8s

  Stage 2: Trade Data Retrieval
    Status:   ✓ SUCCESS
    Duration: 296.5s

  Stage 3: Data Consolidation (Parquet)
    Status:   ✓ SUCCESS
    Duration: 0.3s

  Stage 4: Liquidity Metrics Engine
    Status:   ✓ SUCCESS
    Duration: 0.2s

────────────────────────────────────────────────────────────────────────────────
  DATA PRODUCTS
────────────────────────────────────────────────────────────────────────────────
  Date Range:        2004-02-16 → 2026-06-25
  Securities CSV:    242 securities
  Trade CSVs:        244 files in data/trades/
  Master Parquet:    141,554 rows, 225 ISINs (1.03 MB)
  Daily Metrics:     77,289 rows, 225 ISINs, 10 sectors

────────────────────────────────────────────────────────────────────────────────
  ANOMALY SNAPSHOT (latest day per ISIN)
────────────────────────────────────────────────────────────────────────────────
  Total ISINs:       225
  Clean (score 0):   131
  Flagged (score>0): 94

  Score  Count
  ─────  ─────
      2      11
      3      40
      4       1
      5      37
      7       5

────────────────────────────────────────────────────────────────────────────────
  STAGE DETAIL LOGS
────────────────────────────────────────────────────────────────────────────────
  ┌─ Stage 1: Valor Extraction
  │ Fetching securities dynamically from OTC-X API...
  │ Fertig! 242 Valoren extrahiert.
  │ Gespeichert in: /home/runner/work/OTC-X/OTC-X/backend/data/securities.csv
  └─ OK (9.8s)

  ┌─ Stage 2: Trade Data Retrieval
  └─ OK (296.5s)

  ┌─ Stage 3: Data Consolidation (Parquet)
  │ ============================================================
  │ OTC-X Data Ingestion Pipeline
  │ ============================================================
  │ Scanning: /home/runner/work/OTC-X/OTC-X/backend/data/trades
  │   [SKIP] CH0286266488.csv (empty/header-only)
  │   [SKIP] CH0580517032.csv (empty/header-only)
  │   [SKIP] CH0017915742.csv (empty/header-only)
  │   [SKIP] CH0017915643.csv (empty/header-only)
  │   [SKIP] CH0039576860.csv (empty/header-only)
  │   [SKIP] CH0017915668.csv (empty/header-only)
  │   [SKIP] CH0002218698.csv (empty/header-only)
  │   [SKIP] CH0017915718.csv (empty/header-only)
  │   [SKIP] CH0213109793.csv (empty/header-only)
  │   [SKIP] CH0017915635.csv (empty/header-only)
  │   [SKIP] CH0017915684.csv (empty/header-only)
  │   [SKIP] CH0017915692.csv (empty/header-only)
  │   [SKIP] CH0039576787.csv (empty/header-only)
  │   [SKIP] CH0039576852.csv (empty/header-only)
  │   [SKIP] CH0039576837.csv (empty/header-only)
  │   [SKIP] CH1559311092.csv (empty/header-only)
  │   [SKIP] CH0017915726.csv (empty/header-only)
  │   [SKIP] CH0002218664.csv (empty/header-only)
  │   [SKIP] CH0039576753.csv (empty/header-only)
  │ 
  │ Found 244 files total.
  │ Processing 225 valid files...
  │ Skipped 19 empty/header-only files.
  │ 
  │ Raw rows ingested: 143,610
  │ 
  │ Applying data cleaning transformations...
  │ Data Quality: 141554/141554 records have valid Price/Volume data (100.0%)
  │ Rows after deduplication: 141,554
  │ 
  │ Writing output files...
  │   [OK] Parquet: master_trades.parquet (1056.9 KB)
  │   -> Formatting data for CSV output...
  │   [OK] CSV: master_trades_cleaned.csv (7862.1 KB)
  │ 
  │ ============================================================
  │ AUDIT SUMMARY
  │ ============================================================
  │ Processed 225 files, Skipped 19 empty files.
  │ Total rows: 141,554
  │ 
  │ Schema:
  │   Isin            String
  │   Datum           Date
  │   Zeit            String
  │   Kurs            Float64
  │   Volumen         Float64
  │   Off Book        Boolean
  │ 
  │ Sample Data (first 5 rows):
  │ shape: (5, 6)
  │ ┌──────────────┬────────────┬───────┬────────┬─────────┬──────────┐
  │ │ Isin         ┆ Datum      ┆ Zeit  ┆ Kurs   ┆ Volumen ┆ Off Book │
  │ │ ---          ┆ ---        ┆ ---   ┆ ---    ┆ ---     ┆ ---      │
  │ │ str          ┆ date       ┆ str   ┆ f64    ┆ f64     ┆ bool     │
  │ ╞══════════════╪════════════╪═══════╪════════╪═════════╪══════════╡
  │ │ CH0002557400 ┆ 2016-04-14 ┆ 16:48 ┆ 152.0  ┆ 110.0   ┆ false    │
  │ │ CH0002513312 ┆ 2017-08-03 ┆ 13:06 ┆ 3000.0 ┆ 4.0     ┆ false    │
  │ │ CH0012684657 ┆ 2023-04-12 ┆ 08:30 ┆ 68.5   ┆ 100.0   ┆ false    │
  │ │ CH0003798599 ┆ 2006-05-18 ┆ 09:58 ┆ 1.4    ┆ 900.0   ┆ false    │
  │ │ CH0002092622 ┆ 2024-04-24 ┆ 10:55 ┆ 133.5  ┆ 100.0   ┆ false    │
  │ └──────────────┴────────────┴───────┴────────┴─────────┴──────────┘
  │ ============================================================
  │ Pipeline complete! [SUCCESS]
  └─ OK (0.3s)

  ┌─ Stage 4: Liquidity Metrics Engine
  └─ OK (0.2s)

════════════════════════════════════════════════════════════════════════════════
  End of receipt — 2026-06-26 06:28:22
════════════════════════════════════════════════════════════════════════════════