╔══════════════════════════════════════════════════════════════════════════════╗
║                            OTC-X PIPELINE RECEIPT                            ║
╚══════════════════════════════════════════════════════════════════════════════╝

  Run Date:     2026-07-08
  Start Time:   05:59:25
  End Time:     06:04:08
  Duration:     0:04:43.386174
  Status:       ALL STAGES PASSED

────────────────────────────────────────────────────────────────────────────────
  STAGE EXECUTION SUMMARY
────────────────────────────────────────────────────────────────────────────────
  Stage 1: Valor Extraction
    Status:   ✓ SUCCESS
    Duration: 3.7s

  Stage 2: Trade Data Retrieval
    Status:   ✓ SUCCESS
    Duration: 279.1s

  Stage 3: Data Consolidation (Parquet)
    Status:   ✓ SUCCESS
    Duration: 0.3s

  Stage 4: Liquidity Metrics Engine
    Status:   ✓ SUCCESS
    Duration: 0.3s

────────────────────────────────────────────────────────────────────────────────
  DATA PRODUCTS
────────────────────────────────────────────────────────────────────────────────
  Date Range:        2004-02-16 → 2026-07-07
  Securities CSV:    239 securities
  Trade CSVs:        244 files in data/trades/
  Master Parquet:    142,165 rows, 226 ISINs (1.04 MB)
  Daily Metrics:     77,541 rows, 226 ISINs, 10 sectors

────────────────────────────────────────────────────────────────────────────────
  ANOMALY SNAPSHOT (latest day per ISIN)
────────────────────────────────────────────────────────────────────────────────
  Total ISINs:       226
  Clean (score 0):   138
  Flagged (score>0): 88

  Score  Count
  ─────  ─────
      2      15
      3      36
      4       1
      5      29
      7       7

────────────────────────────────────────────────────────────────────────────────
  STAGE DETAIL LOGS
────────────────────────────────────────────────────────────────────────────────
  ┌─ Stage 1: Valor Extraction
  │ Fetching securities dynamically from OTC-X API...
  │ Fertig! 239 Valoren extrahiert.
  │ Gespeichert in: /home/runner/work/OTC-X/OTC-X/backend/data/securities.csv
  └─ OK (3.7s)

  ┌─ Stage 2: Trade Data Retrieval
  └─ OK (279.1s)

  ┌─ Stage 3: Data Consolidation (Parquet)
  │ ============================================================
  │ OTC-X Data Ingestion Pipeline
  │ ============================================================
  │ Scanning: /home/runner/work/OTC-X/OTC-X/backend/data/trades
  │   [SKIP] CH0286266488.csv (empty/header-only)
  │   [SKIP] CH0580517032.csv (empty/header-only)
  │   [SKIP] CH0017915742.csv (empty/header-only)
  │   [SKIP] CH0017915643.csv (empty/header-only)
  │   [SKIP] CH0039576860.csv (empty/header-only)
  │   [SKIP] CH0017915668.csv (empty/header-only)
  │   [SKIP] CH0002218698.csv (empty/header-only)
  │   [SKIP] CH0017915718.csv (empty/header-only)
  │   [SKIP] CH0213109793.csv (empty/header-only)
  │   [SKIP] CH0017915635.csv (empty/header-only)
  │   [SKIP] CH0017915684.csv (empty/header-only)
  │   [SKIP] CH0017915692.csv (empty/header-only)
  │   [SKIP] CH0039576787.csv (empty/header-only)
  │   [SKIP] CH0039576852.csv (empty/header-only)
  │   [SKIP] CH0039576837.csv (empty/header-only)
  │   [SKIP] CH0017915726.csv (empty/header-only)
  │   [SKIP] CH0002218664.csv (empty/header-only)
  │   [SKIP] CH0039576753.csv (empty/header-only)
  │ 
  │ Found 244 files total.
  │ Processing 226 valid files...
  │ Skipped 18 empty/header-only files.
  │ 
  │ Raw rows ingested: 144,225
  │ 
  │ Applying data cleaning transformations...
  │ Data Quality: 142165/142165 records have valid Price/Volume data (100.0%)
  │ Rows after deduplication: 142,165
  │ 
  │ Writing output files...
  │   [OK] Parquet: master_trades.parquet (1061.3 KB)
  │   -> Formatting data for CSV output...
  │   [OK] CSV: master_trades_cleaned.csv (7896.0 KB)
  │ 
  │ ============================================================
  │ AUDIT SUMMARY
  │ ============================================================
  │ Processed 226 files, Skipped 18 empty files.
  │ Total rows: 142,165
  │ 
  │ Schema:
  │   Isin            String
  │   Datum           Date
  │   Zeit            String
  │   Kurs            Float64
  │   Volumen         Float64
  │   Off Book        Boolean
  │ 
  │ Sample Data (first 5 rows):
  │ shape: (5, 6)
  │ ┌──────────────┬────────────┬───────┬────────┬─────────┬──────────┐
  │ │ Isin         ┆ Datum      ┆ Zeit  ┆ Kurs   ┆ Volumen ┆ Off Book │
  │ │ ---          ┆ ---        ┆ ---   ┆ ---    ┆ ---     ┆ ---      │
  │ │ str          ┆ date       ┆ str   ┆ f64    ┆ f64     ┆ bool     │
  │ ╞══════════════╪════════════╪═══════╪════════╪═════════╪══════════╡
  │ │ CH0014386996 ┆ 2024-07-09 ┆ 13:54 ┆ 1670.0 ┆ 2.0     ┆ false    │
  │ │ CH0020502743 ┆ 2025-07-29 ┆ 10:21 ┆ 151.0  ┆ 70.0    ┆ false    │
  │ │ CH0545753953 ┆ 2023-09-06 ┆ 10:38 ┆ 900.0  ┆ 10.0    ┆ false    │
  │ │ CH1112956201 ┆ 2025-12-04 ┆ 14:04 ┆ 1300.0 ┆ 6.0     ┆ false    │
  │ │ CH0023777235 ┆ 2021-12-23 ┆ 12:55 ┆ 12.0   ┆ 1650.0  ┆ false    │
  │ └──────────────┴────────────┴───────┴────────┴─────────┴──────────┘
  │ ============================================================
  │ Pipeline complete! [SUCCESS]
  └─ OK (0.3s)

  ┌─ Stage 4: Liquidity Metrics Engine
  └─ OK (0.3s)

════════════════════════════════════════════════════════════════════════════════
  End of receipt — 2026-07-08 06:04:08
════════════════════════════════════════════════════════════════════════════════