╔══════════════════════════════════════════════════════════════════════════════╗
║                            OTC-X PIPELINE RECEIPT                            ║
╚══════════════════════════════════════════════════════════════════════════════╝

  Run Date:     2026-10-02
  Start Time:   10:48:47
  End Time:     10:53:23
  Duration:     0:04:36.115430
  Status:       ALL STAGES PASSED

────────────────────────────────────────────────────────────────────────────────
  STAGE EXECUTION SUMMARY
────────────────────────────────────────────────────────────────────────────────
  Stage 1: Valor Extraction
    Status:   ✓ SUCCESS
    Duration: 3.6s

  Stage 2: Trade Data Retrieval
    Status:   ✓ SUCCESS
    Duration: 271.9s

  Stage 3: Data Consolidation (Parquet)
    Status:   ✓ SUCCESS
    Duration: 0.3s

  Stage 4: Liquidity Metrics Engine
    Status:   ✓ SUCCESS
    Duration: 0.3s

────────────────────────────────────────────────────────────────────────────────
  DATA PRODUCTS
────────────────────────────────────────────────────────────────────────────────
  Date Range:        2004-02-16 → 2026-10-02
  Securities CSV:    239 securities
  Trade CSVs:        245 files in data/trades/
  Master Parquet:    146,108 rows, 227 ISINs (1.07 MB)
  Daily Metrics:     79,257 rows, 227 ISINs, 10 sectors

────────────────────────────────────────────────────────────────────────────────
  ANOMALY SNAPSHOT (latest day per ISIN)
────────────────────────────────────────────────────────────────────────────────
  Total ISINs:       227
  Clean (score 0):   138
  Flagged (score>0): 89

  Score  Count
  ─────  ─────
      2      10
      3      29
      4       4
      5      42
      7       4

────────────────────────────────────────────────────────────────────────────────
  STAGE DETAIL LOGS
────────────────────────────────────────────────────────────────────────────────
  ┌─ Stage 1: Valor Extraction
  │ Fetching securities dynamically from OTC-X API...
  │ Fertig! 239 Valoren extrahiert.
  │ Gespeichert in: /home/runner/work/OTC-X/OTC-X/backend/data/securities.csv
  └─ OK (3.6s)

  ┌─ Stage 2: Trade Data Retrieval
  └─ OK (271.9s)

  ┌─ Stage 3: Data Consolidation (Parquet)
  │ ============================================================
  │ OTC-X Data Ingestion Pipeline
  │ ============================================================
  │ Scanning: /home/runner/work/OTC-X/OTC-X/backend/data/trades
  │   [SKIP] CH0017915684.csv (empty/header-only)
  │   [SKIP] CH0039576753.csv (empty/header-only)
  │   [SKIP] CH0017915635.csv (empty/header-only)
  │   [SKIP] CH0039576837.csv (empty/header-only)
  │   [SKIP] CH0017915668.csv (empty/header-only)
  │   [SKIP] CH0039576860.csv (empty/header-only)
  │   [SKIP] CH0017915692.csv (empty/header-only)
  │   [SKIP] CH0017915643.csv (empty/header-only)
  │   [SKIP] CH0017915718.csv (empty/header-only)
  │   [SKIP] CH0580517032.csv (empty/header-only)
  │   [SKIP] CH0017915742.csv (empty/header-only)
  │   [SKIP] CH0002218698.csv (empty/header-only)
  │   [SKIP] CH0039576787.csv (empty/header-only)
  │   [SKIP] CH0286266488.csv (empty/header-only)
  │   [SKIP] CH0039576852.csv (empty/header-only)
  │   [SKIP] CH0002218664.csv (empty/header-only)
  │   [SKIP] CH0017915726.csv (empty/header-only)
  │   [SKIP] CH0213109793.csv (empty/header-only)
  │ 
  │ Found 245 files total.
  │ Processing 227 valid files...
  │ Skipped 18 empty/header-only files.
  │ 
  │ Raw rows ingested: 148,228
  │ 
  │ Applying data cleaning transformations...
  │ Data Quality: 146108/146108 records have valid Price/Volume data (100.0%)
  │ Rows after deduplication: 146,108
  │ 
  │ Writing output files...
  │   [OK] Parquet: master_trades.parquet (1090.6 KB)
  │   -> Formatting data for CSV output...
  │   [OK] CSV: master_trades_cleaned.csv (8114.9 KB)
  │ 
  │ ============================================================
  │ AUDIT SUMMARY
  │ ============================================================
  │ Processed 227 files, Skipped 18 empty files.
  │ Total rows: 146,108
  │ 
  │ Schema:
  │   Isin            String
  │   Datum           Date
  │   Zeit            String
  │   Kurs            Float64
  │   Volumen         Float64
  │   Off Book        Boolean
  │ 
  │ Sample Data (first 5 rows):
  │ shape: (5, 6)
  │ ┌──────────────┬────────────┬───────┬─────────┬─────────┬──────────┐
  │ │ Isin         ┆ Datum      ┆ Zeit  ┆ Kurs    ┆ Volumen ┆ Off Book │
  │ │ ---          ┆ ---        ┆ ---   ┆ ---     ┆ ---     ┆ ---      │
  │ │ str          ┆ date       ┆ str   ┆ f64     ┆ f64     ┆ bool     │
  │ ╞══════════════╪════════════╪═══════╪═════════╪═════════╪══════════╡
  │ │ CH0002227095 ┆ 2025-09-16 ┆ 12:41 ┆ 17000.0 ┆ 17.0    ┆ false    │
  │ │ CH0012684657 ┆ 2023-02-08 ┆ 11:39 ┆ 66.0    ┆ 50.0    ┆ false    │
  │ │ CH0023777235 ┆ 2020-03-05 ┆ 09:47 ┆ 9.95    ┆ 1000.0  ┆ false    │
  │ │ CH0102022560 ┆ 2009-10-29 ┆ 09:12 ┆ 160.0   ┆ 50.0    ┆ false    │
  │ │ CH0020502743 ┆ 2011-10-17 ┆ 10:52 ┆ 112.0   ┆ 171.0   ┆ false    │
  │ └──────────────┴────────────┴───────┴─────────┴─────────┴──────────┘
  │ ============================================================
  │ Pipeline complete! [SUCCESS]
  └─ OK (0.3s)

  ┌─ Stage 4: Liquidity Metrics Engine
  └─ OK (0.3s)

════════════════════════════════════════════════════════════════════════════════
  End of receipt — 2026-10-02 10:53:23
════════════════════════════════════════════════════════════════════════════════