╔══════════════════════════════════════════════════════════════════════════════╗
║                            OTC-X PIPELINE RECEIPT                            ║
╚══════════════════════════════════════════════════════════════════════════════╝

  Run Date:     2026-06-11
  Start Time:   06:33:28
  End Time:     06:38:12
  Duration:     0:04:43.971755
  Status:       ALL STAGES PASSED

────────────────────────────────────────────────────────────────────────────────
  STAGE EXECUTION SUMMARY
────────────────────────────────────────────────────────────────────────────────
  Stage 1: Valor Extraction
    Status:   ✓ SUCCESS
    Duration: 3.7s

  Stage 2: Trade Data Retrieval
    Status:   ✓ SUCCESS
    Duration: 279.7s

  Stage 3: Data Consolidation (Parquet)
    Status:   ✓ SUCCESS
    Duration: 0.3s

  Stage 4: Liquidity Metrics Engine
    Status:   ✓ SUCCESS
    Duration: 0.2s

────────────────────────────────────────────────────────────────────────────────
  DATA PRODUCTS
────────────────────────────────────────────────────────────────────────────────
  Date Range:        2004-02-16 → 2026-06-11
  Securities CSV:    242 securities
  Trade CSVs:        243 files in data/trades/
  Master Parquet:    140,802 rows, 225 ISINs (1.03 MB)
  Daily Metrics:     76,953 rows, 225 ISINs, 10 sectors

────────────────────────────────────────────────────────────────────────────────
  ANOMALY SNAPSHOT (latest day per ISIN)
────────────────────────────────────────────────────────────────────────────────
  Total ISINs:       225
  Clean (score 0):   131
  Flagged (score>0): 94

  Score  Count
  ─────  ─────
      2      12
      3      41
      4       4
      5      28
      7       9

────────────────────────────────────────────────────────────────────────────────
  STAGE DETAIL LOGS
────────────────────────────────────────────────────────────────────────────────
  ┌─ Stage 1: Valor Extraction
  │ Fetching securities dynamically from OTC-X API...
  │ Fertig! 242 Valoren extrahiert.
  │ Gespeichert in: /home/runner/work/OTC-X/OTC-X/backend/data/securities.csv
  └─ OK (3.7s)

  ┌─ Stage 2: Trade Data Retrieval
  └─ OK (279.7s)

  ┌─ Stage 3: Data Consolidation (Parquet)
  │ ============================================================
  │ OTC-X Data Ingestion Pipeline
  │ ============================================================
  │ Scanning: /home/runner/work/OTC-X/OTC-X/backend/data/trades
  │   [SKIP] CH0002218664.csv (empty/header-only)
  │   [SKIP] CH0017915668.csv (empty/header-only)
  │   [SKIP] CH0017915635.csv (empty/header-only)
  │   [SKIP] CH0286266488.csv (empty/header-only)
  │   [SKIP] CH0039576837.csv (empty/header-only)
  │   [SKIP] CH0039576860.csv (empty/header-only)
  │   [SKIP] CH0039576787.csv (empty/header-only)
  │   [SKIP] CH0017915643.csv (empty/header-only)
  │   [SKIP] CH0017915742.csv (empty/header-only)
  │   [SKIP] CH0039576753.csv (empty/header-only)
  │   [SKIP] CH0017915692.csv (empty/header-only)
  │   [SKIP] CH0213109793.csv (empty/header-only)
  │   [SKIP] CH0017915684.csv (empty/header-only)
  │   [SKIP] CH0002218698.csv (empty/header-only)
  │   [SKIP] CH0039576852.csv (empty/header-only)
  │   [SKIP] CH0580517032.csv (empty/header-only)
  │   [SKIP] CH0017915718.csv (empty/header-only)
  │   [SKIP] CH0017915726.csv (empty/header-only)
  │ 
  │ Found 243 files total.
  │ Processing 225 valid files...
  │ Skipped 18 empty/header-only files.
  │ 
  │ Raw rows ingested: 142,849
  │ 
  │ Applying data cleaning transformations...
  │ Data Quality: 140802/140802 records have valid Price/Volume data (100.0%)
  │ Rows after deduplication: 140,802
  │ 
  │ Writing output files...
  │   [OK] Parquet: master_trades.parquet (1051.0 KB)
  │   -> Formatting data for CSV output...
  │   [OK] CSV: master_trades_cleaned.csv (7820.4 KB)
  │ 
  │ ============================================================
  │ AUDIT SUMMARY
  │ ============================================================
  │ Processed 225 files, Skipped 18 empty files.
  │ Total rows: 140,802
  │ 
  │ Schema:
  │   Isin            String
  │   Datum           Date
  │   Zeit            String
  │   Kurs            Float64
  │   Volumen         Float64
  │   Off Book        Boolean
  │ 
  │ Sample Data (first 5 rows):
  │ shape: (5, 6)
  │ ┌──────────────┬────────────┬───────┬────────┬─────────┬──────────┐
  │ │ Isin         ┆ Datum      ┆ Zeit  ┆ Kurs   ┆ Volumen ┆ Off Book │
  │ │ ---          ┆ ---        ┆ ---   ┆ ---    ┆ ---     ┆ ---      │
  │ │ str          ┆ date       ┆ str   ┆ f64    ┆ f64     ┆ bool     │
  │ ╞══════════════╪════════════╪═══════╪════════╪═════════╪══════════╡
  │ │ CH0002276266 ┆ 2020-02-07 ┆ 13:20 ┆ 1955.0 ┆ 2.0     ┆ false    │
  │ │ CH0020502743 ┆ 2013-05-16 ┆ 16:03 ┆ 109.0  ┆ 100.0   ┆ false    │
  │ │ CH0001989513 ┆ 2024-08-30 ┆ 14:29 ┆ 466.0  ┆ 80.0    ┆ false    │
  │ │ CH0320096990 ┆ 2019-03-29 ┆ 15:44 ┆ 75.0   ┆ 100.0   ┆ false    │
  │ │ CH0006532565 ┆ 2023-01-13 ┆ 12:07 ┆ 1066.0 ┆ 10.0    ┆ false    │
  │ └──────────────┴────────────┴───────┴────────┴─────────┴──────────┘
  │ ============================================================
  │ Pipeline complete! [SUCCESS]
  └─ OK (0.3s)

  ┌─ Stage 4: Liquidity Metrics Engine
  └─ OK (0.2s)

════════════════════════════════════════════════════════════════════════════════
  End of receipt — 2026-06-11 06:38:12
════════════════════════════════════════════════════════════════════════════════