╔══════════════════════════════════════════════════════════════════════════════╗
║                            OTC-X PIPELINE RECEIPT                            ║
╚══════════════════════════════════════════════════════════════════════════════╝

  Run Date:     2026-09-09
  Start Time:   09:19:04
  End Time:     09:23:49
  Duration:     0:04:44.432259
  Status:       ALL STAGES PASSED

────────────────────────────────────────────────────────────────────────────────
  STAGE EXECUTION SUMMARY
────────────────────────────────────────────────────────────────────────────────
  Stage 1: Valor Extraction
    Status:   ✓ SUCCESS
    Duration: 3.6s

  Stage 2: Trade Data Retrieval
    Status:   ✓ SUCCESS
    Duration: 280.4s

  Stage 3: Data Consolidation (Parquet)
    Status:   ✓ SUCCESS
    Duration: 0.2s

  Stage 4: Liquidity Metrics Engine
    Status:   ✓ SUCCESS
    Duration: 0.2s

────────────────────────────────────────────────────────────────────────────────
  DATA PRODUCTS
────────────────────────────────────────────────────────────────────────────────
  Date Range:        2004-02-16 → 2026-09-09
  Securities CSV:    239 securities
  Trade CSVs:        245 files in data/trades/
  Master Parquet:    145,034 rows, 227 ISINs (1.06 MB)
  Daily Metrics:     78,796 rows, 227 ISINs, 10 sectors

────────────────────────────────────────────────────────────────────────────────
  ANOMALY SNAPSHOT (latest day per ISIN)
────────────────────────────────────────────────────────────────────────────────
  Total ISINs:       227
  Clean (score 0):   140
  Flagged (score>0): 87

  Score  Count
  ─────  ─────
      2      14
      3      35
      4       3
      5      31
      7       4

────────────────────────────────────────────────────────────────────────────────
  STAGE DETAIL LOGS
────────────────────────────────────────────────────────────────────────────────
  ┌─ Stage 1: Valor Extraction
  │ Fetching securities dynamically from OTC-X API...
  │ Fertig! 239 Valoren extrahiert.
  │ Gespeichert in: /home/runner/work/OTC-X/OTC-X/backend/data/securities.csv
  └─ OK (3.6s)

  ┌─ Stage 2: Trade Data Retrieval
  └─ OK (280.4s)

  ┌─ Stage 3: Data Consolidation (Parquet)
  │ ============================================================
  │ OTC-X Data Ingestion Pipeline
  │ ============================================================
  │ Scanning: /home/runner/work/OTC-X/OTC-X/backend/data/trades
  │   [SKIP] CH0002218698.csv (empty/header-only)
  │   [SKIP] CH0017915692.csv (empty/header-only)
  │   [SKIP] CH0017915742.csv (empty/header-only)
  │   [SKIP] CH0039576837.csv (empty/header-only)
  │   [SKIP] CH0039576753.csv (empty/header-only)
  │   [SKIP] CH0017915718.csv (empty/header-only)
  │   [SKIP] CH0039576852.csv (empty/header-only)
  │   [SKIP] CH0580517032.csv (empty/header-only)
  │   [SKIP] CH0286266488.csv (empty/header-only)
  │   [SKIP] CH0017915668.csv (empty/header-only)
  │   [SKIP] CH0017915684.csv (empty/header-only)
  │   [SKIP] CH0017915643.csv (empty/header-only)
  │   [SKIP] CH0017915635.csv (empty/header-only)
  │   [SKIP] CH0017915726.csv (empty/header-only)
  │   [SKIP] CH0039576860.csv (empty/header-only)
  │   [SKIP] CH0213109793.csv (empty/header-only)
  │   [SKIP] CH0039576787.csv (empty/header-only)
  │   [SKIP] CH0002218664.csv (empty/header-only)
  │ 
  │ Found 245 files total.
  │ Processing 227 valid files...
  │ Skipped 18 empty/header-only files.
  │ 
  │ Raw rows ingested: 147,144
  │ 
  │ Applying data cleaning transformations...
  │ Data Quality: 145034/145034 records have valid Price/Volume data (100.0%)
  │ Rows after deduplication: 145,034
  │ 
  │ Writing output files...
  │   [OK] Parquet: master_trades.parquet (1082.8 KB)
  │   -> Formatting data for CSV output...
  │   [OK] CSV: master_trades_cleaned.csv (8055.2 KB)
  │ 
  │ ============================================================
  │ AUDIT SUMMARY
  │ ============================================================
  │ Processed 227 files, Skipped 18 empty files.
  │ Total rows: 145,034
  │ 
  │ Schema:
  │   Isin            String
  │   Datum           Date
  │   Zeit            String
  │   Kurs            Float64
  │   Volumen         Float64
  │   Off Book        Boolean
  │ 
  │ Sample Data (first 5 rows):
  │ shape: (5, 6)
  │ ┌──────────────┬────────────┬───────┬─────────┬─────────┬──────────┐
  │ │ Isin         ┆ Datum      ┆ Zeit  ┆ Kurs    ┆ Volumen ┆ Off Book │
  │ │ ---          ┆ ---        ┆ ---   ┆ ---     ┆ ---     ┆ ---      │
  │ │ str          ┆ date       ┆ str   ┆ f64     ┆ f64     ┆ bool     │
  │ ╞══════════════╪════════════╪═══════╪═════════╪═════════╪══════════╡
  │ │ CH0002557400 ┆ 2021-10-20 ┆ 08:35 ┆ 185.0   ┆ 50.0    ┆ false    │
  │ │ CH0014069212 ┆ 2012-06-06 ┆ 12:34 ┆ 153.0   ┆ 150.0   ┆ false    │
  │ │ CH0002052782 ┆ 2024-07-01 ┆ 08:30 ┆ 1600.0  ┆ 6.0     ┆ false    │
  │ │ CH0002658448 ┆ 2022-09-19 ┆ 14:48 ┆ 6300.0  ┆ 1.0     ┆ false    │
  │ │ CH0034900248 ┆ 2015-05-05 ┆ 14:20 ┆ 59750.0 ┆ 2.0     ┆ false    │
  │ └──────────────┴────────────┴───────┴─────────┴─────────┴──────────┘
  │ ============================================================
  │ Pipeline complete! [SUCCESS]
  └─ OK (0.2s)

  ┌─ Stage 4: Liquidity Metrics Engine
  └─ OK (0.2s)

════════════════════════════════════════════════════════════════════════════════
  End of receipt — 2026-09-09 09:23:49
════════════════════════════════════════════════════════════════════════════════