╔══════════════════════════════════════════════════════════════════════════════╗
║                            OTC-X PIPELINE RECEIPT                            ║
╚══════════════════════════════════════════════════════════════════════════════╝

  Run Date:     2026-07-15
  Start Time:   05:47:09
  End Time:     05:52:01
  Duration:     0:04:52.020652
  Status:       ALL STAGES PASSED

────────────────────────────────────────────────────────────────────────────────
  STAGE EXECUTION SUMMARY
────────────────────────────────────────────────────────────────────────────────
  Stage 1: Valor Extraction
    Status:   ✓ SUCCESS
    Duration: 4.4s

  Stage 2: Trade Data Retrieval
    Status:   ✓ SUCCESS
    Duration: 287.2s

  Stage 3: Data Consolidation (Parquet)
    Status:   ✓ SUCCESS
    Duration: 0.2s

  Stage 4: Liquidity Metrics Engine
    Status:   ✓ SUCCESS
    Duration: 0.2s

────────────────────────────────────────────────────────────────────────────────
  DATA PRODUCTS
────────────────────────────────────────────────────────────────────────────────
  Date Range:        2004-02-16 → 2026-07-14
  Securities CSV:    239 securities
  Trade CSVs:        245 files in data/trades/
  Master Parquet:    142,446 rows, 226 ISINs (1.04 MB)
  Daily Metrics:     77,678 rows, 226 ISINs, 10 sectors

────────────────────────────────────────────────────────────────────────────────
  ANOMALY SNAPSHOT (latest day per ISIN)
────────────────────────────────────────────────────────────────────────────────
  Total ISINs:       226
  Clean (score 0):   140
  Flagged (score>0): 86

  Score  Count
  ─────  ─────
      2       9
      3      41
      4       3
      5      29
      7       4

────────────────────────────────────────────────────────────────────────────────
  STAGE DETAIL LOGS
────────────────────────────────────────────────────────────────────────────────
  ┌─ Stage 1: Valor Extraction
  │ Fetching securities dynamically from OTC-X API...
  │ Fertig! 239 Valoren extrahiert.
  │ Gespeichert in: /home/runner/work/OTC-X/OTC-X/backend/data/securities.csv
  └─ OK (4.4s)

  ┌─ Stage 2: Trade Data Retrieval
  └─ OK (287.2s)

  ┌─ Stage 3: Data Consolidation (Parquet)
  │ ============================================================
  │ OTC-X Data Ingestion Pipeline
  │ ============================================================
  │ Scanning: /home/runner/work/OTC-X/OTC-X/backend/data/trades
  │   [SKIP] CH0286266488.csv (empty/header-only)
  │   [SKIP] CH0580517032.csv (empty/header-only)
  │   [SKIP] CH0017915742.csv (empty/header-only)
  │   [SKIP] CH0017915643.csv (empty/header-only)
  │   [SKIP] CH0039576860.csv (empty/header-only)
  │   [SKIP] CH1582436247.csv (empty/header-only)
  │   [SKIP] CH0017915668.csv (empty/header-only)
  │   [SKIP] CH0002218698.csv (empty/header-only)
  │   [SKIP] CH0017915718.csv (empty/header-only)
  │   [SKIP] CH0213109793.csv (empty/header-only)
  │   [SKIP] CH0017915635.csv (empty/header-only)
  │   [SKIP] CH0017915684.csv (empty/header-only)
  │   [SKIP] CH0017915692.csv (empty/header-only)
  │   [SKIP] CH0039576787.csv (empty/header-only)
  │   [SKIP] CH0039576852.csv (empty/header-only)
  │   [SKIP] CH0039576837.csv (empty/header-only)
  │   [SKIP] CH0017915726.csv (empty/header-only)
  │   [SKIP] CH0002218664.csv (empty/header-only)
  │   [SKIP] CH0039576753.csv (empty/header-only)
  │ 
  │ Found 245 files total.
  │ Processing 226 valid files...
  │ Skipped 19 empty/header-only files.
  │ 
  │ Raw rows ingested: 144,512
  │ 
  │ Applying data cleaning transformations...
  │ Data Quality: 142446/142446 records have valid Price/Volume data (100.0%)
  │ Rows after deduplication: 142,446
  │ 
  │ Writing output files...
  │   [OK] Parquet: master_trades.parquet (1063.5 KB)
  │   -> Formatting data for CSV output...
  │   [OK] CSV: master_trades_cleaned.csv (7911.6 KB)
  │ 
  │ ============================================================
  │ AUDIT SUMMARY
  │ ============================================================
  │ Processed 226 files, Skipped 19 empty files.
  │ Total rows: 142,446
  │ 
  │ Schema:
  │   Isin            String
  │   Datum           Date
  │   Zeit            String
  │   Kurs            Float64
  │   Volumen         Float64
  │   Off Book        Boolean
  │ 
  │ Sample Data (first 5 rows):
  │ shape: (5, 6)
  │ ┌──────────────┬────────────┬───────┬─────────┬─────────┬──────────┐
  │ │ Isin         ┆ Datum      ┆ Zeit  ┆ Kurs    ┆ Volumen ┆ Off Book │
  │ │ ---          ┆ ---        ┆ ---   ┆ ---     ┆ ---     ┆ ---      │
  │ │ str          ┆ date       ┆ str   ┆ f64     ┆ f64     ┆ bool     │
  │ ╞══════════════╪════════════╪═══════╪═════════╪═════════╪══════════╡
  │ │ CH0126517975 ┆ 2020-03-16 ┆ 08:44 ┆ 4900.0  ┆ 2.0     ┆ false    │
  │ │ CH0020502743 ┆ 2014-04-22 ┆ 16:21 ┆ 135.0   ┆ 600.0   ┆ false    │
  │ │ CH0304449611 ┆ 2023-06-16 ┆ 12:11 ┆ 23350.0 ┆ 1.0     ┆ false    │
  │ │ CH0002513312 ┆ 2018-01-29 ┆ 09:11 ┆ 3000.0  ┆ 11.0    ┆ false    │
  │ │ CH0197490847 ┆ 2015-08-28 ┆ 10:03 ┆ 920.0   ┆ 5.0     ┆ false    │
  │ └──────────────┴────────────┴───────┴─────────┴─────────┴──────────┘
  │ ============================================================
  │ Pipeline complete! [SUCCESS]
  └─ OK (0.2s)

  ┌─ Stage 4: Liquidity Metrics Engine
  └─ OK (0.2s)

════════════════════════════════════════════════════════════════════════════════
  End of receipt — 2026-07-15 05:52:01
════════════════════════════════════════════════════════════════════════════════