╔══════════════════════════════════════════════════════════════════════════════╗
║                            OTC-X PIPELINE RECEIPT                            ║
╚══════════════════════════════════════════════════════════════════════════════╝

  Run Date:     2026-06-14
  Start Time:   06:31:55
  End Time:     06:36:47
  Duration:     0:04:51.983330
  Status:       ALL STAGES PASSED

────────────────────────────────────────────────────────────────────────────────
  STAGE EXECUTION SUMMARY
────────────────────────────────────────────────────────────────────────────────
  Stage 1: Valor Extraction
    Status:   ✓ SUCCESS
    Duration: 4.2s

  Stage 2: Trade Data Retrieval
    Status:   ✓ SUCCESS
    Duration: 287.3s

  Stage 3: Data Consolidation (Parquet)
    Status:   ✓ SUCCESS
    Duration: 0.3s

  Stage 4: Liquidity Metrics Engine
    Status:   ✓ SUCCESS
    Duration: 0.2s

────────────────────────────────────────────────────────────────────────────────
  DATA PRODUCTS
────────────────────────────────────────────────────────────────────────────────
  Date Range:        2004-02-16 → 2026-06-12
  Securities CSV:    242 securities
  Trade CSVs:        243 files in data/trades/
  Master Parquet:    140,940 rows, 225 ISINs (1.03 MB)
  Daily Metrics:     77,014 rows, 225 ISINs, 10 sectors

────────────────────────────────────────────────────────────────────────────────
  ANOMALY SNAPSHOT (latest day per ISIN)
────────────────────────────────────────────────────────────────────────────────
  Total ISINs:       225
  Clean (score 0):   130
  Flagged (score>0): 95

  Score  Count
  ─────  ─────
      2      11
      3      41
      4       4
      5      28
      7      11

────────────────────────────────────────────────────────────────────────────────
  STAGE DETAIL LOGS
────────────────────────────────────────────────────────────────────────────────
  ┌─ Stage 1: Valor Extraction
  │ Fetching securities dynamically from OTC-X API...
  │ Fertig! 242 Valoren extrahiert.
  │ Gespeichert in: /home/runner/work/OTC-X/OTC-X/backend/data/securities.csv
  └─ OK (4.2s)

  ┌─ Stage 2: Trade Data Retrieval
  └─ OK (287.3s)

  ┌─ Stage 3: Data Consolidation (Parquet)
  │ ============================================================
  │ OTC-X Data Ingestion Pipeline
  │ ============================================================
  │ Scanning: /home/runner/work/OTC-X/OTC-X/backend/data/trades
  │   [SKIP] CH0286266488.csv (empty/header-only)
  │   [SKIP] CH0580517032.csv (empty/header-only)
  │   [SKIP] CH0017915742.csv (empty/header-only)
  │   [SKIP] CH0017915643.csv (empty/header-only)
  │   [SKIP] CH0039576860.csv (empty/header-only)
  │   [SKIP] CH0017915668.csv (empty/header-only)
  │   [SKIP] CH0002218698.csv (empty/header-only)
  │   [SKIP] CH0017915718.csv (empty/header-only)
  │   [SKIP] CH0213109793.csv (empty/header-only)
  │   [SKIP] CH0017915635.csv (empty/header-only)
  │   [SKIP] CH0017915684.csv (empty/header-only)
  │   [SKIP] CH0017915692.csv (empty/header-only)
  │   [SKIP] CH0039576787.csv (empty/header-only)
  │   [SKIP] CH0039576852.csv (empty/header-only)
  │   [SKIP] CH0039576837.csv (empty/header-only)
  │   [SKIP] CH0017915726.csv (empty/header-only)
  │   [SKIP] CH0002218664.csv (empty/header-only)
  │   [SKIP] CH0039576753.csv (empty/header-only)
  │ 
  │ Found 243 files total.
  │ Processing 225 valid files...
  │ Skipped 18 empty/header-only files.
  │ 
  │ Raw rows ingested: 142,987
  │ 
  │ Applying data cleaning transformations...
  │ Data Quality: 140940/140940 records have valid Price/Volume data (100.0%)
  │ Rows after deduplication: 140,940
  │ 
  │ Writing output files...
  │   [OK] Parquet: master_trades.parquet (1052.7 KB)
  │   -> Formatting data for CSV output...
  │   [OK] CSV: master_trades_cleaned.csv (7828.0 KB)
  │ 
  │ ============================================================
  │ AUDIT SUMMARY
  │ ============================================================
  │ Processed 225 files, Skipped 18 empty files.
  │ Total rows: 140,940
  │ 
  │ Schema:
  │   Isin            String
  │   Datum           Date
  │   Zeit            String
  │   Kurs            Float64
  │   Volumen         Float64
  │   Off Book        Boolean
  │ 
  │ Sample Data (first 5 rows):
  │ shape: (5, 6)
  │ ┌──────────────┬────────────┬───────┬────────┬─────────┬──────────┐
  │ │ Isin         ┆ Datum      ┆ Zeit  ┆ Kurs   ┆ Volumen ┆ Off Book │
  │ │ ---          ┆ ---        ┆ ---   ┆ ---    ┆ ---     ┆ ---      │
  │ │ str          ┆ date       ┆ str   ┆ f64    ┆ f64     ┆ bool     │
  │ ╞══════════════╪════════════╪═══════╪════════╪═════════╪══════════╡
  │ │ CH0009005973 ┆ 2009-08-31 ┆ 10:48 ┆ 1500.0 ┆ 1.0     ┆ false    │
  │ │ CH0031926105 ┆ 2026-05-20 ┆ 09:09 ┆ 15.0   ┆ 100.0   ┆ false    │
  │ │ CH0002513312 ┆ 2024-02-26 ┆ 16:24 ┆ 3900.0 ┆ 2.0     ┆ false    │
  │ │ CH0012457633 ┆ 2009-09-23 ┆ 10:51 ┆ 4400.0 ┆ 3.0     ┆ false    │
  │ │ CH0001788345 ┆ 2010-12-10 ┆ 14:51 ┆ 150.0  ┆ 4.0     ┆ false    │
  │ └──────────────┴────────────┴───────┴────────┴─────────┴──────────┘
  │ ============================================================
  │ Pipeline complete! [SUCCESS]
  └─ OK (0.3s)

  ┌─ Stage 4: Liquidity Metrics Engine
  └─ OK (0.2s)

════════════════════════════════════════════════════════════════════════════════
  End of receipt — 2026-06-14 06:36:47
════════════════════════════════════════════════════════════════════════════════