╔══════════════════════════════════════════════════════════════════════════════╗
║                            OTC-X PIPELINE RECEIPT                            ║
╚══════════════════════════════════════════════════════════════════════════════╝

  Run Date:     2026-09-29
  Start Time:   10:59:37
  End Time:     11:04:23
  Duration:     0:04:46.000816
  Status:       ALL STAGES PASSED

────────────────────────────────────────────────────────────────────────────────
  STAGE EXECUTION SUMMARY
────────────────────────────────────────────────────────────────────────────────
  Stage 1: Valor Extraction
    Status:   ✓ SUCCESS
    Duration: 4.0s

  Stage 2: Trade Data Retrieval
    Status:   ✓ SUCCESS
    Duration: 281.4s

  Stage 3: Data Consolidation (Parquet)
    Status:   ✓ SUCCESS
    Duration: 0.3s

  Stage 4: Liquidity Metrics Engine
    Status:   ✓ SUCCESS
    Duration: 0.3s

────────────────────────────────────────────────────────────────────────────────
  DATA PRODUCTS
────────────────────────────────────────────────────────────────────────────────
  Date Range:        2004-02-16 → 2026-09-29
  Securities CSV:    239 securities
  Trade CSVs:        245 files in data/trades/
  Master Parquet:    145,926 rows, 227 ISINs (1.06 MB)
  Daily Metrics:     79,177 rows, 227 ISINs, 10 sectors

────────────────────────────────────────────────────────────────────────────────
  ANOMALY SNAPSHOT (latest day per ISIN)
────────────────────────────────────────────────────────────────────────────────
  Total ISINs:       227
  Clean (score 0):   145
  Flagged (score>0): 82

  Score  Count
  ─────  ─────
      2      11
      3      29
      4       3
      5      35
      7       4

────────────────────────────────────────────────────────────────────────────────
  STAGE DETAIL LOGS
────────────────────────────────────────────────────────────────────────────────
  ┌─ Stage 1: Valor Extraction
  │ Fetching securities dynamically from OTC-X API...
  │ Fertig! 239 Valoren extrahiert.
  │ Gespeichert in: /home/runner/work/OTC-X/OTC-X/backend/data/securities.csv
  └─ OK (4.0s)

  ┌─ Stage 2: Trade Data Retrieval
  └─ OK (281.4s)

  ┌─ Stage 3: Data Consolidation (Parquet)
  │ ============================================================
  │ OTC-X Data Ingestion Pipeline
  │ ============================================================
  │ Scanning: /home/runner/work/OTC-X/OTC-X/backend/data/trades
  │   [SKIP] CH0017915684.csv (empty/header-only)
  │   [SKIP] CH0039576753.csv (empty/header-only)
  │   [SKIP] CH0017915635.csv (empty/header-only)
  │   [SKIP] CH0039576837.csv (empty/header-only)
  │   [SKIP] CH0017915668.csv (empty/header-only)
  │   [SKIP] CH0039576860.csv (empty/header-only)
  │   [SKIP] CH0017915692.csv (empty/header-only)
  │   [SKIP] CH0017915643.csv (empty/header-only)
  │   [SKIP] CH0017915718.csv (empty/header-only)
  │   [SKIP] CH0580517032.csv (empty/header-only)
  │   [SKIP] CH0017915742.csv (empty/header-only)
  │   [SKIP] CH0002218698.csv (empty/header-only)
  │   [SKIP] CH0039576787.csv (empty/header-only)
  │   [SKIP] CH0286266488.csv (empty/header-only)
  │   [SKIP] CH0039576852.csv (empty/header-only)
  │   [SKIP] CH0002218664.csv (empty/header-only)
  │   [SKIP] CH0017915726.csv (empty/header-only)
  │   [SKIP] CH0213109793.csv (empty/header-only)
  │ 
  │ Found 245 files total.
  │ Processing 227 valid files...
  │ Skipped 18 empty/header-only files.
  │ 
  │ Raw rows ingested: 148,045
  │ 
  │ Applying data cleaning transformations...
  │ Data Quality: 145926/145926 records have valid Price/Volume data (100.0%)
  │ Rows after deduplication: 145,926
  │ 
  │ Writing output files...
  │   [OK] Parquet: master_trades.parquet (1089.2 KB)
  │   -> Formatting data for CSV output...
  │   [OK] CSV: master_trades_cleaned.csv (8104.8 KB)
  │ 
  │ ============================================================
  │ AUDIT SUMMARY
  │ ============================================================
  │ Processed 227 files, Skipped 18 empty files.
  │ Total rows: 145,926
  │ 
  │ Schema:
  │   Isin            String
  │   Datum           Date
  │   Zeit            String
  │   Kurs            Float64
  │   Volumen         Float64
  │   Off Book        Boolean
  │ 
  │ Sample Data (first 5 rows):
  │ shape: (5, 6)
  │ ┌──────────────┬────────────┬───────┬────────┬─────────┬──────────┐
  │ │ Isin         ┆ Datum      ┆ Zeit  ┆ Kurs   ┆ Volumen ┆ Off Book │
  │ │ ---          ┆ ---        ┆ ---   ┆ ---    ┆ ---     ┆ ---      │
  │ │ str          ┆ date       ┆ str   ┆ f64    ┆ f64     ┆ bool     │
  │ ╞══════════════╪════════════╪═══════╪════════╪═════════╪══════════╡
  │ │ CH0126517975 ┆ 2015-01-14 ┆ 13:58 ┆ 6000.0 ┆ 3.0     ┆ false    │
  │ │ CH0320096990 ┆ 2023-03-13 ┆ 10:39 ┆ 165.0  ┆ 100.0   ┆ false    │
  │ │ CH0016290014 ┆ 2024-12-05 ┆ 10:26 ┆ 10.1   ┆ 150.0   ┆ false    │
  │ │ CH0000975372 ┆ 2007-05-09 ┆ 09:52 ┆ 1250.0 ┆ 3.0     ┆ false    │
  │ │ CH0002353867 ┆ 2014-03-17 ┆ 09:39 ┆ 700.0  ┆ 6.0     ┆ false    │
  │ └──────────────┴────────────┴───────┴────────┴─────────┴──────────┘
  │ ============================================================
  │ Pipeline complete! [SUCCESS]
  └─ OK (0.3s)

  ┌─ Stage 4: Liquidity Metrics Engine
  └─ OK (0.3s)

════════════════════════════════════════════════════════════════════════════════
  End of receipt — 2026-09-29 11:04:23
════════════════════════════════════════════════════════════════════════════════