╔══════════════════════════════════════════════════════════════════════════════╗
║                            OTC-X PIPELINE RECEIPT                            ║
╚══════════════════════════════════════════════════════════════════════════════╝

  Run Date:     2026-07-18
  Start Time:   05:45:08
  End Time:     05:49:42
  Duration:     0:04:33.735596
  Status:       ALL STAGES PASSED

────────────────────────────────────────────────────────────────────────────────
  STAGE EXECUTION SUMMARY
────────────────────────────────────────────────────────────────────────────────
  Stage 1: Valor Extraction
    Status:   ✓ SUCCESS
    Duration: 3.7s

  Stage 2: Trade Data Retrieval
    Status:   ✓ SUCCESS
    Duration: 269.5s

  Stage 3: Data Consolidation (Parquet)
    Status:   ✓ SUCCESS
    Duration: 0.3s

  Stage 4: Liquidity Metrics Engine
    Status:   ✓ SUCCESS
    Duration: 0.2s

────────────────────────────────────────────────────────────────────────────────
  DATA PRODUCTS
────────────────────────────────────────────────────────────────────────────────
  Date Range:        2004-02-16 → 2026-07-17
  Securities CSV:    239 securities
  Trade CSVs:        245 files in data/trades/
  Master Parquet:    142,664 rows, 226 ISINs (1.04 MB)
  Daily Metrics:     77,750 rows, 226 ISINs, 10 sectors

────────────────────────────────────────────────────────────────────────────────
  ANOMALY SNAPSHOT (latest day per ISIN)
────────────────────────────────────────────────────────────────────────────────
  Total ISINs:       226
  Clean (score 0):   136
  Flagged (score>0): 90

  Score  Count
  ─────  ─────
      2       6
      3      37
      4       4
      5      38
      7       5

────────────────────────────────────────────────────────────────────────────────
  STAGE DETAIL LOGS
────────────────────────────────────────────────────────────────────────────────
  ┌─ Stage 1: Valor Extraction
  │ Fetching securities dynamically from OTC-X API...
  │ Fertig! 239 Valoren extrahiert.
  │ Gespeichert in: /home/runner/work/OTC-X/OTC-X/backend/data/securities.csv
  └─ OK (3.7s)

  ┌─ Stage 2: Trade Data Retrieval
  └─ OK (269.5s)

  ┌─ Stage 3: Data Consolidation (Parquet)
  │ ============================================================
  │ OTC-X Data Ingestion Pipeline
  │ ============================================================
  │ Scanning: /home/runner/work/OTC-X/OTC-X/backend/data/trades
  │   [SKIP] CH0017915684.csv (empty/header-only)
  │   [SKIP] CH0017915718.csv (empty/header-only)
  │   [SKIP] CH0039576852.csv (empty/header-only)
  │   [SKIP] CH0039576753.csv (empty/header-only)
  │   [SKIP] CH0039576837.csv (empty/header-only)
  │   [SKIP] CH0002218664.csv (empty/header-only)
  │   [SKIP] CH0017915635.csv (empty/header-only)
  │   [SKIP] CH0017915726.csv (empty/header-only)
  │   [SKIP] CH0017915742.csv (empty/header-only)
  │   [SKIP] CH0002218698.csv (empty/header-only)
  │   [SKIP] CH0213109793.csv (empty/header-only)
  │   [SKIP] CH0580517032.csv (empty/header-only)
  │   [SKIP] CH0017915692.csv (empty/header-only)
  │   [SKIP] CH0039576787.csv (empty/header-only)
  │   [SKIP] CH1582436247.csv (empty/header-only)
  │   [SKIP] CH0017915668.csv (empty/header-only)
  │   [SKIP] CH0039576860.csv (empty/header-only)
  │   [SKIP] CH0017915643.csv (empty/header-only)
  │   [SKIP] CH0286266488.csv (empty/header-only)
  │ 
  │ Found 245 files total.
  │ Processing 226 valid files...
  │ Skipped 19 empty/header-only files.
  │ 
  │ Raw rows ingested: 144,732
  │ 
  │ Applying data cleaning transformations...
  │ Data Quality: 142664/142664 records have valid Price/Volume data (100.0%)
  │ Rows after deduplication: 142,664
  │ 
  │ Writing output files...
  │   [OK] Parquet: master_trades.parquet (1065.4 KB)
  │   -> Formatting data for CSV output...
  │   [OK] CSV: master_trades_cleaned.csv (7923.7 KB)
  │ 
  │ ============================================================
  │ AUDIT SUMMARY
  │ ============================================================
  │ Processed 226 files, Skipped 19 empty files.
  │ Total rows: 142,664
  │ 
  │ Schema:
  │   Isin            String
  │   Datum           Date
  │   Zeit            String
  │   Kurs            Float64
  │   Volumen         Float64
  │   Off Book        Boolean
  │ 
  │ Sample Data (first 5 rows):
  │ shape: (5, 6)
  │ ┌──────────────┬────────────┬───────┬────────┬─────────┬──────────┐
  │ │ Isin         ┆ Datum      ┆ Zeit  ┆ Kurs   ┆ Volumen ┆ Off Book │
  │ │ ---          ┆ ---        ┆ ---   ┆ ---    ┆ ---     ┆ ---      │
  │ │ str          ┆ date       ┆ str   ┆ f64    ┆ f64     ┆ bool     │
  │ ╞══════════════╪════════════╪═══════╪════════╪═════════╪══════════╡
  │ │ CH0002513312 ┆ 2025-11-03 ┆ 12:24 ┆ 6050.0 ┆ 1.0     ┆ false    │
  │ │ CH0030693185 ┆ 2013-09-19 ┆ 14:20 ┆ 105.0  ┆ 2.0     ┆ false    │
  │ │ CH1112956201 ┆ 2026-07-07 ┆ 15:27 ┆ 1397.0 ┆ 1.0     ┆ false    │
  │ │ CH0002513312 ┆ 2024-07-01 ┆ 16:46 ┆ 4499.0 ┆ 3.0     ┆ false    │
  │ │ CH0016290014 ┆ 2021-01-29 ┆ 12:15 ┆ 10.0   ┆ 790.0   ┆ false    │
  │ └──────────────┴────────────┴───────┴────────┴─────────┴──────────┘
  │ ============================================================
  │ Pipeline complete! [SUCCESS]
  └─ OK (0.3s)

  ┌─ Stage 4: Liquidity Metrics Engine
  └─ OK (0.2s)

════════════════════════════════════════════════════════════════════════════════
  End of receipt — 2026-07-18 05:49:42
════════════════════════════════════════════════════════════════════════════════