╔══════════════════════════════════════════════════════════════════════════════╗
║                            OTC-X PIPELINE RECEIPT                            ║
╚══════════════════════════════════════════════════════════════════════════════╝

  Run Date:     2026-06-16
  Start Time:   06:48:22
  End Time:     06:53:19
  Duration:     0:04:56.964120
  Status:       ALL STAGES PASSED

────────────────────────────────────────────────────────────────────────────────
  STAGE EXECUTION SUMMARY
────────────────────────────────────────────────────────────────────────────────
  Stage 1: Valor Extraction
    Status:   ✓ SUCCESS
    Duration: 4.5s

  Stage 2: Trade Data Retrieval
    Status:   ✓ SUCCESS
    Duration: 292.0s

  Stage 3: Data Consolidation (Parquet)
    Status:   ✓ SUCCESS
    Duration: 0.2s

  Stage 4: Liquidity Metrics Engine
    Status:   ✓ SUCCESS
    Duration: 0.2s

────────────────────────────────────────────────────────────────────────────────
  DATA PRODUCTS
────────────────────────────────────────────────────────────────────────────────
  Date Range:        2004-02-16 → 2026-06-16
  Securities CSV:    242 securities
  Trade CSVs:        243 files in data/trades/
  Master Parquet:    141,040 rows, 225 ISINs (1.03 MB)
  Daily Metrics:     77,063 rows, 225 ISINs, 10 sectors

────────────────────────────────────────────────────────────────────────────────
  ANOMALY SNAPSHOT (latest day per ISIN)
────────────────────────────────────────────────────────────────────────────────
  Total ISINs:       225
  Clean (score 0):   141
  Flagged (score>0): 84

  Score  Count
  ─────  ─────
      2      10
      3      35
      4       4
      5      26
      7       9

────────────────────────────────────────────────────────────────────────────────
  STAGE DETAIL LOGS
────────────────────────────────────────────────────────────────────────────────
  ┌─ Stage 1: Valor Extraction
  │ Fetching securities dynamically from OTC-X API...
  │ Fertig! 242 Valoren extrahiert.
  │ Gespeichert in: /home/runner/work/OTC-X/OTC-X/backend/data/securities.csv
  └─ OK (4.5s)

  ┌─ Stage 2: Trade Data Retrieval
  └─ OK (292.0s)

  ┌─ Stage 3: Data Consolidation (Parquet)
  │ ============================================================
  │ OTC-X Data Ingestion Pipeline
  │ ============================================================
  │ Scanning: /home/runner/work/OTC-X/OTC-X/backend/data/trades
  │   [SKIP] CH0286266488.csv (empty/header-only)
  │   [SKIP] CH0580517032.csv (empty/header-only)
  │   [SKIP] CH0017915742.csv (empty/header-only)
  │   [SKIP] CH0017915643.csv (empty/header-only)
  │   [SKIP] CH0039576860.csv (empty/header-only)
  │   [SKIP] CH0017915668.csv (empty/header-only)
  │   [SKIP] CH0002218698.csv (empty/header-only)
  │   [SKIP] CH0017915718.csv (empty/header-only)
  │   [SKIP] CH0213109793.csv (empty/header-only)
  │   [SKIP] CH0017915635.csv (empty/header-only)
  │   [SKIP] CH0017915684.csv (empty/header-only)
  │   [SKIP] CH0017915692.csv (empty/header-only)
  │   [SKIP] CH0039576787.csv (empty/header-only)
  │   [SKIP] CH0039576852.csv (empty/header-only)
  │   [SKIP] CH0039576837.csv (empty/header-only)
  │   [SKIP] CH0017915726.csv (empty/header-only)
  │   [SKIP] CH0002218664.csv (empty/header-only)
  │   [SKIP] CH0039576753.csv (empty/header-only)
  │ 
  │ Found 243 files total.
  │ Processing 225 valid files...
  │ Skipped 18 empty/header-only files.
  │ 
  │ Raw rows ingested: 143,089
  │ 
  │ Applying data cleaning transformations...
  │ Data Quality: 141040/141040 records have valid Price/Volume data (100.0%)
  │ Rows after deduplication: 141,040
  │ 
  │ Writing output files...
  │   [OK] Parquet: master_trades.parquet (1053.4 KB)
  │   -> Formatting data for CSV output...
  │   [OK] CSV: master_trades_cleaned.csv (7833.6 KB)
  │ 
  │ ============================================================
  │ AUDIT SUMMARY
  │ ============================================================
  │ Processed 225 files, Skipped 18 empty files.
  │ Total rows: 141,040
  │ 
  │ Schema:
  │   Isin            String
  │   Datum           Date
  │   Zeit            String
  │   Kurs            Float64
  │   Volumen         Float64
  │   Off Book        Boolean
  │ 
  │ Sample Data (first 5 rows):
  │ shape: (5, 6)
  │ ┌──────────────┬────────────┬───────┬────────┬─────────┬──────────┐
  │ │ Isin         ┆ Datum      ┆ Zeit  ┆ Kurs   ┆ Volumen ┆ Off Book │
  │ │ ---          ┆ ---        ┆ ---   ┆ ---    ┆ ---     ┆ ---      │
  │ │ str          ┆ date       ┆ str   ┆ f64    ┆ f64     ┆ bool     │
  │ ╞══════════════╪════════════╪═══════╪════════╪═════════╪══════════╡
  │ │ CH0004960180 ┆ 2021-11-23 ┆ 10:17 ┆ 5050.0 ┆ 2.0     ┆ false    │
  │ │ CH0136182570 ┆ 2024-02-27 ┆ 10:49 ┆ 1445.0 ┆ 27.0    ┆ false    │
  │ │ CH0030333360 ┆ 2024-12-04 ┆ 10:24 ┆ 330.0  ┆ 2.0     ┆ false    │
  │ │ CH0000975372 ┆ 2008-06-06 ┆ 11:33 ┆ 1200.0 ┆ 2.0     ┆ false    │
  │ │ CH0006234014 ┆ 2021-07-30 ┆ 11:51 ┆ 28.3   ┆ 9.0     ┆ false    │
  │ └──────────────┴────────────┴───────┴────────┴─────────┴──────────┘
  │ ============================================================
  │ Pipeline complete! [SUCCESS]
  └─ OK (0.2s)

  ┌─ Stage 4: Liquidity Metrics Engine
  └─ OK (0.2s)

════════════════════════════════════════════════════════════════════════════════
  End of receipt — 2026-06-16 06:53:19
════════════════════════════════════════════════════════════════════════════════