╔══════════════════════════════════════════════════════════════════════════════╗
║                            OTC-X PIPELINE RECEIPT                            ║
╚══════════════════════════════════════════════════════════════════════════════╝

  Run Date:     2026-08-22
  Start Time:   05:18:58
  End Time:     05:23:51
  Duration:     0:04:52.985492
  Status:       ALL STAGES PASSED

────────────────────────────────────────────────────────────────────────────────
  STAGE EXECUTION SUMMARY
────────────────────────────────────────────────────────────────────────────────
  Stage 1: Valor Extraction
    Status:   ✓ SUCCESS
    Duration: 4.0s

  Stage 2: Trade Data Retrieval
    Status:   ✓ SUCCESS
    Duration: 288.4s

  Stage 3: Data Consolidation (Parquet)
    Status:   ✓ SUCCESS
    Duration: 0.3s

  Stage 4: Liquidity Metrics Engine
    Status:   ✓ SUCCESS
    Duration: 0.2s

────────────────────────────────────────────────────────────────────────────────
  DATA PRODUCTS
────────────────────────────────────────────────────────────────────────────────
  Date Range:        2004-02-16 → 2026-08-21
  Securities CSV:    239 securities
  Trade CSVs:        245 files in data/trades/
  Master Parquet:    144,178 rows, 227 ISINs (1.05 MB)
  Daily Metrics:     78,430 rows, 227 ISINs, 10 sectors

────────────────────────────────────────────────────────────────────────────────
  ANOMALY SNAPSHOT (latest day per ISIN)
────────────────────────────────────────────────────────────────────────────────
  Total ISINs:       227
  Clean (score 0):   130
  Flagged (score>0): 97

  Score  Count
  ─────  ─────
      2      17
      3      28
      4       2
      5      44
      7       6

────────────────────────────────────────────────────────────────────────────────
  STAGE DETAIL LOGS
────────────────────────────────────────────────────────────────────────────────
  ┌─ Stage 1: Valor Extraction
  │ Fetching securities dynamically from OTC-X API...
  │ Fertig! 239 Valoren extrahiert.
  │ Gespeichert in: /home/runner/work/OTC-X/OTC-X/backend/data/securities.csv
  └─ OK (4.0s)

  ┌─ Stage 2: Trade Data Retrieval
  └─ OK (288.4s)

  ┌─ Stage 3: Data Consolidation (Parquet)
  │ ============================================================
  │ OTC-X Data Ingestion Pipeline
  │ ============================================================
  │ Scanning: /home/runner/work/OTC-X/OTC-X/backend/data/trades
  │   [SKIP] CH0286266488.csv (empty/header-only)
  │   [SKIP] CH0039576787.csv (empty/header-only)
  │   [SKIP] CH0017915635.csv (empty/header-only)
  │   [SKIP] CH0017915668.csv (empty/header-only)
  │   [SKIP] CH0017915692.csv (empty/header-only)
  │   [SKIP] CH0002218664.csv (empty/header-only)
  │   [SKIP] CH0580517032.csv (empty/header-only)
  │   [SKIP] CH0017915718.csv (empty/header-only)
  │   [SKIP] CH0017915742.csv (empty/header-only)
  │   [SKIP] CH0002218698.csv (empty/header-only)
  │   [SKIP] CH0017915726.csv (empty/header-only)
  │   [SKIP] CH0039576753.csv (empty/header-only)
  │   [SKIP] CH0017915643.csv (empty/header-only)
  │   [SKIP] CH0039576837.csv (empty/header-only)
  │   [SKIP] CH0017915684.csv (empty/header-only)
  │   [SKIP] CH0039576852.csv (empty/header-only)
  │   [SKIP] CH0213109793.csv (empty/header-only)
  │   [SKIP] CH0039576860.csv (empty/header-only)
  │ 
  │ Found 245 files total.
  │ Processing 227 valid files...
  │ Skipped 18 empty/header-only files.
  │ 
  │ Raw rows ingested: 146,268
  │ 
  │ Applying data cleaning transformations...
  │ Data Quality: 144178/144178 records have valid Price/Volume data (100.0%)
  │ Rows after deduplication: 144,178
  │ 
  │ Writing output files...
  │   [OK] Parquet: master_trades.parquet (1077.0 KB)
  │   -> Formatting data for CSV output...
  │   [OK] CSV: master_trades_cleaned.csv (8007.7 KB)
  │ 
  │ ============================================================
  │ AUDIT SUMMARY
  │ ============================================================
  │ Processed 227 files, Skipped 18 empty files.
  │ Total rows: 144,178
  │ 
  │ Schema:
  │   Isin            String
  │   Datum           Date
  │   Zeit            String
  │   Kurs            Float64
  │   Volumen         Float64
  │   Off Book        Boolean
  │ 
  │ Sample Data (first 5 rows):
  │ shape: (5, 6)
  │ ┌──────────────┬────────────┬───────┬────────┬─────────┬──────────┐
  │ │ Isin         ┆ Datum      ┆ Zeit  ┆ Kurs   ┆ Volumen ┆ Off Book │
  │ │ ---          ┆ ---        ┆ ---   ┆ ---    ┆ ---     ┆ ---      │
  │ │ str          ┆ date       ┆ str   ┆ f64    ┆ f64     ┆ bool     │
  │ ╞══════════════╪════════════╪═══════╪════════╪═════════╪══════════╡
  │ │ CH0014386996 ┆ 2025-10-27 ┆ 08:37 ┆ 1351.0 ┆ 2.0     ┆ false    │
  │ │ CH0002557400 ┆ 2009-06-30 ┆ 15:22 ┆ 125.0  ┆ 60.0    ┆ false    │
  │ │ CH0002557400 ┆ 2013-05-14 ┆ 14:51 ┆ 147.0  ┆ 300.0   ┆ false    │
  │ │ CH0001318374 ┆ 2025-02-27 ┆ 10:30 ┆ 3600.0 ┆ 2.0     ┆ false    │
  │ │ CH0020502743 ┆ 2020-06-23 ┆ 10:34 ┆ 189.0  ┆ 30.0    ┆ false    │
  │ └──────────────┴────────────┴───────┴────────┴─────────┴──────────┘
  │ ============================================================
  │ Pipeline complete! [SUCCESS]
  └─ OK (0.3s)

  ┌─ Stage 4: Liquidity Metrics Engine
  └─ OK (0.2s)

════════════════════════════════════════════════════════════════════════════════
  End of receipt — 2026-08-22 05:23:51
════════════════════════════════════════════════════════════════════════════════