╔══════════════════════════════════════════════════════════════════════════════╗
║                            OTC-X PIPELINE RECEIPT                            ║
╚══════════════════════════════════════════════════════════════════════════════╝

  Run Date:     2026-06-07
  Start Time:   06:30:09
  End Time:     06:35:05
  Duration:     0:04:55.965345
  Status:       ALL STAGES PASSED

────────────────────────────────────────────────────────────────────────────────
  STAGE EXECUTION SUMMARY
────────────────────────────────────────────────────────────────────────────────
  Stage 1: Valor Extraction
    Status:   ✓ SUCCESS
    Duration: 4.5s

  Stage 2: Trade Data Retrieval
    Status:   ✓ SUCCESS
    Duration: 290.9s

  Stage 3: Data Consolidation (Parquet)
    Status:   ✓ SUCCESS
    Duration: 0.3s

  Stage 4: Liquidity Metrics Engine
    Status:   ✓ SUCCESS
    Duration: 0.2s

────────────────────────────────────────────────────────────────────────────────
  DATA PRODUCTS
────────────────────────────────────────────────────────────────────────────────
  Date Range:        2004-02-16 → 2026-06-05
  Securities CSV:    242 securities
  Trade CSVs:        243 files in data/trades/
  Master Parquet:    140,563 rows, 225 ISINs (1.02 MB)
  Daily Metrics:     76,841 rows, 225 ISINs, 10 sectors

────────────────────────────────────────────────────────────────────────────────
  ANOMALY SNAPSHOT (latest day per ISIN)
────────────────────────────────────────────────────────────────────────────────
  Total ISINs:       225
  Clean (score 0):   127
  Flagged (score>0): 98

  Score  Count
  ─────  ─────
      2      16
      3      40
      4       2
      5      32
      7       8

────────────────────────────────────────────────────────────────────────────────
  STAGE DETAIL LOGS
────────────────────────────────────────────────────────────────────────────────
  ┌─ Stage 1: Valor Extraction
  │ Fetching securities dynamically from OTC-X API...
  │ Fertig! 242 Valoren extrahiert.
  │ Gespeichert in: /home/runner/work/OTC-X/OTC-X/backend/data/securities.csv
  └─ OK (4.5s)

  ┌─ Stage 2: Trade Data Retrieval
  └─ OK (290.9s)

  ┌─ Stage 3: Data Consolidation (Parquet)
  │ ============================================================
  │ OTC-X Data Ingestion Pipeline
  │ ============================================================
  │ Scanning: /home/runner/work/OTC-X/OTC-X/backend/data/trades
  │   [SKIP] CH0002218664.csv (empty/header-only)
  │   [SKIP] CH0017915668.csv (empty/header-only)
  │   [SKIP] CH0017915635.csv (empty/header-only)
  │   [SKIP] CH0286266488.csv (empty/header-only)
  │   [SKIP] CH0039576837.csv (empty/header-only)
  │   [SKIP] CH0039576860.csv (empty/header-only)
  │   [SKIP] CH0039576787.csv (empty/header-only)
  │   [SKIP] CH0017915643.csv (empty/header-only)
  │   [SKIP] CH0017915742.csv (empty/header-only)
  │   [SKIP] CH0039576753.csv (empty/header-only)
  │   [SKIP] CH0017915692.csv (empty/header-only)
  │   [SKIP] CH0213109793.csv (empty/header-only)
  │   [SKIP] CH0017915684.csv (empty/header-only)
  │   [SKIP] CH0002218698.csv (empty/header-only)
  │   [SKIP] CH0039576852.csv (empty/header-only)
  │   [SKIP] CH0580517032.csv (empty/header-only)
  │   [SKIP] CH0017915718.csv (empty/header-only)
  │   [SKIP] CH0017915726.csv (empty/header-only)
  │ 
  │ Found 243 files total.
  │ Processing 225 valid files...
  │ Skipped 18 empty/header-only files.
  │ 
  │ Raw rows ingested: 142,608
  │ 
  │ Applying data cleaning transformations...
  │ Data Quality: 140563/140563 records have valid Price/Volume data (100.0%)
  │ Rows after deduplication: 140,563
  │ 
  │ Writing output files...
  │   [OK] Parquet: master_trades.parquet (1049.2 KB)
  │   -> Formatting data for CSV output...
  │   [OK] CSV: master_trades_cleaned.csv (7807.1 KB)
  │ 
  │ ============================================================
  │ AUDIT SUMMARY
  │ ============================================================
  │ Processed 225 files, Skipped 18 empty files.
  │ Total rows: 140,563
  │ 
  │ Schema:
  │   Isin            String
  │   Datum           Date
  │   Zeit            String
  │   Kurs            Float64
  │   Volumen         Float64
  │   Off Book        Boolean
  │ 
  │ Sample Data (first 5 rows):
  │ shape: (5, 6)
  │ ┌──────────────┬────────────┬───────┬────────┬─────────┬──────────┐
  │ │ Isin         ┆ Datum      ┆ Zeit  ┆ Kurs   ┆ Volumen ┆ Off Book │
  │ │ ---          ┆ ---        ┆ ---   ┆ ---    ┆ ---     ┆ ---      │
  │ │ str          ┆ date       ┆ str   ┆ f64    ┆ f64     ┆ bool     │
  │ ╞══════════════╪════════════╪═══════╪════════╪═════════╪══════════╡
  │ │ CH0001239398 ┆ 2014-03-12 ┆ 16:04 ┆ 6900.0 ┆ 3.0     ┆ false    │
  │ │ CH0023124214 ┆ 2010-05-12 ┆ 10:28 ┆ 200.0  ┆ 25.0    ┆ false    │
  │ │ CH0012684657 ┆ 2026-01-13 ┆ 09:59 ┆ 48.0   ┆ 313.0   ┆ false    │
  │ │ CH0030333360 ┆ 2018-01-15 ┆ 10:05 ┆ 545.0  ┆ 50.0    ┆ false    │
  │ │ CH0318681860 ┆ 2021-02-19 ┆ 14:15 ┆ 5700.0 ┆ 12.0    ┆ false    │
  │ └──────────────┴────────────┴───────┴────────┴─────────┴──────────┘
  │ ============================================================
  │ Pipeline complete! [SUCCESS]
  └─ OK (0.3s)

  ┌─ Stage 4: Liquidity Metrics Engine
  └─ OK (0.2s)

════════════════════════════════════════════════════════════════════════════════
  End of receipt — 2026-06-07 06:35:05
════════════════════════════════════════════════════════════════════════════════